

================================================================
== Vitis HLS Report for 'compute_output_buffer_2d_array_array_ap_fixed_22_13_5_3_0_12u_config2_s'
================================================================
* Date:           Mon Aug  3 11:07:12 2026

* Version:        2023.2 (Build 4023990 on Oct 11 2023)
* Project:        myproject_prj
* Solution:       solution1 (Vivado IP Flow Target)
* Product family: virtexu
* Target device:  xcvu080-ffvb2104-2-e


================================================================
== Performance Estimates
================================================================
+ Timing: 
    * Summary: 
    +--------+---------+----------+------------+
    |  Clock |  Target | Estimated| Uncertainty|
    +--------+---------+----------+------------+
    |ap_clk  |  5.00 ns|  3.628 ns|     1.35 ns|
    +--------+---------+----------+------------+

+ Latency: 
    * Summary: 
    +---------+---------+-----------+-----------+-----+-----+---------+
    |  Latency (cycles) |   Latency (absolute)  |  Interval | Pipeline|
    |   min   |   max   |    min    |    max    | min | max |   Type  |
    +---------+---------+-----------+-----------+-----+-----+---------+
    |        3|        3|  15.000 ns|  15.000 ns|    3|    3|      yes|
    +---------+---------+-----------+-----------+-----+-----+---------+

    + Detail: 
        * Instance: 
        +------------------------------------------------------------------------+-------------------------------------------------------------+---------+---------+----------+----------+-----+-----+---------+
        |                                                                        |                                                             |  Latency (cycles) |  Latency (absolute) |  Interval | Pipeline|
        |                                Instance                                |                            Module                           |   min   |   max   |    min   |    max   | min | max |   Type  |
        +------------------------------------------------------------------------+-------------------------------------------------------------+---------+---------+----------+----------+-----+-----+---------+
        |call_ln281_shift_line_buffer_array_ap_uint_1_1u_config2_s_fu_92         |shift_line_buffer_array_ap_uint_1_1u_config2_s               |        0|        0|      0 ns|      0 ns|    1|    1|      yes|
        |grp_dense_latency_ap_uint_1_ap_fixed_22_13_5_3_0_config2_mult_s_fu_120  |dense_latency_ap_uint_1_ap_fixed_22_13_5_3_0_config2_mult_s  |        1|        1|  5.000 ns|  5.000 ns|    1|    1|      yes|
        +------------------------------------------------------------------------+-------------------------------------------------------------+---------+---------+----------+----------+-----+-----+---------+

        * Loop: 
        N/A



================================================================
== Utilization Estimates
================================================================
* Summary: 
+-----------------+---------+-----+--------+--------+-----+
|       Name      | BRAM_18K| DSP |   FF   |   LUT  | URAM|
+-----------------+---------+-----+--------+--------+-----+
|DSP              |        -|    -|       -|       -|    -|
|Expression       |        -|    -|       0|     513|    -|
|FIFO             |        -|    -|       -|       -|    -|
|Instance         |        -|    -|     507|    2682|    -|
|Memory           |        -|    -|       -|       -|    -|
|Multiplexer      |        -|    -|       -|      83|    -|
|Register         |        -|    -|     441|       -|    -|
+-----------------+---------+-----+--------+--------+-----+
|Total            |        0|    0|     948|    3278|    0|
+-----------------+---------+-----+--------+--------+-----+
|Available        |     2842|  672|  891424|  445712|    0|
+-----------------+---------+-----+--------+--------+-----+
|Utilization (%)  |        0|    0|      ~0|      ~0|    0|
+-----------------+---------+-----+--------+--------+-----+

+ Detail: 
    * Instance: 
    +------------------------------------------------------------------------+-------------------------------------------------------------+---------+----+-----+------+-----+
    |                                Instance                                |                            Module                           | BRAM_18K| DSP|  FF |  LUT | URAM|
    +------------------------------------------------------------------------+-------------------------------------------------------------+---------+----+-----+------+-----+
    |grp_dense_latency_ap_uint_1_ap_fixed_22_13_5_3_0_config2_mult_s_fu_120  |dense_latency_ap_uint_1_ap_fixed_22_13_5_3_0_config2_mult_s  |        0|   0|  378|  2564|    0|
    |call_ln281_shift_line_buffer_array_ap_uint_1_1u_config2_s_fu_92         |shift_line_buffer_array_ap_uint_1_1u_config2_s               |        0|   0|  129|   118|    0|
    +------------------------------------------------------------------------+-------------------------------------------------------------+---------+----+-----+------+-----+
    |Total                                                                   |                                                             |        0|   0|  507|  2682|    0|
    +------------------------------------------------------------------------+-------------------------------------------------------------+---------+----+-----+------+-----+

    * DSP: 
    N/A

    * Memory: 
    N/A

    * FIFO: 
    N/A

    * Expression: 
    +-----------------------------------------+----------+----+---+----+------------+------------+
    |              Variable Name              | Operation| DSP| FF| LUT| Bitwidth P0| Bitwidth P1|
    +-----------------------------------------+----------+----+---+----+------------+------------+
    |add_ln303_fu_214_p2                      |         +|   0|  0|  39|          32|           1|
    |add_ln307_fu_264_p2                      |         +|   0|  0|  39|          32|           1|
    |add_ln313_fu_288_p2                      |         +|   0|  0|  39|          32|           1|
    |add_ln318_fu_232_p2                      |         +|   0|  0|  39|          32|           1|
    |and_ln284_1_fu_208_p2                    |       and|   0|  0|   2|           1|           1|
    |and_ln284_fu_202_p2                      |       and|   0|  0|   2|           1|           1|
    |ap_block_pp0_stage0_01001                |       and|   0|  0|   2|           1|           1|
    |ap_block_pp0_stage0_11001_ignoreCallOp6  |       and|   0|  0|   2|           1|           1|
    |ap_block_state4_pp0_stage0_iter1         |       and|   0|  0|   2|           1|           1|
    |ap_condition_229                         |       and|   0|  0|   2|           1|           1|
    |ap_condition_301                         |       and|   0|  0|   2|           1|           1|
    |ap_predicate_op22_call_state2            |       and|   0|  0|   2|           1|           1|
    |ap_predicate_op43_call_state3            |       and|   0|  0|   2|           1|           1|
    |icmp_ln284_1_fu_164_p2                   |      icmp|   0|  0|  39|          32|           2|
    |icmp_ln284_4_fu_180_p2                   |      icmp|   0|  0|  38|          31|           1|
    |icmp_ln284_5_fu_196_p2                   |      icmp|   0|  0|  38|          31|           1|
    |icmp_ln284_fu_146_p2                     |      icmp|   0|  0|  39|          32|           2|
    |icmp_ln303_fu_220_p2                     |      icmp|   0|  0|  39|          32|           6|
    |icmp_ln307_fu_270_p2                     |      icmp|   0|  0|  39|          32|           5|
    |icmp_ln313_fu_282_p2                     |      icmp|   0|  0|  39|          32|           2|
    |ap_block_pp0_stage0_subdone              |        or|   0|  0|   2|           1|           1|
    |select_ln313_fu_294_p3                   |    select|   0|  0|  32|           1|           2|
    |select_ln318_fu_238_p3                   |    select|   0|  0|  32|           1|           2|
    |ap_enable_pp0                            |       xor|   0|  0|   2|           1|           2|
    +-----------------------------------------+----------+----+---+----+------------+------------+
    |Total                                    |          |   0|  0| 513|         363|          39|
    +-----------------------------------------+----------+----+---+----+------------+------------+

    * Multiplexer: 
    +----------------------------------------+----+-----------+-----+-----------+
    |                  Name                  | LUT| Input Size| Bits| Total Bits|
    +----------------------------------------+----+-----------+-----+-----------+
    |ap_NS_fsm                               |  20|          4|    1|          4|
    |ap_enable_reg_pp0_iter0                 |   9|          2|    1|          2|
    |ap_enable_reg_pp0_iter1                 |   9|          2|    1|          2|
    |ap_phi_reg_pp0_iter0_storemerge_reg_81  |   9|          2|   32|         64|
    |layer2_out_blk_n                        |   9|          2|    1|          2|
    |pX_2                                    |   9|          2|   32|         64|
    |pY_2                                    |   9|          2|   32|         64|
    |sX_2                                    |   9|          2|   32|         64|
    +----------------------------------------+----+-----------+-----+-----------+
    |Total                                   |  83|         18|  132|        266|
    +----------------------------------------+----+-----------+-----+-----------+

    * Register: 
    +-----------------------------------------------------------------------------+----+----+-----+-----------+
    |                                     Name                                    | FF | LUT| Bits| Const Bits|
    +-----------------------------------------------------------------------------+----+----+-----+-----------+
    |and_ln284_1_reg_383                                                          |   1|   0|    1|          0|
    |ap_CS_fsm                                                                    |   3|   0|    3|          0|
    |ap_enable_reg_pp0_iter0_reg                                                  |   1|   0|    1|          0|
    |ap_enable_reg_pp0_iter1                                                      |   1|   0|    1|          0|
    |ap_phi_reg_pp0_iter0_storemerge_reg_81                                       |  32|   0|   32|          0|
    |icmp_ln284_reg_379                                                           |   1|   0|    1|          0|
    |icmp_ln303_reg_387                                                           |   1|   0|    1|          0|
    |pX_2                                                                         |  32|   0|   32|          0|
    |pY_2                                                                         |  32|   0|   32|          0|
    |res_out_1_reg_404                                                            |  22|   0|   22|          0|
    |res_out_24_reg_449                                                           |  22|   0|   22|          0|
    |res_out_25_reg_454                                                           |  22|   0|   22|          0|
    |res_out_2_reg_409                                                            |  22|   0|   22|          0|
    |res_out_3_reg_414                                                            |  22|   0|   22|          0|
    |res_out_4_reg_419                                                            |  22|   0|   22|          0|
    |res_out_5_reg_424                                                            |  22|   0|   22|          0|
    |res_out_6_reg_429                                                            |  22|   0|   22|          0|
    |res_out_7_reg_434                                                            |  22|   0|   22|          0|
    |res_out_8_reg_439                                                            |  22|   0|   22|          0|
    |res_out_9_reg_444                                                            |  22|   0|   22|          0|
    |res_out_reg_399                                                              |  22|   0|   22|          0|
    |sX_2                                                                         |  32|   0|   32|          0|
    |sY_2                                                                         |  32|   0|   32|          0|
    |void_compute_output_buffer_2d_array_const_ap_shift_reg_n_chan_stream_weig    |   1|   0|    1|          0|
    |void_compute_output_buffer_2d_array_const_ap_shift_reg_n_chan_stream_weig_1  |   1|   0|    1|          0|
    |void_compute_output_buffer_2d_array_const_ap_shift_reg_n_chan_stream_weig_2  |   1|   0|    1|          0|
    |void_compute_output_buffer_2d_array_const_ap_shift_reg_n_chan_stream_weig_3  |   1|   0|    1|          0|
    |void_compute_output_buffer_2d_array_const_ap_shift_reg_n_chan_stream_weig_4  |   1|   0|    1|          0|
    |void_compute_output_buffer_2d_array_const_ap_shift_reg_n_chan_stream_weig_5  |   1|   0|    1|          0|
    |void_compute_output_buffer_2d_array_const_ap_shift_reg_n_chan_stream_weig_6  |   1|   0|    1|          0|
    |void_compute_output_buffer_2d_array_const_ap_shift_reg_n_chan_stream_weig_7  |   1|   0|    1|          0|
    |void_compute_output_buffer_2d_array_const_ap_shift_reg_n_chan_stream_weig_8  |   1|   0|    1|          0|
    +-----------------------------------------------------------------------------+----+----+-----+-----------+
    |Total                                                                        | 441|   0|  441|          0|
    +-----------------------------------------------------------------------------+----+----+-----+-----------+



================================================================
== Interface
================================================================
* Summary: 
+---------------------------+-----+-----+------------+--------------------------------------------------------------------------+--------------+
|         RTL Ports         | Dir | Bits|  Protocol  |                               Source Object                              |    C Type    |
+---------------------------+-----+-----+------------+--------------------------------------------------------------------------+--------------+
|ap_clk                     |   in|    1|  ap_ctrl_hs|  compute_output_buffer_2d<array,array<ap_fixed<22,13,5,3,0>,12u>,config2>|  return value|
|ap_rst                     |   in|    1|  ap_ctrl_hs|  compute_output_buffer_2d<array,array<ap_fixed<22,13,5,3,0>,12u>,config2>|  return value|
|ap_start                   |   in|    1|  ap_ctrl_hs|  compute_output_buffer_2d<array,array<ap_fixed<22,13,5,3,0>,12u>,config2>|  return value|
|ap_done                    |  out|    1|  ap_ctrl_hs|  compute_output_buffer_2d<array,array<ap_fixed<22,13,5,3,0>,12u>,config2>|  return value|
|ap_idle                    |  out|    1|  ap_ctrl_hs|  compute_output_buffer_2d<array,array<ap_fixed<22,13,5,3,0>,12u>,config2>|  return value|
|ap_ready                   |  out|    1|  ap_ctrl_hs|  compute_output_buffer_2d<array,array<ap_fixed<22,13,5,3,0>,12u>,config2>|  return value|
|ap_ce                      |   in|    1|  ap_ctrl_hs|  compute_output_buffer_2d<array,array<ap_fixed<22,13,5,3,0>,12u>,config2>|  return value|
|layer2_out_blk_n           |  out|    1|  ap_ctrl_hs|  compute_output_buffer_2d<array,array<ap_fixed<22,13,5,3,0>,12u>,config2>|  return value|
|in_elem_0_0_0_0_0_val      |   in|    1|     ap_none|                                                     in_elem_0_0_0_0_0_val|        scalar|
|layer2_out_din             |  out|  264|     ap_fifo|                                                                layer2_out|       pointer|
|layer2_out_num_data_valid  |   in|   11|     ap_fifo|                                                                layer2_out|       pointer|
|layer2_out_fifo_cap        |   in|   11|     ap_fifo|                                                                layer2_out|       pointer|
|layer2_out_full_n          |   in|    1|     ap_fifo|                                                                layer2_out|       pointer|
|layer2_out_write           |  out|    1|     ap_fifo|                                                                layer2_out|       pointer|
+---------------------------+-----+-----+------------+--------------------------------------------------------------------------+--------------+

