

================================================================
== Vitis HLS Report for 'conv_2d_cl_array_array_ap_fixed_40_21_5_3_0_24u_config7_s'
================================================================
* Date:           Mon Aug  3 11:07:16 2026

* Version:        2023.2 (Build 4023990 on Oct 11 2023)
* Project:        myproject_prj
* Solution:       solution1 (Vivado IP Flow Target)
* Product family: virtexu
* Target device:  xcvu080-ffvb2104-2-e


================================================================
== Performance Estimates
================================================================
+ Timing: 
    * Summary: 
    +--------+---------+----------+------------+
    |  Clock |  Target | Estimated| Uncertainty|
    +--------+---------+----------+------------+
    |ap_clk  |  5.00 ns|  3.633 ns|     1.35 ns|
    +--------+---------+----------+------------+

+ Latency: 
    * Summary: 
    +---------+---------+-----------+-----------+------+------+---------+
    |  Latency (cycles) |   Latency (absolute)  |   Interval  | Pipeline|
    |   min   |   max   |    min    |    max    |  min |  max |   Type  |
    +---------+---------+-----------+-----------+------+------+---------+
    |     4482|     4482|  22.410 us|  22.410 us|  4482|  4482|       no|
    +---------+---------+-----------+-----------+------+------+---------+

    + Detail: 
        * Instance: 
        +------------------------------------------------------------------------------------+-------------------------------------------------------------------------+---------+---------+-----------+-----------+-----+-----+---------+
        |                                                                                    |                                                                         |  Latency (cycles) |   Latency (absolute)  |  Interval | Pipeline|
        |                                      Instance                                      |                                  Module                                 |   min   |   max   |    min    |    max    | min | max |   Type  |
        +------------------------------------------------------------------------------------+-------------------------------------------------------------------------+---------+---------+-----------+-----------+-----+-----+---------+
        |grp_compute_output_buffer_2d_array_array_ap_fixed_40_21_5_3_0_24u_config7_s_fu_364  |compute_output_buffer_2d_array_array_ap_fixed_40_21_5_3_0_24u_config7_s  |       14|       14|  70.000 ns|  70.000 ns|   15|   15|      yes|
        +------------------------------------------------------------------------------------+-------------------------------------------------------------------------+---------+---------+-----------+-----------+-----+-----+---------+

        * Loop: 
        +----------------------------------+---------+---------+----------+-----------+-----------+------+----------+
        |                                  |  Latency (cycles) | Iteration|  Initiation Interval  | Trip |          |
        |             Loop Name            |   min   |   max   |  Latency |  achieved |   target  | Count| Pipelined|
        +----------------------------------+---------+---------+----------+-----------+-----------+------+----------+
        |- ReadInputHeight_ReadInputWidth  |     4480|     4480|        16|         16|         16|   280|       yes|
        +----------------------------------+---------+---------+----------+-----------+-----------+------+----------+



================================================================
== Utilization Estimates
================================================================
* Summary: 
+-----------------+---------+-----+--------+--------+-----+
|       Name      | BRAM_18K| DSP |   FF   |   LUT  | URAM|
+-----------------+---------+-----+--------+--------+-----+
|DSP              |        -|    -|       -|       -|    -|
|Expression       |        -|    -|       0|      34|    -|
|FIFO             |        -|    -|       -|       -|    -|
|Instance         |        -|  146|   36778|   80761|    -|
|Memory           |        -|    -|       -|       -|    -|
|Multiplexer      |        -|    -|       -|     132|    -|
|Register         |        -|    -|      28|       -|    -|
+-----------------+---------+-----+--------+--------+-----+
|Total            |        0|  146|   36806|   80927|    0|
+-----------------+---------+-----+--------+--------+-----+
|Available        |     2842|  672|  891424|  445712|    0|
+-----------------+---------+-----+--------+--------+-----+
|Utilization (%)  |        0|   21|       4|      18|    0|
+-----------------+---------+-----+--------+--------+-----+

+ Detail: 
    * Instance: 
    +------------------------------------------------------------------------------------+-------------------------------------------------------------------------+---------+-----+-------+-------+-----+
    |                                      Instance                                      |                                  Module                                 | BRAM_18K| DSP |   FF  |  LUT  | URAM|
    +------------------------------------------------------------------------------------+-------------------------------------------------------------------------+---------+-----+-------+-------+-----+
    |grp_compute_output_buffer_2d_array_array_ap_fixed_40_21_5_3_0_24u_config7_s_fu_364  |compute_output_buffer_2d_array_array_ap_fixed_40_21_5_3_0_24u_config7_s  |        0|  146|  36778|  80761|    0|
    +------------------------------------------------------------------------------------+-------------------------------------------------------------------------+---------+-----+-------+-------+-----+
    |Total                                                                               |                                                                         |        0|  146|  36778|  80761|    0|
    +------------------------------------------------------------------------------------+-------------------------------------------------------------------------+---------+-----+-------+-------+-----+

    * DSP: 
    N/A

    * Memory: 
    N/A

    * FIFO: 
    N/A

    * Expression: 
    +----------------------------------+----------+----+---+----+------------+------------+
    |           Variable Name          | Operation| DSP| FF| LUT| Bitwidth P0| Bitwidth P1|
    +----------------------------------+----------+----+---+----+------------+------------+
    |add_ln25_fu_668_p2                |         +|   0|  0|  16|           9|           1|
    |icmp_ln25_fu_662_p2               |      icmp|   0|  0|  16|           9|           9|
    |ap_block_state1_pp0_stage0_iter0  |        or|   0|  0|   2|           1|           1|
    +----------------------------------+----------+----+---+----+------------+------------+
    |Total                             |          |   0|  0|  34|          19|          11|
    +----------------------------------+----------+----+---+----+------------+------------+

    * Multiplexer: 
    +--------------------------------------+----+-----------+-----+-----------+
    |                 Name                 | LUT| Input Size| Bits| Total Bits|
    +--------------------------------------+----+-----------+-----+-----------+
    |ap_NS_fsm                             |  69|         17|    1|         17|
    |ap_done_int                           |   9|          2|    1|          2|
    |ap_sig_allocacmp_indvar_flatten_load  |   9|          2|    9|         18|
    |indvar_flatten_fu_354                 |   9|          2|    9|         18|
    |layer20_out_blk_n                     |   9|          2|    1|          2|
    |layer7_out_blk_n                      |   9|          2|    1|          2|
    |layer7_out_write                      |   9|          2|    1|          2|
    |real_start                            |   9|          2|    1|          2|
    +--------------------------------------+----+-----------+-----+-----------+
    |Total                                 | 132|         31|   24|         63|
    +--------------------------------------+----+-----------+-----+-----------+

    * Register: 
    +-------------------------------------------------------------------------------------------------+----+----+-----+-----------+
    |                                               Name                                              | FF | LUT| Bits| Const Bits|
    +-------------------------------------------------------------------------------------------------+----+----+-----+-----------+
    |ap_CS_fsm                                                                                        |  16|   0|   16|          0|
    |ap_done_reg                                                                                      |   1|   0|    1|          0|
    |grp_compute_output_buffer_2d_array_array_ap_fixed_40_21_5_3_0_24u_config7_s_fu_364_ap_start_reg  |   1|   0|    1|          0|
    |indvar_flatten_fu_354                                                                            |   9|   0|    9|          0|
    |start_once_reg                                                                                   |   1|   0|    1|          0|
    +-------------------------------------------------------------------------------------------------+----+----+-----+-----------+
    |Total                                                                                            |  28|   0|   28|          0|
    +-------------------------------------------------------------------------------------------------+----+----+-----+-----------+



================================================================
== Interface
================================================================
* Summary: 
+----------------------------+-----+-----+------------+------------------------------------------------------------+--------------+
|          RTL Ports         | Dir | Bits|  Protocol  |                        Source Object                       |    C Type    |
+----------------------------+-----+-----+------------+------------------------------------------------------------+--------------+
|ap_clk                      |   in|    1|  ap_ctrl_hs|  conv_2d_cl<array,array<ap_fixed<40,21,5,3,0>,24u>,config7>|  return value|
|ap_rst                      |   in|    1|  ap_ctrl_hs|  conv_2d_cl<array,array<ap_fixed<40,21,5,3,0>,24u>,config7>|  return value|
|ap_start                    |   in|    1|  ap_ctrl_hs|  conv_2d_cl<array,array<ap_fixed<40,21,5,3,0>,24u>,config7>|  return value|
|start_full_n                |   in|    1|  ap_ctrl_hs|  conv_2d_cl<array,array<ap_fixed<40,21,5,3,0>,24u>,config7>|  return value|
|ap_done                     |  out|    1|  ap_ctrl_hs|  conv_2d_cl<array,array<ap_fixed<40,21,5,3,0>,24u>,config7>|  return value|
|ap_continue                 |   in|    1|  ap_ctrl_hs|  conv_2d_cl<array,array<ap_fixed<40,21,5,3,0>,24u>,config7>|  return value|
|ap_idle                     |  out|    1|  ap_ctrl_hs|  conv_2d_cl<array,array<ap_fixed<40,21,5,3,0>,24u>,config7>|  return value|
|ap_ready                    |  out|    1|  ap_ctrl_hs|  conv_2d_cl<array,array<ap_fixed<40,21,5,3,0>,24u>,config7>|  return value|
|start_out                   |  out|    1|  ap_ctrl_hs|  conv_2d_cl<array,array<ap_fixed<40,21,5,3,0>,24u>,config7>|  return value|
|start_write                 |  out|    1|  ap_ctrl_hs|  conv_2d_cl<array,array<ap_fixed<40,21,5,3,0>,24u>,config7>|  return value|
|layer20_out_dout            |   in|  192|     ap_fifo|                                                 layer20_out|       pointer|
|layer20_out_num_data_valid  |   in|   10|     ap_fifo|                                                 layer20_out|       pointer|
|layer20_out_fifo_cap        |   in|   10|     ap_fifo|                                                 layer20_out|       pointer|
|layer20_out_empty_n         |   in|    1|     ap_fifo|                                                 layer20_out|       pointer|
|layer20_out_read            |  out|    1|     ap_fifo|                                                 layer20_out|       pointer|
|layer7_out_din              |  out|  960|     ap_fifo|                                                  layer7_out|       pointer|
|layer7_out_num_data_valid   |   in|    9|     ap_fifo|                                                  layer7_out|       pointer|
|layer7_out_fifo_cap         |   in|    9|     ap_fifo|                                                  layer7_out|       pointer|
|layer7_out_full_n           |   in|    1|     ap_fifo|                                                  layer7_out|       pointer|
|layer7_out_write            |  out|    1|     ap_fifo|                                                  layer7_out|       pointer|
+----------------------------+-----+-----+------------+------------------------------------------------------------+--------------+

