

================================================================
== Vitis HLS Report for 'dense_array_ap_ufixed_24u_array_ap_fixed_16_6_5_3_0_12u_config13_s'
================================================================
* Date:           Mon Aug  3 11:07:22 2026

* Version:        2023.2 (Build 4023990 on Oct 11 2023)
* Project:        myproject_prj
* Solution:       solution1 (Vivado IP Flow Target)
* Product family: virtexu
* Target device:  xcvu080-ffvb2104-2-e


================================================================
== Performance Estimates
================================================================
+ Timing: 
    * Summary: 
    +--------+---------+----------+------------+
    |  Clock |  Target | Estimated| Uncertainty|
    +--------+---------+----------+------------+
    |ap_clk  |  5.00 ns|  3.560 ns|     1.35 ns|
    +--------+---------+----------+------------+

+ Latency: 
    * Summary: 
    +---------+---------+----------+----------+-----+-----+---------+
    |  Latency (cycles) |  Latency (absolute) |  Interval | Pipeline|
    |   min   |   max   |    min   |    max   | min | max |   Type  |
    +---------+---------+----------+----------+-----+-----+---------+
    |      278|      279|  1.390 us|  1.395 us|  278|  279|       no|
    +---------+---------+----------+----------+-----+-----+---------+

    + Detail: 
        * Instance: 
        +-------------------------------------------------------------------------------------+-------------------------------------------------------------------------+---------+---------+----------+----------+-----+-----+------------------------------------------+
        |                                                                                     |                                                                         |  Latency (cycles) |  Latency (absolute) |  Interval |                 Pipeline                 |
        |                                       Instance                                      |                                  Module                                 |   min   |   max   |    min   |    max   | min | max |                   Type                   |
        +-------------------------------------------------------------------------------------+-------------------------------------------------------------------------+---------+---------+----------+----------+-----+-----+------------------------------------------+
        |grp_dense_array_array_ap_fixed_16_6_5_3_0_12u_config13_Pipeline_DataPrepare_fu_5219  |dense_array_array_ap_fixed_16_6_5_3_0_12u_config13_Pipeline_DataPrepare  |       56|       56|  0.280 us|  0.280 us|   56|   56|                                        no|
        |grp_dense_resource_rf_leq_nin_ap_ufixed_ap_fixed_16_6_5_3_0_config13_s_fu_6521       |dense_resource_rf_leq_nin_ap_ufixed_ap_fixed_16_6_5_3_0_config13_s       |      218|      219|  1.090 us|  1.095 us|  216|  216|  loop rewind stp(delay=0 clock cycles(s))|
        +-------------------------------------------------------------------------------------+-------------------------------------------------------------------------+---------+---------+----------+----------+-----+-----+------------------------------------------+

        * Loop: 
        N/A



================================================================
== Utilization Estimates
================================================================
* Summary: 
+-----------------+---------+-----+--------+--------+-----+
|       Name      | BRAM_18K| DSP |   FF   |   LUT  | URAM|
+-----------------+---------+-----+--------+--------+-----+
|DSP              |        -|    -|       -|       -|    -|
|Expression       |        -|    -|       0|       2|    -|
|FIFO             |        -|    -|       -|       -|    -|
|Instance         |       32|   72|   65255|   44118|    -|
|Memory           |        -|    -|       -|       -|    -|
|Multiplexer      |        -|    -|       -|      67|    -|
|Register         |        -|    -|     201|       -|    -|
+-----------------+---------+-----+--------+--------+-----+
|Total            |       32|   72|   65456|   44187|    0|
+-----------------+---------+-----+--------+--------+-----+
|Available        |     2842|  672|  891424|  445712|    0|
+-----------------+---------+-----+--------+--------+-----+
|Utilization (%)  |        1|   10|       7|       9|    0|
+-----------------+---------+-----+--------+--------+-----+

+ Detail: 
    * Instance: 
    +-------------------------------------------------------------------------------------+-------------------------------------------------------------------------+---------+----+-------+-------+-----+
    |                                       Instance                                      |                                  Module                                 | BRAM_18K| DSP|   FF  |  LUT  | URAM|
    +-------------------------------------------------------------------------------------+-------------------------------------------------------------------------+---------+----+-------+-------+-----+
    |grp_dense_array_array_ap_fixed_16_6_5_3_0_12u_config13_Pipeline_DataPrepare_fu_5219  |dense_array_array_ap_fixed_16_6_5_3_0_12u_config13_Pipeline_DataPrepare  |        0|   0|  20751|     75|    0|
    |grp_dense_resource_rf_leq_nin_ap_ufixed_ap_fixed_16_6_5_3_0_config13_s_fu_6521       |dense_resource_rf_leq_nin_ap_ufixed_ap_fixed_16_6_5_3_0_config13_s       |       32|  72|  44504|  44043|    0|
    +-------------------------------------------------------------------------------------+-------------------------------------------------------------------------+---------+----+-------+-------+-----+
    |Total                                                                                |                                                                         |       32|  72|  65255|  44118|    0|
    +-------------------------------------------------------------------------------------+-------------------------------------------------------------------------+---------+----+-------+-------+-----+

    * DSP: 
    N/A

    * Memory: 
    N/A

    * FIFO: 
    N/A

    * Expression: 
    +-----------------+----------+----+---+----+------------+------------+
    |  Variable Name  | Operation| DSP| FF| LUT| Bitwidth P0| Bitwidth P1|
    +-----------------+----------+----+---+----+------------+------------+
    |ap_block_state1  |        or|   0|  0|   2|           1|           1|
    +-----------------+----------+----+---+----+------------+------------+
    |Total            |          |   0|  0|   2|           1|           1|
    +-----------------+----------+----+---+----+------------+------------+

    * Multiplexer: 
    +-------------------+----+-----------+-----+-----------+
    |        Name       | LUT| Input Size| Bits| Total Bits|
    +-------------------+----+-----------+-----+-----------+
    |ap_NS_fsm          |  31|          6|    1|          6|
    |ap_done            |   9|          2|    1|          2|
    |layer11_out_read   |   9|          2|    1|          2|
    |layer13_out_blk_n  |   9|          2|    1|          2|
    |real_start         |   9|          2|    1|          2|
    +-------------------+----+-----------+-----+-----------+
    |Total              |  67|         14|    5|         14|
    +-------------------+----+-----------+-----+-----------+

    * Register: 
    +--------------------------------------------------------------------------------------------------+----+----+-----+-----------+
    |                                               Name                                               | FF | LUT| Bits| Const Bits|
    +--------------------------------------------------------------------------------------------------+----+----+-----+-----------+
    |ap_CS_fsm                                                                                         |   5|   0|    5|          0|
    |ap_done_reg                                                                                       |   1|   0|    1|          0|
    |grp_dense_array_array_ap_fixed_16_6_5_3_0_12u_config13_Pipeline_DataPrepare_fu_5219_ap_start_reg  |   1|   0|    1|          0|
    |grp_dense_resource_rf_leq_nin_ap_ufixed_ap_fixed_16_6_5_3_0_config13_s_fu_6521_ap_start_reg       |   1|   0|    1|          0|
    |res_12_reg_24741                                                                                  |  16|   0|   16|          0|
    |res_13_reg_24746                                                                                  |  16|   0|   16|          0|
    |res_14_reg_24751                                                                                  |  16|   0|   16|          0|
    |res_15_reg_24756                                                                                  |  16|   0|   16|          0|
    |res_16_reg_24761                                                                                  |  16|   0|   16|          0|
    |res_17_reg_24766                                                                                  |  16|   0|   16|          0|
    |res_18_reg_24771                                                                                  |  16|   0|   16|          0|
    |res_19_reg_24776                                                                                  |  16|   0|   16|          0|
    |res_20_reg_24781                                                                                  |  16|   0|   16|          0|
    |res_21_reg_24786                                                                                  |  16|   0|   16|          0|
    |res_22_reg_24791                                                                                  |  16|   0|   16|          0|
    |res_reg_24736                                                                                     |  16|   0|   16|          0|
    |start_once_reg                                                                                    |   1|   0|    1|          0|
    +--------------------------------------------------------------------------------------------------+----+----+-----+-----------+
    |Total                                                                                             | 201|   0|  201|          0|
    +--------------------------------------------------------------------------------------------------+----+----+-----+-----------+



================================================================
== Interface
================================================================
* Summary: 
+----------------------------+-----+-----+------------+----------------------------------------------------------------------+--------------+
|          RTL Ports         | Dir | Bits|  Protocol  |                             Source Object                            |    C Type    |
+----------------------------+-----+-----+------------+----------------------------------------------------------------------+--------------+
|ap_clk                      |   in|    1|  ap_ctrl_hs|  dense<array<ap_ufixed,24u>,array<ap_fixed<16,6,5,3,0>,12u>,config13>|  return value|
|ap_rst                      |   in|    1|  ap_ctrl_hs|  dense<array<ap_ufixed,24u>,array<ap_fixed<16,6,5,3,0>,12u>,config13>|  return value|
|ap_start                    |   in|    1|  ap_ctrl_hs|  dense<array<ap_ufixed,24u>,array<ap_fixed<16,6,5,3,0>,12u>,config13>|  return value|
|start_full_n                |   in|    1|  ap_ctrl_hs|  dense<array<ap_ufixed,24u>,array<ap_fixed<16,6,5,3,0>,12u>,config13>|  return value|
|ap_done                     |  out|    1|  ap_ctrl_hs|  dense<array<ap_ufixed,24u>,array<ap_fixed<16,6,5,3,0>,12u>,config13>|  return value|
|ap_continue                 |   in|    1|  ap_ctrl_hs|  dense<array<ap_ufixed,24u>,array<ap_fixed<16,6,5,3,0>,12u>,config13>|  return value|
|ap_idle                     |  out|    1|  ap_ctrl_hs|  dense<array<ap_ufixed,24u>,array<ap_fixed<16,6,5,3,0>,12u>,config13>|  return value|
|ap_ready                    |  out|    1|  ap_ctrl_hs|  dense<array<ap_ufixed,24u>,array<ap_fixed<16,6,5,3,0>,12u>,config13>|  return value|
|start_out                   |  out|    1|  ap_ctrl_hs|  dense<array<ap_ufixed,24u>,array<ap_fixed<16,6,5,3,0>,12u>,config13>|  return value|
|start_write                 |  out|    1|  ap_ctrl_hs|  dense<array<ap_ufixed,24u>,array<ap_fixed<16,6,5,3,0>,12u>,config13>|  return value|
|layer11_out_dout            |   in|  384|     ap_fifo|                                                           layer11_out|       pointer|
|layer11_out_num_data_valid  |   in|    7|     ap_fifo|                                                           layer11_out|       pointer|
|layer11_out_fifo_cap        |   in|    7|     ap_fifo|                                                           layer11_out|       pointer|
|layer11_out_empty_n         |   in|    1|     ap_fifo|                                                           layer11_out|       pointer|
|layer11_out_read            |  out|    1|     ap_fifo|                                                           layer11_out|       pointer|
|layer13_out_din             |  out|  192|     ap_fifo|                                                           layer13_out|       pointer|
|layer13_out_num_data_valid  |   in|    2|     ap_fifo|                                                           layer13_out|       pointer|
|layer13_out_fifo_cap        |   in|    2|     ap_fifo|                                                           layer13_out|       pointer|
|layer13_out_full_n          |   in|    1|     ap_fifo|                                                           layer13_out|       pointer|
|layer13_out_write           |  out|    1|     ap_fifo|                                                           layer13_out|       pointer|
+----------------------------+-----+-----+------------+----------------------------------------------------------------------+--------------+

