

================================================================
== Vitis HLS Report for 'dense_array_ap_ufixed_12u_array_ap_fixed_37_18_5_3_0_1u_config17_s'
================================================================
* Date:           Mon Aug  3 11:07:22 2026

* Version:        2023.2 (Build 4023990 on Oct 11 2023)
* Project:        myproject_prj
* Solution:       solution1 (Vivado IP Flow Target)
* Product family: virtexu
* Target device:  xcvu080-ffvb2104-2-e


================================================================
== Performance Estimates
================================================================
+ Timing: 
    * Summary: 
    +--------+---------+----------+------------+
    |  Clock |  Target | Estimated| Uncertainty|
    +--------+---------+----------+------------+
    |ap_clk  |  5.00 ns|  3.560 ns|     1.35 ns|
    +--------+---------+----------+------------+

+ Latency: 
    * Summary: 
    +---------+---------+-----------+-----------+-----+-----+---------+
    |  Latency (cycles) |   Latency (absolute)  |  Interval | Pipeline|
    |   min   |   max   |    min    |    max    | min | max |   Type  |
    +---------+---------+-----------+-----------+-----+-----+---------+
    |        3|        3|  15.000 ns|  15.000 ns|    3|    3|       no|
    +---------+---------+-----------+-----------+-----+-----+---------+

    + Detail: 
        * Instance: 
        +---------------------------------------------------------------------------+-----------------------------------------------------------------+---------+---------+----------+----------+-----+-----+---------+
        |                                                                           |                                                                 |  Latency (cycles) |  Latency (absolute) |  Interval | Pipeline|
        |                                  Instance                                 |                              Module                             |   min   |   max   |    min   |    max   | min | max |   Type  |
        +---------------------------------------------------------------------------+-----------------------------------------------------------------+---------+---------+----------+----------+-----+-----+---------+
        |grp_dense_latency_wrapper_ap_ufixed_ap_fixed_37_18_5_3_0_config17_s_fu_71  |dense_latency_wrapper_ap_ufixed_ap_fixed_37_18_5_3_0_config17_s  |        1|        1|  5.000 ns|  5.000 ns|    1|    1|      yes|
        +---------------------------------------------------------------------------+-----------------------------------------------------------------+---------+---------+----------+----------+-----+-----+---------+

        * Loop: 
        N/A



================================================================
== Utilization Estimates
================================================================
* Summary: 
+-----------------+---------+-----+--------+--------+-----+
|       Name      | BRAM_18K| DSP |   FF   |   LUT  | URAM|
+-----------------+---------+-----+--------+--------+-----+
|DSP              |        -|    -|       -|       -|    -|
|Expression       |        -|    -|       0|       2|    -|
|FIFO             |        -|    -|       -|       -|    -|
|Instance         |        -|    8|     157|     281|    -|
|Memory           |        -|    -|       -|       -|    -|
|Multiplexer      |        -|    -|       -|      62|    -|
|Register         |        -|    -|     191|       -|    -|
+-----------------+---------+-----+--------+--------+-----+
|Total            |        0|    8|     348|     345|    0|
+-----------------+---------+-----+--------+--------+-----+
|Available        |     2842|  672|  891424|  445712|    0|
+-----------------+---------+-----+--------+--------+-----+
|Utilization (%)  |        0|    1|      ~0|      ~0|    0|
+-----------------+---------+-----+--------+--------+-----+

+ Detail: 
    * Instance: 
    +---------------------------------------------------------------------------+-----------------------------------------------------------------+---------+----+-----+-----+-----+
    |                                  Instance                                 |                              Module                             | BRAM_18K| DSP|  FF | LUT | URAM|
    +---------------------------------------------------------------------------+-----------------------------------------------------------------+---------+----+-----+-----+-----+
    |grp_dense_latency_wrapper_ap_ufixed_ap_fixed_37_18_5_3_0_config17_s_fu_71  |dense_latency_wrapper_ap_ufixed_ap_fixed_37_18_5_3_0_config17_s  |        0|   8|  157|  281|    0|
    +---------------------------------------------------------------------------+-----------------------------------------------------------------+---------+----+-----+-----+-----+
    |Total                                                                      |                                                                 |        0|   8|  157|  281|    0|
    +---------------------------------------------------------------------------+-----------------------------------------------------------------+---------+----+-----+-----+-----+

    * DSP: 
    N/A

    * Memory: 
    N/A

    * FIFO: 
    N/A

    * Expression: 
    +-----------------+----------+----+---+----+------------+------------+
    |  Variable Name  | Operation| DSP| FF| LUT| Bitwidth P0| Bitwidth P1|
    +-----------------+----------+----+---+----+------------+------------+
    |ap_block_state1  |        or|   0|  0|   2|           1|           1|
    +-----------------+----------+----+---+----+------------+------------+
    |Total            |          |   0|  0|   2|           1|           1|
    +-----------------+----------+----+---+----+------------+------------+

    * Multiplexer: 
    +-------------------+----+-----------+-----+-----------+
    |        Name       | LUT| Input Size| Bits| Total Bits|
    +-------------------+----+-----------+-----+-----------+
    |ap_NS_fsm          |  26|          5|    1|          5|
    |ap_done            |   9|          2|    1|          2|
    |layer16_out_blk_n  |   9|          2|    1|          2|
    |layer17_out_blk_n  |   9|          2|    1|          2|
    |real_start         |   9|          2|    1|          2|
    +-------------------+----+-----------+-----+-----------+
    |Total              |  62|         13|    5|         13|
    +-------------------+----+-----------+-----+-----------+

    * Register: 
    +----------------------+----+----+-----+-----------+
    |         Name         | FF | LUT| Bits| Const Bits|
    +----------------------+----+----+-----+-----------+
    |ap_CS_fsm             |   4|   0|    4|          0|
    |ap_done_reg           |   1|   0|    1|          0|
    |data_pack_10_reg_188  |  16|   0|   16|          0|
    |data_pack_11_reg_193  |  16|   0|   16|          0|
    |data_pack_12_reg_198  |  16|   0|   16|          0|
    |data_pack_13_reg_203  |  16|   0|   16|          0|
    |data_pack_14_reg_208  |  16|   0|   16|          0|
    |data_pack_15_reg_213  |  16|   0|   16|          0|
    |data_pack_16_reg_218  |  16|   0|   16|          0|
    |data_pack_17_reg_223  |  16|   0|   16|          0|
    |data_pack_18_reg_228  |  16|   0|   16|          0|
    |data_pack_reg_183     |  16|   0|   16|          0|
    |res_reg_233           |  25|   0|   25|          0|
    |start_once_reg        |   1|   0|    1|          0|
    +----------------------+----+----+-----+-----------+
    |Total                 | 191|   0|  191|          0|
    +----------------------+----+----+-----+-----------+



================================================================
== Interface
================================================================
* Summary: 
+----------------------------+-----+-----+------------+----------------------------------------------------------------------+--------------+
|          RTL Ports         | Dir | Bits|  Protocol  |                             Source Object                            |    C Type    |
+----------------------------+-----+-----+------------+----------------------------------------------------------------------+--------------+
|ap_clk                      |   in|    1|  ap_ctrl_hs|  dense<array<ap_ufixed,12u>,array<ap_fixed<37,18,5,3,0>,1u>,config17>|  return value|
|ap_rst                      |   in|    1|  ap_ctrl_hs|  dense<array<ap_ufixed,12u>,array<ap_fixed<37,18,5,3,0>,1u>,config17>|  return value|
|ap_start                    |   in|    1|  ap_ctrl_hs|  dense<array<ap_ufixed,12u>,array<ap_fixed<37,18,5,3,0>,1u>,config17>|  return value|
|start_full_n                |   in|    1|  ap_ctrl_hs|  dense<array<ap_ufixed,12u>,array<ap_fixed<37,18,5,3,0>,1u>,config17>|  return value|
|ap_done                     |  out|    1|  ap_ctrl_hs|  dense<array<ap_ufixed,12u>,array<ap_fixed<37,18,5,3,0>,1u>,config17>|  return value|
|ap_continue                 |   in|    1|  ap_ctrl_hs|  dense<array<ap_ufixed,12u>,array<ap_fixed<37,18,5,3,0>,1u>,config17>|  return value|
|ap_idle                     |  out|    1|  ap_ctrl_hs|  dense<array<ap_ufixed,12u>,array<ap_fixed<37,18,5,3,0>,1u>,config17>|  return value|
|ap_ready                    |  out|    1|  ap_ctrl_hs|  dense<array<ap_ufixed,12u>,array<ap_fixed<37,18,5,3,0>,1u>,config17>|  return value|
|start_out                   |  out|    1|  ap_ctrl_hs|  dense<array<ap_ufixed,12u>,array<ap_fixed<37,18,5,3,0>,1u>,config17>|  return value|
|start_write                 |  out|    1|  ap_ctrl_hs|  dense<array<ap_ufixed,12u>,array<ap_fixed<37,18,5,3,0>,1u>,config17>|  return value|
|layer16_out_dout            |   in|  192|     ap_fifo|                                                           layer16_out|       pointer|
|layer16_out_num_data_valid  |   in|    2|     ap_fifo|                                                           layer16_out|       pointer|
|layer16_out_fifo_cap        |   in|    2|     ap_fifo|                                                           layer16_out|       pointer|
|layer16_out_empty_n         |   in|    1|     ap_fifo|                                                           layer16_out|       pointer|
|layer16_out_read            |  out|    1|     ap_fifo|                                                           layer16_out|       pointer|
|layer17_out_din             |  out|   37|     ap_fifo|                                                           layer17_out|       pointer|
|layer17_out_num_data_valid  |   in|    2|     ap_fifo|                                                           layer17_out|       pointer|
|layer17_out_fifo_cap        |   in|    2|     ap_fifo|                                                           layer17_out|       pointer|
|layer17_out_full_n          |   in|    1|     ap_fifo|                                                           layer17_out|       pointer|
|layer17_out_write           |  out|    1|     ap_fifo|                                                           layer17_out|       pointer|
+----------------------------+-----+-----+------------+----------------------------------------------------------------------+--------------+

