

================================================================
== Vitis HLS Report for 'dense_latency_wrapper_ap_ufixed_ap_fixed_37_18_5_3_0_config17_s'
================================================================
* Date:           Mon Aug  3 11:07:22 2026

* Version:        2023.2 (Build 4023990 on Oct 11 2023)
* Project:        myproject_prj
* Solution:       solution1 (Vivado IP Flow Target)
* Product family: virtexu
* Target device:  xcvu080-ffvb2104-2-e


================================================================
== Performance Estimates
================================================================
+ Timing: 
    * Summary: 
    +--------+---------+----------+------------+
    |  Clock |  Target | Estimated| Uncertainty|
    +--------+---------+----------+------------+
    |ap_clk  |  5.00 ns|  3.560 ns|     1.35 ns|
    +--------+---------+----------+------------+

+ Latency: 
    * Summary: 
    +---------+---------+----------+----------+-----+-----+---------+
    |  Latency (cycles) |  Latency (absolute) |  Interval | Pipeline|
    |   min   |   max   |    min   |    max   | min | max |   Type  |
    +---------+---------+----------+----------+-----+-----+---------+
    |        1|        1|  5.000 ns|  5.000 ns|    1|    1|      yes|
    +---------+---------+----------+----------+-----+-----+---------+

    + Detail: 
        * Instance: 
        N/A

        * Loop: 
        N/A



================================================================
== Utilization Estimates
================================================================
* Summary: 
+-----------------+---------+-----+--------+--------+-----+
|       Name      | BRAM_18K| DSP |   FF   |   LUT  | URAM|
+-----------------+---------+-----+--------+--------+-----+
|DSP              |        -|    -|       -|       -|    -|
|Expression       |        -|    -|       0|     233|    -|
|FIFO             |        -|    -|       -|       -|    -|
|Instance         |        -|    8|       0|      48|    -|
|Memory           |        -|    -|       -|       -|    -|
|Multiplexer      |        -|    -|       -|       -|    -|
|Register         |        -|    -|     157|       -|    -|
+-----------------+---------+-----+--------+--------+-----+
|Total            |        0|    8|     157|     281|    0|
+-----------------+---------+-----+--------+--------+-----+
|Available        |     2842|  672|  891424|  445712|    0|
+-----------------+---------+-----+--------+--------+-----+
|Utilization (%)  |        0|    1|      ~0|      ~0|    0|
+-----------------+---------+-----+--------+--------+-----+

+ Detail: 
    * Instance: 
    +----------------------------+----------------------+---------+----+---+----+-----+
    |          Instance          |        Module        | BRAM_18K| DSP| FF| LUT| URAM|
    +----------------------------+----------------------+---------+----+---+----+-----+
    |mul_16ns_10ns_25_1_1_U3385  |mul_16ns_10ns_25_1_1  |        0|   1|  0|   6|    0|
    |mul_16ns_10s_25_1_1_U3379   |mul_16ns_10s_25_1_1   |        0|   1|  0|   6|    0|
    |mul_16ns_10s_25_1_1_U3380   |mul_16ns_10s_25_1_1   |        0|   1|  0|   6|    0|
    |mul_16ns_10s_25_1_1_U3383   |mul_16ns_10s_25_1_1   |        0|   1|  0|   6|    0|
    |mul_16ns_10s_25_1_1_U3384   |mul_16ns_10s_25_1_1   |        0|   1|  0|   6|    0|
    |mul_16ns_8ns_23_1_1_U3378   |mul_16ns_8ns_23_1_1   |        0|   1|  0|   6|    0|
    |mul_16ns_8s_24_1_1_U3382    |mul_16ns_8s_24_1_1    |        0|   1|  0|   6|    0|
    |mul_16ns_9s_25_1_1_U3381    |mul_16ns_9s_25_1_1    |        0|   1|  0|   6|    0|
    +----------------------------+----------------------+---------+----+---+----+-----+
    |Total                       |                      |        0|   8|  0|  48|    0|
    +----------------------------+----------------------+---------+----+---+----+-----+

    * DSP: 
    N/A

    * Memory: 
    N/A

    * FIFO: 
    N/A

    * Expression: 
    +-----------------------+----------+----+---+----+------------+------------+
    |     Variable Name     | Operation| DSP| FF| LUT| Bitwidth P0| Bitwidth P1|
    +-----------------------+----------+----+---+----+------------+------------+
    |add_ln58_72_fu_746_p2  |         +|   0|  0|  16|          16|          16|
    |add_ln58_73_fu_750_p2  |         +|   0|  0|  16|          16|          16|
    |add_ln58_74_fu_755_p2  |         +|   0|  0|  16|          16|          16|
    |add_ln58_75_fu_761_p2  |         +|   0|  0|  16|          16|          16|
    |add_ln58_76_fu_766_p2  |         +|   0|  0|  16|          16|          16|
    |add_ln58_77_fu_771_p2  |         +|   0|  0|  16|          16|          16|
    |add_ln58_78_fu_776_p2  |         +|   0|  0|  16|          16|          16|
    |add_ln58_fu_741_p2     |         +|   0|  0|  23|          16|          16|
    |add_ln73_fu_660_p2     |         +|   0|  0|  32|          25|          25|
    |x_fu_782_p2            |         +|   0|  0|  16|          16|          16|
    |sub_ln73_1_fu_719_p2   |         -|   0|  0|  25|          25|          25|
    |sub_ln73_fu_702_p2     |         -|   0|  0|  25|           1|          25|
    +-----------------------+----------+----+---+----+------------+------------+
    |Total                  |          |   0|  0| 233|         195|         219|
    +-----------------------+----------+----+---+----+------------+------------+

    * Multiplexer: 
    N/A

    * Register: 
    +--------------------------+----+----+-----+-----------+
    |           Name           | FF | LUT| Bits| Const Bits|
    +--------------------------+----+----+-----+-----------+
    |data_1_val2_read_reg_796  |  16|   0|   16|          0|
    |tmp_reg_827               |  14|   0|   14|          0|
    |trunc_ln42_2_reg_807      |  15|   0|   15|          0|
    |trunc_ln42_3_reg_812      |  16|   0|   16|          0|
    |trunc_ln42_4_reg_817      |  16|   0|   16|          0|
    |trunc_ln42_5_reg_822      |  16|   0|   16|          0|
    |trunc_ln42_7_reg_832      |  16|   0|   16|          0|
    |trunc_ln42_8_reg_837      |  16|   0|   16|          0|
    |trunc_ln42_9_reg_842      |  16|   0|   16|          0|
    |trunc_ln_reg_802          |  16|   0|   16|          0|
    +--------------------------+----+----+-----+-----------+
    |Total                     | 157|   0|  157|          0|
    +--------------------------+----+----+-----+-----------+



================================================================
== Interface
================================================================
* Summary: 
+---------------+-----+-----+------------+-----------------------------------------------------------------+--------------+
|   RTL Ports   | Dir | Bits|  Protocol  |                          Source Object                          |    C Type    |
+---------------+-----+-----+------------+-----------------------------------------------------------------+--------------+
|ap_clk         |   in|    1|  ap_ctrl_hs|  dense_latency_wrapper<ap_ufixed,ap_fixed<37,18,5,3,0>,config17>|  return value|
|ap_rst         |   in|    1|  ap_ctrl_hs|  dense_latency_wrapper<ap_ufixed,ap_fixed<37,18,5,3,0>,config17>|  return value|
|ap_return      |  out|   25|  ap_ctrl_hs|  dense_latency_wrapper<ap_ufixed,ap_fixed<37,18,5,3,0>,config17>|  return value|
|data_0_val1    |   in|   16|     ap_none|                                                      data_0_val1|        scalar|
|data_1_val2    |   in|   16|     ap_none|                                                      data_1_val2|        scalar|
|data_2_val3    |   in|   16|     ap_none|                                                      data_2_val3|        scalar|
|data_3_val4    |   in|   16|     ap_none|                                                      data_3_val4|        scalar|
|data_5_val5    |   in|   16|     ap_none|                                                      data_5_val5|        scalar|
|data_6_val6    |   in|   16|     ap_none|                                                      data_6_val6|        scalar|
|data_7_val7    |   in|   16|     ap_none|                                                      data_7_val7|        scalar|
|data_8_val8    |   in|   16|     ap_none|                                                      data_8_val8|        scalar|
|data_9_val9    |   in|   16|     ap_none|                                                      data_9_val9|        scalar|
|data_11_val10  |   in|   16|     ap_none|                                                    data_11_val10|        scalar|
+---------------+-----+-----+------------+-----------------------------------------------------------------+--------------+

