

================================================================
== Vitis HLS Report for 'normalize_array_ap_fixed_12u_array_ap_fixed_33_13_5_3_0_12u_config15_s'
================================================================
* Date:           Mon Aug  3 11:07:22 2026

* Version:        2023.2 (Build 4023990 on Oct 11 2023)
* Project:        myproject_prj
* Solution:       solution1 (Vivado IP Flow Target)
* Product family: virtexu
* Target device:  xcvu080-ffvb2104-2-e


================================================================
== Performance Estimates
================================================================
+ Timing: 
    * Summary: 
    +--------+---------+----------+------------+
    |  Clock |  Target | Estimated| Uncertainty|
    +--------+---------+----------+------------+
    |ap_clk  |  5.00 ns|  3.560 ns|     1.35 ns|
    +--------+---------+----------+------------+

+ Latency: 
    * Summary: 
    +---------+---------+-----------+-----------+-----+-----+---------+
    |  Latency (cycles) |   Latency (absolute)  |  Interval | Pipeline|
    |   min   |   max   |    min    |    max    | min | max |   Type  |
    +---------+---------+-----------+-----------+-----+-----+---------+
    |        2|        2|  10.000 ns|  10.000 ns|    2|    2|       no|
    +---------+---------+-----------+-----------+-----+-----+---------+

    + Detail: 
        * Instance: 
        N/A

        * Loop: 
        N/A



================================================================
== Utilization Estimates
================================================================
* Summary: 
+-----------------+---------+-----+--------+--------+-----+
|       Name      | BRAM_18K| DSP |   FF   |   LUT  | URAM|
+-----------------+---------+-----+--------+--------+-----+
|DSP              |        -|    -|       -|       -|    -|
|Expression       |        -|    -|       0|     395|    -|
|FIFO             |        -|    -|       -|       -|    -|
|Instance         |        -|   12|       0|      72|    -|
|Memory           |        -|    -|       -|       -|    -|
|Multiplexer      |        -|    -|       -|      56|    -|
|Register         |        -|    -|     506|       -|    -|
+-----------------+---------+-----+--------+--------+-----+
|Total            |        0|   12|     506|     523|    0|
+-----------------+---------+-----+--------+--------+-----+
|Available        |     2842|  672|  891424|  445712|    0|
+-----------------+---------+-----+--------+--------+-----+
|Utilization (%)  |        0|    1|      ~0|      ~0|    0|
+-----------------+---------+-----+--------+--------+-----+

+ Detail: 
    * Instance: 
    +---------------------------+---------------------+---------+----+---+----+-----+
    |          Instance         |        Module       | BRAM_18K| DSP| FF| LUT| URAM|
    +---------------------------+---------------------+---------+----+---+----+-----+
    |mul_16s_10ns_25_1_1_U3355  |mul_16s_10ns_25_1_1  |        0|   1|  0|   6|    0|
    |mul_16s_10ns_25_1_1_U3356  |mul_16s_10ns_25_1_1  |        0|   1|  0|   6|    0|
    |mul_16s_10ns_25_1_1_U3360  |mul_16s_10ns_25_1_1  |        0|   1|  0|   6|    0|
    |mul_16s_10s_25_1_1_U3357   |mul_16s_10s_25_1_1   |        0|   1|  0|   6|    0|
    |mul_16s_10s_26_1_1_U3354   |mul_16s_10s_26_1_1   |        0|   1|  0|   6|    0|
    |mul_16s_11ns_26_1_1_U3363  |mul_16s_11ns_26_1_1  |        0|   1|  0|   6|    0|
    |mul_16s_11ns_27_1_1_U3362  |mul_16s_11ns_27_1_1  |        0|   1|  0|   6|    0|
    |mul_16s_12s_27_1_1_U3358   |mul_16s_12s_27_1_1   |        0|   1|  0|   6|    0|
    |mul_16s_13ns_28_1_1_U3353  |mul_16s_13ns_28_1_1  |        0|   1|  0|   6|    0|
    |mul_16s_13ns_28_1_1_U3364  |mul_16s_13ns_28_1_1  |        0|   1|  0|   6|    0|
    |mul_16s_8ns_23_1_1_U3359   |mul_16s_8ns_23_1_1   |        0|   1|  0|   6|    0|
    |mul_16s_9s_24_1_1_U3361    |mul_16s_9s_24_1_1    |        0|   1|  0|   6|    0|
    +---------------------------+---------------------+---------+----+---+----+-----+
    |Total                      |                     |        0|  12|  0|  72|    0|
    +---------------------------+---------------------+---------+----+---+----+-----+

    * DSP: 
    N/A

    * Memory: 
    N/A

    * FIFO: 
    N/A

    * Expression: 
    +------------------------+----------+----+---+----+------------+------------+
    |      Variable Name     | Operation| DSP| FF| LUT| Bitwidth P0| Bitwidth P1|
    +------------------------+----------+----+---+----+------------+------------+
    |add_ln42_35_fu_990_p2   |         +|   0|  0|  33|          26|          22|
    |add_ln42_36_fu_1000_p2  |         +|   0|  0|  32|          25|          21|
    |add_ln42_37_fu_1010_p2  |         +|   0|  0|  32|          25|          21|
    |add_ln42_38_fu_1020_p2  |         +|   0|  0|  35|          28|          24|
    |add_ln42_39_fu_1030_p2  |         +|   0|  0|  31|          24|          20|
    |add_ln42_40_fu_1040_p2  |         +|   0|  0|  34|          27|          23|
    |add_ln42_41_fu_1050_p2  |         +|   0|  0|  34|          27|          21|
    |add_ln42_42_fu_1060_p2  |         +|   0|  0|  33|          26|          21|
    |add_ln42_43_fu_1070_p2  |         +|   0|  0|  30|          23|          21|
    |add_ln42_44_fu_1080_p2  |         +|   0|  0|  35|          28|          20|
    |add_ln42_45_fu_1090_p2  |         +|   0|  0|  32|          25|          20|
    |add_ln42_fu_980_p2      |         +|   0|  0|  32|          25|          20|
    |ap_block_state1         |        or|   0|  0|   2|           1|           1|
    +------------------------+----------+----+---+----+------------+------------+
    |Total                   |          |   0|  0| 395|         310|         255|
    +------------------------+----------+----+---+----+------------+------------+

    * Multiplexer: 
    +-------------------+----+-----------+-----+-----------+
    |        Name       | LUT| Input Size| Bits| Total Bits|
    +-------------------+----+-----------+-----+-----------+
    |ap_NS_fsm          |  20|          4|    1|          4|
    |ap_done            |   9|          2|    1|          2|
    |layer13_out_blk_n  |   9|          2|    1|          2|
    |layer15_out_blk_n  |   9|          2|    1|          2|
    |real_start         |   9|          2|    1|          2|
    +-------------------+----+-----------+-----+-----------+
    |Total              |  56|         12|    5|         12|
    +-------------------+----+-----------+-----+-----------+

    * Register: 
    +---------------------+----+----+-----+-----------+
    |         Name        | FF | LUT| Bits| Const Bits|
    +---------------------+----+----+-----+-----------+
    |a_29_reg_1139        |  16|   0|   16|          0|
    |a_30_reg_1144        |  16|   0|   16|          0|
    |a_31_reg_1149        |  16|   0|   16|          0|
    |a_32_reg_1154        |  16|   0|   16|          0|
    |a_33_reg_1159        |  16|   0|   16|          0|
    |a_34_reg_1164        |  16|   0|   16|          0|
    |a_35_reg_1169        |  16|   0|   16|          0|
    |a_36_reg_1174        |  16|   0|   16|          0|
    |a_37_reg_1179        |  16|   0|   16|          0|
    |a_38_reg_1184        |  16|   0|   16|          0|
    |a_39_reg_1134        |  16|   0|   16|          0|
    |a_reg_1129           |  16|   0|   16|          0|
    |ap_CS_fsm            |   3|   0|    3|          0|
    |ap_done_reg          |   1|   0|    1|          0|
    |mul_ln42_28_reg_773  |  26|   0|   26|          0|
    |mul_ln42_29_reg_777  |  25|   0|   25|          0|
    |mul_ln42_30_reg_781  |  25|   0|   25|          0|
    |mul_ln42_31_reg_785  |  28|   0|   28|          0|
    |mul_ln42_32_reg_789  |  24|   0|   24|          0|
    |mul_ln42_33_reg_793  |  27|   0|   27|          0|
    |mul_ln42_34_reg_805  |  23|   0|   23|          0|
    |mul_ln42_35_reg_809  |  28|   0|   28|          0|
    |mul_ln42_36_reg_813  |  25|   0|   25|          0|
    |mul_ln42_reg_769     |  25|   0|   25|          0|
    |mul_ln73_3_reg_801   |  26|   0|   26|          0|
    |mul_ln73_reg_797     |  27|   0|   27|          0|
    |start_once_reg       |   1|   0|    1|          0|
    +---------------------+----+----+-----+-----------+
    |Total                | 506|   0|  506|          0|
    +---------------------+----+----+-----+-----------+



================================================================
== Interface
================================================================
* Summary: 
+----------------------------+-----+-----+------------+--------------------------------------------------------------------------+--------------+
|          RTL Ports         | Dir | Bits|  Protocol  |                               Source Object                              |    C Type    |
+----------------------------+-----+-----+------------+--------------------------------------------------------------------------+--------------+
|ap_clk                      |   in|    1|  ap_ctrl_hs|  normalize<array<ap_fixed,12u>,array<ap_fixed<33,13,5,3,0>,12u>,config15>|  return value|
|ap_rst                      |   in|    1|  ap_ctrl_hs|  normalize<array<ap_fixed,12u>,array<ap_fixed<33,13,5,3,0>,12u>,config15>|  return value|
|ap_start                    |   in|    1|  ap_ctrl_hs|  normalize<array<ap_fixed,12u>,array<ap_fixed<33,13,5,3,0>,12u>,config15>|  return value|
|start_full_n                |   in|    1|  ap_ctrl_hs|  normalize<array<ap_fixed,12u>,array<ap_fixed<33,13,5,3,0>,12u>,config15>|  return value|
|ap_done                     |  out|    1|  ap_ctrl_hs|  normalize<array<ap_fixed,12u>,array<ap_fixed<33,13,5,3,0>,12u>,config15>|  return value|
|ap_continue                 |   in|    1|  ap_ctrl_hs|  normalize<array<ap_fixed,12u>,array<ap_fixed<33,13,5,3,0>,12u>,config15>|  return value|
|ap_idle                     |  out|    1|  ap_ctrl_hs|  normalize<array<ap_fixed,12u>,array<ap_fixed<33,13,5,3,0>,12u>,config15>|  return value|
|ap_ready                    |  out|    1|  ap_ctrl_hs|  normalize<array<ap_fixed,12u>,array<ap_fixed<33,13,5,3,0>,12u>,config15>|  return value|
|start_out                   |  out|    1|  ap_ctrl_hs|  normalize<array<ap_fixed,12u>,array<ap_fixed<33,13,5,3,0>,12u>,config15>|  return value|
|start_write                 |  out|    1|  ap_ctrl_hs|  normalize<array<ap_fixed,12u>,array<ap_fixed<33,13,5,3,0>,12u>,config15>|  return value|
|layer13_out_dout            |   in|  192|     ap_fifo|                                                               layer13_out|       pointer|
|layer13_out_num_data_valid  |   in|    2|     ap_fifo|                                                               layer13_out|       pointer|
|layer13_out_fifo_cap        |   in|    2|     ap_fifo|                                                               layer13_out|       pointer|
|layer13_out_empty_n         |   in|    1|     ap_fifo|                                                               layer13_out|       pointer|
|layer13_out_read            |  out|    1|     ap_fifo|                                                               layer13_out|       pointer|
|layer15_out_din             |  out|  396|     ap_fifo|                                                               layer15_out|       pointer|
|layer15_out_num_data_valid  |   in|    2|     ap_fifo|                                                               layer15_out|       pointer|
|layer15_out_fifo_cap        |   in|    2|     ap_fifo|                                                               layer15_out|       pointer|
|layer15_out_full_n          |   in|    1|     ap_fifo|                                                               layer15_out|       pointer|
|layer15_out_write           |  out|    1|     ap_fifo|                                                               layer15_out|       pointer|
+----------------------------+-----+-----+------------+--------------------------------------------------------------------------+--------------+

