

================================================================
== Vitis HLS Report for 'normalize_array_ap_fixed_24u_array_ap_fixed_57_28_5_3_0_24u_config9_s'
================================================================
* Date:           Mon Aug  3 11:07:16 2026

* Version:        2023.2 (Build 4023990 on Oct 11 2023)
* Project:        myproject_prj
* Solution:       solution1 (Vivado IP Flow Target)
* Product family: virtexu
* Target device:  xcvu080-ffvb2104-2-e


================================================================
== Performance Estimates
================================================================
+ Timing: 
    * Summary: 
    +--------+---------+----------+------------+
    |  Clock |  Target | Estimated| Uncertainty|
    +--------+---------+----------+------------+
    |ap_clk  |  5.00 ns|  3.331 ns|     1.35 ns|
    +--------+---------+----------+------------+

+ Latency: 
    * Summary: 
    +---------+---------+----------+----------+-----+-----+---------+
    |  Latency (cycles) |  Latency (absolute) |  Interval | Pipeline|
    |   min   |   max   |    min   |    max   | min | max |   Type  |
    +---------+---------+----------+----------+-----+-----+---------+
    |      222|      222|  1.110 us|  1.110 us|  222|  222|       no|
    +---------+---------+----------+----------+-----+-----+---------+

    + Detail: 
        * Instance: 
        N/A

        * Loop: 
        +-----------------+---------+---------+----------+-----------+-----------+------+----------+
        |                 |  Latency (cycles) | Iteration|  Initiation Interval  | Trip |          |
        |    Loop Name    |   min   |   max   |  Latency |  achieved |   target  | Count| Pipelined|
        +-----------------+---------+---------+----------+-----------+-----------+------+----------+
        |- BatchNormLoop  |      220|      220|         6|          1|          1|   216|       yes|
        +-----------------+---------+---------+----------+-----------+-----------+------+----------+



================================================================
== Utilization Estimates
================================================================
* Summary: 
+-----------------+---------+-----+--------+--------+-----+
|       Name      | BRAM_18K| DSP |   FF   |   LUT  | URAM|
+-----------------+---------+-----+--------+--------+-----+
|DSP              |        -|    -|       -|       -|    -|
|Expression       |        -|    -|       0|    1525|    -|
|FIFO             |        -|    -|       -|       -|    -|
|Instance         |        -|   42|    4158|    1680|    -|
|Memory           |        -|    -|       -|       -|    -|
|Multiplexer      |        -|    -|       -|      63|    -|
|Register         |        -|    -|    2333|      96|    -|
+-----------------+---------+-----+--------+--------+-----+
|Total            |        0|   42|    6491|    3364|    0|
+-----------------+---------+-----+--------+--------+-----+
|Available        |     2842|  672|  891424|  445712|    0|
+-----------------+---------+-----+--------+--------+-----+
|Utilization (%)  |        0|    6|      ~0|      ~0|    0|
+-----------------+---------+-----+--------+--------+-----+

+ Detail: 
    * Instance: 
    +--------------------------+---------------------+---------+----+-----+----+-----+
    |         Instance         |        Module       | BRAM_18K| DSP|  FF | LUT| URAM|
    +--------------------------+---------------------+---------+----+-----+----+-----+
    |mul_40s_10ns_49_3_1_U524  |mul_40s_10ns_49_3_1  |        0|   2|  198|  80|    0|
    |mul_40s_10ns_49_3_1_U527  |mul_40s_10ns_49_3_1  |        0|   2|  198|  80|    0|
    |mul_40s_10ns_49_3_1_U528  |mul_40s_10ns_49_3_1  |        0|   2|  198|  80|    0|
    |mul_40s_10ns_49_3_1_U537  |mul_40s_10ns_49_3_1  |        0|   2|  198|  80|    0|
    |mul_40s_10ns_49_3_1_U541  |mul_40s_10ns_49_3_1  |        0|   2|  198|  80|    0|
    |mul_40s_10ns_49_3_1_U542  |mul_40s_10ns_49_3_1  |        0|   2|  198|  80|    0|
    |mul_40s_11ns_50_3_1_U530  |mul_40s_11ns_50_3_1  |        0|   2|  198|  80|    0|
    |mul_40s_11ns_50_3_1_U531  |mul_40s_11ns_50_3_1  |        0|   2|  198|  80|    0|
    |mul_40s_11ns_50_3_1_U532  |mul_40s_11ns_50_3_1  |        0|   2|  198|  80|    0|
    |mul_40s_11ns_50_3_1_U536  |mul_40s_11ns_50_3_1  |        0|   2|  198|  80|    0|
    |mul_40s_11ns_50_3_1_U540  |mul_40s_11ns_50_3_1  |        0|   2|  198|  80|    0|
    |mul_40s_12ns_51_3_1_U538  |mul_40s_12ns_51_3_1  |        0|   2|  198|  80|    0|
    |mul_40s_12ns_51_3_1_U539  |mul_40s_12ns_51_3_1  |        0|   2|  198|  80|    0|
    |mul_40s_12ns_51_3_1_U543  |mul_40s_12ns_51_3_1  |        0|   2|  198|  80|    0|
    |mul_40s_7ns_46_3_1_U534   |mul_40s_7ns_46_3_1   |        0|   2|  198|  80|    0|
    |mul_40s_8ns_47_3_1_U526   |mul_40s_8ns_47_3_1   |        0|   2|  198|  80|    0|
    |mul_40s_8ns_47_3_1_U533   |mul_40s_8ns_47_3_1   |        0|   2|  198|  80|    0|
    |mul_40s_9ns_48_3_1_U523   |mul_40s_9ns_48_3_1   |        0|   2|  198|  80|    0|
    |mul_40s_9ns_48_3_1_U525   |mul_40s_9ns_48_3_1   |        0|   2|  198|  80|    0|
    |mul_40s_9ns_48_3_1_U529   |mul_40s_9ns_48_3_1   |        0|   2|  198|  80|    0|
    |mul_40s_9ns_48_3_1_U535   |mul_40s_9ns_48_3_1   |        0|   2|  198|  80|    0|
    +--------------------------+---------------------+---------+----+-----+----+-----+
    |Total                     |                     |        0|  42| 4158|1680|    0|
    +--------------------------+---------------------+---------+----+-----+----+-----+

    * DSP: 
    N/A

    * Memory: 
    N/A

    * FIFO: 
    N/A

    * Expression: 
    +---------------------------+----------+----+---+----+------------+------------+
    |       Variable Name       | Operation| DSP| FF| LUT| Bitwidth P0| Bitwidth P1|
    +---------------------------+----------+----+---+----+------------+------------+
    |add_ln42_10_fu_441596_p2   |         +|   0|  0|  56|          49|          30|
    |add_ln42_11_fu_441605_p2   |         +|   0|  0|  57|          50|          32|
    |add_ln42_12_fu_441614_p2   |         +|   0|  0|  56|          49|          27|
    |add_ln42_13_fu_441623_p2   |         +|   0|  0|  54|          47|          30|
    |add_ln42_14_fu_441632_p2   |         +|   0|  0|  56|          49|          32|
    |add_ln42_15_fu_441641_p2   |         +|   0|  0|  55|          48|          28|
    |add_ln42_16_fu_441650_p2   |         +|   0|  0|  57|          50|          30|
    |add_ln42_17_fu_441659_p2   |         +|   0|  0|  58|          51|          27|
    |add_ln42_18_fu_441424_p2   |         +|   0|  0|  53|          46|          46|
    |add_ln42_19_fu_441462_p2   |         +|   0|  0|  55|          48|          48|
    |add_ln42_1_fu_441515_p2    |         +|   0|  0|  54|          47|          30|
    |add_ln42_20_fu_441500_p2   |         +|   0|  0|  53|          46|          46|
    |add_ln42_21_fu_441677_p2   |         +|   0|  0|  56|          49|          30|
    |add_ln42_22_fu_441686_p2   |         +|   0|  0|  55|          48|          27|
    |add_ln42_23_fu_441695_p2   |         +|   0|  0|  55|          48|          27|
    |add_ln42_24_fu_441414_p2   |         +|   0|  0|  49|          42|          30|
    |add_ln42_25_fu_441452_p2   |         +|   0|  0|  53|          46|          31|
    |add_ln42_26_fu_441490_p2   |         +|   0|  0|  50|          43|          30|
    |add_ln42_2_fu_441524_p2    |         +|   0|  0|  57|          50|          31|
    |add_ln42_3_fu_441533_p2    |         +|   0|  0|  57|          50|          30|
    |add_ln42_4_fu_441542_p2    |         +|   0|  0|  53|          46|          31|
    |add_ln42_5_fu_441551_p2    |         +|   0|  0|  58|          51|          31|
    |add_ln42_6_fu_441560_p2    |         +|   0|  0|  57|          50|          30|
    |add_ln42_7_fu_441569_p2    |         +|   0|  0|  56|          49|          31|
    |add_ln42_8_fu_441578_p2    |         +|   0|  0|  55|          48|          30|
    |add_ln42_9_fu_441587_p2    |         +|   0|  0|  56|          49|          28|
    |add_ln42_fu_441506_p2      |         +|   0|  0|  58|          51|          31|
    |i_9_fu_441063_p2           |         +|   0|  0|  15|           8|           1|
    |ap_condition_315           |       and|   0|  0|   2|           1|           1|
    |icmp_ln25_fu_441057_p2     |      icmp|   0|  0|  15|           8|           7|
    |ap_block_pp0_stage0_01001  |        or|   0|  0|   2|           1|           1|
    |ap_enable_pp0              |       xor|   0|  0|   2|           1|           2|
    +---------------------------+----------+----+---+----+------------+------------+
    |Total                      |          |   0|  0|1525|        1319|         866|
    +---------------------------+----------+----+---+----+------------+------------+

    * Multiplexer: 
    +-------------------------+----+-----------+-----+-----------+
    |           Name          | LUT| Input Size| Bits| Total Bits|
    +-------------------------+----+-----------+-----+-----------+
    |ap_done_int              |   9|          2|    1|          2|
    |ap_enable_reg_pp0_iter1  |   9|          2|    1|          2|
    |ap_sig_allocacmp_i       |   9|          2|    8|         16|
    |i_02_fu_244              |   9|          2|    8|         16|
    |layer7_out_blk_n         |   9|          2|    1|          2|
    |layer9_out_blk_n         |   9|          2|    1|          2|
    |real_start               |   9|          2|    1|          2|
    +-------------------------+----+-----------+-----+-----------+
    |Total                    |  63|         14|   21|         42|
    +-------------------------+----+-----------+-----+-----------+

    * Register: 
    +----------------------------------+----+----+-----+-----------+
    |               Name               | FF | LUT| Bits| Const Bits|
    +----------------------------------+----+----+-----+-----------+
    |a_10_reg_441823                   |  40|   0|   40|          0|
    |a_11_reg_441828                   |  40|   0|   40|          0|
    |a_12_reg_441833                   |  40|   0|   40|          0|
    |a_13_reg_441838                   |  40|   0|   40|          0|
    |a_14_reg_441843                   |  40|   0|   40|          0|
    |a_15_reg_441848                   |  40|   0|   40|          0|
    |a_16_reg_441853                   |  40|   0|   40|          0|
    |a_17_reg_441858                   |  40|   0|   40|          0|
    |a_18_reg_441863                   |  40|   0|   40|          0|
    |a_19_reg_441868                   |  40|   0|   40|          0|
    |a_1_reg_441773                    |  40|   0|   40|          0|
    |a_20_reg_441818                   |  40|   0|   40|          0|
    |a_2_reg_441778                    |  40|   0|   40|          0|
    |a_3_reg_441783                    |  40|   0|   40|          0|
    |a_4_reg_441788                    |  40|   0|   40|          0|
    |a_5_reg_441793                    |  40|   0|   40|          0|
    |a_6_reg_441798                    |  40|   0|   40|          0|
    |a_7_reg_441803                    |  40|   0|   40|          0|
    |a_8_reg_441808                    |  40|   0|   40|          0|
    |a_9_reg_441813                    |  40|   0|   40|          0|
    |a_reg_441768                      |  40|   0|   40|          0|
    |add_ln42_18_reg_442086            |  45|   0|   46|          1|
    |add_ln42_19_reg_442091            |  43|   0|   48|          5|
    |add_ln42_20_reg_442096            |  44|   0|   46|          2|
    |ap_CS_fsm                         |   1|   0|    1|          0|
    |ap_done_reg                       |   1|   0|    1|          0|
    |ap_enable_reg_pp0_iter1           |   1|   0|    1|          0|
    |ap_enable_reg_pp0_iter2           |   1|   0|    1|          0|
    |ap_enable_reg_pp0_iter3           |   1|   0|    1|          0|
    |ap_enable_reg_pp0_iter4           |   1|   0|    1|          0|
    |ap_enable_reg_pp0_iter5           |   1|   0|    1|          0|
    |ap_loop_exit_ready_pp0_iter1_reg  |   1|   0|    1|          0|
    |ap_loop_exit_ready_pp0_iter2_reg  |   1|   0|    1|          0|
    |ap_loop_exit_ready_pp0_iter3_reg  |   1|   0|    1|          0|
    |ap_loop_exit_ready_pp0_iter4_reg  |   1|   0|    1|          0|
    |i_02_fu_244                       |   8|   0|    8|          0|
    |mul_ln42_10_reg_442056            |  49|   0|   49|          0|
    |mul_ln42_11_reg_442061            |  47|   0|   47|          0|
    |mul_ln42_12_reg_442066            |  49|   0|   49|          0|
    |mul_ln42_13_reg_442071            |  48|   0|   48|          0|
    |mul_ln42_14_reg_442076            |  50|   0|   50|          0|
    |mul_ln42_15_reg_442101            |  49|   0|   49|          0|
    |mul_ln42_16_reg_442106            |  48|   0|   48|          0|
    |mul_ln42_17_reg_442111            |  48|   0|   48|          0|
    |mul_ln42_1_reg_442006             |  50|   0|   50|          0|
    |mul_ln42_2_reg_442011             |  50|   0|   50|          0|
    |mul_ln42_3_reg_442016             |  46|   0|   46|          0|
    |mul_ln42_4_reg_442026             |  50|   0|   50|          0|
    |mul_ln42_5_reg_442031             |  49|   0|   49|          0|
    |mul_ln42_6_reg_442036             |  48|   0|   48|          0|
    |mul_ln42_7_reg_442041             |  49|   0|   49|          0|
    |mul_ln42_8_reg_442046             |  49|   0|   49|          0|
    |mul_ln42_9_reg_442051             |  50|   0|   50|          0|
    |mul_ln42_reg_442001               |  47|   0|   47|          0|
    |mul_ln73_1_reg_442021             |  51|   0|   51|          0|
    |mul_ln73_2_reg_442081             |  51|   0|   51|          0|
    |mul_ln73_reg_441996               |  51|   0|   51|          0|
    |start_once_reg                    |   1|   0|    1|          0|
    |tmp_2_reg_441879                  |  40|   0|   40|          0|
    |tmp_4_reg_441885                  |  40|   0|   40|          0|
    |tmp_reg_441873                    |  40|   0|   40|          0|
    |tmp_2_reg_441879                  |  64|  32|   40|          0|
    |tmp_4_reg_441885                  |  64|  32|   40|          0|
    |tmp_reg_441873                    |  64|  32|   40|          0|
    +----------------------------------+----+----+-----+-----------+
    |Total                             |2333|  96| 2269|          8|
    +----------------------------------+----+----+-----+-----------+



================================================================
== Interface
================================================================
* Summary: 
+---------------------------+-----+------+------------+-------------------------------------------------------------------------+--------------+
|         RTL Ports         | Dir | Bits |  Protocol  |                              Source Object                              |    C Type    |
+---------------------------+-----+------+------------+-------------------------------------------------------------------------+--------------+
|ap_clk                     |   in|     1|  ap_ctrl_hs|  normalize<array<ap_fixed,24u>,array<ap_fixed<57,28,5,3,0>,24u>,config9>|  return value|
|ap_rst                     |   in|     1|  ap_ctrl_hs|  normalize<array<ap_fixed,24u>,array<ap_fixed<57,28,5,3,0>,24u>,config9>|  return value|
|ap_start                   |   in|     1|  ap_ctrl_hs|  normalize<array<ap_fixed,24u>,array<ap_fixed<57,28,5,3,0>,24u>,config9>|  return value|
|start_full_n               |   in|     1|  ap_ctrl_hs|  normalize<array<ap_fixed,24u>,array<ap_fixed<57,28,5,3,0>,24u>,config9>|  return value|
|ap_done                    |  out|     1|  ap_ctrl_hs|  normalize<array<ap_fixed,24u>,array<ap_fixed<57,28,5,3,0>,24u>,config9>|  return value|
|ap_continue                |   in|     1|  ap_ctrl_hs|  normalize<array<ap_fixed,24u>,array<ap_fixed<57,28,5,3,0>,24u>,config9>|  return value|
|ap_idle                    |  out|     1|  ap_ctrl_hs|  normalize<array<ap_fixed,24u>,array<ap_fixed<57,28,5,3,0>,24u>,config9>|  return value|
|ap_ready                   |  out|     1|  ap_ctrl_hs|  normalize<array<ap_fixed,24u>,array<ap_fixed<57,28,5,3,0>,24u>,config9>|  return value|
|start_out                  |  out|     1|  ap_ctrl_hs|  normalize<array<ap_fixed,24u>,array<ap_fixed<57,28,5,3,0>,24u>,config9>|  return value|
|start_write                |  out|     1|  ap_ctrl_hs|  normalize<array<ap_fixed,24u>,array<ap_fixed<57,28,5,3,0>,24u>,config9>|  return value|
|layer7_out_dout            |   in|   960|     ap_fifo|                                                               layer7_out|       pointer|
|layer7_out_num_data_valid  |   in|     9|     ap_fifo|                                                               layer7_out|       pointer|
|layer7_out_fifo_cap        |   in|     9|     ap_fifo|                                                               layer7_out|       pointer|
|layer7_out_empty_n         |   in|     1|     ap_fifo|                                                               layer7_out|       pointer|
|layer7_out_read            |  out|     1|     ap_fifo|                                                               layer7_out|       pointer|
|layer9_out_din             |  out|  1368|     ap_fifo|                                                               layer9_out|       pointer|
|layer9_out_num_data_valid  |   in|     9|     ap_fifo|                                                               layer9_out|       pointer|
|layer9_out_fifo_cap        |   in|     9|     ap_fifo|                                                               layer9_out|       pointer|
|layer9_out_full_n          |   in|     1|     ap_fifo|                                                               layer9_out|       pointer|
|layer9_out_write           |  out|     1|     ap_fifo|                                                               layer9_out|       pointer|
+---------------------------+-----+------+------------+-------------------------------------------------------------------------+--------------+

