

================================================================
== Vitis HLS Report for 'normalize_array_ap_fixed_12u_array_ap_fixed_39_20_5_3_0_12u_config4_s'
================================================================
* Date:           Mon Aug  3 11:07:12 2026

* Version:        2023.2 (Build 4023990 on Oct 11 2023)
* Project:        myproject_prj
* Solution:       solution1 (Vivado IP Flow Target)
* Product family: virtexu
* Target device:  xcvu080-ffvb2104-2-e


================================================================
== Performance Estimates
================================================================
+ Timing: 
    * Summary: 
    +--------+---------+----------+------------+
    |  Clock |  Target | Estimated| Uncertainty|
    +--------+---------+----------+------------+
    |ap_clk  |  5.00 ns|  3.349 ns|     1.35 ns|
    +--------+---------+----------+------------+

+ Latency: 
    * Summary: 
    +---------+---------+----------+----------+-----+-----+---------+
    |  Latency (cycles) |  Latency (absolute) |  Interval | Pipeline|
    |   min   |   max   |    min   |    max   | min | max |   Type  |
    +---------+---------+----------+----------+-----+-----+---------+
    |      870|      870|  4.350 us|  4.350 us|  870|  870|       no|
    +---------+---------+----------+----------+-----+-----+---------+

    + Detail: 
        * Instance: 
        N/A

        * Loop: 
        +-----------------+---------+---------+----------+-----------+-----------+------+----------+
        |                 |  Latency (cycles) | Iteration|  Initiation Interval  | Trip |          |
        |    Loop Name    |   min   |   max   |  Latency |  achieved |   target  | Count| Pipelined|
        +-----------------+---------+---------+----------+-----------+-----------+------+----------+
        |- BatchNormLoop  |      868|      868|         6|          1|          1|   864|       yes|
        +-----------------+---------+---------+----------+-----------+-----------+------+----------+



================================================================
== Utilization Estimates
================================================================
* Summary: 
+-----------------+---------+-----+--------+--------+-----+
|       Name      | BRAM_18K| DSP |   FF   |   LUT  | URAM|
+-----------------+---------+-----+--------+--------+-----+
|DSP              |        -|    -|       -|       -|    -|
|Expression       |        -|    -|       0|     578|    -|
|FIFO             |        -|    -|       -|       -|    -|
|Instance         |        -|   11|    1793|    1595|    -|
|Memory           |        -|    -|       -|       -|    -|
|Multiplexer      |        -|    -|       -|      63|    -|
|Register         |        -|    -|     768|      32|    -|
+-----------------+---------+-----+--------+--------+-----+
|Total            |        0|   11|    2561|    2268|    0|
+-----------------+---------+-----+--------+--------+-----+
|Available        |     2842|  672|  891424|  445712|    0|
+-----------------+---------+-----+--------+--------+-----+
|Utilization (%)  |        0|    1|      ~0|      ~0|    0|
+-----------------+---------+-----+--------+--------+-----+

+ Detail: 
    * Instance: 
    +-------------------------+---------------------+---------+----+-----+-----+-----+
    |         Instance        |        Module       | BRAM_18K| DSP|  FF | LUT | URAM|
    +-------------------------+---------------------+---------+----+-----+-----+-----+
    |mul_22s_11ns_32_3_1_U41  |mul_22s_11ns_32_3_1  |        0|   1|  163|  145|    0|
    |mul_22s_13ns_34_3_1_U36  |mul_22s_13ns_34_3_1  |        0|   1|  163|  145|    0|
    |mul_22s_13ns_34_3_1_U37  |mul_22s_13ns_34_3_1  |        0|   1|  163|  145|    0|
    |mul_22s_13ns_34_3_1_U38  |mul_22s_13ns_34_3_1  |        0|   1|  163|  145|    0|
    |mul_22s_14ns_35_3_1_U35  |mul_22s_14ns_35_3_1  |        0|   1|  163|  145|    0|
    |mul_22s_14ns_35_3_1_U40  |mul_22s_14ns_35_3_1  |        0|   1|  163|  145|    0|
    |mul_22s_15ns_36_3_1_U34  |mul_22s_15ns_36_3_1  |        0|   1|  163|  145|    0|
    |mul_22s_15ns_36_3_1_U42  |mul_22s_15ns_36_3_1  |        0|   1|  163|  145|    0|
    |mul_22s_16ns_37_3_1_U32  |mul_22s_16ns_37_3_1  |        0|   1|  163|  145|    0|
    |mul_22s_16ns_37_3_1_U33  |mul_22s_16ns_37_3_1  |        0|   1|  163|  145|    0|
    |mul_22s_16ns_37_3_1_U39  |mul_22s_16ns_37_3_1  |        0|   1|  163|  145|    0|
    +-------------------------+---------------------+---------+----+-----+-----+-----+
    |Total                    |                     |        0|  11| 1793| 1595|    0|
    +-------------------------+---------------------+---------+----+-----+-----+-----+

    * DSP: 
    N/A

    * Memory: 
    N/A

    * FIFO: 
    N/A

    * Expression: 
    +---------------------------+----------+----+---+----+------------+------------+
    |       Variable Name       | Operation| DSP| FF| LUT| Bitwidth P0| Bitwidth P1|
    +---------------------------+----------+----+---+----+------------+------------+
    |add_ln42_24_fu_467029_p2   |         +|   0|  0|  44|          37|          21|
    |add_ln42_25_fu_467014_p2   |         +|   0|  0|  41|          34|          34|
    |add_ln42_26_fu_467041_p2   |         +|   0|  0|  39|          32|          20|
    |add_ln42_27_fu_467050_p2   |         +|   0|  0|  41|          34|          21|
    |add_ln42_28_fu_467059_p2   |         +|   0|  0|  42|          35|          20|
    |add_ln42_29_fu_467068_p2   |         +|   0|  0|  43|          36|          20|
    |add_ln42_30_fu_467077_p2   |         +|   0|  0|  41|          34|          20|
    |add_ln42_31_fu_467086_p2   |         +|   0|  0|  44|          37|          17|
    |add_ln42_32_fu_467095_p2   |         +|   0|  0|  41|          34|          21|
    |add_ln42_33_fu_467104_p2   |         +|   0|  0|  42|          35|          20|
    |add_ln42_34_fu_467113_p2   |         +|   0|  0|  43|          36|          12|
    |add_ln42_35_fu_467004_p2   |         +|   0|  0|  33|          26|          20|
    |add_ln42_fu_467020_p2      |         +|   0|  0|  44|          37|          20|
    |i_10_fu_466813_p2          |         +|   0|  0|  17|          10|           1|
    |ap_condition_221           |       and|   0|  0|   2|           1|           1|
    |icmp_ln25_fu_466807_p2     |      icmp|   0|  0|  17|          10|           9|
    |ap_block_pp0_stage0_01001  |        or|   0|  0|   2|           1|           1|
    |ap_enable_pp0              |       xor|   0|  0|   2|           1|           2|
    +---------------------------+----------+----+---+----+------------+------------+
    |Total                      |          |   0|  0| 578|         470|         280|
    +---------------------------+----------+----+---+----+------------+------------+

    * Multiplexer: 
    +-------------------------+----+-----------+-----+-----------+
    |           Name          | LUT| Input Size| Bits| Total Bits|
    +-------------------------+----+-----------+-----+-----------+
    |ap_done_int              |   9|          2|    1|          2|
    |ap_enable_reg_pp0_iter1  |   9|          2|    1|          2|
    |ap_sig_allocacmp_i       |   9|          2|   10|         20|
    |i_02_fu_144              |   9|          2|   10|         20|
    |layer2_out_blk_n         |   9|          2|    1|          2|
    |layer4_out_blk_n         |   9|          2|    1|          2|
    |real_start               |   9|          2|    1|          2|
    +-------------------------+----+-----------+-----+-----------+
    |Total                    |  63|         14|   25|         50|
    +-------------------------+----+-----------+-----+-----------+

    * Register: 
    +----------------------------------+----+----+-----+-----------+
    |               Name               | FF | LUT| Bits| Const Bits|
    +----------------------------------+----+----+-----+-----------+
    |a_20_reg_467172                   |  22|   0|   22|          0|
    |a_21_reg_467177                   |  22|   0|   22|          0|
    |a_22_reg_467182                   |  22|   0|   22|          0|
    |a_23_reg_467187                   |  22|   0|   22|          0|
    |a_24_reg_467192                   |  22|   0|   22|          0|
    |a_25_reg_467197                   |  22|   0|   22|          0|
    |a_26_reg_467202                   |  22|   0|   22|          0|
    |a_27_reg_467207                   |  22|   0|   22|          0|
    |a_28_reg_467212                   |  22|   0|   22|          0|
    |a_29_reg_467167                   |  22|   0|   22|          0|
    |a_reg_467162                      |  22|   0|   22|          0|
    |add_ln42_25_reg_467288            |  31|   0|   34|          3|
    |ap_CS_fsm                         |   1|   0|    1|          0|
    |ap_done_reg                       |   1|   0|    1|          0|
    |ap_enable_reg_pp0_iter1           |   1|   0|    1|          0|
    |ap_enable_reg_pp0_iter2           |   1|   0|    1|          0|
    |ap_enable_reg_pp0_iter3           |   1|   0|    1|          0|
    |ap_enable_reg_pp0_iter4           |   1|   0|    1|          0|
    |ap_enable_reg_pp0_iter5           |   1|   0|    1|          0|
    |ap_loop_exit_ready_pp0_iter1_reg  |   1|   0|    1|          0|
    |ap_loop_exit_ready_pp0_iter2_reg  |   1|   0|    1|          0|
    |ap_loop_exit_ready_pp0_iter3_reg  |   1|   0|    1|          0|
    |ap_loop_exit_ready_pp0_iter4_reg  |   1|   0|    1|          0|
    |i_02_fu_144                       |  10|   0|   10|          0|
    |mul_ln42_18_reg_467283            |  37|   0|   37|          0|
    |mul_ln42_19_reg_467293            |  32|   0|   32|          0|
    |mul_ln42_20_reg_467298            |  34|   0|   34|          0|
    |mul_ln42_21_reg_467303            |  35|   0|   35|          0|
    |mul_ln42_22_reg_467308            |  36|   0|   36|          0|
    |mul_ln42_23_reg_467313            |  34|   0|   34|          0|
    |mul_ln42_24_reg_467318            |  37|   0|   37|          0|
    |mul_ln42_25_reg_467323            |  34|   0|   34|          0|
    |mul_ln42_26_reg_467328            |  35|   0|   35|          0|
    |mul_ln42_27_reg_467333            |  36|   0|   36|          0|
    |mul_ln42_reg_467278               |  37|   0|   37|          0|
    |start_once_reg                    |   1|   0|    1|          0|
    |tmp_reg_467217                    |  22|   0|   22|          0|
    |tmp_reg_467217                    |  64|  32|   22|          0|
    +----------------------------------+----+----+-----+-----------+
    |Total                             | 768|  32|  729|          3|
    +----------------------------------+----+----+-----+-----------+



================================================================
== Interface
================================================================
* Summary: 
+---------------------------+-----+-----+------------+-------------------------------------------------------------------------+--------------+
|         RTL Ports         | Dir | Bits|  Protocol  |                              Source Object                              |    C Type    |
+---------------------------+-----+-----+------------+-------------------------------------------------------------------------+--------------+
|ap_clk                     |   in|    1|  ap_ctrl_hs|  normalize<array<ap_fixed,12u>,array<ap_fixed<39,20,5,3,0>,12u>,config4>|  return value|
|ap_rst                     |   in|    1|  ap_ctrl_hs|  normalize<array<ap_fixed,12u>,array<ap_fixed<39,20,5,3,0>,12u>,config4>|  return value|
|ap_start                   |   in|    1|  ap_ctrl_hs|  normalize<array<ap_fixed,12u>,array<ap_fixed<39,20,5,3,0>,12u>,config4>|  return value|
|start_full_n               |   in|    1|  ap_ctrl_hs|  normalize<array<ap_fixed,12u>,array<ap_fixed<39,20,5,3,0>,12u>,config4>|  return value|
|ap_done                    |  out|    1|  ap_ctrl_hs|  normalize<array<ap_fixed,12u>,array<ap_fixed<39,20,5,3,0>,12u>,config4>|  return value|
|ap_continue                |   in|    1|  ap_ctrl_hs|  normalize<array<ap_fixed,12u>,array<ap_fixed<39,20,5,3,0>,12u>,config4>|  return value|
|ap_idle                    |  out|    1|  ap_ctrl_hs|  normalize<array<ap_fixed,12u>,array<ap_fixed<39,20,5,3,0>,12u>,config4>|  return value|
|ap_ready                   |  out|    1|  ap_ctrl_hs|  normalize<array<ap_fixed,12u>,array<ap_fixed<39,20,5,3,0>,12u>,config4>|  return value|
|start_out                  |  out|    1|  ap_ctrl_hs|  normalize<array<ap_fixed,12u>,array<ap_fixed<39,20,5,3,0>,12u>,config4>|  return value|
|start_write                |  out|    1|  ap_ctrl_hs|  normalize<array<ap_fixed,12u>,array<ap_fixed<39,20,5,3,0>,12u>,config4>|  return value|
|layer2_out_dout            |   in|  264|     ap_fifo|                                                               layer2_out|       pointer|
|layer2_out_num_data_valid  |   in|   11|     ap_fifo|                                                               layer2_out|       pointer|
|layer2_out_fifo_cap        |   in|   11|     ap_fifo|                                                               layer2_out|       pointer|
|layer2_out_empty_n         |   in|    1|     ap_fifo|                                                               layer2_out|       pointer|
|layer2_out_read            |  out|    1|     ap_fifo|                                                               layer2_out|       pointer|
|layer4_out_din             |  out|  468|     ap_fifo|                                                               layer4_out|       pointer|
|layer4_out_num_data_valid  |   in|   11|     ap_fifo|                                                               layer4_out|       pointer|
|layer4_out_fifo_cap        |   in|   11|     ap_fifo|                                                               layer4_out|       pointer|
|layer4_out_full_n          |   in|    1|     ap_fifo|                                                               layer4_out|       pointer|
|layer4_out_write           |  out|    1|     ap_fifo|                                                               layer4_out|       pointer|
+---------------------------+-----+-----+------------+-------------------------------------------------------------------------+--------------+

