

================================================================
== Vitis HLS Report for 'pooling2d_cl_array_array_ap_ufixed_16_6_4_0_0_12u_config6_s'
================================================================
* Date:           Mon Aug  3 11:07:12 2026

* Version:        2023.2 (Build 4023990 on Oct 11 2023)
* Project:        myproject_prj
* Solution:       solution1 (Vivado IP Flow Target)
* Product family: virtexu
* Target device:  xcvu080-ffvb2104-2-e


================================================================
== Performance Estimates
================================================================
+ Timing: 
    * Summary: 
    +--------+---------+----------+------------+
    |  Clock |  Target | Estimated| Uncertainty|
    +--------+---------+----------+------------+
    |ap_clk  |  5.00 ns|  3.610 ns|     1.35 ns|
    +--------+---------+----------+------------+

+ Latency: 
    * Summary: 
    +---------+---------+----------+----------+------+------+---------+
    |  Latency (cycles) |  Latency (absolute) |   Interval  | Pipeline|
    |   min   |   max   |    min   |    max   |  min |  max |   Type  |
    +---------+---------+----------+----------+------+------+---------+
    |     1731|     1731|  8.655 us|  8.655 us|  1731|  1731|       no|
    +---------+---------+----------+----------+------+------+---------+

    + Detail: 
        * Instance: 
        +-----------------------------------------------------------------------------+------------------------------------------------------------+---------+---------+----------+----------+-----+-----+---------+
        |                                                                             |                                                            |  Latency (cycles) |  Latency (absolute) |  Interval | Pipeline|
        |                                   Instance                                  |                           Module                           |   min   |   max   |    min   |    max   | min | max |   Type  |
        +-----------------------------------------------------------------------------+------------------------------------------------------------+---------+---------+----------+----------+-----+-----+---------+
        |call_ln52_shift_line_buffer_array_ap_ufixed_16_6_4_0_0_12u_config6_s_fu_254  |shift_line_buffer_array_ap_ufixed_16_6_4_0_0_12u_config6_s  |        0|        0|      0 ns|      0 ns|    1|    1|      yes|
        +-----------------------------------------------------------------------------+------------------------------------------------------------+---------+---------+----------+----------+-----+-----+---------+

        * Loop: 
        +----------------------------------+---------+---------+----------+-----------+-----------+------+----------+
        |                                  |  Latency (cycles) | Iteration|  Initiation Interval  | Trip |          |
        |             Loop Name            |   min   |   max   |  Latency |  achieved |   target  | Count| Pipelined|
        +----------------------------------+---------+---------+----------+-----------+-----------+------+----------+
        |- ReadInputHeight_ReadInputWidth  |     1729|     1729|         4|          2|          1|   864|       yes|
        +----------------------------------+---------+---------+----------+-----------+-----------+------+----------+



================================================================
== Utilization Estimates
================================================================
* Summary: 
+-----------------+---------+-----+--------+--------+-----+
|       Name      | BRAM_18K| DSP |   FF   |   LUT  | URAM|
+-----------------+---------+-----+--------+--------+-----+
|DSP              |        -|    -|       -|       -|    -|
|Expression       |        -|    -|       0|    2147|    -|
|FIFO             |        -|    -|       -|       -|    -|
|Instance         |        -|    -|     769|     600|    -|
|Memory           |        -|    -|       -|       -|    -|
|Multiplexer      |        -|    -|       -|     122|    -|
|Register         |        -|    -|    1143|       -|    -|
+-----------------+---------+-----+--------+--------+-----+
|Total            |        0|    0|    1912|    2869|    0|
+-----------------+---------+-----+--------+--------+-----+
|Available        |     2842|  672|  891424|  445712|    0|
+-----------------+---------+-----+--------+--------+-----+
|Utilization (%)  |        0|    0|      ~0|      ~0|    0|
+-----------------+---------+-----+--------+--------+-----+

+ Detail: 
    * Instance: 
    +-----------------------------------------------------------------------------+------------------------------------------------------------+---------+----+-----+-----+-----+
    |                                   Instance                                  |                           Module                           | BRAM_18K| DSP|  FF | LUT | URAM|
    +-----------------------------------------------------------------------------+------------------------------------------------------------+---------+----+-----+-----+-----+
    |call_ln52_shift_line_buffer_array_ap_ufixed_16_6_4_0_0_12u_config6_s_fu_254  |shift_line_buffer_array_ap_ufixed_16_6_4_0_0_12u_config6_s  |        0|   0|  769|  600|    0|
    +-----------------------------------------------------------------------------+------------------------------------------------------------+---------+----+-----+-----+-----+
    |Total                                                                        |                                                            |        0|   0|  769|  600|    0|
    +-----------------------------------------------------------------------------+------------------------------------------------------------+---------+----+-----+-----+-----+

    * DSP: 
    N/A

    * Memory: 
    N/A

    * FIFO: 
    N/A

    * Expression: 
    +------------------------------------------+----------+----+---+----+------------+------------+
    |               Variable Name              | Operation| DSP| FF| LUT| Bitwidth P0| Bitwidth P1|
    +------------------------------------------+----------+----+---+----+------------+------------+
    |add_ln109_fu_404_p2                       |         +|   0|  0|  17|          10|           1|
    |add_ln76_fu_462_p2                        |         +|   0|  0|  39|          32|           1|
    |add_ln80_fu_516_p2                        |         +|   0|  0|  39|          32|           1|
    |add_ln86_fu_552_p2                        |         +|   0|  0|  39|          32|          32|
    |add_ln91_fu_488_p2                        |         +|   0|  0|  39|          32|          32|
    |and_ln55_2_fu_456_p2                      |       and|   0|  0|   2|           1|           1|
    |and_ln55_fu_450_p2                        |       and|   0|  0|   2|           1|           1|
    |ap_block_state2_pp0_stage1_iter0          |       and|   0|  0|   2|           1|           1|
    |ap_block_state4_pp0_stage1_iter1          |       and|   0|  0|   2|           1|           1|
    |ap_condition_398                          |       and|   0|  0|   2|           1|           1|
    |ap_condition_414                          |       and|   0|  0|   2|           1|           1|
    |ap_condition_794                          |       and|   0|  0|   2|           1|           1|
    |ap_predicate_op277_write_state4           |       and|   0|  0|   2|           1|           1|
    |icmp_ln109_fu_398_p2                      |      icmp|   0|  0|  17|          10|           9|
    |icmp_ln55_4_fu_428_p2                     |      icmp|   0|  0|  39|          32|           1|
    |icmp_ln55_5_fu_438_p2                     |      icmp|   0|  0|  39|          32|           1|
    |icmp_ln55_6_fu_444_p2                     |      icmp|   0|  0|  39|          32|           1|
    |icmp_ln55_fu_414_p2                       |      icmp|   0|  0|  39|          32|           1|
    |icmp_ln66_100_fu_1549_p2                  |      icmp|   0|  0|  23|          16|          16|
    |icmp_ln66_101_fu_1597_p2                  |      icmp|   0|  0|  23|          16|          16|
    |icmp_ln66_102_fu_1617_p2                  |      icmp|   0|  0|  23|          16|          16|
    |icmp_ln66_103_fu_1637_p2                  |      icmp|   0|  0|  23|          16|          16|
    |icmp_ln66_104_fu_1685_p2                  |      icmp|   0|  0|  23|          16|          16|
    |icmp_ln66_105_fu_1705_p2                  |      icmp|   0|  0|  23|          16|          16|
    |icmp_ln66_106_fu_1725_p2                  |      icmp|   0|  0|  23|          16|          16|
    |icmp_ln66_72_fu_737_p2                    |      icmp|   0|  0|  23|          16|          16|
    |icmp_ln66_73_fu_757_p2                    |      icmp|   0|  0|  23|          16|          16|
    |icmp_ln66_74_fu_805_p2                    |      icmp|   0|  0|  23|          16|          16|
    |icmp_ln66_75_fu_825_p2                    |      icmp|   0|  0|  23|          16|          16|
    |icmp_ln66_76_fu_845_p2                    |      icmp|   0|  0|  23|          16|          16|
    |icmp_ln66_77_fu_893_p2                    |      icmp|   0|  0|  23|          16|          16|
    |icmp_ln66_78_fu_913_p2                    |      icmp|   0|  0|  23|          16|          16|
    |icmp_ln66_79_fu_933_p2                    |      icmp|   0|  0|  23|          16|          16|
    |icmp_ln66_80_fu_981_p2                    |      icmp|   0|  0|  23|          16|          16|
    |icmp_ln66_81_fu_1001_p2                   |      icmp|   0|  0|  23|          16|          16|
    |icmp_ln66_82_fu_1021_p2                   |      icmp|   0|  0|  23|          16|          16|
    |icmp_ln66_83_fu_1069_p2                   |      icmp|   0|  0|  23|          16|          16|
    |icmp_ln66_84_fu_1089_p2                   |      icmp|   0|  0|  23|          16|          16|
    |icmp_ln66_85_fu_1109_p2                   |      icmp|   0|  0|  23|          16|          16|
    |icmp_ln66_86_fu_1157_p2                   |      icmp|   0|  0|  23|          16|          16|
    |icmp_ln66_87_fu_1177_p2                   |      icmp|   0|  0|  23|          16|          16|
    |icmp_ln66_88_fu_1197_p2                   |      icmp|   0|  0|  23|          16|          16|
    |icmp_ln66_89_fu_1245_p2                   |      icmp|   0|  0|  23|          16|          16|
    |icmp_ln66_90_fu_1265_p2                   |      icmp|   0|  0|  23|          16|          16|
    |icmp_ln66_91_fu_1285_p2                   |      icmp|   0|  0|  23|          16|          16|
    |icmp_ln66_92_fu_1333_p2                   |      icmp|   0|  0|  23|          16|          16|
    |icmp_ln66_93_fu_1353_p2                   |      icmp|   0|  0|  23|          16|          16|
    |icmp_ln66_94_fu_1373_p2                   |      icmp|   0|  0|  23|          16|          16|
    |icmp_ln66_95_fu_1421_p2                   |      icmp|   0|  0|  23|          16|          16|
    |icmp_ln66_96_fu_1441_p2                   |      icmp|   0|  0|  23|          16|          16|
    |icmp_ln66_97_fu_1461_p2                   |      icmp|   0|  0|  23|          16|          16|
    |icmp_ln66_98_fu_1509_p2                   |      icmp|   0|  0|  23|          16|          16|
    |icmp_ln66_99_fu_1529_p2                   |      icmp|   0|  0|  23|          16|          16|
    |icmp_ln66_fu_717_p2                       |      icmp|   0|  0|  23|          16|          16|
    |icmp_ln76_fu_468_p2                       |      icmp|   0|  0|  39|          32|           6|
    |icmp_ln80_fu_522_p2                       |      icmp|   0|  0|  39|          32|           5|
    |icmp_ln86_fu_538_p2                       |      icmp|   0|  0|  39|          32|           1|
    |ap_block_pp0_stage0_11001                 |        or|   0|  0|   2|           1|           1|
    |ap_block_pp0_stage1_01001                 |        or|   0|  0|   2|           1|           1|
    |ap_block_pp0_stage1_11001_ignoreCallOp68  |        or|   0|  0|   2|           1|           1|
    |res_pack_24_fu_1767_p3                    |    select|   0|  0|  15|           1|           1|
    |res_pack_25_fu_1777_p3                    |    select|   0|  0|  15|           1|           1|
    |res_pack_26_fu_1787_p3                    |    select|   0|  0|  15|           1|           1|
    |res_pack_27_fu_1797_p3                    |    select|   0|  0|  15|           1|           1|
    |res_pack_28_fu_1807_p3                    |    select|   0|  0|  15|           1|           1|
    |res_pack_29_fu_1817_p3                    |    select|   0|  0|  15|           1|           1|
    |res_pack_30_fu_1827_p3                    |    select|   0|  0|  15|           1|           1|
    |res_pack_31_fu_1837_p3                    |    select|   0|  0|  15|           1|           1|
    |res_pack_32_fu_1847_p3                    |    select|   0|  0|  15|           1|           1|
    |res_pack_33_fu_1857_p3                    |    select|   0|  0|  15|           1|           1|
    |res_pack_34_fu_1867_p3                    |    select|   0|  0|  15|           1|           1|
    |res_pack_fu_1757_p3                       |    select|   0|  0|  15|           1|           1|
    |select_ln0_48_fu_749_p3                   |    select|   0|  0|  16|           1|          16|
    |select_ln0_49_fu_817_p3                   |    select|   0|  0|  16|           1|          16|
    |select_ln0_50_fu_837_p3                   |    select|   0|  0|  16|           1|          16|
    |select_ln0_51_fu_905_p3                   |    select|   0|  0|  16|           1|          16|
    |select_ln0_52_fu_925_p3                   |    select|   0|  0|  16|           1|          16|
    |select_ln0_53_fu_993_p3                   |    select|   0|  0|  16|           1|          16|
    |select_ln0_54_fu_1013_p3                  |    select|   0|  0|  16|           1|          16|
    |select_ln0_55_fu_1081_p3                  |    select|   0|  0|  16|           1|          16|
    |select_ln0_56_fu_1101_p3                  |    select|   0|  0|  16|           1|          16|
    |select_ln0_57_fu_1169_p3                  |    select|   0|  0|  16|           1|          16|
    |select_ln0_58_fu_1189_p3                  |    select|   0|  0|  16|           1|          16|
    |select_ln0_59_fu_1257_p3                  |    select|   0|  0|  16|           1|          16|
    |select_ln0_60_fu_1277_p3                  |    select|   0|  0|  16|           1|          16|
    |select_ln0_61_fu_1345_p3                  |    select|   0|  0|  16|           1|          16|
    |select_ln0_62_fu_1365_p3                  |    select|   0|  0|  16|           1|          16|
    |select_ln0_63_fu_1433_p3                  |    select|   0|  0|  16|           1|          16|
    |select_ln0_64_fu_1453_p3                  |    select|   0|  0|  16|           1|          16|
    |select_ln0_65_fu_1521_p3                  |    select|   0|  0|  16|           1|          16|
    |select_ln0_66_fu_1541_p3                  |    select|   0|  0|  16|           1|          16|
    |select_ln0_67_fu_1609_p3                  |    select|   0|  0|  16|           1|          16|
    |select_ln0_68_fu_1629_p3                  |    select|   0|  0|  16|           1|          16|
    |select_ln0_69_fu_1697_p3                  |    select|   0|  0|  16|           1|          16|
    |select_ln0_70_fu_1717_p3                  |    select|   0|  0|  16|           1|          16|
    |select_ln0_fu_729_p3                      |    select|   0|  0|  16|           1|          16|
    |select_ln66_24_fu_857_p3                  |    select|   0|  0|  16|           1|          16|
    |select_ln66_25_fu_945_p3                  |    select|   0|  0|  16|           1|          16|
    |select_ln66_26_fu_1033_p3                 |    select|   0|  0|  16|           1|          16|
    |select_ln66_27_fu_1121_p3                 |    select|   0|  0|  16|           1|          16|
    |select_ln66_28_fu_1209_p3                 |    select|   0|  0|  16|           1|          16|
    |select_ln66_29_fu_1297_p3                 |    select|   0|  0|  16|           1|          16|
    |select_ln66_30_fu_1385_p3                 |    select|   0|  0|  16|           1|          16|
    |select_ln66_31_fu_1473_p3                 |    select|   0|  0|  16|           1|          16|
    |select_ln66_32_fu_1561_p3                 |    select|   0|  0|  16|           1|          16|
    |select_ln66_33_fu_1649_p3                 |    select|   0|  0|  16|           1|          16|
    |select_ln66_34_fu_1737_p3                 |    select|   0|  0|  16|           1|          16|
    |select_ln66_fu_769_p3                     |    select|   0|  0|  16|           1|          16|
    |select_ln86_fu_544_p3                     |    select|   0|  0|   2|           1|           2|
    |select_ln91_fu_480_p3                     |    select|   0|  0|   2|           1|           2|
    |ap_enable_pp0                             |       xor|   0|  0|   2|           1|           2|
    |xor_ln66_100_fu_1555_p2                   |       xor|   0|  0|   2|           1|           2|
    |xor_ln66_101_fu_1603_p2                   |       xor|   0|  0|   2|           1|           2|
    |xor_ln66_102_fu_1623_p2                   |       xor|   0|  0|   2|           1|           2|
    |xor_ln66_103_fu_1643_p2                   |       xor|   0|  0|   2|           1|           2|
    |xor_ln66_104_fu_1691_p2                   |       xor|   0|  0|   2|           1|           2|
    |xor_ln66_105_fu_1711_p2                   |       xor|   0|  0|   2|           1|           2|
    |xor_ln66_106_fu_1731_p2                   |       xor|   0|  0|   2|           1|           2|
    |xor_ln66_72_fu_743_p2                     |       xor|   0|  0|   2|           1|           2|
    |xor_ln66_73_fu_763_p2                     |       xor|   0|  0|   2|           1|           2|
    |xor_ln66_74_fu_811_p2                     |       xor|   0|  0|   2|           1|           2|
    |xor_ln66_75_fu_831_p2                     |       xor|   0|  0|   2|           1|           2|
    |xor_ln66_76_fu_851_p2                     |       xor|   0|  0|   2|           1|           2|
    |xor_ln66_77_fu_899_p2                     |       xor|   0|  0|   2|           1|           2|
    |xor_ln66_78_fu_919_p2                     |       xor|   0|  0|   2|           1|           2|
    |xor_ln66_79_fu_939_p2                     |       xor|   0|  0|   2|           1|           2|
    |xor_ln66_80_fu_987_p2                     |       xor|   0|  0|   2|           1|           2|
    |xor_ln66_81_fu_1007_p2                    |       xor|   0|  0|   2|           1|           2|
    |xor_ln66_82_fu_1027_p2                    |       xor|   0|  0|   2|           1|           2|
    |xor_ln66_83_fu_1075_p2                    |       xor|   0|  0|   2|           1|           2|
    |xor_ln66_84_fu_1095_p2                    |       xor|   0|  0|   2|           1|           2|
    |xor_ln66_85_fu_1115_p2                    |       xor|   0|  0|   2|           1|           2|
    |xor_ln66_86_fu_1163_p2                    |       xor|   0|  0|   2|           1|           2|
    |xor_ln66_87_fu_1183_p2                    |       xor|   0|  0|   2|           1|           2|
    |xor_ln66_88_fu_1203_p2                    |       xor|   0|  0|   2|           1|           2|
    |xor_ln66_89_fu_1251_p2                    |       xor|   0|  0|   2|           1|           2|
    |xor_ln66_90_fu_1271_p2                    |       xor|   0|  0|   2|           1|           2|
    |xor_ln66_91_fu_1291_p2                    |       xor|   0|  0|   2|           1|           2|
    |xor_ln66_92_fu_1339_p2                    |       xor|   0|  0|   2|           1|           2|
    |xor_ln66_93_fu_1359_p2                    |       xor|   0|  0|   2|           1|           2|
    |xor_ln66_94_fu_1379_p2                    |       xor|   0|  0|   2|           1|           2|
    |xor_ln66_95_fu_1427_p2                    |       xor|   0|  0|   2|           1|           2|
    |xor_ln66_96_fu_1447_p2                    |       xor|   0|  0|   2|           1|           2|
    |xor_ln66_97_fu_1467_p2                    |       xor|   0|  0|   2|           1|           2|
    |xor_ln66_98_fu_1515_p2                    |       xor|   0|  0|   2|           1|           2|
    |xor_ln66_99_fu_1535_p2                    |       xor|   0|  0|   2|           1|           2|
    |xor_ln66_fu_723_p2                        |       xor|   0|  0|   2|           1|           2|
    +------------------------------------------+----------+----+---+----+------------+------------+
    |Total                                     |          |   0|  0|2147|        1046|        1345|
    +------------------------------------------+----------+----+---+----+------------+------------+

    * Multiplexer: 
    +-----------------------------------------+----+-----------+-----+-----------+
    |                   Name                  | LUT| Input Size| Bits| Total Bits|
    +-----------------------------------------+----+-----------+-----+-----------+
    |ap_NS_fsm                                |  14|          3|    1|          3|
    |ap_done_int                              |   9|          2|    1|          2|
    |ap_enable_reg_pp0_iter0                  |   9|          2|    1|          2|
    |ap_enable_reg_pp0_iter1                  |   9|          2|    1|          2|
    |ap_phi_reg_pp0_iter0_storemerge_reg_243  |   9|          2|   32|         64|
    |ap_sig_allocacmp_indvar_flatten_load     |   9|          2|   10|         20|
    |indvar_flatten_fu_226                    |   9|          2|   10|         20|
    |layer5_out_blk_n                         |   9|          2|    1|          2|
    |layer6_out_blk_n                         |   9|          2|    1|          2|
    |pX_1                                     |   9|          2|   32|         64|
    |pY_1                                     |   9|          2|   32|         64|
    |real_start                               |   9|          2|    1|          2|
    |sX_1                                     |   9|          2|   32|         64|
    +-----------------------------------------+----+-----------+-----+-----------+
    |Total                                    | 122|         27|  155|        311|
    +-----------------------------------------+----+-----------+-----+-----------+

    * Register: 
    +------------------------------------------------------------------------------------------+----+----+-----+-----------+
    |                                           Name                                           | FF | LUT| Bits| Const Bits|
    +------------------------------------------------------------------------------------------+----+----+-----+-----------+
    |and_ln55_2_reg_1921                                                                       |   1|   0|    1|          0|
    |and_ln55_2_reg_1921_pp0_iter1_reg                                                         |   1|   0|    1|          0|
    |ap_CS_fsm                                                                                 |   2|   0|    2|          0|
    |ap_done_reg                                                                               |   1|   0|    1|          0|
    |ap_enable_reg_pp0_iter0_reg                                                               |   1|   0|    1|          0|
    |ap_enable_reg_pp0_iter1                                                                   |   1|   0|    1|          0|
    |ap_phi_reg_pp0_iter0_storemerge_reg_243                                                   |  32|   0|   32|          0|
    |call_ln52_shift_line_buffer_array_ap_ufixed_16_6_4_0_0_12u_config6_s_fu_254_ap_start_reg  |   1|   0|    1|          0|
    |icmp_ln109_reg_1913                                                                       |   1|   0|    1|          0|
    |icmp_ln55_reg_1917                                                                        |   1|   0|    1|          0|
    |icmp_ln55_reg_1917_pp0_iter1_reg                                                          |   1|   0|    1|          0|
    |icmp_ln76_reg_1925                                                                        |   1|   0|    1|          0|
    |indvar_flatten_fu_226                                                                     |  10|   0|   10|          0|
    |pX_1                                                                                      |  32|   0|   32|          0|
    |pY_1                                                                                      |  32|   0|   32|          0|
    |p_ZZN4nnet22compute_pool_buffer_2dINS_5arrayI9ap_ufixedILi16ELi6EL9ap_q_mode4EL9a_123     |  16|   0|   16|          0|
    |p_ZZN4nnet22compute_pool_buffer_2dINS_5arrayI9ap_ufixedILi16ELi6EL9ap_q_mode4EL9a_124     |  16|   0|   16|          0|
    |p_ZZN4nnet22compute_pool_buffer_2dINS_5arrayI9ap_ufixedILi16ELi6EL9ap_q_mode4EL9a_125     |  16|   0|   16|          0|
    |p_ZZN4nnet22compute_pool_buffer_2dINS_5arrayI9ap_ufixedILi16ELi6EL9ap_q_mode4EL9a_126     |  16|   0|   16|          0|
    |p_ZZN4nnet22compute_pool_buffer_2dINS_5arrayI9ap_ufixedILi16ELi6EL9ap_q_mode4EL9a_127     |  16|   0|   16|          0|
    |p_ZZN4nnet22compute_pool_buffer_2dINS_5arrayI9ap_ufixedILi16ELi6EL9ap_q_mode4EL9a_128     |  16|   0|   16|          0|
    |p_ZZN4nnet22compute_pool_buffer_2dINS_5arrayI9ap_ufixedILi16ELi6EL9ap_q_mode4EL9a_129     |  16|   0|   16|          0|
    |p_ZZN4nnet22compute_pool_buffer_2dINS_5arrayI9ap_ufixedILi16ELi6EL9ap_q_mode4EL9a_130     |  16|   0|   16|          0|
    |p_ZZN4nnet22compute_pool_buffer_2dINS_5arrayI9ap_ufixedILi16ELi6EL9ap_q_mode4EL9a_131     |  16|   0|   16|          0|
    |p_ZZN4nnet22compute_pool_buffer_2dINS_5arrayI9ap_ufixedILi16ELi6EL9ap_q_mode4EL9a_132     |  16|   0|   16|          0|
    |p_ZZN4nnet22compute_pool_buffer_2dINS_5arrayI9ap_ufixedILi16ELi6EL9ap_q_mode4EL9a_133     |  16|   0|   16|          0|
    |p_ZZN4nnet22compute_pool_buffer_2dINS_5arrayI9ap_ufixedILi16ELi6EL9ap_q_mode4EL9a_134     |  16|   0|   16|          0|
    |p_ZZN4nnet22compute_pool_buffer_2dINS_5arrayI9ap_ufixedILi16ELi6EL9ap_q_mode4EL9a_135     |  16|   0|   16|          0|
    |p_ZZN4nnet22compute_pool_buffer_2dINS_5arrayI9ap_ufixedILi16ELi6EL9ap_q_mode4EL9a_136     |  16|   0|   16|          0|
    |p_ZZN4nnet22compute_pool_buffer_2dINS_5arrayI9ap_ufixedILi16ELi6EL9ap_q_mode4EL9a_137     |  16|   0|   16|          0|
    |p_ZZN4nnet22compute_pool_buffer_2dINS_5arrayI9ap_ufixedILi16ELi6EL9ap_q_mode4EL9a_138     |  16|   0|   16|          0|
    |p_ZZN4nnet22compute_pool_buffer_2dINS_5arrayI9ap_ufixedILi16ELi6EL9ap_q_mode4EL9a_139     |  16|   0|   16|          0|
    |p_ZZN4nnet22compute_pool_buffer_2dINS_5arrayI9ap_ufixedILi16ELi6EL9ap_q_mode4EL9a_140     |  16|   0|   16|          0|
    |p_ZZN4nnet22compute_pool_buffer_2dINS_5arrayI9ap_ufixedILi16ELi6EL9ap_q_mode4EL9a_141     |  16|   0|   16|          0|
    |p_ZZN4nnet22compute_pool_buffer_2dINS_5arrayI9ap_ufixedILi16ELi6EL9ap_q_mode4EL9a_142     |  16|   0|   16|          0|
    |p_ZZN4nnet22compute_pool_buffer_2dINS_5arrayI9ap_ufixedILi16ELi6EL9ap_q_mode4EL9a_143     |  16|   0|   16|          0|
    |p_ZZN4nnet22compute_pool_buffer_2dINS_5arrayI9ap_ufixedILi16ELi6EL9ap_q_mode4EL9a_144     |  16|   0|   16|          0|
    |p_ZZN4nnet22compute_pool_buffer_2dINS_5arrayI9ap_ufixedILi16ELi6EL9ap_q_mode4EL9a_145     |  16|   0|   16|          0|
    |p_ZZN4nnet22compute_pool_buffer_2dINS_5arrayI9ap_ufixedILi16ELi6EL9ap_q_mode4EL9a_146     |  16|   0|   16|          0|
    |p_ZZN4nnet22compute_pool_buffer_2dINS_5arrayI9ap_ufixedILi16ELi6EL9ap_q_mode4EL9a_86      |  16|   0|   16|          0|
    |p_ZZN4nnet22compute_pool_buffer_2dINS_5arrayI9ap_ufixedILi16ELi6EL9ap_q_mode4EL9a_87      |  16|   0|   16|          0|
    |p_ZZN4nnet22compute_pool_buffer_2dINS_5arrayI9ap_ufixedILi16ELi6EL9ap_q_mode4EL9a_88      |  16|   0|   16|          0|
    |p_ZZN4nnet22compute_pool_buffer_2dINS_5arrayI9ap_ufixedILi16ELi6EL9ap_q_mode4EL9a_89      |  16|   0|   16|          0|
    |p_ZZN4nnet22compute_pool_buffer_2dINS_5arrayI9ap_ufixedILi16ELi6EL9ap_q_mode4EL9a_90      |  16|   0|   16|          0|
    |p_ZZN4nnet22compute_pool_buffer_2dINS_5arrayI9ap_ufixedILi16ELi6EL9ap_q_mode4EL9a_91      |  16|   0|   16|          0|
    |p_ZZN4nnet22compute_pool_buffer_2dINS_5arrayI9ap_ufixedILi16ELi6EL9ap_q_mode4EL9a_92      |  16|   0|   16|          0|
    |p_ZZN4nnet22compute_pool_buffer_2dINS_5arrayI9ap_ufixedILi16ELi6EL9ap_q_mode4EL9a_93      |  16|   0|   16|          0|
    |p_ZZN4nnet22compute_pool_buffer_2dINS_5arrayI9ap_ufixedILi16ELi6EL9ap_q_mode4EL9a_94      |  16|   0|   16|          0|
    |p_ZZN4nnet22compute_pool_buffer_2dINS_5arrayI9ap_ufixedILi16ELi6EL9ap_q_mode4EL9a_95      |  16|   0|   16|          0|
    |p_ZZN4nnet22compute_pool_buffer_2dINS_5arrayI9ap_ufixedILi16ELi6EL9ap_q_mode4EL9a_96      |  16|   0|   16|          0|
    |p_ZZN4nnet22compute_pool_buffer_2dINS_5arrayI9ap_ufixedILi16ELi6EL9ap_q_mode4EL9a_97      |  16|   0|   16|          0|
    |p_ZZN4nnet22compute_pool_buffer_2dINS_5arrayI9ap_ufixedILi16ELi6EL9ap_q_mode4EL9a_98      |  16|   0|   16|          0|
    |p_ZZN4nnet22compute_pool_buffer_2dINS_5arrayI9ap_ufixedILi16ELi6EL9ap_q_mode4EL9a_99      |  16|   0|   16|          0|
    |sX_1                                                                                      |  32|   0|   32|          0|
    |sY_1                                                                                      |  32|   0|   32|          0|
    |start_once_reg                                                                            |   1|   0|    1|          0|
    |tmp_308_reg_1953                                                                          |   1|   0|    1|          0|
    |tmp_309_reg_1963                                                                          |   1|   0|    1|          0|
    |tmp_310_reg_1973                                                                          |   1|   0|    1|          0|
    |tmp_311_reg_1983                                                                          |   1|   0|    1|          0|
    |tmp_312_reg_1993                                                                          |   1|   0|    1|          0|
    |tmp_313_reg_2003                                                                          |   1|   0|    1|          0|
    |tmp_314_reg_2013                                                                          |   1|   0|    1|          0|
    |tmp_315_reg_2023                                                                          |   1|   0|    1|          0|
    |tmp_316_reg_2033                                                                          |   1|   0|    1|          0|
    |tmp_317_reg_2043                                                                          |   1|   0|    1|          0|
    |tmp_318_reg_2053                                                                          |   1|   0|    1|          0|
    |tmp_reg_1943                                                                              |   1|   0|    1|          0|
    |trunc_ln68_24_reg_1948                                                                    |  15|   0|   15|          0|
    |trunc_ln68_25_reg_1958                                                                    |  15|   0|   15|          0|
    |trunc_ln68_26_reg_1968                                                                    |  15|   0|   15|          0|
    |trunc_ln68_27_reg_1978                                                                    |  15|   0|   15|          0|
    |trunc_ln68_28_reg_1988                                                                    |  15|   0|   15|          0|
    |trunc_ln68_29_reg_1998                                                                    |  15|   0|   15|          0|
    |trunc_ln68_30_reg_2008                                                                    |  15|   0|   15|          0|
    |trunc_ln68_31_reg_2018                                                                    |  15|   0|   15|          0|
    |trunc_ln68_32_reg_2028                                                                    |  15|   0|   15|          0|
    |trunc_ln68_33_reg_2038                                                                    |  15|   0|   15|          0|
    |trunc_ln68_34_reg_2048                                                                    |  15|   0|   15|          0|
    |trunc_ln68_reg_1938                                                                       |  15|   0|   15|          0|
    |void_compute_pool_buffer_2d_array_const_ap_shift_reg_n_filt_stream_kernel_10              |  16|   0|   16|          0|
    |void_compute_pool_buffer_2d_array_const_ap_shift_reg_n_filt_stream_kernel_11              |  16|   0|   16|          0|
    |void_compute_pool_buffer_2d_array_const_ap_shift_reg_n_filt_stream_kernel_12              |  16|   0|   16|          0|
    |void_compute_pool_buffer_2d_array_const_ap_shift_reg_n_filt_stream_kernel_13              |  16|   0|   16|          0|
    |void_compute_pool_buffer_2d_array_const_ap_shift_reg_n_filt_stream_kernel_14              |  16|   0|   16|          0|
    |void_compute_pool_buffer_2d_array_const_ap_shift_reg_n_filt_stream_kernel_15              |  16|   0|   16|          0|
    |void_compute_pool_buffer_2d_array_const_ap_shift_reg_n_filt_stream_kernel_16              |  16|   0|   16|          0|
    |void_compute_pool_buffer_2d_array_const_ap_shift_reg_n_filt_stream_kernel_17              |  16|   0|   16|          0|
    |void_compute_pool_buffer_2d_array_const_ap_shift_reg_n_filt_stream_kernel_18              |  16|   0|   16|          0|
    |void_compute_pool_buffer_2d_array_const_ap_shift_reg_n_filt_stream_kernel_19              |  16|   0|   16|          0|
    +------------------------------------------------------------------------------------------+----+----+-----+-----------+
    |Total                                                                                     |1143|   0| 1143|          0|
    +------------------------------------------------------------------------------------------+----+----+-----+-----------+



================================================================
== Interface
================================================================
* Summary: 
+---------------------------+-----+-----+------------+--------------------------------------------------------------+--------------+
|         RTL Ports         | Dir | Bits|  Protocol  |                         Source Object                        |    C Type    |
+---------------------------+-----+-----+------------+--------------------------------------------------------------+--------------+
|ap_clk                     |   in|    1|  ap_ctrl_hs|  pooling2d_cl<array,array<ap_ufixed<16,6,4,0,0>,12u>,config6>|  return value|
|ap_rst                     |   in|    1|  ap_ctrl_hs|  pooling2d_cl<array,array<ap_ufixed<16,6,4,0,0>,12u>,config6>|  return value|
|ap_start                   |   in|    1|  ap_ctrl_hs|  pooling2d_cl<array,array<ap_ufixed<16,6,4,0,0>,12u>,config6>|  return value|
|start_full_n               |   in|    1|  ap_ctrl_hs|  pooling2d_cl<array,array<ap_ufixed<16,6,4,0,0>,12u>,config6>|  return value|
|ap_done                    |  out|    1|  ap_ctrl_hs|  pooling2d_cl<array,array<ap_ufixed<16,6,4,0,0>,12u>,config6>|  return value|
|ap_continue                |   in|    1|  ap_ctrl_hs|  pooling2d_cl<array,array<ap_ufixed<16,6,4,0,0>,12u>,config6>|  return value|
|ap_idle                    |  out|    1|  ap_ctrl_hs|  pooling2d_cl<array,array<ap_ufixed<16,6,4,0,0>,12u>,config6>|  return value|
|ap_ready                   |  out|    1|  ap_ctrl_hs|  pooling2d_cl<array,array<ap_ufixed<16,6,4,0,0>,12u>,config6>|  return value|
|start_out                  |  out|    1|  ap_ctrl_hs|  pooling2d_cl<array,array<ap_ufixed<16,6,4,0,0>,12u>,config6>|  return value|
|start_write                |  out|    1|  ap_ctrl_hs|  pooling2d_cl<array,array<ap_ufixed<16,6,4,0,0>,12u>,config6>|  return value|
|layer5_out_dout            |   in|  192|     ap_fifo|                                                    layer5_out|       pointer|
|layer5_out_num_data_valid  |   in|   11|     ap_fifo|                                                    layer5_out|       pointer|
|layer5_out_fifo_cap        |   in|   11|     ap_fifo|                                                    layer5_out|       pointer|
|layer5_out_empty_n         |   in|    1|     ap_fifo|                                                    layer5_out|       pointer|
|layer5_out_read            |  out|    1|     ap_fifo|                                                    layer5_out|       pointer|
|layer6_out_din             |  out|  192|     ap_fifo|                                                    layer6_out|       pointer|
|layer6_out_num_data_valid  |   in|    9|     ap_fifo|                                                    layer6_out|       pointer|
|layer6_out_fifo_cap        |   in|    9|     ap_fifo|                                                    layer6_out|       pointer|
|layer6_out_full_n          |   in|    1|     ap_fifo|                                                    layer6_out|       pointer|
|layer6_out_write           |  out|    1|     ap_fifo|                                                    layer6_out|       pointer|
+---------------------------+-----+-----+------------+--------------------------------------------------------------+--------------+

