

================================================================
== Vitis HLS Report for 'pooling2d_cl_array_array_ap_ufixed_16_6_4_0_0_24u_config11_s'
================================================================
* Date:           Mon Aug  3 11:07:17 2026

* Version:        2023.2 (Build 4023990 on Oct 11 2023)
* Project:        myproject_prj
* Solution:       solution1 (Vivado IP Flow Target)
* Product family: virtexu
* Target device:  xcvu080-ffvb2104-2-e


================================================================
== Performance Estimates
================================================================
+ Timing: 
    * Summary: 
    +--------+---------+----------+------------+
    |  Clock |  Target | Estimated| Uncertainty|
    +--------+---------+----------+------------+
    |ap_clk  |  5.00 ns|  3.610 ns|     1.35 ns|
    +--------+---------+----------+------------+

+ Latency: 
    * Summary: 
    +---------+---------+----------+----------+-----+-----+---------+
    |  Latency (cycles) |  Latency (absolute) |  Interval | Pipeline|
    |   min   |   max   |    min   |    max   | min | max |   Type  |
    +---------+---------+----------+----------+-----+-----+---------+
    |      435|      435|  2.175 us|  2.175 us|  435|  435|       no|
    +---------+---------+----------+----------+-----+-----+---------+

    + Detail: 
        * Instance: 
        +------------------------------------------------------------------------------+-------------------------------------------------------------+---------+---------+----------+----------+-----+-----+---------+
        |                                                                              |                                                             |  Latency (cycles) |  Latency (absolute) |  Interval | Pipeline|
        |                                   Instance                                   |                            Module                           |   min   |   max   |    min   |    max   | min | max |   Type  |
        +------------------------------------------------------------------------------+-------------------------------------------------------------+---------+---------+----------+----------+-----+-----+---------+
        |call_ln52_shift_line_buffer_array_ap_ufixed_16_6_4_0_0_24u_config11_s_fu_422  |shift_line_buffer_array_ap_ufixed_16_6_4_0_0_24u_config11_s  |        0|        0|      0 ns|      0 ns|    1|    1|      yes|
        +------------------------------------------------------------------------------+-------------------------------------------------------------+---------+---------+----------+----------+-----+-----+---------+

        * Loop: 
        +----------------------------------+---------+---------+----------+-----------+-----------+------+----------+
        |                                  |  Latency (cycles) | Iteration|  Initiation Interval  | Trip |          |
        |             Loop Name            |   min   |   max   |  Latency |  achieved |   target  | Count| Pipelined|
        +----------------------------------+---------+---------+----------+-----------+-----------+------+----------+
        |- ReadInputHeight_ReadInputWidth  |      433|      433|         4|          2|          1|   216|       yes|
        +----------------------------------+---------+---------+----------+-----------+-----------+------+----------+



================================================================
== Utilization Estimates
================================================================
* Summary: 
+-----------------+---------+-----+--------+--------+-----+
|       Name      | BRAM_18K| DSP |   FF   |   LUT  | URAM|
+-----------------+---------+-----+--------+--------+-----+
|DSP              |        -|    -|       -|       -|    -|
|Expression       |        -|    -|       0|    3799|    -|
|FIFO             |        -|    -|       -|       -|    -|
|Instance         |        -|    -|    1537|    1200|    -|
|Memory           |        -|    -|       -|       -|    -|
|Multiplexer      |        -|    -|       -|     122|    -|
|Register         |        -|    -|    2101|       -|    -|
+-----------------+---------+-----+--------+--------+-----+
|Total            |        0|    0|    3638|    5121|    0|
+-----------------+---------+-----+--------+--------+-----+
|Available        |     2842|  672|  891424|  445712|    0|
+-----------------+---------+-----+--------+--------+-----+
|Utilization (%)  |        0|    0|      ~0|       1|    0|
+-----------------+---------+-----+--------+--------+-----+

+ Detail: 
    * Instance: 
    +------------------------------------------------------------------------------+-------------------------------------------------------------+---------+----+------+------+-----+
    |                                   Instance                                   |                            Module                           | BRAM_18K| DSP|  FF  |  LUT | URAM|
    +------------------------------------------------------------------------------+-------------------------------------------------------------+---------+----+------+------+-----+
    |call_ln52_shift_line_buffer_array_ap_ufixed_16_6_4_0_0_24u_config11_s_fu_422  |shift_line_buffer_array_ap_ufixed_16_6_4_0_0_24u_config11_s  |        0|   0|  1537|  1200|    0|
    +------------------------------------------------------------------------------+-------------------------------------------------------------+---------+----+------+------+-----+
    |Total                                                                         |                                                             |        0|   0|  1537|  1200|    0|
    +------------------------------------------------------------------------------+-------------------------------------------------------------+---------+----+------+------+-----+

    * DSP: 
    N/A

    * Memory: 
    N/A

    * FIFO: 
    N/A

    * Expression: 
    +------------------------------------------+----------+----+---+----+------------+------------+
    |               Variable Name              | Operation| DSP| FF| LUT| Bitwidth P0| Bitwidth P1|
    +------------------------------------------+----------+----+---+----+------------+------------+
    |add_ln109_fu_704_p2                       |         +|   0|  0|  15|           8|           1|
    |add_ln76_fu_762_p2                        |         +|   0|  0|  39|          32|           1|
    |add_ln80_fu_816_p2                        |         +|   0|  0|  39|          32|           1|
    |add_ln86_fu_852_p2                        |         +|   0|  0|  39|          32|          32|
    |add_ln91_fu_788_p2                        |         +|   0|  0|  39|          32|          32|
    |and_ln55_1_fu_756_p2                      |       and|   0|  0|   2|           1|           1|
    |and_ln55_fu_750_p2                        |       and|   0|  0|   2|           1|           1|
    |ap_block_state2_pp0_stage1_iter0          |       and|   0|  0|   2|           1|           1|
    |ap_block_state4_pp0_stage1_iter1          |       and|   0|  0|   2|           1|           1|
    |ap_condition_1370                         |       and|   0|  0|   2|           1|           1|
    |ap_condition_626                          |       and|   0|  0|   2|           1|           1|
    |ap_condition_642                          |       and|   0|  0|   2|           1|           1|
    |ap_predicate_op493_write_state4           |       and|   0|  0|   2|           1|           1|
    |icmp_ln109_fu_698_p2                      |      icmp|   0|  0|  15|           8|           7|
    |icmp_ln55_1_fu_728_p2                     |      icmp|   0|  0|  39|          32|           1|
    |icmp_ln55_2_fu_738_p2                     |      icmp|   0|  0|  39|          32|           1|
    |icmp_ln55_3_fu_744_p2                     |      icmp|   0|  0|  39|          32|           1|
    |icmp_ln55_fu_714_p2                       |      icmp|   0|  0|  39|          32|           1|
    |icmp_ln66_10_fu_1433_p2                   |      icmp|   0|  0|  23|          16|          16|
    |icmp_ln66_11_fu_1453_p2                   |      icmp|   0|  0|  23|          16|          16|
    |icmp_ln66_12_fu_1501_p2                   |      icmp|   0|  0|  23|          16|          16|
    |icmp_ln66_13_fu_1521_p2                   |      icmp|   0|  0|  23|          16|          16|
    |icmp_ln66_14_fu_1541_p2                   |      icmp|   0|  0|  23|          16|          16|
    |icmp_ln66_15_fu_1589_p2                   |      icmp|   0|  0|  23|          16|          16|
    |icmp_ln66_16_fu_1609_p2                   |      icmp|   0|  0|  23|          16|          16|
    |icmp_ln66_17_fu_1629_p2                   |      icmp|   0|  0|  23|          16|          16|
    |icmp_ln66_18_fu_1677_p2                   |      icmp|   0|  0|  23|          16|          16|
    |icmp_ln66_19_fu_1697_p2                   |      icmp|   0|  0|  23|          16|          16|
    |icmp_ln66_1_fu_1169_p2                    |      icmp|   0|  0|  23|          16|          16|
    |icmp_ln66_20_fu_1717_p2                   |      icmp|   0|  0|  23|          16|          16|
    |icmp_ln66_21_fu_1765_p2                   |      icmp|   0|  0|  23|          16|          16|
    |icmp_ln66_22_fu_1785_p2                   |      icmp|   0|  0|  23|          16|          16|
    |icmp_ln66_23_fu_1805_p2                   |      icmp|   0|  0|  23|          16|          16|
    |icmp_ln66_24_fu_1853_p2                   |      icmp|   0|  0|  23|          16|          16|
    |icmp_ln66_25_fu_1873_p2                   |      icmp|   0|  0|  23|          16|          16|
    |icmp_ln66_26_fu_1893_p2                   |      icmp|   0|  0|  23|          16|          16|
    |icmp_ln66_27_fu_1941_p2                   |      icmp|   0|  0|  23|          16|          16|
    |icmp_ln66_28_fu_1961_p2                   |      icmp|   0|  0|  23|          16|          16|
    |icmp_ln66_29_fu_1981_p2                   |      icmp|   0|  0|  23|          16|          16|
    |icmp_ln66_2_fu_1189_p2                    |      icmp|   0|  0|  23|          16|          16|
    |icmp_ln66_30_fu_2029_p2                   |      icmp|   0|  0|  23|          16|          16|
    |icmp_ln66_31_fu_2049_p2                   |      icmp|   0|  0|  23|          16|          16|
    |icmp_ln66_32_fu_2069_p2                   |      icmp|   0|  0|  23|          16|          16|
    |icmp_ln66_33_fu_2117_p2                   |      icmp|   0|  0|  23|          16|          16|
    |icmp_ln66_34_fu_2137_p2                   |      icmp|   0|  0|  23|          16|          16|
    |icmp_ln66_35_fu_2157_p2                   |      icmp|   0|  0|  23|          16|          16|
    |icmp_ln66_36_fu_2205_p2                   |      icmp|   0|  0|  23|          16|          16|
    |icmp_ln66_37_fu_2225_p2                   |      icmp|   0|  0|  23|          16|          16|
    |icmp_ln66_38_fu_2245_p2                   |      icmp|   0|  0|  23|          16|          16|
    |icmp_ln66_39_fu_2293_p2                   |      icmp|   0|  0|  23|          16|          16|
    |icmp_ln66_3_fu_1237_p2                    |      icmp|   0|  0|  23|          16|          16|
    |icmp_ln66_40_fu_2313_p2                   |      icmp|   0|  0|  23|          16|          16|
    |icmp_ln66_41_fu_2333_p2                   |      icmp|   0|  0|  23|          16|          16|
    |icmp_ln66_42_fu_2381_p2                   |      icmp|   0|  0|  23|          16|          16|
    |icmp_ln66_43_fu_2401_p2                   |      icmp|   0|  0|  23|          16|          16|
    |icmp_ln66_44_fu_2421_p2                   |      icmp|   0|  0|  23|          16|          16|
    |icmp_ln66_45_fu_2469_p2                   |      icmp|   0|  0|  23|          16|          16|
    |icmp_ln66_46_fu_2489_p2                   |      icmp|   0|  0|  23|          16|          16|
    |icmp_ln66_47_fu_2509_p2                   |      icmp|   0|  0|  23|          16|          16|
    |icmp_ln66_48_fu_2557_p2                   |      icmp|   0|  0|  23|          16|          16|
    |icmp_ln66_49_fu_2577_p2                   |      icmp|   0|  0|  23|          16|          16|
    |icmp_ln66_4_fu_1257_p2                    |      icmp|   0|  0|  23|          16|          16|
    |icmp_ln66_50_fu_2597_p2                   |      icmp|   0|  0|  23|          16|          16|
    |icmp_ln66_51_fu_2645_p2                   |      icmp|   0|  0|  23|          16|          16|
    |icmp_ln66_52_fu_2665_p2                   |      icmp|   0|  0|  23|          16|          16|
    |icmp_ln66_53_fu_2685_p2                   |      icmp|   0|  0|  23|          16|          16|
    |icmp_ln66_54_fu_2733_p2                   |      icmp|   0|  0|  23|          16|          16|
    |icmp_ln66_55_fu_2753_p2                   |      icmp|   0|  0|  23|          16|          16|
    |icmp_ln66_56_fu_2773_p2                   |      icmp|   0|  0|  23|          16|          16|
    |icmp_ln66_57_fu_2821_p2                   |      icmp|   0|  0|  23|          16|          16|
    |icmp_ln66_58_fu_2841_p2                   |      icmp|   0|  0|  23|          16|          16|
    |icmp_ln66_59_fu_2861_p2                   |      icmp|   0|  0|  23|          16|          16|
    |icmp_ln66_5_fu_1277_p2                    |      icmp|   0|  0|  23|          16|          16|
    |icmp_ln66_60_fu_2909_p2                   |      icmp|   0|  0|  23|          16|          16|
    |icmp_ln66_61_fu_2929_p2                   |      icmp|   0|  0|  23|          16|          16|
    |icmp_ln66_62_fu_2949_p2                   |      icmp|   0|  0|  23|          16|          16|
    |icmp_ln66_63_fu_2997_p2                   |      icmp|   0|  0|  23|          16|          16|
    |icmp_ln66_64_fu_3017_p2                   |      icmp|   0|  0|  23|          16|          16|
    |icmp_ln66_65_fu_3037_p2                   |      icmp|   0|  0|  23|          16|          16|
    |icmp_ln66_66_fu_3085_p2                   |      icmp|   0|  0|  23|          16|          16|
    |icmp_ln66_67_fu_3105_p2                   |      icmp|   0|  0|  23|          16|          16|
    |icmp_ln66_68_fu_3125_p2                   |      icmp|   0|  0|  23|          16|          16|
    |icmp_ln66_69_fu_3173_p2                   |      icmp|   0|  0|  23|          16|          16|
    |icmp_ln66_6_fu_1325_p2                    |      icmp|   0|  0|  23|          16|          16|
    |icmp_ln66_70_fu_3193_p2                   |      icmp|   0|  0|  23|          16|          16|
    |icmp_ln66_71_fu_3213_p2                   |      icmp|   0|  0|  23|          16|          16|
    |icmp_ln66_7_fu_1345_p2                    |      icmp|   0|  0|  23|          16|          16|
    |icmp_ln66_8_fu_1365_p2                    |      icmp|   0|  0|  23|          16|          16|
    |icmp_ln66_9_fu_1413_p2                    |      icmp|   0|  0|  23|          16|          16|
    |icmp_ln66_fu_1149_p2                      |      icmp|   0|  0|  23|          16|          16|
    |icmp_ln76_fu_768_p2                       |      icmp|   0|  0|  39|          32|           5|
    |icmp_ln80_fu_822_p2                       |      icmp|   0|  0|  39|          32|           4|
    |icmp_ln86_fu_838_p2                       |      icmp|   0|  0|  39|          32|           1|
    |ap_block_pp0_stage0_11001                 |        or|   0|  0|   2|           1|           1|
    |ap_block_pp0_stage1_01001                 |        or|   0|  0|   2|           1|           1|
    |ap_block_pp0_stage1_11001_ignoreCallOp80  |        or|   0|  0|   2|           1|           1|
    |res_pack_10_fu_3345_p3                    |    select|   0|  0|  15|           1|           1|
    |res_pack_11_fu_3355_p3                    |    select|   0|  0|  15|           1|           1|
    |res_pack_12_fu_3365_p3                    |    select|   0|  0|  15|           1|           1|
    |res_pack_13_fu_3375_p3                    |    select|   0|  0|  15|           1|           1|
    |res_pack_14_fu_3385_p3                    |    select|   0|  0|  15|           1|           1|
    |res_pack_15_fu_3395_p3                    |    select|   0|  0|  15|           1|           1|
    |res_pack_16_fu_3405_p3                    |    select|   0|  0|  15|           1|           1|
    |res_pack_17_fu_3415_p3                    |    select|   0|  0|  15|           1|           1|
    |res_pack_18_fu_3425_p3                    |    select|   0|  0|  15|           1|           1|
    |res_pack_19_fu_3435_p3                    |    select|   0|  0|  15|           1|           1|
    |res_pack_1_fu_3255_p3                     |    select|   0|  0|  15|           1|           1|
    |res_pack_20_fu_3445_p3                    |    select|   0|  0|  15|           1|           1|
    |res_pack_21_fu_3455_p3                    |    select|   0|  0|  15|           1|           1|
    |res_pack_22_fu_3465_p3                    |    select|   0|  0|  15|           1|           1|
    |res_pack_23_fu_3475_p3                    |    select|   0|  0|  15|           1|           1|
    |res_pack_2_fu_3265_p3                     |    select|   0|  0|  15|           1|           1|
    |res_pack_3_fu_3275_p3                     |    select|   0|  0|  15|           1|           1|
    |res_pack_4_fu_3285_p3                     |    select|   0|  0|  15|           1|           1|
    |res_pack_5_fu_3295_p3                     |    select|   0|  0|  15|           1|           1|
    |res_pack_6_fu_3305_p3                     |    select|   0|  0|  15|           1|           1|
    |res_pack_7_fu_3315_p3                     |    select|   0|  0|  15|           1|           1|
    |res_pack_8_fu_3325_p3                     |    select|   0|  0|  15|           1|           1|
    |res_pack_9_fu_3335_p3                     |    select|   0|  0|  15|           1|           1|
    |res_pack_fu_3245_p3                       |    select|   0|  0|  15|           1|           1|
    |select_ln0_10_fu_1601_p3                  |    select|   0|  0|  16|           1|          16|
    |select_ln0_11_fu_1621_p3                  |    select|   0|  0|  16|           1|          16|
    |select_ln0_12_fu_1689_p3                  |    select|   0|  0|  16|           1|          16|
    |select_ln0_13_fu_1709_p3                  |    select|   0|  0|  16|           1|          16|
    |select_ln0_14_fu_1777_p3                  |    select|   0|  0|  16|           1|          16|
    |select_ln0_15_fu_1797_p3                  |    select|   0|  0|  16|           1|          16|
    |select_ln0_16_fu_1865_p3                  |    select|   0|  0|  16|           1|          16|
    |select_ln0_17_fu_1885_p3                  |    select|   0|  0|  16|           1|          16|
    |select_ln0_18_fu_1953_p3                  |    select|   0|  0|  16|           1|          16|
    |select_ln0_19_fu_1973_p3                  |    select|   0|  0|  16|           1|          16|
    |select_ln0_1_fu_1181_p3                   |    select|   0|  0|  16|           1|          16|
    |select_ln0_20_fu_2041_p3                  |    select|   0|  0|  16|           1|          16|
    |select_ln0_21_fu_2061_p3                  |    select|   0|  0|  16|           1|          16|
    |select_ln0_22_fu_2129_p3                  |    select|   0|  0|  16|           1|          16|
    |select_ln0_23_fu_2149_p3                  |    select|   0|  0|  16|           1|          16|
    |select_ln0_24_fu_2217_p3                  |    select|   0|  0|  16|           1|          16|
    |select_ln0_25_fu_2237_p3                  |    select|   0|  0|  16|           1|          16|
    |select_ln0_26_fu_2305_p3                  |    select|   0|  0|  16|           1|          16|
    |select_ln0_27_fu_2325_p3                  |    select|   0|  0|  16|           1|          16|
    |select_ln0_28_fu_2393_p3                  |    select|   0|  0|  16|           1|          16|
    |select_ln0_29_fu_2413_p3                  |    select|   0|  0|  16|           1|          16|
    |select_ln0_2_fu_1249_p3                   |    select|   0|  0|  16|           1|          16|
    |select_ln0_30_fu_2481_p3                  |    select|   0|  0|  16|           1|          16|
    |select_ln0_31_fu_2501_p3                  |    select|   0|  0|  16|           1|          16|
    |select_ln0_32_fu_2569_p3                  |    select|   0|  0|  16|           1|          16|
    |select_ln0_33_fu_2589_p3                  |    select|   0|  0|  16|           1|          16|
    |select_ln0_34_fu_2657_p3                  |    select|   0|  0|  16|           1|          16|
    |select_ln0_35_fu_2677_p3                  |    select|   0|  0|  16|           1|          16|
    |select_ln0_36_fu_2745_p3                  |    select|   0|  0|  16|           1|          16|
    |select_ln0_37_fu_2765_p3                  |    select|   0|  0|  16|           1|          16|
    |select_ln0_38_fu_2833_p3                  |    select|   0|  0|  16|           1|          16|
    |select_ln0_39_fu_2853_p3                  |    select|   0|  0|  16|           1|          16|
    |select_ln0_3_fu_1269_p3                   |    select|   0|  0|  16|           1|          16|
    |select_ln0_40_fu_2921_p3                  |    select|   0|  0|  16|           1|          16|
    |select_ln0_41_fu_2941_p3                  |    select|   0|  0|  16|           1|          16|
    |select_ln0_42_fu_3009_p3                  |    select|   0|  0|  16|           1|          16|
    |select_ln0_43_fu_3029_p3                  |    select|   0|  0|  16|           1|          16|
    |select_ln0_44_fu_3097_p3                  |    select|   0|  0|  16|           1|          16|
    |select_ln0_45_fu_3117_p3                  |    select|   0|  0|  16|           1|          16|
    |select_ln0_46_fu_3185_p3                  |    select|   0|  0|  16|           1|          16|
    |select_ln0_47_fu_3205_p3                  |    select|   0|  0|  16|           1|          16|
    |select_ln0_4_fu_1337_p3                   |    select|   0|  0|  16|           1|          16|
    |select_ln0_5_fu_1357_p3                   |    select|   0|  0|  16|           1|          16|
    |select_ln0_6_fu_1425_p3                   |    select|   0|  0|  16|           1|          16|
    |select_ln0_7_fu_1445_p3                   |    select|   0|  0|  16|           1|          16|
    |select_ln0_8_fu_1513_p3                   |    select|   0|  0|  16|           1|          16|
    |select_ln0_9_fu_1533_p3                   |    select|   0|  0|  16|           1|          16|
    |select_ln0_fu_1161_p3                     |    select|   0|  0|  16|           1|          16|
    |select_ln66_10_fu_2081_p3                 |    select|   0|  0|  16|           1|          16|
    |select_ln66_11_fu_2169_p3                 |    select|   0|  0|  16|           1|          16|
    |select_ln66_12_fu_2257_p3                 |    select|   0|  0|  16|           1|          16|
    |select_ln66_13_fu_2345_p3                 |    select|   0|  0|  16|           1|          16|
    |select_ln66_14_fu_2433_p3                 |    select|   0|  0|  16|           1|          16|
    |select_ln66_15_fu_2521_p3                 |    select|   0|  0|  16|           1|          16|
    |select_ln66_16_fu_2609_p3                 |    select|   0|  0|  16|           1|          16|
    |select_ln66_17_fu_2697_p3                 |    select|   0|  0|  16|           1|          16|
    |select_ln66_18_fu_2785_p3                 |    select|   0|  0|  16|           1|          16|
    |select_ln66_19_fu_2873_p3                 |    select|   0|  0|  16|           1|          16|
    |select_ln66_1_fu_1289_p3                  |    select|   0|  0|  16|           1|          16|
    |select_ln66_20_fu_2961_p3                 |    select|   0|  0|  16|           1|          16|
    |select_ln66_21_fu_3049_p3                 |    select|   0|  0|  16|           1|          16|
    |select_ln66_22_fu_3137_p3                 |    select|   0|  0|  16|           1|          16|
    |select_ln66_23_fu_3225_p3                 |    select|   0|  0|  16|           1|          16|
    |select_ln66_2_fu_1377_p3                  |    select|   0|  0|  16|           1|          16|
    |select_ln66_3_fu_1465_p3                  |    select|   0|  0|  16|           1|          16|
    |select_ln66_4_fu_1553_p3                  |    select|   0|  0|  16|           1|          16|
    |select_ln66_5_fu_1641_p3                  |    select|   0|  0|  16|           1|          16|
    |select_ln66_6_fu_1729_p3                  |    select|   0|  0|  16|           1|          16|
    |select_ln66_7_fu_1817_p3                  |    select|   0|  0|  16|           1|          16|
    |select_ln66_8_fu_1905_p3                  |    select|   0|  0|  16|           1|          16|
    |select_ln66_9_fu_1993_p3                  |    select|   0|  0|  16|           1|          16|
    |select_ln66_fu_1201_p3                    |    select|   0|  0|  16|           1|          16|
    |select_ln86_fu_844_p3                     |    select|   0|  0|   2|           1|           2|
    |select_ln91_fu_780_p3                     |    select|   0|  0|   2|           1|           2|
    |ap_enable_pp0                             |       xor|   0|  0|   2|           1|           2|
    |xor_ln66_10_fu_1439_p2                    |       xor|   0|  0|   2|           1|           2|
    |xor_ln66_11_fu_1459_p2                    |       xor|   0|  0|   2|           1|           2|
    |xor_ln66_12_fu_1507_p2                    |       xor|   0|  0|   2|           1|           2|
    |xor_ln66_13_fu_1527_p2                    |       xor|   0|  0|   2|           1|           2|
    |xor_ln66_14_fu_1547_p2                    |       xor|   0|  0|   2|           1|           2|
    |xor_ln66_15_fu_1595_p2                    |       xor|   0|  0|   2|           1|           2|
    |xor_ln66_16_fu_1615_p2                    |       xor|   0|  0|   2|           1|           2|
    |xor_ln66_17_fu_1635_p2                    |       xor|   0|  0|   2|           1|           2|
    |xor_ln66_18_fu_1683_p2                    |       xor|   0|  0|   2|           1|           2|
    |xor_ln66_19_fu_1703_p2                    |       xor|   0|  0|   2|           1|           2|
    |xor_ln66_1_fu_1175_p2                     |       xor|   0|  0|   2|           1|           2|
    |xor_ln66_20_fu_1723_p2                    |       xor|   0|  0|   2|           1|           2|
    |xor_ln66_21_fu_1771_p2                    |       xor|   0|  0|   2|           1|           2|
    |xor_ln66_22_fu_1791_p2                    |       xor|   0|  0|   2|           1|           2|
    |xor_ln66_23_fu_1811_p2                    |       xor|   0|  0|   2|           1|           2|
    |xor_ln66_24_fu_1859_p2                    |       xor|   0|  0|   2|           1|           2|
    |xor_ln66_25_fu_1879_p2                    |       xor|   0|  0|   2|           1|           2|
    |xor_ln66_26_fu_1899_p2                    |       xor|   0|  0|   2|           1|           2|
    |xor_ln66_27_fu_1947_p2                    |       xor|   0|  0|   2|           1|           2|
    |xor_ln66_28_fu_1967_p2                    |       xor|   0|  0|   2|           1|           2|
    |xor_ln66_29_fu_1987_p2                    |       xor|   0|  0|   2|           1|           2|
    |xor_ln66_2_fu_1195_p2                     |       xor|   0|  0|   2|           1|           2|
    |xor_ln66_30_fu_2035_p2                    |       xor|   0|  0|   2|           1|           2|
    |xor_ln66_31_fu_2055_p2                    |       xor|   0|  0|   2|           1|           2|
    |xor_ln66_32_fu_2075_p2                    |       xor|   0|  0|   2|           1|           2|
    |xor_ln66_33_fu_2123_p2                    |       xor|   0|  0|   2|           1|           2|
    |xor_ln66_34_fu_2143_p2                    |       xor|   0|  0|   2|           1|           2|
    |xor_ln66_35_fu_2163_p2                    |       xor|   0|  0|   2|           1|           2|
    |xor_ln66_36_fu_2211_p2                    |       xor|   0|  0|   2|           1|           2|
    |xor_ln66_37_fu_2231_p2                    |       xor|   0|  0|   2|           1|           2|
    |xor_ln66_38_fu_2251_p2                    |       xor|   0|  0|   2|           1|           2|
    |xor_ln66_39_fu_2299_p2                    |       xor|   0|  0|   2|           1|           2|
    |xor_ln66_3_fu_1243_p2                     |       xor|   0|  0|   2|           1|           2|
    |xor_ln66_40_fu_2319_p2                    |       xor|   0|  0|   2|           1|           2|
    |xor_ln66_41_fu_2339_p2                    |       xor|   0|  0|   2|           1|           2|
    |xor_ln66_42_fu_2387_p2                    |       xor|   0|  0|   2|           1|           2|
    |xor_ln66_43_fu_2407_p2                    |       xor|   0|  0|   2|           1|           2|
    |xor_ln66_44_fu_2427_p2                    |       xor|   0|  0|   2|           1|           2|
    |xor_ln66_45_fu_2475_p2                    |       xor|   0|  0|   2|           1|           2|
    |xor_ln66_46_fu_2495_p2                    |       xor|   0|  0|   2|           1|           2|
    |xor_ln66_47_fu_2515_p2                    |       xor|   0|  0|   2|           1|           2|
    |xor_ln66_48_fu_2563_p2                    |       xor|   0|  0|   2|           1|           2|
    |xor_ln66_49_fu_2583_p2                    |       xor|   0|  0|   2|           1|           2|
    |xor_ln66_4_fu_1263_p2                     |       xor|   0|  0|   2|           1|           2|
    |xor_ln66_50_fu_2603_p2                    |       xor|   0|  0|   2|           1|           2|
    |xor_ln66_51_fu_2651_p2                    |       xor|   0|  0|   2|           1|           2|
    |xor_ln66_52_fu_2671_p2                    |       xor|   0|  0|   2|           1|           2|
    |xor_ln66_53_fu_2691_p2                    |       xor|   0|  0|   2|           1|           2|
    |xor_ln66_54_fu_2739_p2                    |       xor|   0|  0|   2|           1|           2|
    |xor_ln66_55_fu_2759_p2                    |       xor|   0|  0|   2|           1|           2|
    |xor_ln66_56_fu_2779_p2                    |       xor|   0|  0|   2|           1|           2|
    |xor_ln66_57_fu_2827_p2                    |       xor|   0|  0|   2|           1|           2|
    |xor_ln66_58_fu_2847_p2                    |       xor|   0|  0|   2|           1|           2|
    |xor_ln66_59_fu_2867_p2                    |       xor|   0|  0|   2|           1|           2|
    |xor_ln66_5_fu_1283_p2                     |       xor|   0|  0|   2|           1|           2|
    |xor_ln66_60_fu_2915_p2                    |       xor|   0|  0|   2|           1|           2|
    |xor_ln66_61_fu_2935_p2                    |       xor|   0|  0|   2|           1|           2|
    |xor_ln66_62_fu_2955_p2                    |       xor|   0|  0|   2|           1|           2|
    |xor_ln66_63_fu_3003_p2                    |       xor|   0|  0|   2|           1|           2|
    |xor_ln66_64_fu_3023_p2                    |       xor|   0|  0|   2|           1|           2|
    |xor_ln66_65_fu_3043_p2                    |       xor|   0|  0|   2|           1|           2|
    |xor_ln66_66_fu_3091_p2                    |       xor|   0|  0|   2|           1|           2|
    |xor_ln66_67_fu_3111_p2                    |       xor|   0|  0|   2|           1|           2|
    |xor_ln66_68_fu_3131_p2                    |       xor|   0|  0|   2|           1|           2|
    |xor_ln66_69_fu_3179_p2                    |       xor|   0|  0|   2|           1|           2|
    |xor_ln66_6_fu_1331_p2                     |       xor|   0|  0|   2|           1|           2|
    |xor_ln66_70_fu_3199_p2                    |       xor|   0|  0|   2|           1|           2|
    |xor_ln66_71_fu_3219_p2                    |       xor|   0|  0|   2|           1|           2|
    |xor_ln66_7_fu_1351_p2                     |       xor|   0|  0|   2|           1|           2|
    |xor_ln66_8_fu_1371_p2                     |       xor|   0|  0|   2|           1|           2|
    |xor_ln66_9_fu_1419_p2                     |       xor|   0|  0|   2|           1|           2|
    |xor_ln66_fu_1155_p2                       |       xor|   0|  0|   2|           1|           2|
    +------------------------------------------+----------+----+---+----+------------+------------+
    |Total                                     |          |   0|  0|3799|        1702|        2577|
    +------------------------------------------+----------+----+---+----+------------+------------+

    * Multiplexer: 
    +-----------------------------------------+----+-----------+-----+-----------+
    |                   Name                  | LUT| Input Size| Bits| Total Bits|
    +-----------------------------------------+----+-----------+-----+-----------+
    |ap_NS_fsm                                |  14|          3|    1|          3|
    |ap_done_int                              |   9|          2|    1|          2|
    |ap_enable_reg_pp0_iter0                  |   9|          2|    1|          2|
    |ap_enable_reg_pp0_iter1                  |   9|          2|    1|          2|
    |ap_phi_reg_pp0_iter0_storemerge_reg_411  |   9|          2|   32|         64|
    |ap_sig_allocacmp_indvar_flatten_load     |   9|          2|    8|         16|
    |indvar_flatten_fu_394                    |   9|          2|    8|         16|
    |layer10_out_blk_n                        |   9|          2|    1|          2|
    |layer11_out_blk_n                        |   9|          2|    1|          2|
    |pX                                       |   9|          2|   32|         64|
    |pY                                       |   9|          2|   32|         64|
    |real_start                               |   9|          2|    1|          2|
    |sX                                       |   9|          2|   32|         64|
    +-----------------------------------------+----+-----------+-----+-----------+
    |Total                                    | 122|         27|  151|        303|
    +-----------------------------------------+----+-----------+-----+-----------+

    * Register: 
    +-------------------------------------------------------------------------------------------+----+----+-----+-----------+
    |                                            Name                                           | FF | LUT| Bits| Const Bits|
    +-------------------------------------------------------------------------------------------+----+----+-----+-----------+
    |and_ln55_1_reg_3553                                                                        |   1|   0|    1|          0|
    |and_ln55_1_reg_3553_pp0_iter1_reg                                                          |   1|   0|    1|          0|
    |ap_CS_fsm                                                                                  |   2|   0|    2|          0|
    |ap_done_reg                                                                                |   1|   0|    1|          0|
    |ap_enable_reg_pp0_iter0_reg                                                                |   1|   0|    1|          0|
    |ap_enable_reg_pp0_iter1                                                                    |   1|   0|    1|          0|
    |ap_phi_reg_pp0_iter0_storemerge_reg_411                                                    |  32|   0|   32|          0|
    |call_ln52_shift_line_buffer_array_ap_ufixed_16_6_4_0_0_24u_config11_s_fu_422_ap_start_reg  |   1|   0|    1|          0|
    |icmp_ln109_reg_3545                                                                        |   1|   0|    1|          0|
    |icmp_ln55_reg_3549                                                                         |   1|   0|    1|          0|
    |icmp_ln55_reg_3549_pp0_iter1_reg                                                           |   1|   0|    1|          0|
    |icmp_ln76_reg_3557                                                                         |   1|   0|    1|          0|
    |indvar_flatten_fu_394                                                                      |   8|   0|    8|          0|
    |pX                                                                                         |  32|   0|   32|          0|
    |pY                                                                                         |  32|   0|   32|          0|
    |p_ZZN4nnet22compute_pool_buffer_2dINS_5arrayI9ap_ufixedILi16ELi6EL9ap_q_mode4EL9a          |  16|   0|   16|          0|
    |p_ZZN4nnet22compute_pool_buffer_2dINS_5arrayI9ap_ufixedILi16ELi6EL9ap_q_mode4EL9a_1        |  16|   0|   16|          0|
    |p_ZZN4nnet22compute_pool_buffer_2dINS_5arrayI9ap_ufixedILi16ELi6EL9ap_q_mode4EL9a_10       |  16|   0|   16|          0|
    |p_ZZN4nnet22compute_pool_buffer_2dINS_5arrayI9ap_ufixedILi16ELi6EL9ap_q_mode4EL9a_11       |  16|   0|   16|          0|
    |p_ZZN4nnet22compute_pool_buffer_2dINS_5arrayI9ap_ufixedILi16ELi6EL9ap_q_mode4EL9a_12       |  16|   0|   16|          0|
    |p_ZZN4nnet22compute_pool_buffer_2dINS_5arrayI9ap_ufixedILi16ELi6EL9ap_q_mode4EL9a_13       |  16|   0|   16|          0|
    |p_ZZN4nnet22compute_pool_buffer_2dINS_5arrayI9ap_ufixedILi16ELi6EL9ap_q_mode4EL9a_14       |  16|   0|   16|          0|
    |p_ZZN4nnet22compute_pool_buffer_2dINS_5arrayI9ap_ufixedILi16ELi6EL9ap_q_mode4EL9a_15       |  16|   0|   16|          0|
    |p_ZZN4nnet22compute_pool_buffer_2dINS_5arrayI9ap_ufixedILi16ELi6EL9ap_q_mode4EL9a_16       |  16|   0|   16|          0|
    |p_ZZN4nnet22compute_pool_buffer_2dINS_5arrayI9ap_ufixedILi16ELi6EL9ap_q_mode4EL9a_17       |  16|   0|   16|          0|
    |p_ZZN4nnet22compute_pool_buffer_2dINS_5arrayI9ap_ufixedILi16ELi6EL9ap_q_mode4EL9a_18       |  16|   0|   16|          0|
    |p_ZZN4nnet22compute_pool_buffer_2dINS_5arrayI9ap_ufixedILi16ELi6EL9ap_q_mode4EL9a_19       |  16|   0|   16|          0|
    |p_ZZN4nnet22compute_pool_buffer_2dINS_5arrayI9ap_ufixedILi16ELi6EL9ap_q_mode4EL9a_2        |  16|   0|   16|          0|
    |p_ZZN4nnet22compute_pool_buffer_2dINS_5arrayI9ap_ufixedILi16ELi6EL9ap_q_mode4EL9a_20       |  16|   0|   16|          0|
    |p_ZZN4nnet22compute_pool_buffer_2dINS_5arrayI9ap_ufixedILi16ELi6EL9ap_q_mode4EL9a_21       |  16|   0|   16|          0|
    |p_ZZN4nnet22compute_pool_buffer_2dINS_5arrayI9ap_ufixedILi16ELi6EL9ap_q_mode4EL9a_22       |  16|   0|   16|          0|
    |p_ZZN4nnet22compute_pool_buffer_2dINS_5arrayI9ap_ufixedILi16ELi6EL9ap_q_mode4EL9a_23       |  16|   0|   16|          0|
    |p_ZZN4nnet22compute_pool_buffer_2dINS_5arrayI9ap_ufixedILi16ELi6EL9ap_q_mode4EL9a_24       |  16|   0|   16|          0|
    |p_ZZN4nnet22compute_pool_buffer_2dINS_5arrayI9ap_ufixedILi16ELi6EL9ap_q_mode4EL9a_25       |  16|   0|   16|          0|
    |p_ZZN4nnet22compute_pool_buffer_2dINS_5arrayI9ap_ufixedILi16ELi6EL9ap_q_mode4EL9a_26       |  16|   0|   16|          0|
    |p_ZZN4nnet22compute_pool_buffer_2dINS_5arrayI9ap_ufixedILi16ELi6EL9ap_q_mode4EL9a_27       |  16|   0|   16|          0|
    |p_ZZN4nnet22compute_pool_buffer_2dINS_5arrayI9ap_ufixedILi16ELi6EL9ap_q_mode4EL9a_28       |  16|   0|   16|          0|
    |p_ZZN4nnet22compute_pool_buffer_2dINS_5arrayI9ap_ufixedILi16ELi6EL9ap_q_mode4EL9a_29       |  16|   0|   16|          0|
    |p_ZZN4nnet22compute_pool_buffer_2dINS_5arrayI9ap_ufixedILi16ELi6EL9ap_q_mode4EL9a_3        |  16|   0|   16|          0|
    |p_ZZN4nnet22compute_pool_buffer_2dINS_5arrayI9ap_ufixedILi16ELi6EL9ap_q_mode4EL9a_30       |  16|   0|   16|          0|
    |p_ZZN4nnet22compute_pool_buffer_2dINS_5arrayI9ap_ufixedILi16ELi6EL9ap_q_mode4EL9a_31       |  16|   0|   16|          0|
    |p_ZZN4nnet22compute_pool_buffer_2dINS_5arrayI9ap_ufixedILi16ELi6EL9ap_q_mode4EL9a_32       |  16|   0|   16|          0|
    |p_ZZN4nnet22compute_pool_buffer_2dINS_5arrayI9ap_ufixedILi16ELi6EL9ap_q_mode4EL9a_33       |  16|   0|   16|          0|
    |p_ZZN4nnet22compute_pool_buffer_2dINS_5arrayI9ap_ufixedILi16ELi6EL9ap_q_mode4EL9a_34       |  16|   0|   16|          0|
    |p_ZZN4nnet22compute_pool_buffer_2dINS_5arrayI9ap_ufixedILi16ELi6EL9ap_q_mode4EL9a_35       |  16|   0|   16|          0|
    |p_ZZN4nnet22compute_pool_buffer_2dINS_5arrayI9ap_ufixedILi16ELi6EL9ap_q_mode4EL9a_36       |  16|   0|   16|          0|
    |p_ZZN4nnet22compute_pool_buffer_2dINS_5arrayI9ap_ufixedILi16ELi6EL9ap_q_mode4EL9a_37       |  16|   0|   16|          0|
    |p_ZZN4nnet22compute_pool_buffer_2dINS_5arrayI9ap_ufixedILi16ELi6EL9ap_q_mode4EL9a_38       |  16|   0|   16|          0|
    |p_ZZN4nnet22compute_pool_buffer_2dINS_5arrayI9ap_ufixedILi16ELi6EL9ap_q_mode4EL9a_39       |  16|   0|   16|          0|
    |p_ZZN4nnet22compute_pool_buffer_2dINS_5arrayI9ap_ufixedILi16ELi6EL9ap_q_mode4EL9a_4        |  16|   0|   16|          0|
    |p_ZZN4nnet22compute_pool_buffer_2dINS_5arrayI9ap_ufixedILi16ELi6EL9ap_q_mode4EL9a_40       |  16|   0|   16|          0|
    |p_ZZN4nnet22compute_pool_buffer_2dINS_5arrayI9ap_ufixedILi16ELi6EL9ap_q_mode4EL9a_41       |  16|   0|   16|          0|
    |p_ZZN4nnet22compute_pool_buffer_2dINS_5arrayI9ap_ufixedILi16ELi6EL9ap_q_mode4EL9a_42       |  16|   0|   16|          0|
    |p_ZZN4nnet22compute_pool_buffer_2dINS_5arrayI9ap_ufixedILi16ELi6EL9ap_q_mode4EL9a_43       |  16|   0|   16|          0|
    |p_ZZN4nnet22compute_pool_buffer_2dINS_5arrayI9ap_ufixedILi16ELi6EL9ap_q_mode4EL9a_44       |  16|   0|   16|          0|
    |p_ZZN4nnet22compute_pool_buffer_2dINS_5arrayI9ap_ufixedILi16ELi6EL9ap_q_mode4EL9a_45       |  16|   0|   16|          0|
    |p_ZZN4nnet22compute_pool_buffer_2dINS_5arrayI9ap_ufixedILi16ELi6EL9ap_q_mode4EL9a_46       |  16|   0|   16|          0|
    |p_ZZN4nnet22compute_pool_buffer_2dINS_5arrayI9ap_ufixedILi16ELi6EL9ap_q_mode4EL9a_47       |  16|   0|   16|          0|
    |p_ZZN4nnet22compute_pool_buffer_2dINS_5arrayI9ap_ufixedILi16ELi6EL9ap_q_mode4EL9a_48       |  16|   0|   16|          0|
    |p_ZZN4nnet22compute_pool_buffer_2dINS_5arrayI9ap_ufixedILi16ELi6EL9ap_q_mode4EL9a_49       |  16|   0|   16|          0|
    |p_ZZN4nnet22compute_pool_buffer_2dINS_5arrayI9ap_ufixedILi16ELi6EL9ap_q_mode4EL9a_5        |  16|   0|   16|          0|
    |p_ZZN4nnet22compute_pool_buffer_2dINS_5arrayI9ap_ufixedILi16ELi6EL9ap_q_mode4EL9a_50       |  16|   0|   16|          0|
    |p_ZZN4nnet22compute_pool_buffer_2dINS_5arrayI9ap_ufixedILi16ELi6EL9ap_q_mode4EL9a_51       |  16|   0|   16|          0|
    |p_ZZN4nnet22compute_pool_buffer_2dINS_5arrayI9ap_ufixedILi16ELi6EL9ap_q_mode4EL9a_52       |  16|   0|   16|          0|
    |p_ZZN4nnet22compute_pool_buffer_2dINS_5arrayI9ap_ufixedILi16ELi6EL9ap_q_mode4EL9a_53       |  16|   0|   16|          0|
    |p_ZZN4nnet22compute_pool_buffer_2dINS_5arrayI9ap_ufixedILi16ELi6EL9ap_q_mode4EL9a_54       |  16|   0|   16|          0|
    |p_ZZN4nnet22compute_pool_buffer_2dINS_5arrayI9ap_ufixedILi16ELi6EL9ap_q_mode4EL9a_55       |  16|   0|   16|          0|
    |p_ZZN4nnet22compute_pool_buffer_2dINS_5arrayI9ap_ufixedILi16ELi6EL9ap_q_mode4EL9a_56       |  16|   0|   16|          0|
    |p_ZZN4nnet22compute_pool_buffer_2dINS_5arrayI9ap_ufixedILi16ELi6EL9ap_q_mode4EL9a_57       |  16|   0|   16|          0|
    |p_ZZN4nnet22compute_pool_buffer_2dINS_5arrayI9ap_ufixedILi16ELi6EL9ap_q_mode4EL9a_58       |  16|   0|   16|          0|
    |p_ZZN4nnet22compute_pool_buffer_2dINS_5arrayI9ap_ufixedILi16ELi6EL9ap_q_mode4EL9a_59       |  16|   0|   16|          0|
    |p_ZZN4nnet22compute_pool_buffer_2dINS_5arrayI9ap_ufixedILi16ELi6EL9ap_q_mode4EL9a_6        |  16|   0|   16|          0|
    |p_ZZN4nnet22compute_pool_buffer_2dINS_5arrayI9ap_ufixedILi16ELi6EL9ap_q_mode4EL9a_60       |  16|   0|   16|          0|
    |p_ZZN4nnet22compute_pool_buffer_2dINS_5arrayI9ap_ufixedILi16ELi6EL9ap_q_mode4EL9a_61       |  16|   0|   16|          0|
    |p_ZZN4nnet22compute_pool_buffer_2dINS_5arrayI9ap_ufixedILi16ELi6EL9ap_q_mode4EL9a_62       |  16|   0|   16|          0|
    |p_ZZN4nnet22compute_pool_buffer_2dINS_5arrayI9ap_ufixedILi16ELi6EL9ap_q_mode4EL9a_63       |  16|   0|   16|          0|
    |p_ZZN4nnet22compute_pool_buffer_2dINS_5arrayI9ap_ufixedILi16ELi6EL9ap_q_mode4EL9a_64       |  16|   0|   16|          0|
    |p_ZZN4nnet22compute_pool_buffer_2dINS_5arrayI9ap_ufixedILi16ELi6EL9ap_q_mode4EL9a_65       |  16|   0|   16|          0|
    |p_ZZN4nnet22compute_pool_buffer_2dINS_5arrayI9ap_ufixedILi16ELi6EL9ap_q_mode4EL9a_66       |  16|   0|   16|          0|
    |p_ZZN4nnet22compute_pool_buffer_2dINS_5arrayI9ap_ufixedILi16ELi6EL9ap_q_mode4EL9a_67       |  16|   0|   16|          0|
    |p_ZZN4nnet22compute_pool_buffer_2dINS_5arrayI9ap_ufixedILi16ELi6EL9ap_q_mode4EL9a_68       |  16|   0|   16|          0|
    |p_ZZN4nnet22compute_pool_buffer_2dINS_5arrayI9ap_ufixedILi16ELi6EL9ap_q_mode4EL9a_69       |  16|   0|   16|          0|
    |p_ZZN4nnet22compute_pool_buffer_2dINS_5arrayI9ap_ufixedILi16ELi6EL9ap_q_mode4EL9a_7        |  16|   0|   16|          0|
    |p_ZZN4nnet22compute_pool_buffer_2dINS_5arrayI9ap_ufixedILi16ELi6EL9ap_q_mode4EL9a_70       |  16|   0|   16|          0|
    |p_ZZN4nnet22compute_pool_buffer_2dINS_5arrayI9ap_ufixedILi16ELi6EL9ap_q_mode4EL9a_71       |  16|   0|   16|          0|
    |p_ZZN4nnet22compute_pool_buffer_2dINS_5arrayI9ap_ufixedILi16ELi6EL9ap_q_mode4EL9a_72       |  16|   0|   16|          0|
    |p_ZZN4nnet22compute_pool_buffer_2dINS_5arrayI9ap_ufixedILi16ELi6EL9ap_q_mode4EL9a_73       |  16|   0|   16|          0|
    |p_ZZN4nnet22compute_pool_buffer_2dINS_5arrayI9ap_ufixedILi16ELi6EL9ap_q_mode4EL9a_74       |  16|   0|   16|          0|
    |p_ZZN4nnet22compute_pool_buffer_2dINS_5arrayI9ap_ufixedILi16ELi6EL9ap_q_mode4EL9a_75       |  16|   0|   16|          0|
    |p_ZZN4nnet22compute_pool_buffer_2dINS_5arrayI9ap_ufixedILi16ELi6EL9ap_q_mode4EL9a_76       |  16|   0|   16|          0|
    |p_ZZN4nnet22compute_pool_buffer_2dINS_5arrayI9ap_ufixedILi16ELi6EL9ap_q_mode4EL9a_77       |  16|   0|   16|          0|
    |p_ZZN4nnet22compute_pool_buffer_2dINS_5arrayI9ap_ufixedILi16ELi6EL9ap_q_mode4EL9a_78       |  16|   0|   16|          0|
    |p_ZZN4nnet22compute_pool_buffer_2dINS_5arrayI9ap_ufixedILi16ELi6EL9ap_q_mode4EL9a_79       |  16|   0|   16|          0|
    |p_ZZN4nnet22compute_pool_buffer_2dINS_5arrayI9ap_ufixedILi16ELi6EL9ap_q_mode4EL9a_8        |  16|   0|   16|          0|
    |p_ZZN4nnet22compute_pool_buffer_2dINS_5arrayI9ap_ufixedILi16ELi6EL9ap_q_mode4EL9a_80       |  16|   0|   16|          0|
    |p_ZZN4nnet22compute_pool_buffer_2dINS_5arrayI9ap_ufixedILi16ELi6EL9ap_q_mode4EL9a_81       |  16|   0|   16|          0|
    |p_ZZN4nnet22compute_pool_buffer_2dINS_5arrayI9ap_ufixedILi16ELi6EL9ap_q_mode4EL9a_82       |  16|   0|   16|          0|
    |p_ZZN4nnet22compute_pool_buffer_2dINS_5arrayI9ap_ufixedILi16ELi6EL9ap_q_mode4EL9a_83       |  16|   0|   16|          0|
    |p_ZZN4nnet22compute_pool_buffer_2dINS_5arrayI9ap_ufixedILi16ELi6EL9ap_q_mode4EL9a_84       |  16|   0|   16|          0|
    |p_ZZN4nnet22compute_pool_buffer_2dINS_5arrayI9ap_ufixedILi16ELi6EL9ap_q_mode4EL9a_85       |  16|   0|   16|          0|
    |p_ZZN4nnet22compute_pool_buffer_2dINS_5arrayI9ap_ufixedILi16ELi6EL9ap_q_mode4EL9a_9        |  16|   0|   16|          0|
    |sX                                                                                         |  32|   0|   32|          0|
    |sY                                                                                         |  32|   0|   32|          0|
    |start_once_reg                                                                             |   1|   0|    1|          0|
    |tmp_285_reg_3585                                                                           |   1|   0|    1|          0|
    |tmp_286_reg_3595                                                                           |   1|   0|    1|          0|
    |tmp_287_reg_3605                                                                           |   1|   0|    1|          0|
    |tmp_288_reg_3615                                                                           |   1|   0|    1|          0|
    |tmp_289_reg_3625                                                                           |   1|   0|    1|          0|
    |tmp_290_reg_3635                                                                           |   1|   0|    1|          0|
    |tmp_291_reg_3645                                                                           |   1|   0|    1|          0|
    |tmp_292_reg_3655                                                                           |   1|   0|    1|          0|
    |tmp_293_reg_3665                                                                           |   1|   0|    1|          0|
    |tmp_294_reg_3675                                                                           |   1|   0|    1|          0|
    |tmp_295_reg_3685                                                                           |   1|   0|    1|          0|
    |tmp_296_reg_3695                                                                           |   1|   0|    1|          0|
    |tmp_297_reg_3705                                                                           |   1|   0|    1|          0|
    |tmp_298_reg_3715                                                                           |   1|   0|    1|          0|
    |tmp_299_reg_3725                                                                           |   1|   0|    1|          0|
    |tmp_300_reg_3735                                                                           |   1|   0|    1|          0|
    |tmp_301_reg_3745                                                                           |   1|   0|    1|          0|
    |tmp_302_reg_3755                                                                           |   1|   0|    1|          0|
    |tmp_303_reg_3765                                                                           |   1|   0|    1|          0|
    |tmp_304_reg_3775                                                                           |   1|   0|    1|          0|
    |tmp_305_reg_3785                                                                           |   1|   0|    1|          0|
    |tmp_306_reg_3795                                                                           |   1|   0|    1|          0|
    |tmp_307_reg_3805                                                                           |   1|   0|    1|          0|
    |tmp_reg_3575                                                                               |   1|   0|    1|          0|
    |trunc_ln68_10_reg_3670                                                                     |  15|   0|   15|          0|
    |trunc_ln68_11_reg_3680                                                                     |  15|   0|   15|          0|
    |trunc_ln68_12_reg_3690                                                                     |  15|   0|   15|          0|
    |trunc_ln68_13_reg_3700                                                                     |  15|   0|   15|          0|
    |trunc_ln68_14_reg_3710                                                                     |  15|   0|   15|          0|
    |trunc_ln68_15_reg_3720                                                                     |  15|   0|   15|          0|
    |trunc_ln68_16_reg_3730                                                                     |  15|   0|   15|          0|
    |trunc_ln68_17_reg_3740                                                                     |  15|   0|   15|          0|
    |trunc_ln68_18_reg_3750                                                                     |  15|   0|   15|          0|
    |trunc_ln68_19_reg_3760                                                                     |  15|   0|   15|          0|
    |trunc_ln68_1_reg_3580                                                                      |  15|   0|   15|          0|
    |trunc_ln68_20_reg_3770                                                                     |  15|   0|   15|          0|
    |trunc_ln68_21_reg_3780                                                                     |  15|   0|   15|          0|
    |trunc_ln68_22_reg_3790                                                                     |  15|   0|   15|          0|
    |trunc_ln68_23_reg_3800                                                                     |  15|   0|   15|          0|
    |trunc_ln68_2_reg_3590                                                                      |  15|   0|   15|          0|
    |trunc_ln68_3_reg_3600                                                                      |  15|   0|   15|          0|
    |trunc_ln68_4_reg_3610                                                                      |  15|   0|   15|          0|
    |trunc_ln68_5_reg_3620                                                                      |  15|   0|   15|          0|
    |trunc_ln68_6_reg_3630                                                                      |  15|   0|   15|          0|
    |trunc_ln68_7_reg_3640                                                                      |  15|   0|   15|          0|
    |trunc_ln68_8_reg_3650                                                                      |  15|   0|   15|          0|
    |trunc_ln68_9_reg_3660                                                                      |  15|   0|   15|          0|
    |trunc_ln68_reg_3570                                                                        |  15|   0|   15|          0|
    |void_compute_pool_buffer_2d_array_const_ap_shift_reg_n_filt_stream_kernel                  |  16|   0|   16|          0|
    |void_compute_pool_buffer_2d_array_const_ap_shift_reg_n_filt_stream_kernel_1                |  16|   0|   16|          0|
    |void_compute_pool_buffer_2d_array_const_ap_shift_reg_n_filt_stream_kernel_2                |  16|   0|   16|          0|
    |void_compute_pool_buffer_2d_array_const_ap_shift_reg_n_filt_stream_kernel_3                |  16|   0|   16|          0|
    |void_compute_pool_buffer_2d_array_const_ap_shift_reg_n_filt_stream_kernel_4                |  16|   0|   16|          0|
    |void_compute_pool_buffer_2d_array_const_ap_shift_reg_n_filt_stream_kernel_5                |  16|   0|   16|          0|
    |void_compute_pool_buffer_2d_array_const_ap_shift_reg_n_filt_stream_kernel_6                |  16|   0|   16|          0|
    |void_compute_pool_buffer_2d_array_const_ap_shift_reg_n_filt_stream_kernel_7                |  16|   0|   16|          0|
    |void_compute_pool_buffer_2d_array_const_ap_shift_reg_n_filt_stream_kernel_8                |  16|   0|   16|          0|
    |void_compute_pool_buffer_2d_array_const_ap_shift_reg_n_filt_stream_kernel_9                |  16|   0|   16|          0|
    +-------------------------------------------------------------------------------------------+----+----+-----+-----------+
    |Total                                                                                      |2101|   0| 2101|          0|
    +-------------------------------------------------------------------------------------------+----+----+-----+-----------+



================================================================
== Interface
================================================================
* Summary: 
+----------------------------+-----+-----+------------+---------------------------------------------------------------+--------------+
|          RTL Ports         | Dir | Bits|  Protocol  |                         Source Object                         |    C Type    |
+----------------------------+-----+-----+------------+---------------------------------------------------------------+--------------+
|ap_clk                      |   in|    1|  ap_ctrl_hs|  pooling2d_cl<array,array<ap_ufixed<16,6,4,0,0>,24u>,config11>|  return value|
|ap_rst                      |   in|    1|  ap_ctrl_hs|  pooling2d_cl<array,array<ap_ufixed<16,6,4,0,0>,24u>,config11>|  return value|
|ap_start                    |   in|    1|  ap_ctrl_hs|  pooling2d_cl<array,array<ap_ufixed<16,6,4,0,0>,24u>,config11>|  return value|
|start_full_n                |   in|    1|  ap_ctrl_hs|  pooling2d_cl<array,array<ap_ufixed<16,6,4,0,0>,24u>,config11>|  return value|
|ap_done                     |  out|    1|  ap_ctrl_hs|  pooling2d_cl<array,array<ap_ufixed<16,6,4,0,0>,24u>,config11>|  return value|
|ap_continue                 |   in|    1|  ap_ctrl_hs|  pooling2d_cl<array,array<ap_ufixed<16,6,4,0,0>,24u>,config11>|  return value|
|ap_idle                     |  out|    1|  ap_ctrl_hs|  pooling2d_cl<array,array<ap_ufixed<16,6,4,0,0>,24u>,config11>|  return value|
|ap_ready                    |  out|    1|  ap_ctrl_hs|  pooling2d_cl<array,array<ap_ufixed<16,6,4,0,0>,24u>,config11>|  return value|
|start_out                   |  out|    1|  ap_ctrl_hs|  pooling2d_cl<array,array<ap_ufixed<16,6,4,0,0>,24u>,config11>|  return value|
|start_write                 |  out|    1|  ap_ctrl_hs|  pooling2d_cl<array,array<ap_ufixed<16,6,4,0,0>,24u>,config11>|  return value|
|layer10_out_dout            |   in|  384|     ap_fifo|                                                    layer10_out|       pointer|
|layer10_out_num_data_valid  |   in|    9|     ap_fifo|                                                    layer10_out|       pointer|
|layer10_out_fifo_cap        |   in|    9|     ap_fifo|                                                    layer10_out|       pointer|
|layer10_out_empty_n         |   in|    1|     ap_fifo|                                                    layer10_out|       pointer|
|layer10_out_read            |  out|    1|     ap_fifo|                                                    layer10_out|       pointer|
|layer11_out_din             |  out|  384|     ap_fifo|                                                    layer11_out|       pointer|
|layer11_out_num_data_valid  |   in|    7|     ap_fifo|                                                    layer11_out|       pointer|
|layer11_out_fifo_cap        |   in|    7|     ap_fifo|                                                    layer11_out|       pointer|
|layer11_out_full_n          |   in|    1|     ap_fifo|                                                    layer11_out|       pointer|
|layer11_out_write           |  out|    1|     ap_fifo|                                                    layer11_out|       pointer|
+----------------------------+-----+-----+------------+---------------------------------------------------------------+--------------+

