

================================================================
== Vitis HLS Report for 'relu_array_ap_fixed_24u_array_ap_ufixed_16_6_4_0_0_24u_relu_config10_s'
================================================================
* Date:           Mon Aug  3 11:07:16 2026

* Version:        2023.2 (Build 4023990 on Oct 11 2023)
* Project:        myproject_prj
* Solution:       solution1 (Vivado IP Flow Target)
* Product family: virtexu
* Target device:  xcvu080-ffvb2104-2-e


================================================================
== Performance Estimates
================================================================
+ Timing: 
    * Summary: 
    +--------+---------+----------+------------+
    |  Clock |  Target | Estimated| Uncertainty|
    +--------+---------+----------+------------+
    |ap_clk  |  5.00 ns|  3.369 ns|     1.35 ns|
    +--------+---------+----------+------------+

+ Latency: 
    * Summary: 
    +---------+---------+----------+----------+-----+-----+---------+
    |  Latency (cycles) |  Latency (absolute) |  Interval | Pipeline|
    |   min   |   max   |    min   |    max   | min | max |   Type  |
    +---------+---------+----------+----------+-----+-----+---------+
    |      220|      220|  1.100 us|  1.100 us|  220|  220|       no|
    +---------+---------+----------+----------+-----+-----+---------+

    + Detail: 
        * Instance: 
        N/A

        * Loop: 
        +---------------+---------+---------+----------+-----------+-----------+------+----------+
        |               |  Latency (cycles) | Iteration|  Initiation Interval  | Trip |          |
        |   Loop Name   |   min   |   max   |  Latency |  achieved |   target  | Count| Pipelined|
        +---------------+---------+---------+----------+-----------+-----------+------+----------+
        |- ReLUActLoop  |      218|      218|         4|          1|          1|   216|       yes|
        +---------------+---------+---------+----------+-----------+-----------+------+----------+



================================================================
== Utilization Estimates
================================================================
* Summary: 
+-----------------+---------+-----+--------+--------+-----+
|       Name      | BRAM_18K| DSP |   FF   |   LUT  | URAM|
+-----------------+---------+-----+--------+--------+-----+
|DSP              |        -|    -|       -|       -|    -|
|Expression       |        -|    -|       0|    6588|    -|
|FIFO             |        -|    -|       -|       -|    -|
|Instance         |        -|    -|       -|       -|    -|
|Memory           |        -|    -|       -|       -|    -|
|Multiplexer      |        -|    -|       -|      63|    -|
|Register         |        -|    -|    1912|       -|    -|
+-----------------+---------+-----+--------+--------+-----+
|Total            |        0|    0|    1912|    6651|    0|
+-----------------+---------+-----+--------+--------+-----+
|Available        |     2842|  672|  891424|  445712|    0|
+-----------------+---------+-----+--------+--------+-----+
|Utilization (%)  |        0|    0|      ~0|       1|    0|
+-----------------+---------+-----+--------+--------+-----+

+ Detail: 
    * Instance: 
    N/A

    * DSP: 
    N/A

    * Memory: 
    N/A

    * FIFO: 
    N/A

    * Expression: 
    +----------------------------+----------+----+---+----+------------+------------+
    |        Variable Name       | Operation| DSP| FF| LUT| Bitwidth P0| Bitwidth P1|
    +----------------------------+----------+----+---+----+------------+------------+
    |add_ln52_10_fu_3688_p2      |         +|   0|  0|  23|          16|          16|
    |add_ln52_11_fu_3842_p2      |         +|   0|  0|  23|          16|          16|
    |add_ln52_12_fu_3996_p2      |         +|   0|  0|  23|          16|          16|
    |add_ln52_13_fu_4150_p2      |         +|   0|  0|  23|          16|          16|
    |add_ln52_14_fu_4304_p2      |         +|   0|  0|  23|          16|          16|
    |add_ln52_15_fu_4458_p2      |         +|   0|  0|  23|          16|          16|
    |add_ln52_16_fu_4612_p2      |         +|   0|  0|  23|          16|          16|
    |add_ln52_17_fu_4766_p2      |         +|   0|  0|  23|          16|          16|
    |add_ln52_18_fu_4920_p2      |         +|   0|  0|  23|          16|          16|
    |add_ln52_19_fu_5074_p2      |         +|   0|  0|  23|          16|          16|
    |add_ln52_1_fu_2302_p2       |         +|   0|  0|  23|          16|          16|
    |add_ln52_20_fu_5228_p2      |         +|   0|  0|  23|          16|          16|
    |add_ln52_21_fu_5382_p2      |         +|   0|  0|  23|          16|          16|
    |add_ln52_22_fu_5536_p2      |         +|   0|  0|  23|          16|          16|
    |add_ln52_23_fu_5690_p2      |         +|   0|  0|  23|          16|          16|
    |add_ln52_2_fu_2456_p2       |         +|   0|  0|  23|          16|          16|
    |add_ln52_3_fu_2610_p2       |         +|   0|  0|  23|          16|          16|
    |add_ln52_4_fu_2764_p2       |         +|   0|  0|  23|          16|          16|
    |add_ln52_5_fu_2918_p2       |         +|   0|  0|  23|          16|          16|
    |add_ln52_6_fu_3072_p2       |         +|   0|  0|  23|          16|          16|
    |add_ln52_7_fu_3226_p2       |         +|   0|  0|  23|          16|          16|
    |add_ln52_8_fu_3380_p2       |         +|   0|  0|  23|          16|          16|
    |add_ln52_9_fu_3534_p2       |         +|   0|  0|  23|          16|          16|
    |add_ln52_fu_2148_p2         |         +|   0|  0|  23|          16|          16|
    |i_6_fu_431_p2               |         +|   0|  0|  15|           8|           1|
    |and_ln52_10_fu_2908_p2      |       and|   0|  0|   2|           1|           1|
    |and_ln52_11_fu_2970_p2      |       and|   0|  0|   2|           1|           1|
    |and_ln52_12_fu_3062_p2      |       and|   0|  0|   2|           1|           1|
    |and_ln52_13_fu_3124_p2      |       and|   0|  0|   2|           1|           1|
    |and_ln52_14_fu_3216_p2      |       and|   0|  0|   2|           1|           1|
    |and_ln52_15_fu_3278_p2      |       and|   0|  0|   2|           1|           1|
    |and_ln52_16_fu_3370_p2      |       and|   0|  0|   2|           1|           1|
    |and_ln52_17_fu_3432_p2      |       and|   0|  0|   2|           1|           1|
    |and_ln52_18_fu_3524_p2      |       and|   0|  0|   2|           1|           1|
    |and_ln52_19_fu_3586_p2      |       and|   0|  0|   2|           1|           1|
    |and_ln52_1_fu_2200_p2       |       and|   0|  0|   2|           1|           1|
    |and_ln52_20_fu_3678_p2      |       and|   0|  0|   2|           1|           1|
    |and_ln52_21_fu_3740_p2      |       and|   0|  0|   2|           1|           1|
    |and_ln52_22_fu_3832_p2      |       and|   0|  0|   2|           1|           1|
    |and_ln52_23_fu_3894_p2      |       and|   0|  0|   2|           1|           1|
    |and_ln52_24_fu_3986_p2      |       and|   0|  0|   2|           1|           1|
    |and_ln52_25_fu_4048_p2      |       and|   0|  0|   2|           1|           1|
    |and_ln52_26_fu_4140_p2      |       and|   0|  0|   2|           1|           1|
    |and_ln52_27_fu_4202_p2      |       and|   0|  0|   2|           1|           1|
    |and_ln52_28_fu_4294_p2      |       and|   0|  0|   2|           1|           1|
    |and_ln52_29_fu_4356_p2      |       and|   0|  0|   2|           1|           1|
    |and_ln52_2_fu_2292_p2       |       and|   0|  0|   2|           1|           1|
    |and_ln52_30_fu_4448_p2      |       and|   0|  0|   2|           1|           1|
    |and_ln52_31_fu_4510_p2      |       and|   0|  0|   2|           1|           1|
    |and_ln52_32_fu_4602_p2      |       and|   0|  0|   2|           1|           1|
    |and_ln52_33_fu_4664_p2      |       and|   0|  0|   2|           1|           1|
    |and_ln52_34_fu_4756_p2      |       and|   0|  0|   2|           1|           1|
    |and_ln52_35_fu_4818_p2      |       and|   0|  0|   2|           1|           1|
    |and_ln52_36_fu_4910_p2      |       and|   0|  0|   2|           1|           1|
    |and_ln52_37_fu_4972_p2      |       and|   0|  0|   2|           1|           1|
    |and_ln52_38_fu_5064_p2      |       and|   0|  0|   2|           1|           1|
    |and_ln52_39_fu_5126_p2      |       and|   0|  0|   2|           1|           1|
    |and_ln52_3_fu_2354_p2       |       and|   0|  0|   2|           1|           1|
    |and_ln52_40_fu_5218_p2      |       and|   0|  0|   2|           1|           1|
    |and_ln52_41_fu_5280_p2      |       and|   0|  0|   2|           1|           1|
    |and_ln52_42_fu_5372_p2      |       and|   0|  0|   2|           1|           1|
    |and_ln52_43_fu_5434_p2      |       and|   0|  0|   2|           1|           1|
    |and_ln52_44_fu_5526_p2      |       and|   0|  0|   2|           1|           1|
    |and_ln52_45_fu_5588_p2      |       and|   0|  0|   2|           1|           1|
    |and_ln52_46_fu_5680_p2      |       and|   0|  0|   2|           1|           1|
    |and_ln52_47_fu_5742_p2      |       and|   0|  0|   2|           1|           1|
    |and_ln52_48_fu_2195_p2      |       and|   0|  0|   2|           1|           1|
    |and_ln52_49_fu_2223_p2      |       and|   0|  0|   2|           1|           1|
    |and_ln52_4_fu_2446_p2       |       and|   0|  0|   2|           1|           1|
    |and_ln52_50_fu_2349_p2      |       and|   0|  0|   2|           1|           1|
    |and_ln52_51_fu_2377_p2      |       and|   0|  0|   2|           1|           1|
    |and_ln52_52_fu_2503_p2      |       and|   0|  0|   2|           1|           1|
    |and_ln52_53_fu_2531_p2      |       and|   0|  0|   2|           1|           1|
    |and_ln52_54_fu_2657_p2      |       and|   0|  0|   2|           1|           1|
    |and_ln52_55_fu_2685_p2      |       and|   0|  0|   2|           1|           1|
    |and_ln52_56_fu_2811_p2      |       and|   0|  0|   2|           1|           1|
    |and_ln52_57_fu_2839_p2      |       and|   0|  0|   2|           1|           1|
    |and_ln52_58_fu_2965_p2      |       and|   0|  0|   2|           1|           1|
    |and_ln52_59_fu_2993_p2      |       and|   0|  0|   2|           1|           1|
    |and_ln52_5_fu_2508_p2       |       and|   0|  0|   2|           1|           1|
    |and_ln52_60_fu_3119_p2      |       and|   0|  0|   2|           1|           1|
    |and_ln52_61_fu_3147_p2      |       and|   0|  0|   2|           1|           1|
    |and_ln52_62_fu_3273_p2      |       and|   0|  0|   2|           1|           1|
    |and_ln52_63_fu_3301_p2      |       and|   0|  0|   2|           1|           1|
    |and_ln52_64_fu_3427_p2      |       and|   0|  0|   2|           1|           1|
    |and_ln52_65_fu_3455_p2      |       and|   0|  0|   2|           1|           1|
    |and_ln52_66_fu_3581_p2      |       and|   0|  0|   2|           1|           1|
    |and_ln52_67_fu_3609_p2      |       and|   0|  0|   2|           1|           1|
    |and_ln52_68_fu_3735_p2      |       and|   0|  0|   2|           1|           1|
    |and_ln52_69_fu_3763_p2      |       and|   0|  0|   2|           1|           1|
    |and_ln52_6_fu_2600_p2       |       and|   0|  0|   2|           1|           1|
    |and_ln52_70_fu_3889_p2      |       and|   0|  0|   2|           1|           1|
    |and_ln52_71_fu_3917_p2      |       and|   0|  0|   2|           1|           1|
    |and_ln52_72_fu_4043_p2      |       and|   0|  0|   2|           1|           1|
    |and_ln52_73_fu_4071_p2      |       and|   0|  0|   2|           1|           1|
    |and_ln52_74_fu_4197_p2      |       and|   0|  0|   2|           1|           1|
    |and_ln52_75_fu_4225_p2      |       and|   0|  0|   2|           1|           1|
    |and_ln52_76_fu_4351_p2      |       and|   0|  0|   2|           1|           1|
    |and_ln52_77_fu_4379_p2      |       and|   0|  0|   2|           1|           1|
    |and_ln52_78_fu_4505_p2      |       and|   0|  0|   2|           1|           1|
    |and_ln52_79_fu_4533_p2      |       and|   0|  0|   2|           1|           1|
    |and_ln52_7_fu_2662_p2       |       and|   0|  0|   2|           1|           1|
    |and_ln52_80_fu_4659_p2      |       and|   0|  0|   2|           1|           1|
    |and_ln52_81_fu_4687_p2      |       and|   0|  0|   2|           1|           1|
    |and_ln52_82_fu_4813_p2      |       and|   0|  0|   2|           1|           1|
    |and_ln52_83_fu_4841_p2      |       and|   0|  0|   2|           1|           1|
    |and_ln52_84_fu_4967_p2      |       and|   0|  0|   2|           1|           1|
    |and_ln52_85_fu_4995_p2      |       and|   0|  0|   2|           1|           1|
    |and_ln52_86_fu_5121_p2      |       and|   0|  0|   2|           1|           1|
    |and_ln52_87_fu_5149_p2      |       and|   0|  0|   2|           1|           1|
    |and_ln52_88_fu_5275_p2      |       and|   0|  0|   2|           1|           1|
    |and_ln52_89_fu_5303_p2      |       and|   0|  0|   2|           1|           1|
    |and_ln52_8_fu_2754_p2       |       and|   0|  0|   2|           1|           1|
    |and_ln52_90_fu_5429_p2      |       and|   0|  0|   2|           1|           1|
    |and_ln52_91_fu_5457_p2      |       and|   0|  0|   2|           1|           1|
    |and_ln52_92_fu_5583_p2      |       and|   0|  0|   2|           1|           1|
    |and_ln52_93_fu_5611_p2      |       and|   0|  0|   2|           1|           1|
    |and_ln52_94_fu_5737_p2      |       and|   0|  0|   2|           1|           1|
    |and_ln52_95_fu_5765_p2      |       and|   0|  0|   2|           1|           1|
    |and_ln52_9_fu_2816_p2       |       and|   0|  0|   2|           1|           1|
    |and_ln52_fu_2138_p2         |       and|   0|  0|   2|           1|           1|
    |ap_condition_456            |       and|   0|  0|   2|           1|           1|
    |icmp_ln41_fu_425_p2         |      icmp|   0|  0|  15|           8|           7|
    |icmp_ln51_10_fu_1270_p2     |      icmp|   0|  0|  64|          57|           1|
    |icmp_ln51_11_fu_1330_p2     |      icmp|   0|  0|  64|          57|           1|
    |icmp_ln51_12_fu_1390_p2     |      icmp|   0|  0|  64|          57|           1|
    |icmp_ln51_13_fu_1450_p2     |      icmp|   0|  0|  64|          57|           1|
    |icmp_ln51_14_fu_1510_p2     |      icmp|   0|  0|  64|          57|           1|
    |icmp_ln51_15_fu_1570_p2     |      icmp|   0|  0|  64|          57|           1|
    |icmp_ln51_16_fu_1630_p2     |      icmp|   0|  0|  64|          57|           1|
    |icmp_ln51_17_fu_1690_p2     |      icmp|   0|  0|  64|          57|           1|
    |icmp_ln51_18_fu_1750_p2     |      icmp|   0|  0|  64|          57|           1|
    |icmp_ln51_19_fu_1810_p2     |      icmp|   0|  0|  64|          57|           1|
    |icmp_ln51_1_fu_730_p2       |      icmp|   0|  0|  64|          57|           1|
    |icmp_ln51_20_fu_1870_p2     |      icmp|   0|  0|  64|          57|           1|
    |icmp_ln51_21_fu_1930_p2     |      icmp|   0|  0|  64|          57|           1|
    |icmp_ln51_22_fu_1990_p2     |      icmp|   0|  0|  64|          57|           1|
    |icmp_ln51_23_fu_2050_p2     |      icmp|   0|  0|  64|          57|           1|
    |icmp_ln51_2_fu_790_p2       |      icmp|   0|  0|  64|          57|           1|
    |icmp_ln51_3_fu_850_p2       |      icmp|   0|  0|  64|          57|           1|
    |icmp_ln51_4_fu_910_p2       |      icmp|   0|  0|  64|          57|           1|
    |icmp_ln51_5_fu_970_p2       |      icmp|   0|  0|  64|          57|           1|
    |icmp_ln51_6_fu_1030_p2      |      icmp|   0|  0|  64|          57|           1|
    |icmp_ln51_7_fu_1090_p2      |      icmp|   0|  0|  64|          57|           1|
    |icmp_ln51_8_fu_1150_p2      |      icmp|   0|  0|  64|          57|           1|
    |icmp_ln51_9_fu_1210_p2      |      icmp|   0|  0|  64|          57|           1|
    |icmp_ln51_fu_676_p2         |      icmp|   0|  0|  64|          57|           1|
    |icmp_ln52_10_fu_898_p2      |      icmp|   0|  0|  29|          22|           2|
    |icmp_ln52_11_fu_904_p2      |      icmp|   0|  0|  29|          22|           1|
    |icmp_ln52_12_fu_934_p2      |      icmp|   0|  0|  25|          18|           1|
    |icmp_ln52_13_fu_958_p2      |      icmp|   0|  0|  29|          22|           2|
    |icmp_ln52_14_fu_964_p2      |      icmp|   0|  0|  29|          22|           1|
    |icmp_ln52_15_fu_994_p2      |      icmp|   0|  0|  25|          18|           1|
    |icmp_ln52_16_fu_1018_p2     |      icmp|   0|  0|  29|          22|           2|
    |icmp_ln52_17_fu_1024_p2     |      icmp|   0|  0|  29|          22|           1|
    |icmp_ln52_18_fu_1054_p2     |      icmp|   0|  0|  25|          18|           1|
    |icmp_ln52_19_fu_1078_p2     |      icmp|   0|  0|  29|          22|           2|
    |icmp_ln52_1_fu_718_p2       |      icmp|   0|  0|  29|          22|           2|
    |icmp_ln52_20_fu_1084_p2     |      icmp|   0|  0|  29|          22|           1|
    |icmp_ln52_21_fu_1114_p2     |      icmp|   0|  0|  25|          18|           1|
    |icmp_ln52_22_fu_1138_p2     |      icmp|   0|  0|  29|          22|           2|
    |icmp_ln52_23_fu_1144_p2     |      icmp|   0|  0|  29|          22|           1|
    |icmp_ln52_24_fu_1174_p2     |      icmp|   0|  0|  25|          18|           1|
    |icmp_ln52_25_fu_1198_p2     |      icmp|   0|  0|  29|          22|           2|
    |icmp_ln52_26_fu_1204_p2     |      icmp|   0|  0|  29|          22|           1|
    |icmp_ln52_27_fu_1234_p2     |      icmp|   0|  0|  25|          18|           1|
    |icmp_ln52_28_fu_1258_p2     |      icmp|   0|  0|  29|          22|           2|
    |icmp_ln52_29_fu_1264_p2     |      icmp|   0|  0|  29|          22|           1|
    |icmp_ln52_2_fu_724_p2       |      icmp|   0|  0|  29|          22|           1|
    |icmp_ln52_30_fu_1294_p2     |      icmp|   0|  0|  25|          18|           1|
    |icmp_ln52_31_fu_1318_p2     |      icmp|   0|  0|  29|          22|           2|
    |icmp_ln52_32_fu_1324_p2     |      icmp|   0|  0|  29|          22|           1|
    |icmp_ln52_33_fu_1354_p2     |      icmp|   0|  0|  25|          18|           1|
    |icmp_ln52_34_fu_1378_p2     |      icmp|   0|  0|  29|          22|           2|
    |icmp_ln52_35_fu_1384_p2     |      icmp|   0|  0|  29|          22|           1|
    |icmp_ln52_36_fu_1414_p2     |      icmp|   0|  0|  25|          18|           1|
    |icmp_ln52_37_fu_1438_p2     |      icmp|   0|  0|  29|          22|           2|
    |icmp_ln52_38_fu_1444_p2     |      icmp|   0|  0|  29|          22|           1|
    |icmp_ln52_39_fu_1474_p2     |      icmp|   0|  0|  25|          18|           1|
    |icmp_ln52_3_fu_754_p2       |      icmp|   0|  0|  25|          18|           1|
    |icmp_ln52_40_fu_1498_p2     |      icmp|   0|  0|  29|          22|           2|
    |icmp_ln52_41_fu_1504_p2     |      icmp|   0|  0|  29|          22|           1|
    |icmp_ln52_42_fu_1534_p2     |      icmp|   0|  0|  25|          18|           1|
    |icmp_ln52_43_fu_1558_p2     |      icmp|   0|  0|  29|          22|           2|
    |icmp_ln52_44_fu_1564_p2     |      icmp|   0|  0|  29|          22|           1|
    |icmp_ln52_45_fu_1594_p2     |      icmp|   0|  0|  25|          18|           1|
    |icmp_ln52_46_fu_1618_p2     |      icmp|   0|  0|  29|          22|           2|
    |icmp_ln52_47_fu_1624_p2     |      icmp|   0|  0|  29|          22|           1|
    |icmp_ln52_48_fu_1654_p2     |      icmp|   0|  0|  25|          18|           1|
    |icmp_ln52_49_fu_1678_p2     |      icmp|   0|  0|  29|          22|           2|
    |icmp_ln52_4_fu_778_p2       |      icmp|   0|  0|  29|          22|           2|
    |icmp_ln52_50_fu_1684_p2     |      icmp|   0|  0|  29|          22|           1|
    |icmp_ln52_51_fu_1714_p2     |      icmp|   0|  0|  25|          18|           1|
    |icmp_ln52_52_fu_1738_p2     |      icmp|   0|  0|  29|          22|           2|
    |icmp_ln52_53_fu_1744_p2     |      icmp|   0|  0|  29|          22|           1|
    |icmp_ln52_54_fu_1774_p2     |      icmp|   0|  0|  25|          18|           1|
    |icmp_ln52_55_fu_1798_p2     |      icmp|   0|  0|  29|          22|           2|
    |icmp_ln52_56_fu_1804_p2     |      icmp|   0|  0|  29|          22|           1|
    |icmp_ln52_57_fu_1834_p2     |      icmp|   0|  0|  25|          18|           1|
    |icmp_ln52_58_fu_1858_p2     |      icmp|   0|  0|  29|          22|           2|
    |icmp_ln52_59_fu_1864_p2     |      icmp|   0|  0|  29|          22|           1|
    |icmp_ln52_5_fu_784_p2       |      icmp|   0|  0|  29|          22|           1|
    |icmp_ln52_60_fu_1894_p2     |      icmp|   0|  0|  25|          18|           1|
    |icmp_ln52_61_fu_1918_p2     |      icmp|   0|  0|  29|          22|           2|
    |icmp_ln52_62_fu_1924_p2     |      icmp|   0|  0|  29|          22|           1|
    |icmp_ln52_63_fu_1954_p2     |      icmp|   0|  0|  25|          18|           1|
    |icmp_ln52_64_fu_1978_p2     |      icmp|   0|  0|  29|          22|           2|
    |icmp_ln52_65_fu_1984_p2     |      icmp|   0|  0|  29|          22|           1|
    |icmp_ln52_66_fu_2014_p2     |      icmp|   0|  0|  25|          18|           1|
    |icmp_ln52_67_fu_2038_p2     |      icmp|   0|  0|  29|          22|           2|
    |icmp_ln52_68_fu_2044_p2     |      icmp|   0|  0|  29|          22|           1|
    |icmp_ln52_69_fu_2074_p2     |      icmp|   0|  0|  25|          18|           1|
    |icmp_ln52_6_fu_814_p2       |      icmp|   0|  0|  25|          18|           1|
    |icmp_ln52_70_fu_2098_p2     |      icmp|   0|  0|  29|          22|           2|
    |icmp_ln52_71_fu_2104_p2     |      icmp|   0|  0|  29|          22|           1|
    |icmp_ln52_7_fu_838_p2       |      icmp|   0|  0|  29|          22|           2|
    |icmp_ln52_8_fu_844_p2       |      icmp|   0|  0|  29|          22|           1|
    |icmp_ln52_9_fu_874_p2       |      icmp|   0|  0|  25|          18|           1|
    |icmp_ln52_fu_694_p2         |      icmp|   0|  0|  25|          18|           1|
    |ap_block_pp0_stage0_01001   |        or|   0|  0|   2|           1|           1|
    |or_ln52_10_fu_2646_p2       |        or|   0|  0|   2|           1|           1|
    |or_ln52_11_fu_2690_p2       |        or|   0|  0|   2|           1|           1|
    |or_ln52_12_fu_2749_p2       |        or|   0|  0|   2|           1|           1|
    |or_ln52_13_fu_2800_p2       |        or|   0|  0|   2|           1|           1|
    |or_ln52_14_fu_2844_p2       |        or|   0|  0|   2|           1|           1|
    |or_ln52_15_fu_2903_p2       |        or|   0|  0|   2|           1|           1|
    |or_ln52_16_fu_2954_p2       |        or|   0|  0|   2|           1|           1|
    |or_ln52_17_fu_2998_p2       |        or|   0|  0|   2|           1|           1|
    |or_ln52_18_fu_3057_p2       |        or|   0|  0|   2|           1|           1|
    |or_ln52_19_fu_3108_p2       |        or|   0|  0|   2|           1|           1|
    |or_ln52_1_fu_2184_p2        |        or|   0|  0|   2|           1|           1|
    |or_ln52_20_fu_3152_p2       |        or|   0|  0|   2|           1|           1|
    |or_ln52_21_fu_3211_p2       |        or|   0|  0|   2|           1|           1|
    |or_ln52_22_fu_3262_p2       |        or|   0|  0|   2|           1|           1|
    |or_ln52_23_fu_3306_p2       |        or|   0|  0|   2|           1|           1|
    |or_ln52_24_fu_3365_p2       |        or|   0|  0|   2|           1|           1|
    |or_ln52_25_fu_3416_p2       |        or|   0|  0|   2|           1|           1|
    |or_ln52_26_fu_3460_p2       |        or|   0|  0|   2|           1|           1|
    |or_ln52_27_fu_3519_p2       |        or|   0|  0|   2|           1|           1|
    |or_ln52_28_fu_3570_p2       |        or|   0|  0|   2|           1|           1|
    |or_ln52_29_fu_3614_p2       |        or|   0|  0|   2|           1|           1|
    |or_ln52_2_fu_2228_p2        |        or|   0|  0|   2|           1|           1|
    |or_ln52_30_fu_3673_p2       |        or|   0|  0|   2|           1|           1|
    |or_ln52_31_fu_3724_p2       |        or|   0|  0|   2|           1|           1|
    |or_ln52_32_fu_3768_p2       |        or|   0|  0|   2|           1|           1|
    |or_ln52_33_fu_3827_p2       |        or|   0|  0|   2|           1|           1|
    |or_ln52_34_fu_3878_p2       |        or|   0|  0|   2|           1|           1|
    |or_ln52_35_fu_3922_p2       |        or|   0|  0|   2|           1|           1|
    |or_ln52_36_fu_3981_p2       |        or|   0|  0|   2|           1|           1|
    |or_ln52_37_fu_4032_p2       |        or|   0|  0|   2|           1|           1|
    |or_ln52_38_fu_4076_p2       |        or|   0|  0|   2|           1|           1|
    |or_ln52_39_fu_4135_p2       |        or|   0|  0|   2|           1|           1|
    |or_ln52_3_fu_2287_p2        |        or|   0|  0|   2|           1|           1|
    |or_ln52_40_fu_4186_p2       |        or|   0|  0|   2|           1|           1|
    |or_ln52_41_fu_4230_p2       |        or|   0|  0|   2|           1|           1|
    |or_ln52_42_fu_4289_p2       |        or|   0|  0|   2|           1|           1|
    |or_ln52_43_fu_4340_p2       |        or|   0|  0|   2|           1|           1|
    |or_ln52_44_fu_4384_p2       |        or|   0|  0|   2|           1|           1|
    |or_ln52_45_fu_4443_p2       |        or|   0|  0|   2|           1|           1|
    |or_ln52_46_fu_4494_p2       |        or|   0|  0|   2|           1|           1|
    |or_ln52_47_fu_4538_p2       |        or|   0|  0|   2|           1|           1|
    |or_ln52_48_fu_4597_p2       |        or|   0|  0|   2|           1|           1|
    |or_ln52_49_fu_4648_p2       |        or|   0|  0|   2|           1|           1|
    |or_ln52_4_fu_2338_p2        |        or|   0|  0|   2|           1|           1|
    |or_ln52_50_fu_4692_p2       |        or|   0|  0|   2|           1|           1|
    |or_ln52_51_fu_4751_p2       |        or|   0|  0|   2|           1|           1|
    |or_ln52_52_fu_4802_p2       |        or|   0|  0|   2|           1|           1|
    |or_ln52_53_fu_4846_p2       |        or|   0|  0|   2|           1|           1|
    |or_ln52_54_fu_4905_p2       |        or|   0|  0|   2|           1|           1|
    |or_ln52_55_fu_4956_p2       |        or|   0|  0|   2|           1|           1|
    |or_ln52_56_fu_5000_p2       |        or|   0|  0|   2|           1|           1|
    |or_ln52_57_fu_5059_p2       |        or|   0|  0|   2|           1|           1|
    |or_ln52_58_fu_5110_p2       |        or|   0|  0|   2|           1|           1|
    |or_ln52_59_fu_5154_p2       |        or|   0|  0|   2|           1|           1|
    |or_ln52_5_fu_2382_p2        |        or|   0|  0|   2|           1|           1|
    |or_ln52_60_fu_5213_p2       |        or|   0|  0|   2|           1|           1|
    |or_ln52_61_fu_5264_p2       |        or|   0|  0|   2|           1|           1|
    |or_ln52_62_fu_5308_p2       |        or|   0|  0|   2|           1|           1|
    |or_ln52_63_fu_5367_p2       |        or|   0|  0|   2|           1|           1|
    |or_ln52_64_fu_5418_p2       |        or|   0|  0|   2|           1|           1|
    |or_ln52_65_fu_5462_p2       |        or|   0|  0|   2|           1|           1|
    |or_ln52_66_fu_5521_p2       |        or|   0|  0|   2|           1|           1|
    |or_ln52_67_fu_5572_p2       |        or|   0|  0|   2|           1|           1|
    |or_ln52_68_fu_5616_p2       |        or|   0|  0|   2|           1|           1|
    |or_ln52_69_fu_5675_p2       |        or|   0|  0|   2|           1|           1|
    |or_ln52_6_fu_2441_p2        |        or|   0|  0|   2|           1|           1|
    |or_ln52_70_fu_5726_p2       |        or|   0|  0|   2|           1|           1|
    |or_ln52_71_fu_5770_p2       |        or|   0|  0|   2|           1|           1|
    |or_ln52_7_fu_2492_p2        |        or|   0|  0|   2|           1|           1|
    |or_ln52_8_fu_2536_p2        |        or|   0|  0|   2|           1|           1|
    |or_ln52_9_fu_2595_p2        |        or|   0|  0|   2|           1|           1|
    |or_ln52_fu_2133_p2          |        or|   0|  0|   2|           1|           1|
    |out_data_1_fu_2257_p3       |    select|   0|  0|  16|           1|          16|
    |out_data_2_fu_2403_p3       |    select|   0|  0|  16|           1|          16|
    |out_data_3_fu_2411_p3       |    select|   0|  0|  16|           1|          16|
    |out_data_4_fu_2557_p3       |    select|   0|  0|  16|           1|          16|
    |out_data_5_fu_2565_p3       |    select|   0|  0|  16|           1|          16|
    |out_data_6_fu_2711_p3       |    select|   0|  0|  16|           1|          16|
    |out_data_7_fu_2719_p3       |    select|   0|  0|  16|           1|          16|
    |out_data_fu_2249_p3         |    select|   0|  0|  16|           1|          16|
    |select_ln51_10_fu_4413_p3   |    select|   0|  0|  16|           1|          16|
    |select_ln51_11_fu_4567_p3   |    select|   0|  0|  16|           1|          16|
    |select_ln51_12_fu_4721_p3   |    select|   0|  0|  16|           1|          16|
    |select_ln51_13_fu_4875_p3   |    select|   0|  0|  16|           1|          16|
    |select_ln51_14_fu_5029_p3   |    select|   0|  0|  16|           1|          16|
    |select_ln51_15_fu_5183_p3   |    select|   0|  0|  16|           1|          16|
    |select_ln51_16_fu_5337_p3   |    select|   0|  0|  16|           1|          16|
    |select_ln51_17_fu_5491_p3   |    select|   0|  0|  16|           1|          16|
    |select_ln51_18_fu_5645_p3   |    select|   0|  0|  16|           1|          16|
    |select_ln51_19_fu_5799_p3   |    select|   0|  0|  16|           1|          16|
    |select_ln51_1_fu_3027_p3    |    select|   0|  0|  16|           1|          16|
    |select_ln51_2_fu_3181_p3    |    select|   0|  0|  16|           1|          16|
    |select_ln51_3_fu_3335_p3    |    select|   0|  0|  16|           1|          16|
    |select_ln51_4_fu_3489_p3    |    select|   0|  0|  16|           1|          16|
    |select_ln51_5_fu_3643_p3    |    select|   0|  0|  16|           1|          16|
    |select_ln51_6_fu_3797_p3    |    select|   0|  0|  16|           1|          16|
    |select_ln51_7_fu_3951_p3    |    select|   0|  0|  16|           1|          16|
    |select_ln51_8_fu_4105_p3    |    select|   0|  0|  16|           1|          16|
    |select_ln51_9_fu_4259_p3    |    select|   0|  0|  16|           1|          16|
    |select_ln51_fu_2873_p3      |    select|   0|  0|  16|           1|          16|
    |select_ln52_101_fu_2640_p3  |    select|   0|  0|   2|           1|           1|
    |select_ln52_102_fu_2696_p3  |    select|   0|  0|  16|           1|          16|
    |select_ln52_104_fu_2794_p3  |    select|   0|  0|   2|           1|           1|
    |select_ln52_105_fu_2850_p3  |    select|   0|  0|  16|           1|          16|
    |select_ln52_106_fu_2948_p3  |    select|   0|  0|   2|           1|           1|
    |select_ln52_107_fu_3004_p3  |    select|   0|  0|  16|           1|          16|
    |select_ln52_108_fu_3102_p3  |    select|   0|  0|   2|           1|           1|
    |select_ln52_109_fu_3158_p3  |    select|   0|  0|  16|           1|          16|
    |select_ln52_10_fu_2549_p3   |    select|   0|  0|  16|           1|          16|
    |select_ln52_110_fu_3256_p3  |    select|   0|  0|   2|           1|           1|
    |select_ln52_111_fu_3312_p3  |    select|   0|  0|  16|           1|          16|
    |select_ln52_112_fu_3410_p3  |    select|   0|  0|   2|           1|           1|
    |select_ln52_113_fu_3466_p3  |    select|   0|  0|  16|           1|          16|
    |select_ln52_114_fu_3564_p3  |    select|   0|  0|   2|           1|           1|
    |select_ln52_115_fu_3620_p3  |    select|   0|  0|  16|           1|          16|
    |select_ln52_116_fu_3718_p3  |    select|   0|  0|   2|           1|           1|
    |select_ln52_117_fu_3774_p3  |    select|   0|  0|  16|           1|          16|
    |select_ln52_118_fu_3872_p3  |    select|   0|  0|   2|           1|           1|
    |select_ln52_119_fu_3928_p3  |    select|   0|  0|  16|           1|          16|
    |select_ln52_120_fu_4026_p3  |    select|   0|  0|   2|           1|           1|
    |select_ln52_121_fu_4082_p3  |    select|   0|  0|  16|           1|          16|
    |select_ln52_122_fu_4180_p3  |    select|   0|  0|   2|           1|           1|
    |select_ln52_123_fu_4236_p3  |    select|   0|  0|  16|           1|          16|
    |select_ln52_124_fu_4334_p3  |    select|   0|  0|   2|           1|           1|
    |select_ln52_125_fu_4390_p3  |    select|   0|  0|  16|           1|          16|
    |select_ln52_126_fu_4488_p3  |    select|   0|  0|   2|           1|           1|
    |select_ln52_127_fu_4544_p3  |    select|   0|  0|  16|           1|          16|
    |select_ln52_128_fu_4642_p3  |    select|   0|  0|   2|           1|           1|
    |select_ln52_129_fu_4698_p3  |    select|   0|  0|  16|           1|          16|
    |select_ln52_12_fu_2634_p3   |    select|   0|  0|   2|           1|           1|
    |select_ln52_130_fu_4796_p3  |    select|   0|  0|   2|           1|           1|
    |select_ln52_131_fu_4852_p3  |    select|   0|  0|  16|           1|          16|
    |select_ln52_132_fu_4950_p3  |    select|   0|  0|   2|           1|           1|
    |select_ln52_133_fu_5006_p3  |    select|   0|  0|  16|           1|          16|
    |select_ln52_134_fu_5104_p3  |    select|   0|  0|   2|           1|           1|
    |select_ln52_135_fu_5160_p3  |    select|   0|  0|  16|           1|          16|
    |select_ln52_136_fu_5258_p3  |    select|   0|  0|   2|           1|           1|
    |select_ln52_137_fu_5314_p3  |    select|   0|  0|  16|           1|          16|
    |select_ln52_138_fu_5412_p3  |    select|   0|  0|   2|           1|           1|
    |select_ln52_139_fu_5468_p3  |    select|   0|  0|  16|           1|          16|
    |select_ln52_13_fu_2673_p3   |    select|   0|  0|  15|           1|          15|
    |select_ln52_140_fu_5566_p3  |    select|   0|  0|   2|           1|           1|
    |select_ln52_141_fu_5622_p3  |    select|   0|  0|  16|           1|          16|
    |select_ln52_142_fu_5720_p3  |    select|   0|  0|   2|           1|           1|
    |select_ln52_143_fu_5776_p3  |    select|   0|  0|  16|           1|          16|
    |select_ln52_14_fu_2703_p3   |    select|   0|  0|  16|           1|          16|
    |select_ln52_15_fu_2332_p3   |    select|   0|  0|   2|           1|           1|
    |select_ln52_16_fu_2788_p3   |    select|   0|  0|   2|           1|           1|
    |select_ln52_17_fu_2827_p3   |    select|   0|  0|  15|           1|          15|
    |select_ln52_18_fu_2857_p3   |    select|   0|  0|  16|           1|          16|
    |select_ln52_19_fu_2865_p3   |    select|   0|  0|  16|           1|          16|
    |select_ln52_1_fu_2211_p3    |    select|   0|  0|  15|           1|          15|
    |select_ln52_20_fu_2942_p3   |    select|   0|  0|   2|           1|           1|
    |select_ln52_21_fu_2981_p3   |    select|   0|  0|  15|           1|          15|
    |select_ln52_22_fu_3011_p3   |    select|   0|  0|  16|           1|          16|
    |select_ln52_23_fu_3019_p3   |    select|   0|  0|  16|           1|          16|
    |select_ln52_24_fu_3096_p3   |    select|   0|  0|   2|           1|           1|
    |select_ln52_25_fu_3135_p3   |    select|   0|  0|  15|           1|          15|
    |select_ln52_26_fu_3165_p3   |    select|   0|  0|  16|           1|          16|
    |select_ln52_27_fu_3173_p3   |    select|   0|  0|  16|           1|          16|
    |select_ln52_28_fu_3250_p3   |    select|   0|  0|   2|           1|           1|
    |select_ln52_29_fu_3289_p3   |    select|   0|  0|  15|           1|          15|
    |select_ln52_2_fu_2241_p3    |    select|   0|  0|  16|           1|          16|
    |select_ln52_30_fu_3319_p3   |    select|   0|  0|  16|           1|          16|
    |select_ln52_31_fu_3327_p3   |    select|   0|  0|  16|           1|          16|
    |select_ln52_32_fu_3404_p3   |    select|   0|  0|   2|           1|           1|
    |select_ln52_33_fu_3443_p3   |    select|   0|  0|  15|           1|          15|
    |select_ln52_34_fu_3473_p3   |    select|   0|  0|  16|           1|          16|
    |select_ln52_35_fu_3481_p3   |    select|   0|  0|  16|           1|          16|
    |select_ln52_36_fu_3558_p3   |    select|   0|  0|   2|           1|           1|
    |select_ln52_37_fu_3597_p3   |    select|   0|  0|  15|           1|          15|
    |select_ln52_38_fu_3627_p3   |    select|   0|  0|  16|           1|          16|
    |select_ln52_39_fu_3635_p3   |    select|   0|  0|  16|           1|          16|
    |select_ln52_3_fu_2178_p3    |    select|   0|  0|   2|           1|           1|
    |select_ln52_40_fu_3712_p3   |    select|   0|  0|   2|           1|           1|
    |select_ln52_41_fu_3751_p3   |    select|   0|  0|  15|           1|          15|
    |select_ln52_42_fu_3781_p3   |    select|   0|  0|  16|           1|          16|
    |select_ln52_43_fu_3789_p3   |    select|   0|  0|  16|           1|          16|
    |select_ln52_44_fu_3866_p3   |    select|   0|  0|   2|           1|           1|
    |select_ln52_45_fu_3905_p3   |    select|   0|  0|  15|           1|          15|
    |select_ln52_46_fu_3935_p3   |    select|   0|  0|  16|           1|          16|
    |select_ln52_47_fu_3943_p3   |    select|   0|  0|  16|           1|          16|
    |select_ln52_48_fu_4020_p3   |    select|   0|  0|   2|           1|           1|
    |select_ln52_49_fu_4059_p3   |    select|   0|  0|  15|           1|          15|
    |select_ln52_4_fu_2326_p3    |    select|   0|  0|   2|           1|           1|
    |select_ln52_50_fu_4089_p3   |    select|   0|  0|  16|           1|          16|
    |select_ln52_51_fu_4097_p3   |    select|   0|  0|  16|           1|          16|
    |select_ln52_52_fu_4174_p3   |    select|   0|  0|   2|           1|           1|
    |select_ln52_53_fu_4213_p3   |    select|   0|  0|  15|           1|          15|
    |select_ln52_54_fu_4243_p3   |    select|   0|  0|  16|           1|          16|
    |select_ln52_55_fu_4251_p3   |    select|   0|  0|  16|           1|          16|
    |select_ln52_56_fu_4328_p3   |    select|   0|  0|   2|           1|           1|
    |select_ln52_57_fu_4367_p3   |    select|   0|  0|  15|           1|          15|
    |select_ln52_58_fu_4397_p3   |    select|   0|  0|  16|           1|          16|
    |select_ln52_59_fu_4405_p3   |    select|   0|  0|  16|           1|          16|
    |select_ln52_5_fu_2365_p3    |    select|   0|  0|  15|           1|          15|
    |select_ln52_60_fu_4482_p3   |    select|   0|  0|   2|           1|           1|
    |select_ln52_61_fu_4521_p3   |    select|   0|  0|  15|           1|          15|
    |select_ln52_62_fu_4551_p3   |    select|   0|  0|  16|           1|          16|
    |select_ln52_63_fu_4559_p3   |    select|   0|  0|  16|           1|          16|
    |select_ln52_64_fu_4636_p3   |    select|   0|  0|   2|           1|           1|
    |select_ln52_65_fu_4675_p3   |    select|   0|  0|  15|           1|          15|
    |select_ln52_66_fu_4705_p3   |    select|   0|  0|  16|           1|          16|
    |select_ln52_67_fu_4713_p3   |    select|   0|  0|  16|           1|          16|
    |select_ln52_68_fu_4790_p3   |    select|   0|  0|   2|           1|           1|
    |select_ln52_69_fu_4829_p3   |    select|   0|  0|  15|           1|          15|
    |select_ln52_6_fu_2395_p3    |    select|   0|  0|  16|           1|          16|
    |select_ln52_70_fu_4859_p3   |    select|   0|  0|  16|           1|          16|
    |select_ln52_71_fu_4867_p3   |    select|   0|  0|  16|           1|          16|
    |select_ln52_72_fu_4944_p3   |    select|   0|  0|   2|           1|           1|
    |select_ln52_73_fu_4983_p3   |    select|   0|  0|  15|           1|          15|
    |select_ln52_74_fu_5013_p3   |    select|   0|  0|  16|           1|          16|
    |select_ln52_75_fu_5021_p3   |    select|   0|  0|  16|           1|          16|
    |select_ln52_76_fu_5098_p3   |    select|   0|  0|   2|           1|           1|
    |select_ln52_77_fu_5137_p3   |    select|   0|  0|  15|           1|          15|
    |select_ln52_78_fu_5167_p3   |    select|   0|  0|  16|           1|          16|
    |select_ln52_79_fu_5175_p3   |    select|   0|  0|  16|           1|          16|
    |select_ln52_7_fu_2234_p3    |    select|   0|  0|  16|           1|          16|
    |select_ln52_80_fu_5252_p3   |    select|   0|  0|   2|           1|           1|
    |select_ln52_81_fu_5291_p3   |    select|   0|  0|  15|           1|          15|
    |select_ln52_82_fu_5321_p3   |    select|   0|  0|  16|           1|          16|
    |select_ln52_83_fu_5329_p3   |    select|   0|  0|  16|           1|          16|
    |select_ln52_84_fu_5406_p3   |    select|   0|  0|   2|           1|           1|
    |select_ln52_85_fu_5445_p3   |    select|   0|  0|  15|           1|          15|
    |select_ln52_86_fu_5475_p3   |    select|   0|  0|  16|           1|          16|
    |select_ln52_87_fu_5483_p3   |    select|   0|  0|  16|           1|          16|
    |select_ln52_88_fu_5560_p3   |    select|   0|  0|   2|           1|           1|
    |select_ln52_89_fu_5599_p3   |    select|   0|  0|  15|           1|          15|
    |select_ln52_8_fu_2480_p3    |    select|   0|  0|   2|           1|           1|
    |select_ln52_90_fu_5629_p3   |    select|   0|  0|  16|           1|          16|
    |select_ln52_91_fu_5637_p3   |    select|   0|  0|  16|           1|          16|
    |select_ln52_92_fu_5714_p3   |    select|   0|  0|   2|           1|           1|
    |select_ln52_93_fu_5753_p3   |    select|   0|  0|  15|           1|          15|
    |select_ln52_94_fu_5783_p3   |    select|   0|  0|  16|           1|          16|
    |select_ln52_95_fu_5791_p3   |    select|   0|  0|  16|           1|          16|
    |select_ln52_96_fu_2388_p3   |    select|   0|  0|  16|           1|          16|
    |select_ln52_98_fu_2486_p3   |    select|   0|  0|   2|           1|           1|
    |select_ln52_99_fu_2542_p3   |    select|   0|  0|  16|           1|          16|
    |select_ln52_9_fu_2519_p3    |    select|   0|  0|  15|           1|          15|
    |select_ln52_fu_2172_p3      |    select|   0|  0|   2|           1|           1|
    |ap_enable_pp0               |       xor|   0|  0|   2|           1|           2|
    |xor_ln52_10_fu_2959_p2      |       xor|   0|  0|   2|           1|           2|
    |xor_ln52_11_fu_2975_p2      |       xor|   0|  0|   2|           2|           1|
    |xor_ln52_12_fu_3113_p2      |       xor|   0|  0|   2|           1|           2|
    |xor_ln52_13_fu_3129_p2      |       xor|   0|  0|   2|           2|           1|
    |xor_ln52_14_fu_3267_p2      |       xor|   0|  0|   2|           1|           2|
    |xor_ln52_15_fu_3283_p2      |       xor|   0|  0|   2|           2|           1|
    |xor_ln52_16_fu_3421_p2      |       xor|   0|  0|   2|           1|           2|
    |xor_ln52_17_fu_3437_p2      |       xor|   0|  0|   2|           2|           1|
    |xor_ln52_18_fu_3575_p2      |       xor|   0|  0|   2|           1|           2|
    |xor_ln52_19_fu_3591_p2      |       xor|   0|  0|   2|           2|           1|
    |xor_ln52_1_fu_2205_p2       |       xor|   0|  0|   2|           2|           1|
    |xor_ln52_20_fu_3729_p2      |       xor|   0|  0|   2|           1|           2|
    |xor_ln52_21_fu_3745_p2      |       xor|   0|  0|   2|           2|           1|
    |xor_ln52_22_fu_3883_p2      |       xor|   0|  0|   2|           1|           2|
    |xor_ln52_23_fu_3899_p2      |       xor|   0|  0|   2|           2|           1|
    |xor_ln52_24_fu_4037_p2      |       xor|   0|  0|   2|           1|           2|
    |xor_ln52_25_fu_4053_p2      |       xor|   0|  0|   2|           2|           1|
    |xor_ln52_26_fu_4191_p2      |       xor|   0|  0|   2|           1|           2|
    |xor_ln52_27_fu_4207_p2      |       xor|   0|  0|   2|           2|           1|
    |xor_ln52_28_fu_4345_p2      |       xor|   0|  0|   2|           1|           2|
    |xor_ln52_29_fu_4361_p2      |       xor|   0|  0|   2|           2|           1|
    |xor_ln52_2_fu_2343_p2       |       xor|   0|  0|   2|           1|           2|
    |xor_ln52_30_fu_4499_p2      |       xor|   0|  0|   2|           1|           2|
    |xor_ln52_31_fu_4515_p2      |       xor|   0|  0|   2|           2|           1|
    |xor_ln52_32_fu_4653_p2      |       xor|   0|  0|   2|           1|           2|
    |xor_ln52_33_fu_4669_p2      |       xor|   0|  0|   2|           2|           1|
    |xor_ln52_34_fu_4807_p2      |       xor|   0|  0|   2|           1|           2|
    |xor_ln52_35_fu_4823_p2      |       xor|   0|  0|   2|           2|           1|
    |xor_ln52_36_fu_4961_p2      |       xor|   0|  0|   2|           1|           2|
    |xor_ln52_37_fu_4977_p2      |       xor|   0|  0|   2|           2|           1|
    |xor_ln52_38_fu_5115_p2      |       xor|   0|  0|   2|           1|           2|
    |xor_ln52_39_fu_5131_p2      |       xor|   0|  0|   2|           2|           1|
    |xor_ln52_3_fu_2359_p2       |       xor|   0|  0|   2|           2|           1|
    |xor_ln52_40_fu_5269_p2      |       xor|   0|  0|   2|           1|           2|
    |xor_ln52_41_fu_5285_p2      |       xor|   0|  0|   2|           2|           1|
    |xor_ln52_42_fu_5423_p2      |       xor|   0|  0|   2|           1|           2|
    |xor_ln52_43_fu_5439_p2      |       xor|   0|  0|   2|           2|           1|
    |xor_ln52_44_fu_5577_p2      |       xor|   0|  0|   2|           1|           2|
    |xor_ln52_45_fu_5593_p2      |       xor|   0|  0|   2|           2|           1|
    |xor_ln52_46_fu_5731_p2      |       xor|   0|  0|   2|           1|           2|
    |xor_ln52_47_fu_5747_p2      |       xor|   0|  0|   2|           2|           1|
    |xor_ln52_48_fu_2166_p2      |       xor|   0|  0|   2|           1|           2|
    |xor_ln52_49_fu_2320_p2      |       xor|   0|  0|   2|           1|           2|
    |xor_ln52_4_fu_2497_p2       |       xor|   0|  0|   2|           1|           2|
    |xor_ln52_50_fu_2474_p2      |       xor|   0|  0|   2|           1|           2|
    |xor_ln52_51_fu_2628_p2      |       xor|   0|  0|   2|           1|           2|
    |xor_ln52_52_fu_2782_p2      |       xor|   0|  0|   2|           1|           2|
    |xor_ln52_53_fu_2936_p2      |       xor|   0|  0|   2|           1|           2|
    |xor_ln52_54_fu_3090_p2      |       xor|   0|  0|   2|           1|           2|
    |xor_ln52_55_fu_3244_p2      |       xor|   0|  0|   2|           1|           2|
    |xor_ln52_56_fu_3398_p2      |       xor|   0|  0|   2|           1|           2|
    |xor_ln52_57_fu_3552_p2      |       xor|   0|  0|   2|           1|           2|
    |xor_ln52_58_fu_3706_p2      |       xor|   0|  0|   2|           1|           2|
    |xor_ln52_59_fu_3860_p2      |       xor|   0|  0|   2|           1|           2|
    |xor_ln52_5_fu_2513_p2       |       xor|   0|  0|   2|           2|           1|
    |xor_ln52_60_fu_4014_p2      |       xor|   0|  0|   2|           1|           2|
    |xor_ln52_61_fu_4168_p2      |       xor|   0|  0|   2|           1|           2|
    |xor_ln52_62_fu_4322_p2      |       xor|   0|  0|   2|           1|           2|
    |xor_ln52_63_fu_4476_p2      |       xor|   0|  0|   2|           1|           2|
    |xor_ln52_64_fu_4630_p2      |       xor|   0|  0|   2|           1|           2|
    |xor_ln52_65_fu_4784_p2      |       xor|   0|  0|   2|           1|           2|
    |xor_ln52_66_fu_4938_p2      |       xor|   0|  0|   2|           1|           2|
    |xor_ln52_67_fu_5092_p2      |       xor|   0|  0|   2|           1|           2|
    |xor_ln52_68_fu_5246_p2      |       xor|   0|  0|   2|           1|           2|
    |xor_ln52_69_fu_5400_p2      |       xor|   0|  0|   2|           1|           2|
    |xor_ln52_6_fu_2651_p2       |       xor|   0|  0|   2|           1|           2|
    |xor_ln52_70_fu_5554_p2      |       xor|   0|  0|   2|           1|           2|
    |xor_ln52_71_fu_5708_p2      |       xor|   0|  0|   2|           1|           2|
    |xor_ln52_7_fu_2667_p2       |       xor|   0|  0|   2|           2|           1|
    |xor_ln52_8_fu_2805_p2       |       xor|   0|  0|   2|           1|           2|
    |xor_ln52_9_fu_2821_p2       |       xor|   0|  0|   2|           2|           1|
    |xor_ln52_fu_2189_p2         |       xor|   0|  0|   2|           1|           2|
    +----------------------------+----------+----+---+----+------------+------------+
    |Total                       |          |   0|  0|6588|        3691|        2748|
    +----------------------------+----------+----+---+----+------------+------------+

    * Multiplexer: 
    +-------------------------+----+-----------+-----+-----------+
    |           Name          | LUT| Input Size| Bits| Total Bits|
    +-------------------------+----+-----------+-----+-----------+
    |ap_done_int              |   9|          2|    1|          2|
    |ap_enable_reg_pp0_iter1  |   9|          2|    1|          2|
    |ap_sig_allocacmp_i_5     |   9|          2|    8|         16|
    |i_fu_400                 |   9|          2|    8|         16|
    |layer10_out_blk_n        |   9|          2|    1|          2|
    |layer9_out_blk_n         |   9|          2|    1|          2|
    |real_start               |   9|          2|    1|          2|
    +-------------------------+----+-----------+-----+-----------+
    |Total                    |  63|         14|   21|         42|
    +-------------------------+----+-----------+-----+-----------+

    * Register: 
    +----------------------------------+------+----+------+-----------+
    |               Name               |  FF  | LUT| Bits | Const Bits|
    +----------------------------------+------+----+------+-----------+
    |ap_CS_fsm                         |     1|   0|     1|          0|
    |ap_done_reg                       |     1|   0|     1|          0|
    |ap_enable_reg_pp0_iter1           |     1|   0|     1|          0|
    |ap_enable_reg_pp0_iter2           |     1|   0|     1|          0|
    |ap_enable_reg_pp0_iter3           |     1|   0|     1|          0|
    |ap_loop_exit_ready_pp0_iter1_reg  |     1|   0|     1|          0|
    |ap_loop_exit_ready_pp0_iter2_reg  |     1|   0|     1|          0|
    |i_fu_400                          |     8|   0|     8|          0|
    |icmp_ln51_10_reg_6272             |     1|   0|     1|          0|
    |icmp_ln51_11_reg_6307             |     1|   0|     1|          0|
    |icmp_ln51_12_reg_6342             |     1|   0|     1|          0|
    |icmp_ln51_13_reg_6377             |     1|   0|     1|          0|
    |icmp_ln51_14_reg_6412             |     1|   0|     1|          0|
    |icmp_ln51_15_reg_6447             |     1|   0|     1|          0|
    |icmp_ln51_16_reg_6482             |     1|   0|     1|          0|
    |icmp_ln51_17_reg_6517             |     1|   0|     1|          0|
    |icmp_ln51_18_reg_6552             |     1|   0|     1|          0|
    |icmp_ln51_19_reg_6587             |     1|   0|     1|          0|
    |icmp_ln51_1_reg_5957              |     1|   0|     1|          0|
    |icmp_ln51_20_reg_6622             |     1|   0|     1|          0|
    |icmp_ln51_21_reg_6657             |     1|   0|     1|          0|
    |icmp_ln51_22_reg_6692             |     1|   0|     1|          0|
    |icmp_ln51_23_reg_6727             |     1|   0|     1|          0|
    |icmp_ln51_2_reg_5992              |     1|   0|     1|          0|
    |icmp_ln51_3_reg_6027              |     1|   0|     1|          0|
    |icmp_ln51_4_reg_6062              |     1|   0|     1|          0|
    |icmp_ln51_5_reg_6097              |     1|   0|     1|          0|
    |icmp_ln51_6_reg_6132              |     1|   0|     1|          0|
    |icmp_ln51_7_reg_6167              |     1|   0|     1|          0|
    |icmp_ln51_8_reg_6202              |     1|   0|     1|          0|
    |icmp_ln51_9_reg_6237              |     1|   0|     1|          0|
    |icmp_ln51_reg_5922                |     1|   0|     1|          0|
    |icmp_ln52_10_reg_6050             |     1|   0|     1|          0|
    |icmp_ln52_11_reg_6056             |     1|   0|     1|          0|
    |icmp_ln52_12_reg_6074             |     1|   0|     1|          0|
    |icmp_ln52_13_reg_6085             |     1|   0|     1|          0|
    |icmp_ln52_14_reg_6091             |     1|   0|     1|          0|
    |icmp_ln52_15_reg_6109             |     1|   0|     1|          0|
    |icmp_ln52_16_reg_6120             |     1|   0|     1|          0|
    |icmp_ln52_17_reg_6126             |     1|   0|     1|          0|
    |icmp_ln52_18_reg_6144             |     1|   0|     1|          0|
    |icmp_ln52_19_reg_6155             |     1|   0|     1|          0|
    |icmp_ln52_1_reg_5945              |     1|   0|     1|          0|
    |icmp_ln52_20_reg_6161             |     1|   0|     1|          0|
    |icmp_ln52_21_reg_6179             |     1|   0|     1|          0|
    |icmp_ln52_22_reg_6190             |     1|   0|     1|          0|
    |icmp_ln52_23_reg_6196             |     1|   0|     1|          0|
    |icmp_ln52_24_reg_6214             |     1|   0|     1|          0|
    |icmp_ln52_25_reg_6225             |     1|   0|     1|          0|
    |icmp_ln52_26_reg_6231             |     1|   0|     1|          0|
    |icmp_ln52_27_reg_6249             |     1|   0|     1|          0|
    |icmp_ln52_28_reg_6260             |     1|   0|     1|          0|
    |icmp_ln52_29_reg_6266             |     1|   0|     1|          0|
    |icmp_ln52_2_reg_5951              |     1|   0|     1|          0|
    |icmp_ln52_30_reg_6284             |     1|   0|     1|          0|
    |icmp_ln52_31_reg_6295             |     1|   0|     1|          0|
    |icmp_ln52_32_reg_6301             |     1|   0|     1|          0|
    |icmp_ln52_33_reg_6319             |     1|   0|     1|          0|
    |icmp_ln52_34_reg_6330             |     1|   0|     1|          0|
    |icmp_ln52_35_reg_6336             |     1|   0|     1|          0|
    |icmp_ln52_36_reg_6354             |     1|   0|     1|          0|
    |icmp_ln52_37_reg_6365             |     1|   0|     1|          0|
    |icmp_ln52_38_reg_6371             |     1|   0|     1|          0|
    |icmp_ln52_39_reg_6389             |     1|   0|     1|          0|
    |icmp_ln52_3_reg_5969              |     1|   0|     1|          0|
    |icmp_ln52_40_reg_6400             |     1|   0|     1|          0|
    |icmp_ln52_41_reg_6406             |     1|   0|     1|          0|
    |icmp_ln52_42_reg_6424             |     1|   0|     1|          0|
    |icmp_ln52_43_reg_6435             |     1|   0|     1|          0|
    |icmp_ln52_44_reg_6441             |     1|   0|     1|          0|
    |icmp_ln52_45_reg_6459             |     1|   0|     1|          0|
    |icmp_ln52_46_reg_6470             |     1|   0|     1|          0|
    |icmp_ln52_47_reg_6476             |     1|   0|     1|          0|
    |icmp_ln52_48_reg_6494             |     1|   0|     1|          0|
    |icmp_ln52_49_reg_6505             |     1|   0|     1|          0|
    |icmp_ln52_4_reg_5980              |     1|   0|     1|          0|
    |icmp_ln52_50_reg_6511             |     1|   0|     1|          0|
    |icmp_ln52_51_reg_6529             |     1|   0|     1|          0|
    |icmp_ln52_52_reg_6540             |     1|   0|     1|          0|
    |icmp_ln52_53_reg_6546             |     1|   0|     1|          0|
    |icmp_ln52_54_reg_6564             |     1|   0|     1|          0|
    |icmp_ln52_55_reg_6575             |     1|   0|     1|          0|
    |icmp_ln52_56_reg_6581             |     1|   0|     1|          0|
    |icmp_ln52_57_reg_6599             |     1|   0|     1|          0|
    |icmp_ln52_58_reg_6610             |     1|   0|     1|          0|
    |icmp_ln52_59_reg_6616             |     1|   0|     1|          0|
    |icmp_ln52_5_reg_5986              |     1|   0|     1|          0|
    |icmp_ln52_60_reg_6634             |     1|   0|     1|          0|
    |icmp_ln52_61_reg_6645             |     1|   0|     1|          0|
    |icmp_ln52_62_reg_6651             |     1|   0|     1|          0|
    |icmp_ln52_63_reg_6669             |     1|   0|     1|          0|
    |icmp_ln52_64_reg_6680             |     1|   0|     1|          0|
    |icmp_ln52_65_reg_6686             |     1|   0|     1|          0|
    |icmp_ln52_66_reg_6704             |     1|   0|     1|          0|
    |icmp_ln52_67_reg_6715             |     1|   0|     1|          0|
    |icmp_ln52_68_reg_6721             |     1|   0|     1|          0|
    |icmp_ln52_69_reg_6739             |     1|   0|     1|          0|
    |icmp_ln52_6_reg_6004              |     1|   0|     1|          0|
    |icmp_ln52_70_reg_6750             |     1|   0|     1|          0|
    |icmp_ln52_71_reg_6756             |     1|   0|     1|          0|
    |icmp_ln52_7_reg_6015              |     1|   0|     1|          0|
    |icmp_ln52_8_reg_6021              |     1|   0|     1|          0|
    |icmp_ln52_9_reg_6039              |     1|   0|     1|          0|
    |icmp_ln52_reg_5934                |     1|   0|     1|          0|
    |layer9_out_read_reg_5846          |  1368|   0|  1368|          0|
    |out_data_1_reg_6762               |    16|   0|    16|          0|
    |out_data_3_reg_6767               |    16|   0|    16|          0|
    |out_data_5_reg_6772               |    16|   0|    16|          0|
    |out_data_7_reg_6777               |    16|   0|    16|          0|
    |select_ln51_10_reg_6832           |    16|   0|    16|          0|
    |select_ln51_11_reg_6837           |    16|   0|    16|          0|
    |select_ln51_12_reg_6842           |    16|   0|    16|          0|
    |select_ln51_13_reg_6847           |    16|   0|    16|          0|
    |select_ln51_14_reg_6852           |    16|   0|    16|          0|
    |select_ln51_15_reg_6857           |    16|   0|    16|          0|
    |select_ln51_16_reg_6862           |    16|   0|    16|          0|
    |select_ln51_17_reg_6867           |    16|   0|    16|          0|
    |select_ln51_18_reg_6872           |    16|   0|    16|          0|
    |select_ln51_19_reg_6877           |    16|   0|    16|          0|
    |select_ln51_1_reg_6787            |    16|   0|    16|          0|
    |select_ln51_2_reg_6792            |    16|   0|    16|          0|
    |select_ln51_3_reg_6797            |    16|   0|    16|          0|
    |select_ln51_4_reg_6802            |    16|   0|    16|          0|
    |select_ln51_5_reg_6807            |    16|   0|    16|          0|
    |select_ln51_6_reg_6812            |    16|   0|    16|          0|
    |select_ln51_7_reg_6817            |    16|   0|    16|          0|
    |select_ln51_8_reg_6822            |    16|   0|    16|          0|
    |select_ln51_9_reg_6827            |    16|   0|    16|          0|
    |select_ln51_reg_6782              |    16|   0|    16|          0|
    |start_once_reg                    |     1|   0|     1|          0|
    |tmp_100_reg_6289                  |     1|   0|     1|          0|
    |tmp_102_reg_6312                  |     1|   0|     1|          0|
    |tmp_105_reg_6324                  |     1|   0|     1|          0|
    |tmp_107_reg_6347                  |     1|   0|     1|          0|
    |tmp_110_reg_6359                  |     1|   0|     1|          0|
    |tmp_112_reg_6382                  |     1|   0|     1|          0|
    |tmp_115_reg_6394                  |     1|   0|     1|          0|
    |tmp_117_reg_6417                  |     1|   0|     1|          0|
    |tmp_120_reg_6429                  |     1|   0|     1|          0|
    |tmp_122_reg_6452                  |     1|   0|     1|          0|
    |tmp_125_reg_6464                  |     1|   0|     1|          0|
    |tmp_127_reg_6487                  |     1|   0|     1|          0|
    |tmp_130_reg_6499                  |     1|   0|     1|          0|
    |tmp_132_reg_6522                  |     1|   0|     1|          0|
    |tmp_135_reg_6534                  |     1|   0|     1|          0|
    |tmp_137_reg_6557                  |     1|   0|     1|          0|
    |tmp_140_reg_6569                  |     1|   0|     1|          0|
    |tmp_142_reg_6592                  |     1|   0|     1|          0|
    |tmp_145_reg_6604                  |     1|   0|     1|          0|
    |tmp_147_reg_6627                  |     1|   0|     1|          0|
    |tmp_150_reg_6639                  |     1|   0|     1|          0|
    |tmp_152_reg_6662                  |     1|   0|     1|          0|
    |tmp_155_reg_6674                  |     1|   0|     1|          0|
    |tmp_157_reg_6697                  |     1|   0|     1|          0|
    |tmp_160_reg_6709                  |     1|   0|     1|          0|
    |tmp_162_reg_6732                  |     1|   0|     1|          0|
    |tmp_165_reg_6744                  |     1|   0|     1|          0|
    |tmp_50_reg_5939                   |     1|   0|     1|          0|
    |tmp_52_reg_5962                   |     1|   0|     1|          0|
    |tmp_55_reg_5974                   |     1|   0|     1|          0|
    |tmp_57_reg_5997                   |     1|   0|     1|          0|
    |tmp_60_reg_6009                   |     1|   0|     1|          0|
    |tmp_62_reg_6032                   |     1|   0|     1|          0|
    |tmp_65_reg_6044                   |     1|   0|     1|          0|
    |tmp_67_reg_6067                   |     1|   0|     1|          0|
    |tmp_70_reg_6079                   |     1|   0|     1|          0|
    |tmp_72_reg_6102                   |     1|   0|     1|          0|
    |tmp_75_reg_6114                   |     1|   0|     1|          0|
    |tmp_77_reg_6137                   |     1|   0|     1|          0|
    |tmp_80_reg_6149                   |     1|   0|     1|          0|
    |tmp_82_reg_6172                   |     1|   0|     1|          0|
    |tmp_85_reg_6184                   |     1|   0|     1|          0|
    |tmp_87_reg_6207                   |     1|   0|     1|          0|
    |tmp_90_reg_6219                   |     1|   0|     1|          0|
    |tmp_92_reg_6242                   |     1|   0|     1|          0|
    |tmp_95_reg_6254                   |     1|   0|     1|          0|
    |tmp_97_reg_6277                   |     1|   0|     1|          0|
    |tmp_reg_5927                      |     1|   0|     1|          0|
    +----------------------------------+------+----+------+-----------+
    |Total                             |  1912|   0|  1912|          0|
    +----------------------------------+------+----+------+-----------+



================================================================
== Interface
================================================================
* Summary: 
+----------------------------+-----+------+------------+--------------------------------------------------------------------------+--------------+
|          RTL Ports         | Dir | Bits |  Protocol  |                               Source Object                              |    C Type    |
+----------------------------+-----+------+------------+--------------------------------------------------------------------------+--------------+
|ap_clk                      |   in|     1|  ap_ctrl_hs|  relu<array<ap_fixed,24u>,array<ap_ufixed<16,6,4,0,0>,24u>,relu_config10>|  return value|
|ap_rst                      |   in|     1|  ap_ctrl_hs|  relu<array<ap_fixed,24u>,array<ap_ufixed<16,6,4,0,0>,24u>,relu_config10>|  return value|
|ap_start                    |   in|     1|  ap_ctrl_hs|  relu<array<ap_fixed,24u>,array<ap_ufixed<16,6,4,0,0>,24u>,relu_config10>|  return value|
|start_full_n                |   in|     1|  ap_ctrl_hs|  relu<array<ap_fixed,24u>,array<ap_ufixed<16,6,4,0,0>,24u>,relu_config10>|  return value|
|ap_done                     |  out|     1|  ap_ctrl_hs|  relu<array<ap_fixed,24u>,array<ap_ufixed<16,6,4,0,0>,24u>,relu_config10>|  return value|
|ap_continue                 |   in|     1|  ap_ctrl_hs|  relu<array<ap_fixed,24u>,array<ap_ufixed<16,6,4,0,0>,24u>,relu_config10>|  return value|
|ap_idle                     |  out|     1|  ap_ctrl_hs|  relu<array<ap_fixed,24u>,array<ap_ufixed<16,6,4,0,0>,24u>,relu_config10>|  return value|
|ap_ready                    |  out|     1|  ap_ctrl_hs|  relu<array<ap_fixed,24u>,array<ap_ufixed<16,6,4,0,0>,24u>,relu_config10>|  return value|
|start_out                   |  out|     1|  ap_ctrl_hs|  relu<array<ap_fixed,24u>,array<ap_ufixed<16,6,4,0,0>,24u>,relu_config10>|  return value|
|start_write                 |  out|     1|  ap_ctrl_hs|  relu<array<ap_fixed,24u>,array<ap_ufixed<16,6,4,0,0>,24u>,relu_config10>|  return value|
|layer9_out_dout             |   in|  1368|     ap_fifo|                                                                layer9_out|       pointer|
|layer9_out_num_data_valid   |   in|     9|     ap_fifo|                                                                layer9_out|       pointer|
|layer9_out_fifo_cap         |   in|     9|     ap_fifo|                                                                layer9_out|       pointer|
|layer9_out_empty_n          |   in|     1|     ap_fifo|                                                                layer9_out|       pointer|
|layer9_out_read             |  out|     1|     ap_fifo|                                                                layer9_out|       pointer|
|layer10_out_din             |  out|   384|     ap_fifo|                                                               layer10_out|       pointer|
|layer10_out_num_data_valid  |   in|     9|     ap_fifo|                                                               layer10_out|       pointer|
|layer10_out_fifo_cap        |   in|     9|     ap_fifo|                                                               layer10_out|       pointer|
|layer10_out_full_n          |   in|     1|     ap_fifo|                                                               layer10_out|       pointer|
|layer10_out_write           |  out|     1|     ap_fifo|                                                               layer10_out|       pointer|
+----------------------------+-----+------+------------+--------------------------------------------------------------------------+--------------+

