

================================================================
== Vitis HLS Report for 'relu_array_ap_fixed_12u_array_ap_ufixed_16_6_4_0_0_12u_relu_config5_s'
================================================================
* Date:           Mon Aug  3 11:07:12 2026

* Version:        2023.2 (Build 4023990 on Oct 11 2023)
* Project:        myproject_prj
* Solution:       solution1 (Vivado IP Flow Target)
* Product family: virtexu
* Target device:  xcvu080-ffvb2104-2-e


================================================================
== Performance Estimates
================================================================
+ Timing: 
    * Summary: 
    +--------+---------+----------+------------+
    |  Clock |  Target | Estimated| Uncertainty|
    +--------+---------+----------+------------+
    |ap_clk  |  5.00 ns|  3.315 ns|     1.35 ns|
    +--------+---------+----------+------------+

+ Latency: 
    * Summary: 
    +---------+---------+----------+----------+-----+-----+---------+
    |  Latency (cycles) |  Latency (absolute) |  Interval | Pipeline|
    |   min   |   max   |    min   |    max   | min | max |   Type  |
    +---------+---------+----------+----------+-----+-----+---------+
    |      868|      868|  4.340 us|  4.340 us|  868|  868|       no|
    +---------+---------+----------+----------+-----+-----+---------+

    + Detail: 
        * Instance: 
        N/A

        * Loop: 
        +---------------+---------+---------+----------+-----------+-----------+------+----------+
        |               |  Latency (cycles) | Iteration|  Initiation Interval  | Trip |          |
        |   Loop Name   |   min   |   max   |  Latency |  achieved |   target  | Count| Pipelined|
        +---------------+---------+---------+----------+-----------+-----------+------+----------+
        |- ReLUActLoop  |      866|      866|         4|          1|          1|   864|       yes|
        +---------------+---------+---------+----------+-----------+-----------+------+----------+



================================================================
== Utilization Estimates
================================================================
* Summary: 
+-----------------+---------+-----+--------+--------+-----+
|       Name      | BRAM_18K| DSP |   FF   |   LUT  | URAM|
+-----------------+---------+-----+--------+--------+-----+
|DSP              |        -|    -|       -|       -|    -|
|Expression       |        -|    -|       0|    2788|    -|
|FIFO             |        -|    -|       -|       -|    -|
|Instance         |        -|    -|       -|       -|    -|
|Memory           |        -|    -|       -|       -|    -|
|Multiplexer      |        -|    -|       -|      63|    -|
|Register         |        -|    -|     750|       -|    -|
+-----------------+---------+-----+--------+--------+-----+
|Total            |        0|    0|     750|    2851|    0|
+-----------------+---------+-----+--------+--------+-----+
|Available        |     2842|  672|  891424|  445712|    0|
+-----------------+---------+-----+--------+--------+-----+
|Utilization (%)  |        0|    0|      ~0|      ~0|    0|
+-----------------+---------+-----+--------+--------+-----+

+ Detail: 
    * Instance: 
    N/A

    * DSP: 
    N/A

    * Memory: 
    N/A

    * FIFO: 
    N/A

    * Expression: 
    +----------------------------+----------+----+---+----+------------+------------+
    |        Variable Name       | Operation| DSP| FF| LUT| Bitwidth P0| Bitwidth P1|
    +----------------------------+----------+----+---+----+------------+------------+
    |add_ln52_24_fu_1294_p2      |         +|   0|  0|  23|          16|          16|
    |add_ln52_25_fu_1448_p2      |         +|   0|  0|  23|          16|          16|
    |add_ln52_26_fu_1602_p2      |         +|   0|  0|  23|          16|          16|
    |add_ln52_27_fu_1756_p2      |         +|   0|  0|  23|          16|          16|
    |add_ln52_28_fu_1910_p2      |         +|   0|  0|  23|          16|          16|
    |add_ln52_29_fu_2064_p2      |         +|   0|  0|  23|          16|          16|
    |add_ln52_30_fu_2218_p2      |         +|   0|  0|  23|          16|          16|
    |add_ln52_31_fu_2372_p2      |         +|   0|  0|  23|          16|          16|
    |add_ln52_32_fu_2526_p2      |         +|   0|  0|  23|          16|          16|
    |add_ln52_33_fu_2680_p2      |         +|   0|  0|  23|          16|          16|
    |add_ln52_34_fu_2834_p2      |         +|   0|  0|  23|          16|          16|
    |add_ln52_fu_1140_p2         |         +|   0|  0|  23|          16|          16|
    |i_8_fu_263_p2               |         +|   0|  0|  17|          10|           1|
    |and_ln52_100_fu_1495_p2     |       and|   0|  0|   2|           1|           1|
    |and_ln52_101_fu_1523_p2     |       and|   0|  0|   2|           1|           1|
    |and_ln52_102_fu_1649_p2     |       and|   0|  0|   2|           1|           1|
    |and_ln52_103_fu_1677_p2     |       and|   0|  0|   2|           1|           1|
    |and_ln52_104_fu_1803_p2     |       and|   0|  0|   2|           1|           1|
    |and_ln52_105_fu_1831_p2     |       and|   0|  0|   2|           1|           1|
    |and_ln52_106_fu_1957_p2     |       and|   0|  0|   2|           1|           1|
    |and_ln52_107_fu_1985_p2     |       and|   0|  0|   2|           1|           1|
    |and_ln52_108_fu_2111_p2     |       and|   0|  0|   2|           1|           1|
    |and_ln52_109_fu_2139_p2     |       and|   0|  0|   2|           1|           1|
    |and_ln52_110_fu_2265_p2     |       and|   0|  0|   2|           1|           1|
    |and_ln52_111_fu_2293_p2     |       and|   0|  0|   2|           1|           1|
    |and_ln52_112_fu_2419_p2     |       and|   0|  0|   2|           1|           1|
    |and_ln52_113_fu_2447_p2     |       and|   0|  0|   2|           1|           1|
    |and_ln52_114_fu_2573_p2     |       and|   0|  0|   2|           1|           1|
    |and_ln52_115_fu_2601_p2     |       and|   0|  0|   2|           1|           1|
    |and_ln52_116_fu_2727_p2     |       and|   0|  0|   2|           1|           1|
    |and_ln52_117_fu_2755_p2     |       and|   0|  0|   2|           1|           1|
    |and_ln52_118_fu_2881_p2     |       and|   0|  0|   2|           1|           1|
    |and_ln52_119_fu_2909_p2     |       and|   0|  0|   2|           1|           1|
    |and_ln52_48_fu_1192_p2      |       and|   0|  0|   2|           1|           1|
    |and_ln52_49_fu_1284_p2      |       and|   0|  0|   2|           1|           1|
    |and_ln52_50_fu_1346_p2      |       and|   0|  0|   2|           1|           1|
    |and_ln52_51_fu_1438_p2      |       and|   0|  0|   2|           1|           1|
    |and_ln52_52_fu_1500_p2      |       and|   0|  0|   2|           1|           1|
    |and_ln52_53_fu_1592_p2      |       and|   0|  0|   2|           1|           1|
    |and_ln52_54_fu_1654_p2      |       and|   0|  0|   2|           1|           1|
    |and_ln52_55_fu_1746_p2      |       and|   0|  0|   2|           1|           1|
    |and_ln52_56_fu_1808_p2      |       and|   0|  0|   2|           1|           1|
    |and_ln52_57_fu_1900_p2      |       and|   0|  0|   2|           1|           1|
    |and_ln52_58_fu_1962_p2      |       and|   0|  0|   2|           1|           1|
    |and_ln52_59_fu_2054_p2      |       and|   0|  0|   2|           1|           1|
    |and_ln52_60_fu_2116_p2      |       and|   0|  0|   2|           1|           1|
    |and_ln52_61_fu_2208_p2      |       and|   0|  0|   2|           1|           1|
    |and_ln52_62_fu_2270_p2      |       and|   0|  0|   2|           1|           1|
    |and_ln52_63_fu_2362_p2      |       and|   0|  0|   2|           1|           1|
    |and_ln52_64_fu_2424_p2      |       and|   0|  0|   2|           1|           1|
    |and_ln52_65_fu_2516_p2      |       and|   0|  0|   2|           1|           1|
    |and_ln52_66_fu_2578_p2      |       and|   0|  0|   2|           1|           1|
    |and_ln52_67_fu_2670_p2      |       and|   0|  0|   2|           1|           1|
    |and_ln52_68_fu_2732_p2      |       and|   0|  0|   2|           1|           1|
    |and_ln52_69_fu_2824_p2      |       and|   0|  0|   2|           1|           1|
    |and_ln52_70_fu_2886_p2      |       and|   0|  0|   2|           1|           1|
    |and_ln52_96_fu_1187_p2      |       and|   0|  0|   2|           1|           1|
    |and_ln52_97_fu_1215_p2      |       and|   0|  0|   2|           1|           1|
    |and_ln52_98_fu_1341_p2      |       and|   0|  0|   2|           1|           1|
    |and_ln52_99_fu_1369_p2      |       and|   0|  0|   2|           1|           1|
    |and_ln52_fu_1130_p2         |       and|   0|  0|   2|           1|           1|
    |ap_condition_288            |       and|   0|  0|   2|           1|           1|
    |icmp_ln41_fu_257_p2         |      icmp|   0|  0|  17|          10|           9|
    |icmp_ln51_24_fu_442_p2      |      icmp|   0|  0|  46|          39|           1|
    |icmp_ln51_25_fu_502_p2      |      icmp|   0|  0|  46|          39|           1|
    |icmp_ln51_26_fu_562_p2      |      icmp|   0|  0|  46|          39|           1|
    |icmp_ln51_27_fu_622_p2      |      icmp|   0|  0|  46|          39|           1|
    |icmp_ln51_28_fu_682_p2      |      icmp|   0|  0|  46|          39|           1|
    |icmp_ln51_29_fu_742_p2      |      icmp|   0|  0|  46|          39|           1|
    |icmp_ln51_30_fu_802_p2      |      icmp|   0|  0|  46|          39|           1|
    |icmp_ln51_31_fu_862_p2      |      icmp|   0|  0|  46|          39|           1|
    |icmp_ln51_32_fu_922_p2      |      icmp|   0|  0|  46|          39|           1|
    |icmp_ln51_33_fu_982_p2      |      icmp|   0|  0|  46|          39|           1|
    |icmp_ln51_34_fu_1042_p2     |      icmp|   0|  0|  46|          39|           1|
    |icmp_ln51_fu_388_p2         |      icmp|   0|  0|  46|          39|           1|
    |icmp_ln52_100_fu_976_p2     |      icmp|   0|  0|  21|          14|           1|
    |icmp_ln52_101_fu_1006_p2    |      icmp|   0|  0|  15|           8|           1|
    |icmp_ln52_102_fu_1030_p2    |      icmp|   0|  0|  21|          14|           2|
    |icmp_ln52_103_fu_1036_p2    |      icmp|   0|  0|  21|          14|           1|
    |icmp_ln52_104_fu_1066_p2    |      icmp|   0|  0|  15|           8|           1|
    |icmp_ln52_105_fu_1090_p2    |      icmp|   0|  0|  21|          14|           2|
    |icmp_ln52_106_fu_1096_p2    |      icmp|   0|  0|  21|          14|           1|
    |icmp_ln52_72_fu_430_p2      |      icmp|   0|  0|  21|          14|           2|
    |icmp_ln52_73_fu_436_p2      |      icmp|   0|  0|  21|          14|           1|
    |icmp_ln52_74_fu_466_p2      |      icmp|   0|  0|  15|           8|           1|
    |icmp_ln52_75_fu_490_p2      |      icmp|   0|  0|  21|          14|           2|
    |icmp_ln52_76_fu_496_p2      |      icmp|   0|  0|  21|          14|           1|
    |icmp_ln52_77_fu_526_p2      |      icmp|   0|  0|  15|           8|           1|
    |icmp_ln52_78_fu_550_p2      |      icmp|   0|  0|  21|          14|           2|
    |icmp_ln52_79_fu_556_p2      |      icmp|   0|  0|  21|          14|           1|
    |icmp_ln52_80_fu_586_p2      |      icmp|   0|  0|  15|           8|           1|
    |icmp_ln52_81_fu_610_p2      |      icmp|   0|  0|  21|          14|           2|
    |icmp_ln52_82_fu_616_p2      |      icmp|   0|  0|  21|          14|           1|
    |icmp_ln52_83_fu_646_p2      |      icmp|   0|  0|  15|           8|           1|
    |icmp_ln52_84_fu_670_p2      |      icmp|   0|  0|  21|          14|           2|
    |icmp_ln52_85_fu_676_p2      |      icmp|   0|  0|  21|          14|           1|
    |icmp_ln52_86_fu_706_p2      |      icmp|   0|  0|  15|           8|           1|
    |icmp_ln52_87_fu_730_p2      |      icmp|   0|  0|  21|          14|           2|
    |icmp_ln52_88_fu_736_p2      |      icmp|   0|  0|  21|          14|           1|
    |icmp_ln52_89_fu_766_p2      |      icmp|   0|  0|  15|           8|           1|
    |icmp_ln52_90_fu_790_p2      |      icmp|   0|  0|  21|          14|           2|
    |icmp_ln52_91_fu_796_p2      |      icmp|   0|  0|  21|          14|           1|
    |icmp_ln52_92_fu_826_p2      |      icmp|   0|  0|  15|           8|           1|
    |icmp_ln52_93_fu_850_p2      |      icmp|   0|  0|  21|          14|           2|
    |icmp_ln52_94_fu_856_p2      |      icmp|   0|  0|  21|          14|           1|
    |icmp_ln52_95_fu_886_p2      |      icmp|   0|  0|  15|           8|           1|
    |icmp_ln52_96_fu_910_p2      |      icmp|   0|  0|  21|          14|           2|
    |icmp_ln52_97_fu_916_p2      |      icmp|   0|  0|  21|          14|           1|
    |icmp_ln52_98_fu_946_p2      |      icmp|   0|  0|  15|           8|           1|
    |icmp_ln52_99_fu_970_p2      |      icmp|   0|  0|  21|          14|           2|
    |icmp_ln52_fu_406_p2         |      icmp|   0|  0|  15|           8|           1|
    |ap_block_pp0_stage0_01001   |        or|   0|  0|   2|           1|           1|
    |or_ln52_100_fu_2606_p2      |        or|   0|  0|   2|           1|           1|
    |or_ln52_101_fu_2665_p2      |        or|   0|  0|   2|           1|           1|
    |or_ln52_102_fu_2716_p2      |        or|   0|  0|   2|           1|           1|
    |or_ln52_103_fu_2760_p2      |        or|   0|  0|   2|           1|           1|
    |or_ln52_104_fu_2819_p2      |        or|   0|  0|   2|           1|           1|
    |or_ln52_105_fu_2870_p2      |        or|   0|  0|   2|           1|           1|
    |or_ln52_106_fu_2914_p2      |        or|   0|  0|   2|           1|           1|
    |or_ln52_72_fu_1176_p2       |        or|   0|  0|   2|           1|           1|
    |or_ln52_73_fu_1220_p2       |        or|   0|  0|   2|           1|           1|
    |or_ln52_74_fu_1279_p2       |        or|   0|  0|   2|           1|           1|
    |or_ln52_75_fu_1330_p2       |        or|   0|  0|   2|           1|           1|
    |or_ln52_76_fu_1374_p2       |        or|   0|  0|   2|           1|           1|
    |or_ln52_77_fu_1433_p2       |        or|   0|  0|   2|           1|           1|
    |or_ln52_78_fu_1484_p2       |        or|   0|  0|   2|           1|           1|
    |or_ln52_79_fu_1528_p2       |        or|   0|  0|   2|           1|           1|
    |or_ln52_80_fu_1587_p2       |        or|   0|  0|   2|           1|           1|
    |or_ln52_81_fu_1638_p2       |        or|   0|  0|   2|           1|           1|
    |or_ln52_82_fu_1682_p2       |        or|   0|  0|   2|           1|           1|
    |or_ln52_83_fu_1741_p2       |        or|   0|  0|   2|           1|           1|
    |or_ln52_84_fu_1792_p2       |        or|   0|  0|   2|           1|           1|
    |or_ln52_85_fu_1836_p2       |        or|   0|  0|   2|           1|           1|
    |or_ln52_86_fu_1895_p2       |        or|   0|  0|   2|           1|           1|
    |or_ln52_87_fu_1946_p2       |        or|   0|  0|   2|           1|           1|
    |or_ln52_88_fu_1990_p2       |        or|   0|  0|   2|           1|           1|
    |or_ln52_89_fu_2049_p2       |        or|   0|  0|   2|           1|           1|
    |or_ln52_90_fu_2100_p2       |        or|   0|  0|   2|           1|           1|
    |or_ln52_91_fu_2144_p2       |        or|   0|  0|   2|           1|           1|
    |or_ln52_92_fu_2203_p2       |        or|   0|  0|   2|           1|           1|
    |or_ln52_93_fu_2254_p2       |        or|   0|  0|   2|           1|           1|
    |or_ln52_94_fu_2298_p2       |        or|   0|  0|   2|           1|           1|
    |or_ln52_95_fu_2357_p2       |        or|   0|  0|   2|           1|           1|
    |or_ln52_96_fu_2408_p2       |        or|   0|  0|   2|           1|           1|
    |or_ln52_97_fu_2452_p2       |        or|   0|  0|   2|           1|           1|
    |or_ln52_98_fu_2511_p2       |        or|   0|  0|   2|           1|           1|
    |or_ln52_99_fu_2562_p2       |        or|   0|  0|   2|           1|           1|
    |or_ln52_fu_1125_p2          |        or|   0|  0|   2|           1|           1|
    |out_data_10_fu_1403_p3      |    select|   0|  0|  16|           1|          16|
    |out_data_11_fu_1549_p3      |    select|   0|  0|  16|           1|          16|
    |out_data_12_fu_1557_p3      |    select|   0|  0|  16|           1|          16|
    |out_data_13_fu_1703_p3      |    select|   0|  0|  16|           1|          16|
    |out_data_14_fu_1711_p3      |    select|   0|  0|  16|           1|          16|
    |out_data_8_fu_1249_p3       |    select|   0|  0|  16|           1|          16|
    |out_data_9_fu_1395_p3       |    select|   0|  0|  16|           1|          16|
    |out_data_fu_1241_p3         |    select|   0|  0|  16|           1|          16|
    |select_ln51_20_fu_2019_p3   |    select|   0|  0|  16|           1|          16|
    |select_ln51_21_fu_2173_p3   |    select|   0|  0|  16|           1|          16|
    |select_ln51_22_fu_2327_p3   |    select|   0|  0|  16|           1|          16|
    |select_ln51_23_fu_2481_p3   |    select|   0|  0|  16|           1|          16|
    |select_ln51_24_fu_2635_p3   |    select|   0|  0|  16|           1|          16|
    |select_ln51_25_fu_2789_p3   |    select|   0|  0|  16|           1|          16|
    |select_ln51_26_fu_2943_p3   |    select|   0|  0|  16|           1|          16|
    |select_ln51_fu_1865_p3      |    select|   0|  0|  16|           1|          16|
    |select_ln52_100_fu_1357_p3  |    select|   0|  0|  15|           1|          15|
    |select_ln52_101_fu_1387_p3  |    select|   0|  0|  16|           1|          16|
    |select_ln52_103_fu_1472_p3  |    select|   0|  0|   2|           1|           1|
    |select_ln52_104_fu_1511_p3  |    select|   0|  0|  15|           1|          15|
    |select_ln52_105_fu_1541_p3  |    select|   0|  0|  16|           1|          16|
    |select_ln52_107_fu_1626_p3  |    select|   0|  0|   2|           1|           1|
    |select_ln52_108_fu_1665_p3  |    select|   0|  0|  15|           1|          15|
    |select_ln52_109_fu_1695_p3  |    select|   0|  0|  16|           1|          16|
    |select_ln52_111_fu_1780_p3  |    select|   0|  0|   2|           1|           1|
    |select_ln52_112_fu_1819_p3  |    select|   0|  0|  15|           1|          15|
    |select_ln52_113_fu_1849_p3  |    select|   0|  0|  16|           1|          16|
    |select_ln52_114_fu_1857_p3  |    select|   0|  0|  16|           1|          16|
    |select_ln52_115_fu_1934_p3  |    select|   0|  0|   2|           1|           1|
    |select_ln52_116_fu_1973_p3  |    select|   0|  0|  15|           1|          15|
    |select_ln52_117_fu_2003_p3  |    select|   0|  0|  16|           1|          16|
    |select_ln52_118_fu_2011_p3  |    select|   0|  0|  16|           1|          16|
    |select_ln52_119_fu_2088_p3  |    select|   0|  0|   2|           1|           1|
    |select_ln52_120_fu_2127_p3  |    select|   0|  0|  15|           1|          15|
    |select_ln52_121_fu_2157_p3  |    select|   0|  0|  16|           1|          16|
    |select_ln52_122_fu_2165_p3  |    select|   0|  0|  16|           1|          16|
    |select_ln52_123_fu_2242_p3  |    select|   0|  0|   2|           1|           1|
    |select_ln52_124_fu_2281_p3  |    select|   0|  0|  15|           1|          15|
    |select_ln52_125_fu_2311_p3  |    select|   0|  0|  16|           1|          16|
    |select_ln52_126_fu_2319_p3  |    select|   0|  0|  16|           1|          16|
    |select_ln52_127_fu_2396_p3  |    select|   0|  0|   2|           1|           1|
    |select_ln52_128_fu_2435_p3  |    select|   0|  0|  15|           1|          15|
    |select_ln52_129_fu_2465_p3  |    select|   0|  0|  16|           1|          16|
    |select_ln52_130_fu_2473_p3  |    select|   0|  0|  16|           1|          16|
    |select_ln52_131_fu_2550_p3  |    select|   0|  0|   2|           1|           1|
    |select_ln52_132_fu_2589_p3  |    select|   0|  0|  15|           1|          15|
    |select_ln52_133_fu_2619_p3  |    select|   0|  0|  16|           1|          16|
    |select_ln52_134_fu_2627_p3  |    select|   0|  0|  16|           1|          16|
    |select_ln52_135_fu_2704_p3  |    select|   0|  0|   2|           1|           1|
    |select_ln52_136_fu_2743_p3  |    select|   0|  0|  15|           1|          15|
    |select_ln52_137_fu_2773_p3  |    select|   0|  0|  16|           1|          16|
    |select_ln52_138_fu_2781_p3  |    select|   0|  0|  16|           1|          16|
    |select_ln52_139_fu_2858_p3  |    select|   0|  0|   2|           1|           1|
    |select_ln52_140_fu_2897_p3  |    select|   0|  0|  15|           1|          15|
    |select_ln52_141_fu_2927_p3  |    select|   0|  0|  16|           1|          16|
    |select_ln52_142_fu_2935_p3  |    select|   0|  0|  16|           1|          16|
    |select_ln52_144_fu_1170_p3  |    select|   0|  0|   2|           1|           1|
    |select_ln52_145_fu_1226_p3  |    select|   0|  0|  16|           1|          16|
    |select_ln52_147_fu_1324_p3  |    select|   0|  0|   2|           1|           1|
    |select_ln52_148_fu_1380_p3  |    select|   0|  0|  16|           1|          16|
    |select_ln52_150_fu_1478_p3  |    select|   0|  0|   2|           1|           1|
    |select_ln52_151_fu_1534_p3  |    select|   0|  0|  16|           1|          16|
    |select_ln52_153_fu_1632_p3  |    select|   0|  0|   2|           1|           1|
    |select_ln52_154_fu_1688_p3  |    select|   0|  0|  16|           1|          16|
    |select_ln52_156_fu_1786_p3  |    select|   0|  0|   2|           1|           1|
    |select_ln52_157_fu_1842_p3  |    select|   0|  0|  16|           1|          16|
    |select_ln52_158_fu_1940_p3  |    select|   0|  0|   2|           1|           1|
    |select_ln52_159_fu_1996_p3  |    select|   0|  0|  16|           1|          16|
    |select_ln52_160_fu_2094_p3  |    select|   0|  0|   2|           1|           1|
    |select_ln52_161_fu_2150_p3  |    select|   0|  0|  16|           1|          16|
    |select_ln52_162_fu_2248_p3  |    select|   0|  0|   2|           1|           1|
    |select_ln52_163_fu_2304_p3  |    select|   0|  0|  16|           1|          16|
    |select_ln52_164_fu_2402_p3  |    select|   0|  0|   2|           1|           1|
    |select_ln52_165_fu_2458_p3  |    select|   0|  0|  16|           1|          16|
    |select_ln52_166_fu_2556_p3  |    select|   0|  0|   2|           1|           1|
    |select_ln52_167_fu_2612_p3  |    select|   0|  0|  16|           1|          16|
    |select_ln52_168_fu_2710_p3  |    select|   0|  0|   2|           1|           1|
    |select_ln52_169_fu_2766_p3  |    select|   0|  0|  16|           1|          16|
    |select_ln52_170_fu_2864_p3  |    select|   0|  0|   2|           1|           1|
    |select_ln52_171_fu_2920_p3  |    select|   0|  0|  16|           1|          16|
    |select_ln52_96_fu_1203_p3   |    select|   0|  0|  15|           1|          15|
    |select_ln52_97_fu_1233_p3   |    select|   0|  0|  16|           1|          16|
    |select_ln52_99_fu_1318_p3   |    select|   0|  0|   2|           1|           1|
    |select_ln52_fu_1164_p3      |    select|   0|  0|   2|           1|           1|
    |ap_enable_pp0               |       xor|   0|  0|   2|           1|           2|
    |xor_ln52_48_fu_1197_p2      |       xor|   0|  0|   2|           2|           1|
    |xor_ln52_49_fu_1335_p2      |       xor|   0|  0|   2|           1|           2|
    |xor_ln52_50_fu_1351_p2      |       xor|   0|  0|   2|           2|           1|
    |xor_ln52_51_fu_1489_p2      |       xor|   0|  0|   2|           1|           2|
    |xor_ln52_52_fu_1505_p2      |       xor|   0|  0|   2|           2|           1|
    |xor_ln52_53_fu_1643_p2      |       xor|   0|  0|   2|           1|           2|
    |xor_ln52_54_fu_1659_p2      |       xor|   0|  0|   2|           2|           1|
    |xor_ln52_55_fu_1797_p2      |       xor|   0|  0|   2|           1|           2|
    |xor_ln52_56_fu_1813_p2      |       xor|   0|  0|   2|           2|           1|
    |xor_ln52_57_fu_1951_p2      |       xor|   0|  0|   2|           1|           2|
    |xor_ln52_58_fu_1967_p2      |       xor|   0|  0|   2|           2|           1|
    |xor_ln52_59_fu_2105_p2      |       xor|   0|  0|   2|           1|           2|
    |xor_ln52_60_fu_2121_p2      |       xor|   0|  0|   2|           2|           1|
    |xor_ln52_61_fu_2259_p2      |       xor|   0|  0|   2|           1|           2|
    |xor_ln52_62_fu_2275_p2      |       xor|   0|  0|   2|           2|           1|
    |xor_ln52_63_fu_2413_p2      |       xor|   0|  0|   2|           1|           2|
    |xor_ln52_64_fu_2429_p2      |       xor|   0|  0|   2|           2|           1|
    |xor_ln52_65_fu_2567_p2      |       xor|   0|  0|   2|           1|           2|
    |xor_ln52_66_fu_2583_p2      |       xor|   0|  0|   2|           2|           1|
    |xor_ln52_67_fu_2721_p2      |       xor|   0|  0|   2|           1|           2|
    |xor_ln52_68_fu_2737_p2      |       xor|   0|  0|   2|           2|           1|
    |xor_ln52_69_fu_2875_p2      |       xor|   0|  0|   2|           1|           2|
    |xor_ln52_70_fu_2891_p2      |       xor|   0|  0|   2|           2|           1|
    |xor_ln52_72_fu_1158_p2      |       xor|   0|  0|   2|           1|           2|
    |xor_ln52_73_fu_1312_p2      |       xor|   0|  0|   2|           1|           2|
    |xor_ln52_74_fu_1466_p2      |       xor|   0|  0|   2|           1|           2|
    |xor_ln52_75_fu_1620_p2      |       xor|   0|  0|   2|           1|           2|
    |xor_ln52_76_fu_1774_p2      |       xor|   0|  0|   2|           1|           2|
    |xor_ln52_77_fu_1928_p2      |       xor|   0|  0|   2|           1|           2|
    |xor_ln52_78_fu_2082_p2      |       xor|   0|  0|   2|           1|           2|
    |xor_ln52_79_fu_2236_p2      |       xor|   0|  0|   2|           1|           2|
    |xor_ln52_80_fu_2390_p2      |       xor|   0|  0|   2|           1|           2|
    |xor_ln52_81_fu_2544_p2      |       xor|   0|  0|   2|           1|           2|
    |xor_ln52_82_fu_2698_p2      |       xor|   0|  0|   2|           1|           2|
    |xor_ln52_83_fu_2852_p2      |       xor|   0|  0|   2|           1|           2|
    |xor_ln52_fu_1181_p2         |       xor|   0|  0|   2|           1|           2|
    +----------------------------+----------+----+---+----+------------+------------+
    |Total                       |          |   0|  0|2788|        1331|        1382|
    +----------------------------+----------+----+---+----+------------+------------+

    * Multiplexer: 
    +-------------------------+----+-----------+-----+-----------+
    |           Name          | LUT| Input Size| Bits| Total Bits|
    +-------------------------+----+-----------+-----+-----------+
    |ap_done_int              |   9|          2|    1|          2|
    |ap_enable_reg_pp0_iter1  |   9|          2|    1|          2|
    |ap_sig_allocacmp_i_7     |   9|          2|   10|         20|
    |i_fu_232                 |   9|          2|   10|         20|
    |layer4_out_blk_n         |   9|          2|    1|          2|
    |layer5_out_blk_n         |   9|          2|    1|          2|
    |real_start               |   9|          2|    1|          2|
    +-------------------------+----+-----------+-----+-----------+
    |Total                    |  63|         14|   25|         50|
    +-------------------------+----+-----------+-----+-----------+

    * Register: 
    +----------------------------------+-----+----+-----+-----------+
    |               Name               |  FF | LUT| Bits| Const Bits|
    +----------------------------------+-----+----+-----+-----------+
    |ap_CS_fsm                         |    1|   0|    1|          0|
    |ap_done_reg                       |    1|   0|    1|          0|
    |ap_enable_reg_pp0_iter1           |    1|   0|    1|          0|
    |ap_enable_reg_pp0_iter2           |    1|   0|    1|          0|
    |ap_enable_reg_pp0_iter3           |    1|   0|    1|          0|
    |ap_loop_exit_ready_pp0_iter1_reg  |    1|   0|    1|          0|
    |ap_loop_exit_ready_pp0_iter2_reg  |    1|   0|    1|          0|
    |i_fu_232                          |   10|   0|   10|          0|
    |icmp_ln51_24_reg_3053             |    1|   0|    1|          0|
    |icmp_ln51_25_reg_3088             |    1|   0|    1|          0|
    |icmp_ln51_26_reg_3123             |    1|   0|    1|          0|
    |icmp_ln51_27_reg_3158             |    1|   0|    1|          0|
    |icmp_ln51_28_reg_3193             |    1|   0|    1|          0|
    |icmp_ln51_29_reg_3228             |    1|   0|    1|          0|
    |icmp_ln51_30_reg_3263             |    1|   0|    1|          0|
    |icmp_ln51_31_reg_3298             |    1|   0|    1|          0|
    |icmp_ln51_32_reg_3333             |    1|   0|    1|          0|
    |icmp_ln51_33_reg_3368             |    1|   0|    1|          0|
    |icmp_ln51_34_reg_3403             |    1|   0|    1|          0|
    |icmp_ln51_reg_3018                |    1|   0|    1|          0|
    |icmp_ln52_100_reg_3362            |    1|   0|    1|          0|
    |icmp_ln52_101_reg_3380            |    1|   0|    1|          0|
    |icmp_ln52_102_reg_3391            |    1|   0|    1|          0|
    |icmp_ln52_103_reg_3397            |    1|   0|    1|          0|
    |icmp_ln52_104_reg_3415            |    1|   0|    1|          0|
    |icmp_ln52_105_reg_3426            |    1|   0|    1|          0|
    |icmp_ln52_106_reg_3432            |    1|   0|    1|          0|
    |icmp_ln52_72_reg_3041             |    1|   0|    1|          0|
    |icmp_ln52_73_reg_3047             |    1|   0|    1|          0|
    |icmp_ln52_74_reg_3065             |    1|   0|    1|          0|
    |icmp_ln52_75_reg_3076             |    1|   0|    1|          0|
    |icmp_ln52_76_reg_3082             |    1|   0|    1|          0|
    |icmp_ln52_77_reg_3100             |    1|   0|    1|          0|
    |icmp_ln52_78_reg_3111             |    1|   0|    1|          0|
    |icmp_ln52_79_reg_3117             |    1|   0|    1|          0|
    |icmp_ln52_80_reg_3135             |    1|   0|    1|          0|
    |icmp_ln52_81_reg_3146             |    1|   0|    1|          0|
    |icmp_ln52_82_reg_3152             |    1|   0|    1|          0|
    |icmp_ln52_83_reg_3170             |    1|   0|    1|          0|
    |icmp_ln52_84_reg_3181             |    1|   0|    1|          0|
    |icmp_ln52_85_reg_3187             |    1|   0|    1|          0|
    |icmp_ln52_86_reg_3205             |    1|   0|    1|          0|
    |icmp_ln52_87_reg_3216             |    1|   0|    1|          0|
    |icmp_ln52_88_reg_3222             |    1|   0|    1|          0|
    |icmp_ln52_89_reg_3240             |    1|   0|    1|          0|
    |icmp_ln52_90_reg_3251             |    1|   0|    1|          0|
    |icmp_ln52_91_reg_3257             |    1|   0|    1|          0|
    |icmp_ln52_92_reg_3275             |    1|   0|    1|          0|
    |icmp_ln52_93_reg_3286             |    1|   0|    1|          0|
    |icmp_ln52_94_reg_3292             |    1|   0|    1|          0|
    |icmp_ln52_95_reg_3310             |    1|   0|    1|          0|
    |icmp_ln52_96_reg_3321             |    1|   0|    1|          0|
    |icmp_ln52_97_reg_3327             |    1|   0|    1|          0|
    |icmp_ln52_98_reg_3345             |    1|   0|    1|          0|
    |icmp_ln52_99_reg_3356             |    1|   0|    1|          0|
    |icmp_ln52_reg_3030                |    1|   0|    1|          0|
    |layer4_out_read_reg_2978          |  468|   0|  468|          0|
    |out_data_10_reg_3443              |   16|   0|   16|          0|
    |out_data_12_reg_3448              |   16|   0|   16|          0|
    |out_data_14_reg_3453              |   16|   0|   16|          0|
    |out_data_8_reg_3438               |   16|   0|   16|          0|
    |select_ln51_20_reg_3463           |   16|   0|   16|          0|
    |select_ln51_21_reg_3468           |   16|   0|   16|          0|
    |select_ln51_22_reg_3473           |   16|   0|   16|          0|
    |select_ln51_23_reg_3478           |   16|   0|   16|          0|
    |select_ln51_24_reg_3483           |   16|   0|   16|          0|
    |select_ln51_25_reg_3488           |   16|   0|   16|          0|
    |select_ln51_26_reg_3493           |   16|   0|   16|          0|
    |select_ln51_reg_3458              |   16|   0|   16|          0|
    |start_once_reg                    |    1|   0|    1|          0|
    |tmp_169_reg_3035                  |    1|   0|    1|          0|
    |tmp_171_reg_3058                  |    1|   0|    1|          0|
    |tmp_174_reg_3070                  |    1|   0|    1|          0|
    |tmp_176_reg_3093                  |    1|   0|    1|          0|
    |tmp_179_reg_3105                  |    1|   0|    1|          0|
    |tmp_181_reg_3128                  |    1|   0|    1|          0|
    |tmp_184_reg_3140                  |    1|   0|    1|          0|
    |tmp_186_reg_3163                  |    1|   0|    1|          0|
    |tmp_189_reg_3175                  |    1|   0|    1|          0|
    |tmp_191_reg_3198                  |    1|   0|    1|          0|
    |tmp_194_reg_3210                  |    1|   0|    1|          0|
    |tmp_196_reg_3233                  |    1|   0|    1|          0|
    |tmp_199_reg_3245                  |    1|   0|    1|          0|
    |tmp_201_reg_3268                  |    1|   0|    1|          0|
    |tmp_204_reg_3280                  |    1|   0|    1|          0|
    |tmp_206_reg_3303                  |    1|   0|    1|          0|
    |tmp_209_reg_3315                  |    1|   0|    1|          0|
    |tmp_211_reg_3338                  |    1|   0|    1|          0|
    |tmp_214_reg_3350                  |    1|   0|    1|          0|
    |tmp_216_reg_3373                  |    1|   0|    1|          0|
    |tmp_219_reg_3385                  |    1|   0|    1|          0|
    |tmp_221_reg_3408                  |    1|   0|    1|          0|
    |tmp_224_reg_3420                  |    1|   0|    1|          0|
    |tmp_reg_3023                      |    1|   0|    1|          0|
    +----------------------------------+-----+----+-----+-----------+
    |Total                             |  750|   0|  750|          0|
    +----------------------------------+-----+----+-----+-----------+



================================================================
== Interface
================================================================
* Summary: 
+---------------------------+-----+-----+------------+-------------------------------------------------------------------------+--------------+
|         RTL Ports         | Dir | Bits|  Protocol  |                              Source Object                              |    C Type    |
+---------------------------+-----+-----+------------+-------------------------------------------------------------------------+--------------+
|ap_clk                     |   in|    1|  ap_ctrl_hs|  relu<array<ap_fixed,12u>,array<ap_ufixed<16,6,4,0,0>,12u>,relu_config5>|  return value|
|ap_rst                     |   in|    1|  ap_ctrl_hs|  relu<array<ap_fixed,12u>,array<ap_ufixed<16,6,4,0,0>,12u>,relu_config5>|  return value|
|ap_start                   |   in|    1|  ap_ctrl_hs|  relu<array<ap_fixed,12u>,array<ap_ufixed<16,6,4,0,0>,12u>,relu_config5>|  return value|
|start_full_n               |   in|    1|  ap_ctrl_hs|  relu<array<ap_fixed,12u>,array<ap_ufixed<16,6,4,0,0>,12u>,relu_config5>|  return value|
|ap_done                    |  out|    1|  ap_ctrl_hs|  relu<array<ap_fixed,12u>,array<ap_ufixed<16,6,4,0,0>,12u>,relu_config5>|  return value|
|ap_continue                |   in|    1|  ap_ctrl_hs|  relu<array<ap_fixed,12u>,array<ap_ufixed<16,6,4,0,0>,12u>,relu_config5>|  return value|
|ap_idle                    |  out|    1|  ap_ctrl_hs|  relu<array<ap_fixed,12u>,array<ap_ufixed<16,6,4,0,0>,12u>,relu_config5>|  return value|
|ap_ready                   |  out|    1|  ap_ctrl_hs|  relu<array<ap_fixed,12u>,array<ap_ufixed<16,6,4,0,0>,12u>,relu_config5>|  return value|
|start_out                  |  out|    1|  ap_ctrl_hs|  relu<array<ap_fixed,12u>,array<ap_ufixed<16,6,4,0,0>,12u>,relu_config5>|  return value|
|start_write                |  out|    1|  ap_ctrl_hs|  relu<array<ap_fixed,12u>,array<ap_ufixed<16,6,4,0,0>,12u>,relu_config5>|  return value|
|layer4_out_dout            |   in|  468|     ap_fifo|                                                               layer4_out|       pointer|
|layer4_out_num_data_valid  |   in|   11|     ap_fifo|                                                               layer4_out|       pointer|
|layer4_out_fifo_cap        |   in|   11|     ap_fifo|                                                               layer4_out|       pointer|
|layer4_out_empty_n         |   in|    1|     ap_fifo|                                                               layer4_out|       pointer|
|layer4_out_read            |  out|    1|     ap_fifo|                                                               layer4_out|       pointer|
|layer5_out_din             |  out|  192|     ap_fifo|                                                               layer5_out|       pointer|
|layer5_out_num_data_valid  |   in|   11|     ap_fifo|                                                               layer5_out|       pointer|
|layer5_out_fifo_cap        |   in|   11|     ap_fifo|                                                               layer5_out|       pointer|
|layer5_out_full_n          |   in|    1|     ap_fifo|                                                               layer5_out|       pointer|
|layer5_out_write           |  out|    1|     ap_fifo|                                                               layer5_out|       pointer|
+---------------------------+-----+-----+------------+-------------------------------------------------------------------------+--------------+

