

================================================================
== Vitis HLS Report for 'shift_line_buffer_array_ap_ufixed_16_6_4_0_0_12u_config7_s'
================================================================
* Date:           Mon Aug  3 11:07:13 2026

* Version:        2023.2 (Build 4023990 on Oct 11 2023)
* Project:        myproject_prj
* Solution:       solution1 (Vivado IP Flow Target)
* Product family: virtexu
* Target device:  xcvu080-ffvb2104-2-e


================================================================
== Performance Estimates
================================================================
+ Timing: 
    * Summary: 
    +--------+---------+----------+------------+
    |  Clock |  Target | Estimated| Uncertainty|
    +--------+---------+----------+------------+
    |ap_clk  |  5.00 ns|  1.698 ns|     1.35 ns|
    +--------+---------+----------+------------+

+ Latency: 
    * Summary: 
    +---------+---------+----------+----------+-----+-----+---------+
    |  Latency (cycles) |  Latency (absolute) |  Interval | Pipeline|
    |   min   |   max   |    min   |    max   | min | max |   Type  |
    +---------+---------+----------+----------+-----+-----+---------+
    |        0|        0|      0 ns|      0 ns|    1|    1|      yes|
    +---------+---------+----------+----------+-----+-----+---------+

    + Detail: 
        * Instance: 
        N/A

        * Loop: 
        N/A



================================================================
== Utilization Estimates
================================================================
* Summary: 
+-----------------+---------+-----+--------+--------+-----+
|       Name      | BRAM_18K| DSP |   FF   |   LUT  | URAM|
+-----------------+---------+-----+--------+--------+-----+
|DSP              |        -|    -|       -|       -|    -|
|Expression       |        -|    -|       -|       -|    -|
|FIFO             |        -|    -|       -|       -|    -|
|Instance         |        -|    -|       -|       -|    -|
|Memory           |        -|    -|    1536|     768|    -|
|Multiplexer      |        -|    -|       -|     648|    -|
|Register         |        -|    -|       1|       -|    -|
+-----------------+---------+-----+--------+--------+-----+
|Total            |        0|    0|    1537|    1416|    0|
+-----------------+---------+-----+--------+--------+-----+
|Available        |     2842|  672|  891424|  445712|    0|
+-----------------+---------+-----+--------+--------+-----+
|Utilization (%)  |        0|    0|      ~0|      ~0|    0|
+-----------------+---------+-----+--------+--------+-----+

+ Detail: 
    * Instance: 
    N/A

    * DSP: 
    N/A

    * Memory: 
    +----------------------------------------------------------------------------------------+----------------------------------------------------------------------------------+---------+----+----+-----+------+-----+------+-------------+
    |                                         Memory                                         |                                      Module                                      | BRAM_18K| FF | LUT| URAM| Words| Bits| Banks| W*Bits*Banks|
    +----------------------------------------------------------------------------------------+----------------------------------------------------------------------------------+---------+----+----+-----+------+-----+------+-------------+
    |p_ZZN4nnet25conv_2d_buffer_latency_clINS_5arrayI9ap_ufixedILi16ELi6EL9ap_q_mode4E_23_U  |shift_line_buffer_array_ap_ufixed_16_6_4_0_0_12u_config7_s_p_ZZN4nnet25conv_2pcA  |        0|  64|  32|    0|    20|   16|     1|          320|
    |p_ZZN4nnet25conv_2d_buffer_latency_clINS_5arrayI9ap_ufixedILi16ELi6EL9ap_q_mode4E_11_U  |shift_line_buffer_array_ap_ufixed_16_6_4_0_0_12u_config7_s_p_ZZN4nnet25conv_2pcA  |        0|  64|  32|    0|    20|   16|     1|          320|
    |p_ZZN4nnet25conv_2d_buffer_latency_clINS_5arrayI9ap_ufixedILi16ELi6EL9ap_q_mode4E_22_U  |shift_line_buffer_array_ap_ufixed_16_6_4_0_0_12u_config7_s_p_ZZN4nnet25conv_2pcA  |        0|  64|  32|    0|    20|   16|     1|          320|
    |p_ZZN4nnet25conv_2d_buffer_latency_clINS_5arrayI9ap_ufixedILi16ELi6EL9ap_q_mode4E_10_U  |shift_line_buffer_array_ap_ufixed_16_6_4_0_0_12u_config7_s_p_ZZN4nnet25conv_2pcA  |        0|  64|  32|    0|    20|   16|     1|          320|
    |p_ZZN4nnet25conv_2d_buffer_latency_clINS_5arrayI9ap_ufixedILi16ELi6EL9ap_q_mode4E_19_U  |shift_line_buffer_array_ap_ufixed_16_6_4_0_0_12u_config7_s_p_ZZN4nnet25conv_2pcA  |        0|  64|  32|    0|    20|   16|     1|          320|
    |p_ZZN4nnet25conv_2d_buffer_latency_clINS_5arrayI9ap_ufixedILi16ELi6EL9ap_q_mode4E_7_U   |shift_line_buffer_array_ap_ufixed_16_6_4_0_0_12u_config7_s_p_ZZN4nnet25conv_2pcA  |        0|  64|  32|    0|    20|   16|     1|          320|
    |p_ZZN4nnet25conv_2d_buffer_latency_clINS_5arrayI9ap_ufixedILi16ELi6EL9ap_q_mode4E_18_U  |shift_line_buffer_array_ap_ufixed_16_6_4_0_0_12u_config7_s_p_ZZN4nnet25conv_2pcA  |        0|  64|  32|    0|    20|   16|     1|          320|
    |p_ZZN4nnet25conv_2d_buffer_latency_clINS_5arrayI9ap_ufixedILi16ELi6EL9ap_q_mode4E_6_U   |shift_line_buffer_array_ap_ufixed_16_6_4_0_0_12u_config7_s_p_ZZN4nnet25conv_2pcA  |        0|  64|  32|    0|    20|   16|     1|          320|
    |p_ZZN4nnet25conv_2d_buffer_latency_clINS_5arrayI9ap_ufixedILi16ELi6EL9ap_q_mode4E_17_U  |shift_line_buffer_array_ap_ufixed_16_6_4_0_0_12u_config7_s_p_ZZN4nnet25conv_2pcA  |        0|  64|  32|    0|    20|   16|     1|          320|
    |p_ZZN4nnet25conv_2d_buffer_latency_clINS_5arrayI9ap_ufixedILi16ELi6EL9ap_q_mode4E_5_U   |shift_line_buffer_array_ap_ufixed_16_6_4_0_0_12u_config7_s_p_ZZN4nnet25conv_2pcA  |        0|  64|  32|    0|    20|   16|     1|          320|
    |p_ZZN4nnet25conv_2d_buffer_latency_clINS_5arrayI9ap_ufixedILi16ELi6EL9ap_q_mode4E_16_U  |shift_line_buffer_array_ap_ufixed_16_6_4_0_0_12u_config7_s_p_ZZN4nnet25conv_2pcA  |        0|  64|  32|    0|    20|   16|     1|          320|
    |p_ZZN4nnet25conv_2d_buffer_latency_clINS_5arrayI9ap_ufixedILi16ELi6EL9ap_q_mode4E_4_U   |shift_line_buffer_array_ap_ufixed_16_6_4_0_0_12u_config7_s_p_ZZN4nnet25conv_2pcA  |        0|  64|  32|    0|    20|   16|     1|          320|
    |p_ZZN4nnet25conv_2d_buffer_latency_clINS_5arrayI9ap_ufixedILi16ELi6EL9ap_q_mode4E_15_U  |shift_line_buffer_array_ap_ufixed_16_6_4_0_0_12u_config7_s_p_ZZN4nnet25conv_2pcA  |        0|  64|  32|    0|    20|   16|     1|          320|
    |p_ZZN4nnet25conv_2d_buffer_latency_clINS_5arrayI9ap_ufixedILi16ELi6EL9ap_q_mode4E_3_U   |shift_line_buffer_array_ap_ufixed_16_6_4_0_0_12u_config7_s_p_ZZN4nnet25conv_2pcA  |        0|  64|  32|    0|    20|   16|     1|          320|
    |p_ZZN4nnet25conv_2d_buffer_latency_clINS_5arrayI9ap_ufixedILi16ELi6EL9ap_q_mode4E_14_U  |shift_line_buffer_array_ap_ufixed_16_6_4_0_0_12u_config7_s_p_ZZN4nnet25conv_2pcA  |        0|  64|  32|    0|    20|   16|     1|          320|
    |p_ZZN4nnet25conv_2d_buffer_latency_clINS_5arrayI9ap_ufixedILi16ELi6EL9ap_q_mode4E_2_U   |shift_line_buffer_array_ap_ufixed_16_6_4_0_0_12u_config7_s_p_ZZN4nnet25conv_2pcA  |        0|  64|  32|    0|    20|   16|     1|          320|
    |p_ZZN4nnet25conv_2d_buffer_latency_clINS_5arrayI9ap_ufixedILi16ELi6EL9ap_q_mode4E_13_U  |shift_line_buffer_array_ap_ufixed_16_6_4_0_0_12u_config7_s_p_ZZN4nnet25conv_2pcA  |        0|  64|  32|    0|    20|   16|     1|          320|
    |p_ZZN4nnet25conv_2d_buffer_latency_clINS_5arrayI9ap_ufixedILi16ELi6EL9ap_q_mode4E_1_U   |shift_line_buffer_array_ap_ufixed_16_6_4_0_0_12u_config7_s_p_ZZN4nnet25conv_2pcA  |        0|  64|  32|    0|    20|   16|     1|          320|
    |p_ZZN4nnet25conv_2d_buffer_latency_clINS_5arrayI9ap_ufixedILi16ELi6EL9ap_q_mode4E_12_U  |shift_line_buffer_array_ap_ufixed_16_6_4_0_0_12u_config7_s_p_ZZN4nnet25conv_2pcA  |        0|  64|  32|    0|    20|   16|     1|          320|
    |p_ZZN4nnet25conv_2d_buffer_latency_clINS_5arrayI9ap_ufixedILi16ELi6EL9ap_q_mode4E_U     |shift_line_buffer_array_ap_ufixed_16_6_4_0_0_12u_config7_s_p_ZZN4nnet25conv_2pcA  |        0|  64|  32|    0|    20|   16|     1|          320|
    |p_ZZN4nnet25conv_2d_buffer_latency_clINS_5arrayI9ap_ufixedILi16ELi6EL9ap_q_mode4E_21_U  |shift_line_buffer_array_ap_ufixed_16_6_4_0_0_12u_config7_s_p_ZZN4nnet25conv_2pcA  |        0|  64|  32|    0|    20|   16|     1|          320|
    |p_ZZN4nnet25conv_2d_buffer_latency_clINS_5arrayI9ap_ufixedILi16ELi6EL9ap_q_mode4E_9_U   |shift_line_buffer_array_ap_ufixed_16_6_4_0_0_12u_config7_s_p_ZZN4nnet25conv_2pcA  |        0|  64|  32|    0|    20|   16|     1|          320|
    |p_ZZN4nnet25conv_2d_buffer_latency_clINS_5arrayI9ap_ufixedILi16ELi6EL9ap_q_mode4E_20_U  |shift_line_buffer_array_ap_ufixed_16_6_4_0_0_12u_config7_s_p_ZZN4nnet25conv_2pcA  |        0|  64|  32|    0|    20|   16|     1|          320|
    |p_ZZN4nnet25conv_2d_buffer_latency_clINS_5arrayI9ap_ufixedILi16ELi6EL9ap_q_mode4E_8_U   |shift_line_buffer_array_ap_ufixed_16_6_4_0_0_12u_config7_s_p_ZZN4nnet25conv_2pcA  |        0|  64|  32|    0|    20|   16|     1|          320|
    +----------------------------------------------------------------------------------------+----------------------------------------------------------------------------------+---------+----+----+-----+------+-----+------+-------------+
    |Total                                                                                   |                                                                                  |        0|1536| 768|    0|   480|  384|    24|         7680|
    +----------------------------------------------------------------------------------------+----------------------------------------------------------------------------------+---------+----+----+-----+------+-----+------+-------------+

    * FIFO: 
    N/A

    * Expression: 
    N/A

    * Multiplexer: 
    +----------------------------------------------------------------------------------------+----+-----------+-----+-----------+
    |                                          Name                                          | LUT| Input Size| Bits| Total Bits|
    +----------------------------------------------------------------------------------------+----+-----------+-----+-----------+
    |p_ZZN4nnet24compute_output_buffer_2dINS_5arrayI9ap_ufixedILi16ELi6EL9ap_q_mode4EL_10_o  |   9|          2|   16|         32|
    |p_ZZN4nnet24compute_output_buffer_2dINS_5arrayI9ap_ufixedILi16ELi6EL9ap_q_mode4EL_11_o  |   9|          2|   16|         32|
    |p_ZZN4nnet24compute_output_buffer_2dINS_5arrayI9ap_ufixedILi16ELi6EL9ap_q_mode4EL_12_o  |   9|          2|   16|         32|
    |p_ZZN4nnet24compute_output_buffer_2dINS_5arrayI9ap_ufixedILi16ELi6EL9ap_q_mode4EL_13_o  |   9|          2|   16|         32|
    |p_ZZN4nnet24compute_output_buffer_2dINS_5arrayI9ap_ufixedILi16ELi6EL9ap_q_mode4EL_14_o  |   9|          2|   16|         32|
    |p_ZZN4nnet24compute_output_buffer_2dINS_5arrayI9ap_ufixedILi16ELi6EL9ap_q_mode4EL_15_o  |   9|          2|   16|         32|
    |p_ZZN4nnet24compute_output_buffer_2dINS_5arrayI9ap_ufixedILi16ELi6EL9ap_q_mode4EL_1_o   |   9|          2|   16|         32|
    |p_ZZN4nnet24compute_output_buffer_2dINS_5arrayI9ap_ufixedILi16ELi6EL9ap_q_mode4EL_28_o  |   9|          2|   16|         32|
    |p_ZZN4nnet24compute_output_buffer_2dINS_5arrayI9ap_ufixedILi16ELi6EL9ap_q_mode4EL_29_o  |   9|          2|   16|         32|
    |p_ZZN4nnet24compute_output_buffer_2dINS_5arrayI9ap_ufixedILi16ELi6EL9ap_q_mode4EL_2_o   |   9|          2|   16|         32|
    |p_ZZN4nnet24compute_output_buffer_2dINS_5arrayI9ap_ufixedILi16ELi6EL9ap_q_mode4EL_30_o  |   9|          2|   16|         32|
    |p_ZZN4nnet24compute_output_buffer_2dINS_5arrayI9ap_ufixedILi16ELi6EL9ap_q_mode4EL_31_o  |   9|          2|   16|         32|
    |p_ZZN4nnet24compute_output_buffer_2dINS_5arrayI9ap_ufixedILi16ELi6EL9ap_q_mode4EL_32_o  |   9|          2|   16|         32|
    |p_ZZN4nnet24compute_output_buffer_2dINS_5arrayI9ap_ufixedILi16ELi6EL9ap_q_mode4EL_33_o  |   9|          2|   16|         32|
    |p_ZZN4nnet24compute_output_buffer_2dINS_5arrayI9ap_ufixedILi16ELi6EL9ap_q_mode4EL_34_o  |   9|          2|   16|         32|
    |p_ZZN4nnet24compute_output_buffer_2dINS_5arrayI9ap_ufixedILi16ELi6EL9ap_q_mode4EL_35_o  |   9|          2|   16|         32|
    |p_ZZN4nnet24compute_output_buffer_2dINS_5arrayI9ap_ufixedILi16ELi6EL9ap_q_mode4EL_36_o  |   9|          2|   16|         32|
    |p_ZZN4nnet24compute_output_buffer_2dINS_5arrayI9ap_ufixedILi16ELi6EL9ap_q_mode4EL_37_o  |   9|          2|   16|         32|
    |p_ZZN4nnet24compute_output_buffer_2dINS_5arrayI9ap_ufixedILi16ELi6EL9ap_q_mode4EL_38_o  |   9|          2|   16|         32|
    |p_ZZN4nnet24compute_output_buffer_2dINS_5arrayI9ap_ufixedILi16ELi6EL9ap_q_mode4EL_39_o  |   9|          2|   16|         32|
    |p_ZZN4nnet24compute_output_buffer_2dINS_5arrayI9ap_ufixedILi16ELi6EL9ap_q_mode4EL_3_o   |   9|          2|   16|         32|
    |p_ZZN4nnet24compute_output_buffer_2dINS_5arrayI9ap_ufixedILi16ELi6EL9ap_q_mode4EL_40_o  |   9|          2|   16|         32|
    |p_ZZN4nnet24compute_output_buffer_2dINS_5arrayI9ap_ufixedILi16ELi6EL9ap_q_mode4EL_41_o  |   9|          2|   16|         32|
    |p_ZZN4nnet24compute_output_buffer_2dINS_5arrayI9ap_ufixedILi16ELi6EL9ap_q_mode4EL_42_o  |   9|          2|   16|         32|
    |p_ZZN4nnet24compute_output_buffer_2dINS_5arrayI9ap_ufixedILi16ELi6EL9ap_q_mode4EL_43_o  |   9|          2|   16|         32|
    |p_ZZN4nnet24compute_output_buffer_2dINS_5arrayI9ap_ufixedILi16ELi6EL9ap_q_mode4EL_44_o  |   9|          2|   16|         32|
    |p_ZZN4nnet24compute_output_buffer_2dINS_5arrayI9ap_ufixedILi16ELi6EL9ap_q_mode4EL_45_o  |   9|          2|   16|         32|
    |p_ZZN4nnet24compute_output_buffer_2dINS_5arrayI9ap_ufixedILi16ELi6EL9ap_q_mode4EL_46_o  |   9|          2|   16|         32|
    |p_ZZN4nnet24compute_output_buffer_2dINS_5arrayI9ap_ufixedILi16ELi6EL9ap_q_mode4EL_47_o  |   9|          2|   16|         32|
    |p_ZZN4nnet24compute_output_buffer_2dINS_5arrayI9ap_ufixedILi16ELi6EL9ap_q_mode4EL_48_o  |   9|          2|   16|         32|
    |p_ZZN4nnet24compute_output_buffer_2dINS_5arrayI9ap_ufixedILi16ELi6EL9ap_q_mode4EL_49_o  |   9|          2|   16|         32|
    |p_ZZN4nnet24compute_output_buffer_2dINS_5arrayI9ap_ufixedILi16ELi6EL9ap_q_mode4EL_4_o   |   9|          2|   16|         32|
    |p_ZZN4nnet24compute_output_buffer_2dINS_5arrayI9ap_ufixedILi16ELi6EL9ap_q_mode4EL_50_o  |   9|          2|   16|         32|
    |p_ZZN4nnet24compute_output_buffer_2dINS_5arrayI9ap_ufixedILi16ELi6EL9ap_q_mode4EL_51_o  |   9|          2|   16|         32|
    |p_ZZN4nnet24compute_output_buffer_2dINS_5arrayI9ap_ufixedILi16ELi6EL9ap_q_mode4EL_5_o   |   9|          2|   16|         32|
    |p_ZZN4nnet24compute_output_buffer_2dINS_5arrayI9ap_ufixedILi16ELi6EL9ap_q_mode4EL_64_o  |   9|          2|   16|         32|
    |p_ZZN4nnet24compute_output_buffer_2dINS_5arrayI9ap_ufixedILi16ELi6EL9ap_q_mode4EL_65_o  |   9|          2|   16|         32|
    |p_ZZN4nnet24compute_output_buffer_2dINS_5arrayI9ap_ufixedILi16ELi6EL9ap_q_mode4EL_66_o  |   9|          2|   16|         32|
    |p_ZZN4nnet24compute_output_buffer_2dINS_5arrayI9ap_ufixedILi16ELi6EL9ap_q_mode4EL_67_o  |   9|          2|   16|         32|
    |p_ZZN4nnet24compute_output_buffer_2dINS_5arrayI9ap_ufixedILi16ELi6EL9ap_q_mode4EL_68_o  |   9|          2|   16|         32|
    |p_ZZN4nnet24compute_output_buffer_2dINS_5arrayI9ap_ufixedILi16ELi6EL9ap_q_mode4EL_69_o  |   9|          2|   16|         32|
    |p_ZZN4nnet24compute_output_buffer_2dINS_5arrayI9ap_ufixedILi16ELi6EL9ap_q_mode4EL_6_o   |   9|          2|   16|         32|
    |p_ZZN4nnet24compute_output_buffer_2dINS_5arrayI9ap_ufixedILi16ELi6EL9ap_q_mode4EL_70_o  |   9|          2|   16|         32|
    |p_ZZN4nnet24compute_output_buffer_2dINS_5arrayI9ap_ufixedILi16ELi6EL9ap_q_mode4EL_71_o  |   9|          2|   16|         32|
    |p_ZZN4nnet24compute_output_buffer_2dINS_5arrayI9ap_ufixedILi16ELi6EL9ap_q_mode4EL_72_o  |   9|          2|   16|         32|
    |p_ZZN4nnet24compute_output_buffer_2dINS_5arrayI9ap_ufixedILi16ELi6EL9ap_q_mode4EL_73_o  |   9|          2|   16|         32|
    |p_ZZN4nnet24compute_output_buffer_2dINS_5arrayI9ap_ufixedILi16ELi6EL9ap_q_mode4EL_74_o  |   9|          2|   16|         32|
    |p_ZZN4nnet24compute_output_buffer_2dINS_5arrayI9ap_ufixedILi16ELi6EL9ap_q_mode4EL_75_o  |   9|          2|   16|         32|
    |p_ZZN4nnet24compute_output_buffer_2dINS_5arrayI9ap_ufixedILi16ELi6EL9ap_q_mode4EL_76_o  |   9|          2|   16|         32|
    |p_ZZN4nnet24compute_output_buffer_2dINS_5arrayI9ap_ufixedILi16ELi6EL9ap_q_mode4EL_77_o  |   9|          2|   16|         32|
    |p_ZZN4nnet24compute_output_buffer_2dINS_5arrayI9ap_ufixedILi16ELi6EL9ap_q_mode4EL_78_o  |   9|          2|   16|         32|
    |p_ZZN4nnet24compute_output_buffer_2dINS_5arrayI9ap_ufixedILi16ELi6EL9ap_q_mode4EL_79_o  |   9|          2|   16|         32|
    |p_ZZN4nnet24compute_output_buffer_2dINS_5arrayI9ap_ufixedILi16ELi6EL9ap_q_mode4EL_7_o   |   9|          2|   16|         32|
    |p_ZZN4nnet24compute_output_buffer_2dINS_5arrayI9ap_ufixedILi16ELi6EL9ap_q_mode4EL_80_o  |   9|          2|   16|         32|
    |p_ZZN4nnet24compute_output_buffer_2dINS_5arrayI9ap_ufixedILi16ELi6EL9ap_q_mode4EL_81_o  |   9|          2|   16|         32|
    |p_ZZN4nnet24compute_output_buffer_2dINS_5arrayI9ap_ufixedILi16ELi6EL9ap_q_mode4EL_82_o  |   9|          2|   16|         32|
    |p_ZZN4nnet24compute_output_buffer_2dINS_5arrayI9ap_ufixedILi16ELi6EL9ap_q_mode4EL_83_o  |   9|          2|   16|         32|
    |p_ZZN4nnet24compute_output_buffer_2dINS_5arrayI9ap_ufixedILi16ELi6EL9ap_q_mode4EL_84_o  |   9|          2|   16|         32|
    |p_ZZN4nnet24compute_output_buffer_2dINS_5arrayI9ap_ufixedILi16ELi6EL9ap_q_mode4EL_85_o  |   9|          2|   16|         32|
    |p_ZZN4nnet24compute_output_buffer_2dINS_5arrayI9ap_ufixedILi16ELi6EL9ap_q_mode4EL_86_o  |   9|          2|   16|         32|
    |p_ZZN4nnet24compute_output_buffer_2dINS_5arrayI9ap_ufixedILi16ELi6EL9ap_q_mode4EL_87_o  |   9|          2|   16|         32|
    |p_ZZN4nnet24compute_output_buffer_2dINS_5arrayI9ap_ufixedILi16ELi6EL9ap_q_mode4EL_89_o  |   9|          2|   16|         32|
    |p_ZZN4nnet24compute_output_buffer_2dINS_5arrayI9ap_ufixedILi16ELi6EL9ap_q_mode4EL_8_o   |   9|          2|   16|         32|
    |p_ZZN4nnet24compute_output_buffer_2dINS_5arrayI9ap_ufixedILi16ELi6EL9ap_q_mode4EL_90_o  |   9|          2|   16|         32|
    |p_ZZN4nnet24compute_output_buffer_2dINS_5arrayI9ap_ufixedILi16ELi6EL9ap_q_mode4EL_91_o  |   9|          2|   16|         32|
    |p_ZZN4nnet24compute_output_buffer_2dINS_5arrayI9ap_ufixedILi16ELi6EL9ap_q_mode4EL_92_o  |   9|          2|   16|         32|
    |p_ZZN4nnet24compute_output_buffer_2dINS_5arrayI9ap_ufixedILi16ELi6EL9ap_q_mode4EL_93_o  |   9|          2|   16|         32|
    |p_ZZN4nnet24compute_output_buffer_2dINS_5arrayI9ap_ufixedILi16ELi6EL9ap_q_mode4EL_94_o  |   9|          2|   16|         32|
    |p_ZZN4nnet24compute_output_buffer_2dINS_5arrayI9ap_ufixedILi16ELi6EL9ap_q_mode4EL_95_o  |   9|          2|   16|         32|
    |p_ZZN4nnet24compute_output_buffer_2dINS_5arrayI9ap_ufixedILi16ELi6EL9ap_q_mode4EL_96_o  |   9|          2|   16|         32|
    |p_ZZN4nnet24compute_output_buffer_2dINS_5arrayI9ap_ufixedILi16ELi6EL9ap_q_mode4EL_9_o   |   9|          2|   16|         32|
    |p_ZZN4nnet24compute_output_buffer_2dINS_5arrayI9ap_ufixedILi16ELi6EL9ap_q_mode4EL_o     |   9|          2|   16|         32|
    +----------------------------------------------------------------------------------------+----+-----------+-----+-----------+
    |Total                                                                                   | 648|        144| 1152|       2304|
    +----------------------------------------------------------------------------------------+----+-----------+-----+-----------+

    * Register: 
    +-----------+---+----+-----+-----------+
    |    Name   | FF| LUT| Bits| Const Bits|
    +-----------+---+----+-----+-----------+
    |ap_CS_fsm  |  1|   0|    1|          0|
    +-----------+---+----+-----+-----------+
    |Total      |  1|   0|    1|          0|
    +-----------+---+----+-----+-----------+



================================================================
== Interface
================================================================
* Summary: 
+-----------------------------------------------------------------------------------------------+-----+-----+------------+--------------------------------------------------------------------------------------+--------------+
|                                           RTL Ports                                           | Dir | Bits|  Protocol  |                                     Source Object                                    |    C Type    |
+-----------------------------------------------------------------------------------------------+-----+-----+------------+--------------------------------------------------------------------------------------+--------------+
|ap_clk                                                                                         |   in|    1|  ap_ctrl_hs|                     shift_line_buffer<array<ap_ufixed<16, 6, 4, 0, 0>, 12u>, config7>|  return value|
|ap_rst                                                                                         |   in|    1|  ap_ctrl_hs|                     shift_line_buffer<array<ap_ufixed<16, 6, 4, 0, 0>, 12u>, config7>|  return value|
|ap_start                                                                                       |   in|    1|  ap_ctrl_hs|                     shift_line_buffer<array<ap_ufixed<16, 6, 4, 0, 0>, 12u>, config7>|  return value|
|ap_done                                                                                        |  out|    1|  ap_ctrl_hs|                     shift_line_buffer<array<ap_ufixed<16, 6, 4, 0, 0>, 12u>, config7>|  return value|
|ap_idle                                                                                        |  out|    1|  ap_ctrl_hs|                     shift_line_buffer<array<ap_ufixed<16, 6, 4, 0, 0>, 12u>, config7>|  return value|
|ap_ready                                                                                       |  out|    1|  ap_ctrl_hs|                     shift_line_buffer<array<ap_ufixed<16, 6, 4, 0, 0>, 12u>, config7>|  return value|
|ap_ce                                                                                          |   in|    1|  ap_ctrl_hs|                     shift_line_buffer<array<ap_ufixed<16, 6, 4, 0, 0>, 12u>, config7>|  return value|
|p_read                                                                                         |   in|   16|     ap_none|                                                                                p_read|        scalar|
|p_read1                                                                                        |   in|   16|     ap_none|                                                                               p_read1|        scalar|
|p_read2                                                                                        |   in|   16|     ap_none|                                                                               p_read2|        scalar|
|p_read3                                                                                        |   in|   16|     ap_none|                                                                               p_read3|        scalar|
|p_read4                                                                                        |   in|   16|     ap_none|                                                                               p_read4|        scalar|
|p_read5                                                                                        |   in|   16|     ap_none|                                                                               p_read5|        scalar|
|p_read6                                                                                        |   in|   16|     ap_none|                                                                               p_read6|        scalar|
|p_read7                                                                                        |   in|   16|     ap_none|                                                                               p_read7|        scalar|
|p_read8                                                                                        |   in|   16|     ap_none|                                                                               p_read8|        scalar|
|p_read9                                                                                        |   in|   16|     ap_none|                                                                               p_read9|        scalar|
|p_read10                                                                                       |   in|   16|     ap_none|                                                                              p_read10|        scalar|
|p_read11                                                                                       |   in|   16|     ap_none|                                                                              p_read11|        scalar|
|p_ZZN4nnet24compute_output_buffer_2dINS_5arrayI9ap_ufixedILi16ELi6EL9ap_q_mode4EL_87_i         |   in|   16|     ap_ovld|  p_ZZN4nnet24compute_output_buffer_2dINS_5arrayI9ap_ufixedILi16ELi6EL9ap_q_mode4EL_87|       pointer|
|p_ZZN4nnet24compute_output_buffer_2dINS_5arrayI9ap_ufixedILi16ELi6EL9ap_q_mode4EL_87_o         |  out|   16|     ap_ovld|  p_ZZN4nnet24compute_output_buffer_2dINS_5arrayI9ap_ufixedILi16ELi6EL9ap_q_mode4EL_87|       pointer|
|p_ZZN4nnet24compute_output_buffer_2dINS_5arrayI9ap_ufixedILi16ELi6EL9ap_q_mode4EL_87_o_ap_vld  |  out|    1|     ap_ovld|  p_ZZN4nnet24compute_output_buffer_2dINS_5arrayI9ap_ufixedILi16ELi6EL9ap_q_mode4EL_87|       pointer|
|void_compute_output_buffer_2d_array_const_ap_shift_reg_n_chan_stream_weig_18                   |  out|   16|      ap_vld|          void_compute_output_buffer_2d_array_const_ap_shift_reg_n_chan_stream_weig_18|       pointer|
|void_compute_output_buffer_2d_array_const_ap_shift_reg_n_chan_stream_weig_18_ap_vld            |  out|    1|      ap_vld|          void_compute_output_buffer_2d_array_const_ap_shift_reg_n_chan_stream_weig_18|       pointer|
|p_ZZN4nnet24compute_output_buffer_2dINS_5arrayI9ap_ufixedILi16ELi6EL9ap_q_mode4EL_86_i         |   in|   16|     ap_ovld|  p_ZZN4nnet24compute_output_buffer_2dINS_5arrayI9ap_ufixedILi16ELi6EL9ap_q_mode4EL_86|       pointer|
|p_ZZN4nnet24compute_output_buffer_2dINS_5arrayI9ap_ufixedILi16ELi6EL9ap_q_mode4EL_86_o         |  out|   16|     ap_ovld|  p_ZZN4nnet24compute_output_buffer_2dINS_5arrayI9ap_ufixedILi16ELi6EL9ap_q_mode4EL_86|       pointer|
|p_ZZN4nnet24compute_output_buffer_2dINS_5arrayI9ap_ufixedILi16ELi6EL9ap_q_mode4EL_86_o_ap_vld  |  out|    1|     ap_ovld|  p_ZZN4nnet24compute_output_buffer_2dINS_5arrayI9ap_ufixedILi16ELi6EL9ap_q_mode4EL_86|       pointer|
|void_compute_output_buffer_2d_array_const_ap_shift_reg_n_chan_stream_weig_17                   |  out|   16|      ap_vld|          void_compute_output_buffer_2d_array_const_ap_shift_reg_n_chan_stream_weig_17|       pointer|
|void_compute_output_buffer_2d_array_const_ap_shift_reg_n_chan_stream_weig_17_ap_vld            |  out|    1|      ap_vld|          void_compute_output_buffer_2d_array_const_ap_shift_reg_n_chan_stream_weig_17|       pointer|
|p_ZZN4nnet24compute_output_buffer_2dINS_5arrayI9ap_ufixedILi16ELi6EL9ap_q_mode4EL_85_i         |   in|   16|     ap_ovld|  p_ZZN4nnet24compute_output_buffer_2dINS_5arrayI9ap_ufixedILi16ELi6EL9ap_q_mode4EL_85|       pointer|
|p_ZZN4nnet24compute_output_buffer_2dINS_5arrayI9ap_ufixedILi16ELi6EL9ap_q_mode4EL_85_o         |  out|   16|     ap_ovld|  p_ZZN4nnet24compute_output_buffer_2dINS_5arrayI9ap_ufixedILi16ELi6EL9ap_q_mode4EL_85|       pointer|
|p_ZZN4nnet24compute_output_buffer_2dINS_5arrayI9ap_ufixedILi16ELi6EL9ap_q_mode4EL_85_o_ap_vld  |  out|    1|     ap_ovld|  p_ZZN4nnet24compute_output_buffer_2dINS_5arrayI9ap_ufixedILi16ELi6EL9ap_q_mode4EL_85|       pointer|
|void_compute_output_buffer_2d_array_const_ap_shift_reg_n_chan_stream_weig_16                   |  out|   16|      ap_vld|          void_compute_output_buffer_2d_array_const_ap_shift_reg_n_chan_stream_weig_16|       pointer|
|void_compute_output_buffer_2d_array_const_ap_shift_reg_n_chan_stream_weig_16_ap_vld            |  out|    1|      ap_vld|          void_compute_output_buffer_2d_array_const_ap_shift_reg_n_chan_stream_weig_16|       pointer|
|p_ZZN4nnet24compute_output_buffer_2dINS_5arrayI9ap_ufixedILi16ELi6EL9ap_q_mode4EL_84_i         |   in|   16|     ap_ovld|  p_ZZN4nnet24compute_output_buffer_2dINS_5arrayI9ap_ufixedILi16ELi6EL9ap_q_mode4EL_84|       pointer|
|p_ZZN4nnet24compute_output_buffer_2dINS_5arrayI9ap_ufixedILi16ELi6EL9ap_q_mode4EL_84_o         |  out|   16|     ap_ovld|  p_ZZN4nnet24compute_output_buffer_2dINS_5arrayI9ap_ufixedILi16ELi6EL9ap_q_mode4EL_84|       pointer|
|p_ZZN4nnet24compute_output_buffer_2dINS_5arrayI9ap_ufixedILi16ELi6EL9ap_q_mode4EL_84_o_ap_vld  |  out|    1|     ap_ovld|  p_ZZN4nnet24compute_output_buffer_2dINS_5arrayI9ap_ufixedILi16ELi6EL9ap_q_mode4EL_84|       pointer|
|void_compute_output_buffer_2d_array_const_ap_shift_reg_n_chan_stream_weig_15                   |  out|   16|      ap_vld|          void_compute_output_buffer_2d_array_const_ap_shift_reg_n_chan_stream_weig_15|       pointer|
|void_compute_output_buffer_2d_array_const_ap_shift_reg_n_chan_stream_weig_15_ap_vld            |  out|    1|      ap_vld|          void_compute_output_buffer_2d_array_const_ap_shift_reg_n_chan_stream_weig_15|       pointer|
|p_ZZN4nnet24compute_output_buffer_2dINS_5arrayI9ap_ufixedILi16ELi6EL9ap_q_mode4EL_83_i         |   in|   16|     ap_ovld|  p_ZZN4nnet24compute_output_buffer_2dINS_5arrayI9ap_ufixedILi16ELi6EL9ap_q_mode4EL_83|       pointer|
|p_ZZN4nnet24compute_output_buffer_2dINS_5arrayI9ap_ufixedILi16ELi6EL9ap_q_mode4EL_83_o         |  out|   16|     ap_ovld|  p_ZZN4nnet24compute_output_buffer_2dINS_5arrayI9ap_ufixedILi16ELi6EL9ap_q_mode4EL_83|       pointer|
|p_ZZN4nnet24compute_output_buffer_2dINS_5arrayI9ap_ufixedILi16ELi6EL9ap_q_mode4EL_83_o_ap_vld  |  out|    1|     ap_ovld|  p_ZZN4nnet24compute_output_buffer_2dINS_5arrayI9ap_ufixedILi16ELi6EL9ap_q_mode4EL_83|       pointer|
|void_compute_output_buffer_2d_array_const_ap_shift_reg_n_chan_stream_weig_14                   |  out|   16|      ap_vld|          void_compute_output_buffer_2d_array_const_ap_shift_reg_n_chan_stream_weig_14|       pointer|
|void_compute_output_buffer_2d_array_const_ap_shift_reg_n_chan_stream_weig_14_ap_vld            |  out|    1|      ap_vld|          void_compute_output_buffer_2d_array_const_ap_shift_reg_n_chan_stream_weig_14|       pointer|
|p_ZZN4nnet24compute_output_buffer_2dINS_5arrayI9ap_ufixedILi16ELi6EL9ap_q_mode4EL_82_i         |   in|   16|     ap_ovld|  p_ZZN4nnet24compute_output_buffer_2dINS_5arrayI9ap_ufixedILi16ELi6EL9ap_q_mode4EL_82|       pointer|
|p_ZZN4nnet24compute_output_buffer_2dINS_5arrayI9ap_ufixedILi16ELi6EL9ap_q_mode4EL_82_o         |  out|   16|     ap_ovld|  p_ZZN4nnet24compute_output_buffer_2dINS_5arrayI9ap_ufixedILi16ELi6EL9ap_q_mode4EL_82|       pointer|
|p_ZZN4nnet24compute_output_buffer_2dINS_5arrayI9ap_ufixedILi16ELi6EL9ap_q_mode4EL_82_o_ap_vld  |  out|    1|     ap_ovld|  p_ZZN4nnet24compute_output_buffer_2dINS_5arrayI9ap_ufixedILi16ELi6EL9ap_q_mode4EL_82|       pointer|
|void_compute_output_buffer_2d_array_const_ap_shift_reg_n_chan_stream_weig_13                   |  out|   16|      ap_vld|          void_compute_output_buffer_2d_array_const_ap_shift_reg_n_chan_stream_weig_13|       pointer|
|void_compute_output_buffer_2d_array_const_ap_shift_reg_n_chan_stream_weig_13_ap_vld            |  out|    1|      ap_vld|          void_compute_output_buffer_2d_array_const_ap_shift_reg_n_chan_stream_weig_13|       pointer|
|p_ZZN4nnet24compute_output_buffer_2dINS_5arrayI9ap_ufixedILi16ELi6EL9ap_q_mode4EL_81_i         |   in|   16|     ap_ovld|  p_ZZN4nnet24compute_output_buffer_2dINS_5arrayI9ap_ufixedILi16ELi6EL9ap_q_mode4EL_81|       pointer|
|p_ZZN4nnet24compute_output_buffer_2dINS_5arrayI9ap_ufixedILi16ELi6EL9ap_q_mode4EL_81_o         |  out|   16|     ap_ovld|  p_ZZN4nnet24compute_output_buffer_2dINS_5arrayI9ap_ufixedILi16ELi6EL9ap_q_mode4EL_81|       pointer|
|p_ZZN4nnet24compute_output_buffer_2dINS_5arrayI9ap_ufixedILi16ELi6EL9ap_q_mode4EL_81_o_ap_vld  |  out|    1|     ap_ovld|  p_ZZN4nnet24compute_output_buffer_2dINS_5arrayI9ap_ufixedILi16ELi6EL9ap_q_mode4EL_81|       pointer|
|void_compute_output_buffer_2d_array_const_ap_shift_reg_n_chan_stream_weig_12                   |  out|   16|      ap_vld|          void_compute_output_buffer_2d_array_const_ap_shift_reg_n_chan_stream_weig_12|       pointer|
|void_compute_output_buffer_2d_array_const_ap_shift_reg_n_chan_stream_weig_12_ap_vld            |  out|    1|      ap_vld|          void_compute_output_buffer_2d_array_const_ap_shift_reg_n_chan_stream_weig_12|       pointer|
|p_ZZN4nnet24compute_output_buffer_2dINS_5arrayI9ap_ufixedILi16ELi6EL9ap_q_mode4EL_80_i         |   in|   16|     ap_ovld|  p_ZZN4nnet24compute_output_buffer_2dINS_5arrayI9ap_ufixedILi16ELi6EL9ap_q_mode4EL_80|       pointer|
|p_ZZN4nnet24compute_output_buffer_2dINS_5arrayI9ap_ufixedILi16ELi6EL9ap_q_mode4EL_80_o         |  out|   16|     ap_ovld|  p_ZZN4nnet24compute_output_buffer_2dINS_5arrayI9ap_ufixedILi16ELi6EL9ap_q_mode4EL_80|       pointer|
|p_ZZN4nnet24compute_output_buffer_2dINS_5arrayI9ap_ufixedILi16ELi6EL9ap_q_mode4EL_80_o_ap_vld  |  out|    1|     ap_ovld|  p_ZZN4nnet24compute_output_buffer_2dINS_5arrayI9ap_ufixedILi16ELi6EL9ap_q_mode4EL_80|       pointer|
|void_compute_output_buffer_2d_array_const_ap_shift_reg_n_chan_stream_weig_11                   |  out|   16|      ap_vld|          void_compute_output_buffer_2d_array_const_ap_shift_reg_n_chan_stream_weig_11|       pointer|
|void_compute_output_buffer_2d_array_const_ap_shift_reg_n_chan_stream_weig_11_ap_vld            |  out|    1|      ap_vld|          void_compute_output_buffer_2d_array_const_ap_shift_reg_n_chan_stream_weig_11|       pointer|
|p_ZZN4nnet24compute_output_buffer_2dINS_5arrayI9ap_ufixedILi16ELi6EL9ap_q_mode4EL_79_i         |   in|   16|     ap_ovld|  p_ZZN4nnet24compute_output_buffer_2dINS_5arrayI9ap_ufixedILi16ELi6EL9ap_q_mode4EL_79|       pointer|
|p_ZZN4nnet24compute_output_buffer_2dINS_5arrayI9ap_ufixedILi16ELi6EL9ap_q_mode4EL_79_o         |  out|   16|     ap_ovld|  p_ZZN4nnet24compute_output_buffer_2dINS_5arrayI9ap_ufixedILi16ELi6EL9ap_q_mode4EL_79|       pointer|
|p_ZZN4nnet24compute_output_buffer_2dINS_5arrayI9ap_ufixedILi16ELi6EL9ap_q_mode4EL_79_o_ap_vld  |  out|    1|     ap_ovld|  p_ZZN4nnet24compute_output_buffer_2dINS_5arrayI9ap_ufixedILi16ELi6EL9ap_q_mode4EL_79|       pointer|
|void_compute_output_buffer_2d_array_const_ap_shift_reg_n_chan_stream_weig_10                   |  out|   16|      ap_vld|          void_compute_output_buffer_2d_array_const_ap_shift_reg_n_chan_stream_weig_10|       pointer|
|void_compute_output_buffer_2d_array_const_ap_shift_reg_n_chan_stream_weig_10_ap_vld            |  out|    1|      ap_vld|          void_compute_output_buffer_2d_array_const_ap_shift_reg_n_chan_stream_weig_10|       pointer|
|p_ZZN4nnet24compute_output_buffer_2dINS_5arrayI9ap_ufixedILi16ELi6EL9ap_q_mode4EL_78_i         |   in|   16|     ap_ovld|  p_ZZN4nnet24compute_output_buffer_2dINS_5arrayI9ap_ufixedILi16ELi6EL9ap_q_mode4EL_78|       pointer|
|p_ZZN4nnet24compute_output_buffer_2dINS_5arrayI9ap_ufixedILi16ELi6EL9ap_q_mode4EL_78_o         |  out|   16|     ap_ovld|  p_ZZN4nnet24compute_output_buffer_2dINS_5arrayI9ap_ufixedILi16ELi6EL9ap_q_mode4EL_78|       pointer|
|p_ZZN4nnet24compute_output_buffer_2dINS_5arrayI9ap_ufixedILi16ELi6EL9ap_q_mode4EL_78_o_ap_vld  |  out|    1|     ap_ovld|  p_ZZN4nnet24compute_output_buffer_2dINS_5arrayI9ap_ufixedILi16ELi6EL9ap_q_mode4EL_78|       pointer|
|void_compute_output_buffer_2d_array_const_ap_shift_reg_n_chan_stream_weig_9                    |  out|   16|      ap_vld|           void_compute_output_buffer_2d_array_const_ap_shift_reg_n_chan_stream_weig_9|       pointer|
|void_compute_output_buffer_2d_array_const_ap_shift_reg_n_chan_stream_weig_9_ap_vld             |  out|    1|      ap_vld|           void_compute_output_buffer_2d_array_const_ap_shift_reg_n_chan_stream_weig_9|       pointer|
|p_ZZN4nnet24compute_output_buffer_2dINS_5arrayI9ap_ufixedILi16ELi6EL9ap_q_mode4EL_77_i         |   in|   16|     ap_ovld|  p_ZZN4nnet24compute_output_buffer_2dINS_5arrayI9ap_ufixedILi16ELi6EL9ap_q_mode4EL_77|       pointer|
|p_ZZN4nnet24compute_output_buffer_2dINS_5arrayI9ap_ufixedILi16ELi6EL9ap_q_mode4EL_77_o         |  out|   16|     ap_ovld|  p_ZZN4nnet24compute_output_buffer_2dINS_5arrayI9ap_ufixedILi16ELi6EL9ap_q_mode4EL_77|       pointer|
|p_ZZN4nnet24compute_output_buffer_2dINS_5arrayI9ap_ufixedILi16ELi6EL9ap_q_mode4EL_77_o_ap_vld  |  out|    1|     ap_ovld|  p_ZZN4nnet24compute_output_buffer_2dINS_5arrayI9ap_ufixedILi16ELi6EL9ap_q_mode4EL_77|       pointer|
|p_ZZN4nnet24compute_output_buffer_2dINS_5arrayI9ap_ufixedILi16ELi6EL9ap_q_mode4EL_97           |  out|   16|      ap_vld|  p_ZZN4nnet24compute_output_buffer_2dINS_5arrayI9ap_ufixedILi16ELi6EL9ap_q_mode4EL_97|       pointer|
|p_ZZN4nnet24compute_output_buffer_2dINS_5arrayI9ap_ufixedILi16ELi6EL9ap_q_mode4EL_97_ap_vld    |  out|    1|      ap_vld|  p_ZZN4nnet24compute_output_buffer_2dINS_5arrayI9ap_ufixedILi16ELi6EL9ap_q_mode4EL_97|       pointer|
|p_ZZN4nnet24compute_output_buffer_2dINS_5arrayI9ap_ufixedILi16ELi6EL9ap_q_mode4EL_76_i         |   in|   16|     ap_ovld|  p_ZZN4nnet24compute_output_buffer_2dINS_5arrayI9ap_ufixedILi16ELi6EL9ap_q_mode4EL_76|       pointer|
|p_ZZN4nnet24compute_output_buffer_2dINS_5arrayI9ap_ufixedILi16ELi6EL9ap_q_mode4EL_76_o         |  out|   16|     ap_ovld|  p_ZZN4nnet24compute_output_buffer_2dINS_5arrayI9ap_ufixedILi16ELi6EL9ap_q_mode4EL_76|       pointer|
|p_ZZN4nnet24compute_output_buffer_2dINS_5arrayI9ap_ufixedILi16ELi6EL9ap_q_mode4EL_76_o_ap_vld  |  out|    1|     ap_ovld|  p_ZZN4nnet24compute_output_buffer_2dINS_5arrayI9ap_ufixedILi16ELi6EL9ap_q_mode4EL_76|       pointer|
|p_ZZN4nnet24compute_output_buffer_2dINS_5arrayI9ap_ufixedILi16ELi6EL9ap_q_mode4EL_88           |  out|   16|      ap_vld|  p_ZZN4nnet24compute_output_buffer_2dINS_5arrayI9ap_ufixedILi16ELi6EL9ap_q_mode4EL_88|       pointer|
|p_ZZN4nnet24compute_output_buffer_2dINS_5arrayI9ap_ufixedILi16ELi6EL9ap_q_mode4EL_88_ap_vld    |  out|    1|      ap_vld|  p_ZZN4nnet24compute_output_buffer_2dINS_5arrayI9ap_ufixedILi16ELi6EL9ap_q_mode4EL_88|       pointer|
|p_ZZN4nnet24compute_output_buffer_2dINS_5arrayI9ap_ufixedILi16ELi6EL9ap_q_mode4EL_51_i         |   in|   16|     ap_ovld|  p_ZZN4nnet24compute_output_buffer_2dINS_5arrayI9ap_ufixedILi16ELi6EL9ap_q_mode4EL_51|       pointer|
|p_ZZN4nnet24compute_output_buffer_2dINS_5arrayI9ap_ufixedILi16ELi6EL9ap_q_mode4EL_51_o         |  out|   16|     ap_ovld|  p_ZZN4nnet24compute_output_buffer_2dINS_5arrayI9ap_ufixedILi16ELi6EL9ap_q_mode4EL_51|       pointer|
|p_ZZN4nnet24compute_output_buffer_2dINS_5arrayI9ap_ufixedILi16ELi6EL9ap_q_mode4EL_51_o_ap_vld  |  out|    1|     ap_ovld|  p_ZZN4nnet24compute_output_buffer_2dINS_5arrayI9ap_ufixedILi16ELi6EL9ap_q_mode4EL_51|       pointer|
|p_ZZN4nnet24compute_output_buffer_2dINS_5arrayI9ap_ufixedILi16ELi6EL9ap_q_mode4EL_63           |  out|   16|      ap_vld|  p_ZZN4nnet24compute_output_buffer_2dINS_5arrayI9ap_ufixedILi16ELi6EL9ap_q_mode4EL_63|       pointer|
|p_ZZN4nnet24compute_output_buffer_2dINS_5arrayI9ap_ufixedILi16ELi6EL9ap_q_mode4EL_63_ap_vld    |  out|    1|      ap_vld|  p_ZZN4nnet24compute_output_buffer_2dINS_5arrayI9ap_ufixedILi16ELi6EL9ap_q_mode4EL_63|       pointer|
|p_ZZN4nnet24compute_output_buffer_2dINS_5arrayI9ap_ufixedILi16ELi6EL9ap_q_mode4EL_50_i         |   in|   16|     ap_ovld|  p_ZZN4nnet24compute_output_buffer_2dINS_5arrayI9ap_ufixedILi16ELi6EL9ap_q_mode4EL_50|       pointer|
|p_ZZN4nnet24compute_output_buffer_2dINS_5arrayI9ap_ufixedILi16ELi6EL9ap_q_mode4EL_50_o         |  out|   16|     ap_ovld|  p_ZZN4nnet24compute_output_buffer_2dINS_5arrayI9ap_ufixedILi16ELi6EL9ap_q_mode4EL_50|       pointer|
|p_ZZN4nnet24compute_output_buffer_2dINS_5arrayI9ap_ufixedILi16ELi6EL9ap_q_mode4EL_50_o_ap_vld  |  out|    1|     ap_ovld|  p_ZZN4nnet24compute_output_buffer_2dINS_5arrayI9ap_ufixedILi16ELi6EL9ap_q_mode4EL_50|       pointer|
|p_ZZN4nnet24compute_output_buffer_2dINS_5arrayI9ap_ufixedILi16ELi6EL9ap_q_mode4EL_62           |  out|   16|      ap_vld|  p_ZZN4nnet24compute_output_buffer_2dINS_5arrayI9ap_ufixedILi16ELi6EL9ap_q_mode4EL_62|       pointer|
|p_ZZN4nnet24compute_output_buffer_2dINS_5arrayI9ap_ufixedILi16ELi6EL9ap_q_mode4EL_62_ap_vld    |  out|    1|      ap_vld|  p_ZZN4nnet24compute_output_buffer_2dINS_5arrayI9ap_ufixedILi16ELi6EL9ap_q_mode4EL_62|       pointer|
|p_ZZN4nnet24compute_output_buffer_2dINS_5arrayI9ap_ufixedILi16ELi6EL9ap_q_mode4EL_49_i         |   in|   16|     ap_ovld|  p_ZZN4nnet24compute_output_buffer_2dINS_5arrayI9ap_ufixedILi16ELi6EL9ap_q_mode4EL_49|       pointer|
|p_ZZN4nnet24compute_output_buffer_2dINS_5arrayI9ap_ufixedILi16ELi6EL9ap_q_mode4EL_49_o         |  out|   16|     ap_ovld|  p_ZZN4nnet24compute_output_buffer_2dINS_5arrayI9ap_ufixedILi16ELi6EL9ap_q_mode4EL_49|       pointer|
|p_ZZN4nnet24compute_output_buffer_2dINS_5arrayI9ap_ufixedILi16ELi6EL9ap_q_mode4EL_49_o_ap_vld  |  out|    1|     ap_ovld|  p_ZZN4nnet24compute_output_buffer_2dINS_5arrayI9ap_ufixedILi16ELi6EL9ap_q_mode4EL_49|       pointer|
|p_ZZN4nnet24compute_output_buffer_2dINS_5arrayI9ap_ufixedILi16ELi6EL9ap_q_mode4EL_61           |  out|   16|      ap_vld|  p_ZZN4nnet24compute_output_buffer_2dINS_5arrayI9ap_ufixedILi16ELi6EL9ap_q_mode4EL_61|       pointer|
|p_ZZN4nnet24compute_output_buffer_2dINS_5arrayI9ap_ufixedILi16ELi6EL9ap_q_mode4EL_61_ap_vld    |  out|    1|      ap_vld|  p_ZZN4nnet24compute_output_buffer_2dINS_5arrayI9ap_ufixedILi16ELi6EL9ap_q_mode4EL_61|       pointer|
|p_ZZN4nnet24compute_output_buffer_2dINS_5arrayI9ap_ufixedILi16ELi6EL9ap_q_mode4EL_48_i         |   in|   16|     ap_ovld|  p_ZZN4nnet24compute_output_buffer_2dINS_5arrayI9ap_ufixedILi16ELi6EL9ap_q_mode4EL_48|       pointer|
|p_ZZN4nnet24compute_output_buffer_2dINS_5arrayI9ap_ufixedILi16ELi6EL9ap_q_mode4EL_48_o         |  out|   16|     ap_ovld|  p_ZZN4nnet24compute_output_buffer_2dINS_5arrayI9ap_ufixedILi16ELi6EL9ap_q_mode4EL_48|       pointer|
|p_ZZN4nnet24compute_output_buffer_2dINS_5arrayI9ap_ufixedILi16ELi6EL9ap_q_mode4EL_48_o_ap_vld  |  out|    1|     ap_ovld|  p_ZZN4nnet24compute_output_buffer_2dINS_5arrayI9ap_ufixedILi16ELi6EL9ap_q_mode4EL_48|       pointer|
|p_ZZN4nnet24compute_output_buffer_2dINS_5arrayI9ap_ufixedILi16ELi6EL9ap_q_mode4EL_60           |  out|   16|      ap_vld|  p_ZZN4nnet24compute_output_buffer_2dINS_5arrayI9ap_ufixedILi16ELi6EL9ap_q_mode4EL_60|       pointer|
|p_ZZN4nnet24compute_output_buffer_2dINS_5arrayI9ap_ufixedILi16ELi6EL9ap_q_mode4EL_60_ap_vld    |  out|    1|      ap_vld|  p_ZZN4nnet24compute_output_buffer_2dINS_5arrayI9ap_ufixedILi16ELi6EL9ap_q_mode4EL_60|       pointer|
|p_ZZN4nnet24compute_output_buffer_2dINS_5arrayI9ap_ufixedILi16ELi6EL9ap_q_mode4EL_47_i         |   in|   16|     ap_ovld|  p_ZZN4nnet24compute_output_buffer_2dINS_5arrayI9ap_ufixedILi16ELi6EL9ap_q_mode4EL_47|       pointer|
|p_ZZN4nnet24compute_output_buffer_2dINS_5arrayI9ap_ufixedILi16ELi6EL9ap_q_mode4EL_47_o         |  out|   16|     ap_ovld|  p_ZZN4nnet24compute_output_buffer_2dINS_5arrayI9ap_ufixedILi16ELi6EL9ap_q_mode4EL_47|       pointer|
|p_ZZN4nnet24compute_output_buffer_2dINS_5arrayI9ap_ufixedILi16ELi6EL9ap_q_mode4EL_47_o_ap_vld  |  out|    1|     ap_ovld|  p_ZZN4nnet24compute_output_buffer_2dINS_5arrayI9ap_ufixedILi16ELi6EL9ap_q_mode4EL_47|       pointer|
|p_ZZN4nnet24compute_output_buffer_2dINS_5arrayI9ap_ufixedILi16ELi6EL9ap_q_mode4EL_59           |  out|   16|      ap_vld|  p_ZZN4nnet24compute_output_buffer_2dINS_5arrayI9ap_ufixedILi16ELi6EL9ap_q_mode4EL_59|       pointer|
|p_ZZN4nnet24compute_output_buffer_2dINS_5arrayI9ap_ufixedILi16ELi6EL9ap_q_mode4EL_59_ap_vld    |  out|    1|      ap_vld|  p_ZZN4nnet24compute_output_buffer_2dINS_5arrayI9ap_ufixedILi16ELi6EL9ap_q_mode4EL_59|       pointer|
|p_ZZN4nnet24compute_output_buffer_2dINS_5arrayI9ap_ufixedILi16ELi6EL9ap_q_mode4EL_46_i         |   in|   16|     ap_ovld|  p_ZZN4nnet24compute_output_buffer_2dINS_5arrayI9ap_ufixedILi16ELi6EL9ap_q_mode4EL_46|       pointer|
|p_ZZN4nnet24compute_output_buffer_2dINS_5arrayI9ap_ufixedILi16ELi6EL9ap_q_mode4EL_46_o         |  out|   16|     ap_ovld|  p_ZZN4nnet24compute_output_buffer_2dINS_5arrayI9ap_ufixedILi16ELi6EL9ap_q_mode4EL_46|       pointer|
|p_ZZN4nnet24compute_output_buffer_2dINS_5arrayI9ap_ufixedILi16ELi6EL9ap_q_mode4EL_46_o_ap_vld  |  out|    1|     ap_ovld|  p_ZZN4nnet24compute_output_buffer_2dINS_5arrayI9ap_ufixedILi16ELi6EL9ap_q_mode4EL_46|       pointer|
|p_ZZN4nnet24compute_output_buffer_2dINS_5arrayI9ap_ufixedILi16ELi6EL9ap_q_mode4EL_58           |  out|   16|      ap_vld|  p_ZZN4nnet24compute_output_buffer_2dINS_5arrayI9ap_ufixedILi16ELi6EL9ap_q_mode4EL_58|       pointer|
|p_ZZN4nnet24compute_output_buffer_2dINS_5arrayI9ap_ufixedILi16ELi6EL9ap_q_mode4EL_58_ap_vld    |  out|    1|      ap_vld|  p_ZZN4nnet24compute_output_buffer_2dINS_5arrayI9ap_ufixedILi16ELi6EL9ap_q_mode4EL_58|       pointer|
|p_ZZN4nnet24compute_output_buffer_2dINS_5arrayI9ap_ufixedILi16ELi6EL9ap_q_mode4EL_45_i         |   in|   16|     ap_ovld|  p_ZZN4nnet24compute_output_buffer_2dINS_5arrayI9ap_ufixedILi16ELi6EL9ap_q_mode4EL_45|       pointer|
|p_ZZN4nnet24compute_output_buffer_2dINS_5arrayI9ap_ufixedILi16ELi6EL9ap_q_mode4EL_45_o         |  out|   16|     ap_ovld|  p_ZZN4nnet24compute_output_buffer_2dINS_5arrayI9ap_ufixedILi16ELi6EL9ap_q_mode4EL_45|       pointer|
|p_ZZN4nnet24compute_output_buffer_2dINS_5arrayI9ap_ufixedILi16ELi6EL9ap_q_mode4EL_45_o_ap_vld  |  out|    1|     ap_ovld|  p_ZZN4nnet24compute_output_buffer_2dINS_5arrayI9ap_ufixedILi16ELi6EL9ap_q_mode4EL_45|       pointer|
|p_ZZN4nnet24compute_output_buffer_2dINS_5arrayI9ap_ufixedILi16ELi6EL9ap_q_mode4EL_57           |  out|   16|      ap_vld|  p_ZZN4nnet24compute_output_buffer_2dINS_5arrayI9ap_ufixedILi16ELi6EL9ap_q_mode4EL_57|       pointer|
|p_ZZN4nnet24compute_output_buffer_2dINS_5arrayI9ap_ufixedILi16ELi6EL9ap_q_mode4EL_57_ap_vld    |  out|    1|      ap_vld|  p_ZZN4nnet24compute_output_buffer_2dINS_5arrayI9ap_ufixedILi16ELi6EL9ap_q_mode4EL_57|       pointer|
|p_ZZN4nnet24compute_output_buffer_2dINS_5arrayI9ap_ufixedILi16ELi6EL9ap_q_mode4EL_44_i         |   in|   16|     ap_ovld|  p_ZZN4nnet24compute_output_buffer_2dINS_5arrayI9ap_ufixedILi16ELi6EL9ap_q_mode4EL_44|       pointer|
|p_ZZN4nnet24compute_output_buffer_2dINS_5arrayI9ap_ufixedILi16ELi6EL9ap_q_mode4EL_44_o         |  out|   16|     ap_ovld|  p_ZZN4nnet24compute_output_buffer_2dINS_5arrayI9ap_ufixedILi16ELi6EL9ap_q_mode4EL_44|       pointer|
|p_ZZN4nnet24compute_output_buffer_2dINS_5arrayI9ap_ufixedILi16ELi6EL9ap_q_mode4EL_44_o_ap_vld  |  out|    1|     ap_ovld|  p_ZZN4nnet24compute_output_buffer_2dINS_5arrayI9ap_ufixedILi16ELi6EL9ap_q_mode4EL_44|       pointer|
|p_ZZN4nnet24compute_output_buffer_2dINS_5arrayI9ap_ufixedILi16ELi6EL9ap_q_mode4EL_56           |  out|   16|      ap_vld|  p_ZZN4nnet24compute_output_buffer_2dINS_5arrayI9ap_ufixedILi16ELi6EL9ap_q_mode4EL_56|       pointer|
|p_ZZN4nnet24compute_output_buffer_2dINS_5arrayI9ap_ufixedILi16ELi6EL9ap_q_mode4EL_56_ap_vld    |  out|    1|      ap_vld|  p_ZZN4nnet24compute_output_buffer_2dINS_5arrayI9ap_ufixedILi16ELi6EL9ap_q_mode4EL_56|       pointer|
|p_ZZN4nnet24compute_output_buffer_2dINS_5arrayI9ap_ufixedILi16ELi6EL9ap_q_mode4EL_43_i         |   in|   16|     ap_ovld|  p_ZZN4nnet24compute_output_buffer_2dINS_5arrayI9ap_ufixedILi16ELi6EL9ap_q_mode4EL_43|       pointer|
|p_ZZN4nnet24compute_output_buffer_2dINS_5arrayI9ap_ufixedILi16ELi6EL9ap_q_mode4EL_43_o         |  out|   16|     ap_ovld|  p_ZZN4nnet24compute_output_buffer_2dINS_5arrayI9ap_ufixedILi16ELi6EL9ap_q_mode4EL_43|       pointer|
|p_ZZN4nnet24compute_output_buffer_2dINS_5arrayI9ap_ufixedILi16ELi6EL9ap_q_mode4EL_43_o_ap_vld  |  out|    1|     ap_ovld|  p_ZZN4nnet24compute_output_buffer_2dINS_5arrayI9ap_ufixedILi16ELi6EL9ap_q_mode4EL_43|       pointer|
|p_ZZN4nnet24compute_output_buffer_2dINS_5arrayI9ap_ufixedILi16ELi6EL9ap_q_mode4EL_55           |  out|   16|      ap_vld|  p_ZZN4nnet24compute_output_buffer_2dINS_5arrayI9ap_ufixedILi16ELi6EL9ap_q_mode4EL_55|       pointer|
|p_ZZN4nnet24compute_output_buffer_2dINS_5arrayI9ap_ufixedILi16ELi6EL9ap_q_mode4EL_55_ap_vld    |  out|    1|      ap_vld|  p_ZZN4nnet24compute_output_buffer_2dINS_5arrayI9ap_ufixedILi16ELi6EL9ap_q_mode4EL_55|       pointer|
|p_ZZN4nnet24compute_output_buffer_2dINS_5arrayI9ap_ufixedILi16ELi6EL9ap_q_mode4EL_42_i         |   in|   16|     ap_ovld|  p_ZZN4nnet24compute_output_buffer_2dINS_5arrayI9ap_ufixedILi16ELi6EL9ap_q_mode4EL_42|       pointer|
|p_ZZN4nnet24compute_output_buffer_2dINS_5arrayI9ap_ufixedILi16ELi6EL9ap_q_mode4EL_42_o         |  out|   16|     ap_ovld|  p_ZZN4nnet24compute_output_buffer_2dINS_5arrayI9ap_ufixedILi16ELi6EL9ap_q_mode4EL_42|       pointer|
|p_ZZN4nnet24compute_output_buffer_2dINS_5arrayI9ap_ufixedILi16ELi6EL9ap_q_mode4EL_42_o_ap_vld  |  out|    1|     ap_ovld|  p_ZZN4nnet24compute_output_buffer_2dINS_5arrayI9ap_ufixedILi16ELi6EL9ap_q_mode4EL_42|       pointer|
|p_ZZN4nnet24compute_output_buffer_2dINS_5arrayI9ap_ufixedILi16ELi6EL9ap_q_mode4EL_54           |  out|   16|      ap_vld|  p_ZZN4nnet24compute_output_buffer_2dINS_5arrayI9ap_ufixedILi16ELi6EL9ap_q_mode4EL_54|       pointer|
|p_ZZN4nnet24compute_output_buffer_2dINS_5arrayI9ap_ufixedILi16ELi6EL9ap_q_mode4EL_54_ap_vld    |  out|    1|      ap_vld|  p_ZZN4nnet24compute_output_buffer_2dINS_5arrayI9ap_ufixedILi16ELi6EL9ap_q_mode4EL_54|       pointer|
|p_ZZN4nnet24compute_output_buffer_2dINS_5arrayI9ap_ufixedILi16ELi6EL9ap_q_mode4EL_41_i         |   in|   16|     ap_ovld|  p_ZZN4nnet24compute_output_buffer_2dINS_5arrayI9ap_ufixedILi16ELi6EL9ap_q_mode4EL_41|       pointer|
|p_ZZN4nnet24compute_output_buffer_2dINS_5arrayI9ap_ufixedILi16ELi6EL9ap_q_mode4EL_41_o         |  out|   16|     ap_ovld|  p_ZZN4nnet24compute_output_buffer_2dINS_5arrayI9ap_ufixedILi16ELi6EL9ap_q_mode4EL_41|       pointer|
|p_ZZN4nnet24compute_output_buffer_2dINS_5arrayI9ap_ufixedILi16ELi6EL9ap_q_mode4EL_41_o_ap_vld  |  out|    1|     ap_ovld|  p_ZZN4nnet24compute_output_buffer_2dINS_5arrayI9ap_ufixedILi16ELi6EL9ap_q_mode4EL_41|       pointer|
|p_ZZN4nnet24compute_output_buffer_2dINS_5arrayI9ap_ufixedILi16ELi6EL9ap_q_mode4EL_53           |  out|   16|      ap_vld|  p_ZZN4nnet24compute_output_buffer_2dINS_5arrayI9ap_ufixedILi16ELi6EL9ap_q_mode4EL_53|       pointer|
|p_ZZN4nnet24compute_output_buffer_2dINS_5arrayI9ap_ufixedILi16ELi6EL9ap_q_mode4EL_53_ap_vld    |  out|    1|      ap_vld|  p_ZZN4nnet24compute_output_buffer_2dINS_5arrayI9ap_ufixedILi16ELi6EL9ap_q_mode4EL_53|       pointer|
|p_ZZN4nnet24compute_output_buffer_2dINS_5arrayI9ap_ufixedILi16ELi6EL9ap_q_mode4EL_40_i         |   in|   16|     ap_ovld|  p_ZZN4nnet24compute_output_buffer_2dINS_5arrayI9ap_ufixedILi16ELi6EL9ap_q_mode4EL_40|       pointer|
|p_ZZN4nnet24compute_output_buffer_2dINS_5arrayI9ap_ufixedILi16ELi6EL9ap_q_mode4EL_40_o         |  out|   16|     ap_ovld|  p_ZZN4nnet24compute_output_buffer_2dINS_5arrayI9ap_ufixedILi16ELi6EL9ap_q_mode4EL_40|       pointer|
|p_ZZN4nnet24compute_output_buffer_2dINS_5arrayI9ap_ufixedILi16ELi6EL9ap_q_mode4EL_40_o_ap_vld  |  out|    1|     ap_ovld|  p_ZZN4nnet24compute_output_buffer_2dINS_5arrayI9ap_ufixedILi16ELi6EL9ap_q_mode4EL_40|       pointer|
|p_ZZN4nnet24compute_output_buffer_2dINS_5arrayI9ap_ufixedILi16ELi6EL9ap_q_mode4EL_52           |  out|   16|      ap_vld|  p_ZZN4nnet24compute_output_buffer_2dINS_5arrayI9ap_ufixedILi16ELi6EL9ap_q_mode4EL_52|       pointer|
|p_ZZN4nnet24compute_output_buffer_2dINS_5arrayI9ap_ufixedILi16ELi6EL9ap_q_mode4EL_52_ap_vld    |  out|    1|      ap_vld|  p_ZZN4nnet24compute_output_buffer_2dINS_5arrayI9ap_ufixedILi16ELi6EL9ap_q_mode4EL_52|       pointer|
|p_ZZN4nnet24compute_output_buffer_2dINS_5arrayI9ap_ufixedILi16ELi6EL9ap_q_mode4EL_15_i         |   in|   16|     ap_ovld|  p_ZZN4nnet24compute_output_buffer_2dINS_5arrayI9ap_ufixedILi16ELi6EL9ap_q_mode4EL_15|       pointer|
|p_ZZN4nnet24compute_output_buffer_2dINS_5arrayI9ap_ufixedILi16ELi6EL9ap_q_mode4EL_15_o         |  out|   16|     ap_ovld|  p_ZZN4nnet24compute_output_buffer_2dINS_5arrayI9ap_ufixedILi16ELi6EL9ap_q_mode4EL_15|       pointer|
|p_ZZN4nnet24compute_output_buffer_2dINS_5arrayI9ap_ufixedILi16ELi6EL9ap_q_mode4EL_15_o_ap_vld  |  out|    1|     ap_ovld|  p_ZZN4nnet24compute_output_buffer_2dINS_5arrayI9ap_ufixedILi16ELi6EL9ap_q_mode4EL_15|       pointer|
|p_ZZN4nnet24compute_output_buffer_2dINS_5arrayI9ap_ufixedILi16ELi6EL9ap_q_mode4EL_27           |  out|   16|      ap_vld|  p_ZZN4nnet24compute_output_buffer_2dINS_5arrayI9ap_ufixedILi16ELi6EL9ap_q_mode4EL_27|       pointer|
|p_ZZN4nnet24compute_output_buffer_2dINS_5arrayI9ap_ufixedILi16ELi6EL9ap_q_mode4EL_27_ap_vld    |  out|    1|      ap_vld|  p_ZZN4nnet24compute_output_buffer_2dINS_5arrayI9ap_ufixedILi16ELi6EL9ap_q_mode4EL_27|       pointer|
|p_ZZN4nnet24compute_output_buffer_2dINS_5arrayI9ap_ufixedILi16ELi6EL9ap_q_mode4EL_14_i         |   in|   16|     ap_ovld|  p_ZZN4nnet24compute_output_buffer_2dINS_5arrayI9ap_ufixedILi16ELi6EL9ap_q_mode4EL_14|       pointer|
|p_ZZN4nnet24compute_output_buffer_2dINS_5arrayI9ap_ufixedILi16ELi6EL9ap_q_mode4EL_14_o         |  out|   16|     ap_ovld|  p_ZZN4nnet24compute_output_buffer_2dINS_5arrayI9ap_ufixedILi16ELi6EL9ap_q_mode4EL_14|       pointer|
|p_ZZN4nnet24compute_output_buffer_2dINS_5arrayI9ap_ufixedILi16ELi6EL9ap_q_mode4EL_14_o_ap_vld  |  out|    1|     ap_ovld|  p_ZZN4nnet24compute_output_buffer_2dINS_5arrayI9ap_ufixedILi16ELi6EL9ap_q_mode4EL_14|       pointer|
|p_ZZN4nnet24compute_output_buffer_2dINS_5arrayI9ap_ufixedILi16ELi6EL9ap_q_mode4EL_26           |  out|   16|      ap_vld|  p_ZZN4nnet24compute_output_buffer_2dINS_5arrayI9ap_ufixedILi16ELi6EL9ap_q_mode4EL_26|       pointer|
|p_ZZN4nnet24compute_output_buffer_2dINS_5arrayI9ap_ufixedILi16ELi6EL9ap_q_mode4EL_26_ap_vld    |  out|    1|      ap_vld|  p_ZZN4nnet24compute_output_buffer_2dINS_5arrayI9ap_ufixedILi16ELi6EL9ap_q_mode4EL_26|       pointer|
|p_ZZN4nnet24compute_output_buffer_2dINS_5arrayI9ap_ufixedILi16ELi6EL9ap_q_mode4EL_13_i         |   in|   16|     ap_ovld|  p_ZZN4nnet24compute_output_buffer_2dINS_5arrayI9ap_ufixedILi16ELi6EL9ap_q_mode4EL_13|       pointer|
|p_ZZN4nnet24compute_output_buffer_2dINS_5arrayI9ap_ufixedILi16ELi6EL9ap_q_mode4EL_13_o         |  out|   16|     ap_ovld|  p_ZZN4nnet24compute_output_buffer_2dINS_5arrayI9ap_ufixedILi16ELi6EL9ap_q_mode4EL_13|       pointer|
|p_ZZN4nnet24compute_output_buffer_2dINS_5arrayI9ap_ufixedILi16ELi6EL9ap_q_mode4EL_13_o_ap_vld  |  out|    1|     ap_ovld|  p_ZZN4nnet24compute_output_buffer_2dINS_5arrayI9ap_ufixedILi16ELi6EL9ap_q_mode4EL_13|       pointer|
|p_ZZN4nnet24compute_output_buffer_2dINS_5arrayI9ap_ufixedILi16ELi6EL9ap_q_mode4EL_25           |  out|   16|      ap_vld|  p_ZZN4nnet24compute_output_buffer_2dINS_5arrayI9ap_ufixedILi16ELi6EL9ap_q_mode4EL_25|       pointer|
|p_ZZN4nnet24compute_output_buffer_2dINS_5arrayI9ap_ufixedILi16ELi6EL9ap_q_mode4EL_25_ap_vld    |  out|    1|      ap_vld|  p_ZZN4nnet24compute_output_buffer_2dINS_5arrayI9ap_ufixedILi16ELi6EL9ap_q_mode4EL_25|       pointer|
|p_ZZN4nnet24compute_output_buffer_2dINS_5arrayI9ap_ufixedILi16ELi6EL9ap_q_mode4EL_12_i         |   in|   16|     ap_ovld|  p_ZZN4nnet24compute_output_buffer_2dINS_5arrayI9ap_ufixedILi16ELi6EL9ap_q_mode4EL_12|       pointer|
|p_ZZN4nnet24compute_output_buffer_2dINS_5arrayI9ap_ufixedILi16ELi6EL9ap_q_mode4EL_12_o         |  out|   16|     ap_ovld|  p_ZZN4nnet24compute_output_buffer_2dINS_5arrayI9ap_ufixedILi16ELi6EL9ap_q_mode4EL_12|       pointer|
|p_ZZN4nnet24compute_output_buffer_2dINS_5arrayI9ap_ufixedILi16ELi6EL9ap_q_mode4EL_12_o_ap_vld  |  out|    1|     ap_ovld|  p_ZZN4nnet24compute_output_buffer_2dINS_5arrayI9ap_ufixedILi16ELi6EL9ap_q_mode4EL_12|       pointer|
|p_ZZN4nnet24compute_output_buffer_2dINS_5arrayI9ap_ufixedILi16ELi6EL9ap_q_mode4EL_24           |  out|   16|      ap_vld|  p_ZZN4nnet24compute_output_buffer_2dINS_5arrayI9ap_ufixedILi16ELi6EL9ap_q_mode4EL_24|       pointer|
|p_ZZN4nnet24compute_output_buffer_2dINS_5arrayI9ap_ufixedILi16ELi6EL9ap_q_mode4EL_24_ap_vld    |  out|    1|      ap_vld|  p_ZZN4nnet24compute_output_buffer_2dINS_5arrayI9ap_ufixedILi16ELi6EL9ap_q_mode4EL_24|       pointer|
|p_ZZN4nnet24compute_output_buffer_2dINS_5arrayI9ap_ufixedILi16ELi6EL9ap_q_mode4EL_11_i         |   in|   16|     ap_ovld|  p_ZZN4nnet24compute_output_buffer_2dINS_5arrayI9ap_ufixedILi16ELi6EL9ap_q_mode4EL_11|       pointer|
|p_ZZN4nnet24compute_output_buffer_2dINS_5arrayI9ap_ufixedILi16ELi6EL9ap_q_mode4EL_11_o         |  out|   16|     ap_ovld|  p_ZZN4nnet24compute_output_buffer_2dINS_5arrayI9ap_ufixedILi16ELi6EL9ap_q_mode4EL_11|       pointer|
|p_ZZN4nnet24compute_output_buffer_2dINS_5arrayI9ap_ufixedILi16ELi6EL9ap_q_mode4EL_11_o_ap_vld  |  out|    1|     ap_ovld|  p_ZZN4nnet24compute_output_buffer_2dINS_5arrayI9ap_ufixedILi16ELi6EL9ap_q_mode4EL_11|       pointer|
|p_ZZN4nnet24compute_output_buffer_2dINS_5arrayI9ap_ufixedILi16ELi6EL9ap_q_mode4EL_23           |  out|   16|      ap_vld|  p_ZZN4nnet24compute_output_buffer_2dINS_5arrayI9ap_ufixedILi16ELi6EL9ap_q_mode4EL_23|       pointer|
|p_ZZN4nnet24compute_output_buffer_2dINS_5arrayI9ap_ufixedILi16ELi6EL9ap_q_mode4EL_23_ap_vld    |  out|    1|      ap_vld|  p_ZZN4nnet24compute_output_buffer_2dINS_5arrayI9ap_ufixedILi16ELi6EL9ap_q_mode4EL_23|       pointer|
|p_ZZN4nnet24compute_output_buffer_2dINS_5arrayI9ap_ufixedILi16ELi6EL9ap_q_mode4EL_10_i         |   in|   16|     ap_ovld|  p_ZZN4nnet24compute_output_buffer_2dINS_5arrayI9ap_ufixedILi16ELi6EL9ap_q_mode4EL_10|       pointer|
|p_ZZN4nnet24compute_output_buffer_2dINS_5arrayI9ap_ufixedILi16ELi6EL9ap_q_mode4EL_10_o         |  out|   16|     ap_ovld|  p_ZZN4nnet24compute_output_buffer_2dINS_5arrayI9ap_ufixedILi16ELi6EL9ap_q_mode4EL_10|       pointer|
|p_ZZN4nnet24compute_output_buffer_2dINS_5arrayI9ap_ufixedILi16ELi6EL9ap_q_mode4EL_10_o_ap_vld  |  out|    1|     ap_ovld|  p_ZZN4nnet24compute_output_buffer_2dINS_5arrayI9ap_ufixedILi16ELi6EL9ap_q_mode4EL_10|       pointer|
|p_ZZN4nnet24compute_output_buffer_2dINS_5arrayI9ap_ufixedILi16ELi6EL9ap_q_mode4EL_22           |  out|   16|      ap_vld|  p_ZZN4nnet24compute_output_buffer_2dINS_5arrayI9ap_ufixedILi16ELi6EL9ap_q_mode4EL_22|       pointer|
|p_ZZN4nnet24compute_output_buffer_2dINS_5arrayI9ap_ufixedILi16ELi6EL9ap_q_mode4EL_22_ap_vld    |  out|    1|      ap_vld|  p_ZZN4nnet24compute_output_buffer_2dINS_5arrayI9ap_ufixedILi16ELi6EL9ap_q_mode4EL_22|       pointer|
|p_ZZN4nnet24compute_output_buffer_2dINS_5arrayI9ap_ufixedILi16ELi6EL9ap_q_mode4EL_9_i          |   in|   16|     ap_ovld|   p_ZZN4nnet24compute_output_buffer_2dINS_5arrayI9ap_ufixedILi16ELi6EL9ap_q_mode4EL_9|       pointer|
|p_ZZN4nnet24compute_output_buffer_2dINS_5arrayI9ap_ufixedILi16ELi6EL9ap_q_mode4EL_9_o          |  out|   16|     ap_ovld|   p_ZZN4nnet24compute_output_buffer_2dINS_5arrayI9ap_ufixedILi16ELi6EL9ap_q_mode4EL_9|       pointer|
|p_ZZN4nnet24compute_output_buffer_2dINS_5arrayI9ap_ufixedILi16ELi6EL9ap_q_mode4EL_9_o_ap_vld   |  out|    1|     ap_ovld|   p_ZZN4nnet24compute_output_buffer_2dINS_5arrayI9ap_ufixedILi16ELi6EL9ap_q_mode4EL_9|       pointer|
|p_ZZN4nnet24compute_output_buffer_2dINS_5arrayI9ap_ufixedILi16ELi6EL9ap_q_mode4EL_21           |  out|   16|      ap_vld|  p_ZZN4nnet24compute_output_buffer_2dINS_5arrayI9ap_ufixedILi16ELi6EL9ap_q_mode4EL_21|       pointer|
|p_ZZN4nnet24compute_output_buffer_2dINS_5arrayI9ap_ufixedILi16ELi6EL9ap_q_mode4EL_21_ap_vld    |  out|    1|      ap_vld|  p_ZZN4nnet24compute_output_buffer_2dINS_5arrayI9ap_ufixedILi16ELi6EL9ap_q_mode4EL_21|       pointer|
|p_ZZN4nnet24compute_output_buffer_2dINS_5arrayI9ap_ufixedILi16ELi6EL9ap_q_mode4EL_8_i          |   in|   16|     ap_ovld|   p_ZZN4nnet24compute_output_buffer_2dINS_5arrayI9ap_ufixedILi16ELi6EL9ap_q_mode4EL_8|       pointer|
|p_ZZN4nnet24compute_output_buffer_2dINS_5arrayI9ap_ufixedILi16ELi6EL9ap_q_mode4EL_8_o          |  out|   16|     ap_ovld|   p_ZZN4nnet24compute_output_buffer_2dINS_5arrayI9ap_ufixedILi16ELi6EL9ap_q_mode4EL_8|       pointer|
|p_ZZN4nnet24compute_output_buffer_2dINS_5arrayI9ap_ufixedILi16ELi6EL9ap_q_mode4EL_8_o_ap_vld   |  out|    1|     ap_ovld|   p_ZZN4nnet24compute_output_buffer_2dINS_5arrayI9ap_ufixedILi16ELi6EL9ap_q_mode4EL_8|       pointer|
|p_ZZN4nnet24compute_output_buffer_2dINS_5arrayI9ap_ufixedILi16ELi6EL9ap_q_mode4EL_20           |  out|   16|      ap_vld|  p_ZZN4nnet24compute_output_buffer_2dINS_5arrayI9ap_ufixedILi16ELi6EL9ap_q_mode4EL_20|       pointer|
|p_ZZN4nnet24compute_output_buffer_2dINS_5arrayI9ap_ufixedILi16ELi6EL9ap_q_mode4EL_20_ap_vld    |  out|    1|      ap_vld|  p_ZZN4nnet24compute_output_buffer_2dINS_5arrayI9ap_ufixedILi16ELi6EL9ap_q_mode4EL_20|       pointer|
|p_ZZN4nnet24compute_output_buffer_2dINS_5arrayI9ap_ufixedILi16ELi6EL9ap_q_mode4EL_7_i          |   in|   16|     ap_ovld|   p_ZZN4nnet24compute_output_buffer_2dINS_5arrayI9ap_ufixedILi16ELi6EL9ap_q_mode4EL_7|       pointer|
|p_ZZN4nnet24compute_output_buffer_2dINS_5arrayI9ap_ufixedILi16ELi6EL9ap_q_mode4EL_7_o          |  out|   16|     ap_ovld|   p_ZZN4nnet24compute_output_buffer_2dINS_5arrayI9ap_ufixedILi16ELi6EL9ap_q_mode4EL_7|       pointer|
|p_ZZN4nnet24compute_output_buffer_2dINS_5arrayI9ap_ufixedILi16ELi6EL9ap_q_mode4EL_7_o_ap_vld   |  out|    1|     ap_ovld|   p_ZZN4nnet24compute_output_buffer_2dINS_5arrayI9ap_ufixedILi16ELi6EL9ap_q_mode4EL_7|       pointer|
|p_ZZN4nnet24compute_output_buffer_2dINS_5arrayI9ap_ufixedILi16ELi6EL9ap_q_mode4EL_19           |  out|   16|      ap_vld|  p_ZZN4nnet24compute_output_buffer_2dINS_5arrayI9ap_ufixedILi16ELi6EL9ap_q_mode4EL_19|       pointer|
|p_ZZN4nnet24compute_output_buffer_2dINS_5arrayI9ap_ufixedILi16ELi6EL9ap_q_mode4EL_19_ap_vld    |  out|    1|      ap_vld|  p_ZZN4nnet24compute_output_buffer_2dINS_5arrayI9ap_ufixedILi16ELi6EL9ap_q_mode4EL_19|       pointer|
|p_ZZN4nnet24compute_output_buffer_2dINS_5arrayI9ap_ufixedILi16ELi6EL9ap_q_mode4EL_6_i          |   in|   16|     ap_ovld|   p_ZZN4nnet24compute_output_buffer_2dINS_5arrayI9ap_ufixedILi16ELi6EL9ap_q_mode4EL_6|       pointer|
|p_ZZN4nnet24compute_output_buffer_2dINS_5arrayI9ap_ufixedILi16ELi6EL9ap_q_mode4EL_6_o          |  out|   16|     ap_ovld|   p_ZZN4nnet24compute_output_buffer_2dINS_5arrayI9ap_ufixedILi16ELi6EL9ap_q_mode4EL_6|       pointer|
|p_ZZN4nnet24compute_output_buffer_2dINS_5arrayI9ap_ufixedILi16ELi6EL9ap_q_mode4EL_6_o_ap_vld   |  out|    1|     ap_ovld|   p_ZZN4nnet24compute_output_buffer_2dINS_5arrayI9ap_ufixedILi16ELi6EL9ap_q_mode4EL_6|       pointer|
|p_ZZN4nnet24compute_output_buffer_2dINS_5arrayI9ap_ufixedILi16ELi6EL9ap_q_mode4EL_18           |  out|   16|      ap_vld|  p_ZZN4nnet24compute_output_buffer_2dINS_5arrayI9ap_ufixedILi16ELi6EL9ap_q_mode4EL_18|       pointer|
|p_ZZN4nnet24compute_output_buffer_2dINS_5arrayI9ap_ufixedILi16ELi6EL9ap_q_mode4EL_18_ap_vld    |  out|    1|      ap_vld|  p_ZZN4nnet24compute_output_buffer_2dINS_5arrayI9ap_ufixedILi16ELi6EL9ap_q_mode4EL_18|       pointer|
|p_ZZN4nnet24compute_output_buffer_2dINS_5arrayI9ap_ufixedILi16ELi6EL9ap_q_mode4EL_5_i          |   in|   16|     ap_ovld|   p_ZZN4nnet24compute_output_buffer_2dINS_5arrayI9ap_ufixedILi16ELi6EL9ap_q_mode4EL_5|       pointer|
|p_ZZN4nnet24compute_output_buffer_2dINS_5arrayI9ap_ufixedILi16ELi6EL9ap_q_mode4EL_5_o          |  out|   16|     ap_ovld|   p_ZZN4nnet24compute_output_buffer_2dINS_5arrayI9ap_ufixedILi16ELi6EL9ap_q_mode4EL_5|       pointer|
|p_ZZN4nnet24compute_output_buffer_2dINS_5arrayI9ap_ufixedILi16ELi6EL9ap_q_mode4EL_5_o_ap_vld   |  out|    1|     ap_ovld|   p_ZZN4nnet24compute_output_buffer_2dINS_5arrayI9ap_ufixedILi16ELi6EL9ap_q_mode4EL_5|       pointer|
|p_ZZN4nnet24compute_output_buffer_2dINS_5arrayI9ap_ufixedILi16ELi6EL9ap_q_mode4EL_17           |  out|   16|      ap_vld|  p_ZZN4nnet24compute_output_buffer_2dINS_5arrayI9ap_ufixedILi16ELi6EL9ap_q_mode4EL_17|       pointer|
|p_ZZN4nnet24compute_output_buffer_2dINS_5arrayI9ap_ufixedILi16ELi6EL9ap_q_mode4EL_17_ap_vld    |  out|    1|      ap_vld|  p_ZZN4nnet24compute_output_buffer_2dINS_5arrayI9ap_ufixedILi16ELi6EL9ap_q_mode4EL_17|       pointer|
|p_ZZN4nnet24compute_output_buffer_2dINS_5arrayI9ap_ufixedILi16ELi6EL9ap_q_mode4EL_4_i          |   in|   16|     ap_ovld|   p_ZZN4nnet24compute_output_buffer_2dINS_5arrayI9ap_ufixedILi16ELi6EL9ap_q_mode4EL_4|       pointer|
|p_ZZN4nnet24compute_output_buffer_2dINS_5arrayI9ap_ufixedILi16ELi6EL9ap_q_mode4EL_4_o          |  out|   16|     ap_ovld|   p_ZZN4nnet24compute_output_buffer_2dINS_5arrayI9ap_ufixedILi16ELi6EL9ap_q_mode4EL_4|       pointer|
|p_ZZN4nnet24compute_output_buffer_2dINS_5arrayI9ap_ufixedILi16ELi6EL9ap_q_mode4EL_4_o_ap_vld   |  out|    1|     ap_ovld|   p_ZZN4nnet24compute_output_buffer_2dINS_5arrayI9ap_ufixedILi16ELi6EL9ap_q_mode4EL_4|       pointer|
|p_ZZN4nnet24compute_output_buffer_2dINS_5arrayI9ap_ufixedILi16ELi6EL9ap_q_mode4EL_16           |  out|   16|      ap_vld|  p_ZZN4nnet24compute_output_buffer_2dINS_5arrayI9ap_ufixedILi16ELi6EL9ap_q_mode4EL_16|       pointer|
|p_ZZN4nnet24compute_output_buffer_2dINS_5arrayI9ap_ufixedILi16ELi6EL9ap_q_mode4EL_16_ap_vld    |  out|    1|      ap_vld|  p_ZZN4nnet24compute_output_buffer_2dINS_5arrayI9ap_ufixedILi16ELi6EL9ap_q_mode4EL_16|       pointer|
|p_ZZN4nnet24compute_output_buffer_2dINS_5arrayI9ap_ufixedILi16ELi6EL9ap_q_mode4EL_75_i         |   in|   16|     ap_ovld|  p_ZZN4nnet24compute_output_buffer_2dINS_5arrayI9ap_ufixedILi16ELi6EL9ap_q_mode4EL_75|       pointer|
|p_ZZN4nnet24compute_output_buffer_2dINS_5arrayI9ap_ufixedILi16ELi6EL9ap_q_mode4EL_75_o         |  out|   16|     ap_ovld|  p_ZZN4nnet24compute_output_buffer_2dINS_5arrayI9ap_ufixedILi16ELi6EL9ap_q_mode4EL_75|       pointer|
|p_ZZN4nnet24compute_output_buffer_2dINS_5arrayI9ap_ufixedILi16ELi6EL9ap_q_mode4EL_75_o_ap_vld  |  out|    1|     ap_ovld|  p_ZZN4nnet24compute_output_buffer_2dINS_5arrayI9ap_ufixedILi16ELi6EL9ap_q_mode4EL_75|       pointer|
|p_ZZN4nnet24compute_output_buffer_2dINS_5arrayI9ap_ufixedILi16ELi6EL9ap_q_mode4EL_74_i         |   in|   16|     ap_ovld|  p_ZZN4nnet24compute_output_buffer_2dINS_5arrayI9ap_ufixedILi16ELi6EL9ap_q_mode4EL_74|       pointer|
|p_ZZN4nnet24compute_output_buffer_2dINS_5arrayI9ap_ufixedILi16ELi6EL9ap_q_mode4EL_74_o         |  out|   16|     ap_ovld|  p_ZZN4nnet24compute_output_buffer_2dINS_5arrayI9ap_ufixedILi16ELi6EL9ap_q_mode4EL_74|       pointer|
|p_ZZN4nnet24compute_output_buffer_2dINS_5arrayI9ap_ufixedILi16ELi6EL9ap_q_mode4EL_74_o_ap_vld  |  out|    1|     ap_ovld|  p_ZZN4nnet24compute_output_buffer_2dINS_5arrayI9ap_ufixedILi16ELi6EL9ap_q_mode4EL_74|       pointer|
|p_ZZN4nnet24compute_output_buffer_2dINS_5arrayI9ap_ufixedILi16ELi6EL9ap_q_mode4EL_73_i         |   in|   16|     ap_ovld|  p_ZZN4nnet24compute_output_buffer_2dINS_5arrayI9ap_ufixedILi16ELi6EL9ap_q_mode4EL_73|       pointer|
|p_ZZN4nnet24compute_output_buffer_2dINS_5arrayI9ap_ufixedILi16ELi6EL9ap_q_mode4EL_73_o         |  out|   16|     ap_ovld|  p_ZZN4nnet24compute_output_buffer_2dINS_5arrayI9ap_ufixedILi16ELi6EL9ap_q_mode4EL_73|       pointer|
|p_ZZN4nnet24compute_output_buffer_2dINS_5arrayI9ap_ufixedILi16ELi6EL9ap_q_mode4EL_73_o_ap_vld  |  out|    1|     ap_ovld|  p_ZZN4nnet24compute_output_buffer_2dINS_5arrayI9ap_ufixedILi16ELi6EL9ap_q_mode4EL_73|       pointer|
|p_ZZN4nnet24compute_output_buffer_2dINS_5arrayI9ap_ufixedILi16ELi6EL9ap_q_mode4EL_72_i         |   in|   16|     ap_ovld|  p_ZZN4nnet24compute_output_buffer_2dINS_5arrayI9ap_ufixedILi16ELi6EL9ap_q_mode4EL_72|       pointer|
|p_ZZN4nnet24compute_output_buffer_2dINS_5arrayI9ap_ufixedILi16ELi6EL9ap_q_mode4EL_72_o         |  out|   16|     ap_ovld|  p_ZZN4nnet24compute_output_buffer_2dINS_5arrayI9ap_ufixedILi16ELi6EL9ap_q_mode4EL_72|       pointer|
|p_ZZN4nnet24compute_output_buffer_2dINS_5arrayI9ap_ufixedILi16ELi6EL9ap_q_mode4EL_72_o_ap_vld  |  out|    1|     ap_ovld|  p_ZZN4nnet24compute_output_buffer_2dINS_5arrayI9ap_ufixedILi16ELi6EL9ap_q_mode4EL_72|       pointer|
|p_ZZN4nnet24compute_output_buffer_2dINS_5arrayI9ap_ufixedILi16ELi6EL9ap_q_mode4EL_71_i         |   in|   16|     ap_ovld|  p_ZZN4nnet24compute_output_buffer_2dINS_5arrayI9ap_ufixedILi16ELi6EL9ap_q_mode4EL_71|       pointer|
|p_ZZN4nnet24compute_output_buffer_2dINS_5arrayI9ap_ufixedILi16ELi6EL9ap_q_mode4EL_71_o         |  out|   16|     ap_ovld|  p_ZZN4nnet24compute_output_buffer_2dINS_5arrayI9ap_ufixedILi16ELi6EL9ap_q_mode4EL_71|       pointer|
|p_ZZN4nnet24compute_output_buffer_2dINS_5arrayI9ap_ufixedILi16ELi6EL9ap_q_mode4EL_71_o_ap_vld  |  out|    1|     ap_ovld|  p_ZZN4nnet24compute_output_buffer_2dINS_5arrayI9ap_ufixedILi16ELi6EL9ap_q_mode4EL_71|       pointer|
|p_ZZN4nnet24compute_output_buffer_2dINS_5arrayI9ap_ufixedILi16ELi6EL9ap_q_mode4EL_70_i         |   in|   16|     ap_ovld|  p_ZZN4nnet24compute_output_buffer_2dINS_5arrayI9ap_ufixedILi16ELi6EL9ap_q_mode4EL_70|       pointer|
|p_ZZN4nnet24compute_output_buffer_2dINS_5arrayI9ap_ufixedILi16ELi6EL9ap_q_mode4EL_70_o         |  out|   16|     ap_ovld|  p_ZZN4nnet24compute_output_buffer_2dINS_5arrayI9ap_ufixedILi16ELi6EL9ap_q_mode4EL_70|       pointer|
|p_ZZN4nnet24compute_output_buffer_2dINS_5arrayI9ap_ufixedILi16ELi6EL9ap_q_mode4EL_70_o_ap_vld  |  out|    1|     ap_ovld|  p_ZZN4nnet24compute_output_buffer_2dINS_5arrayI9ap_ufixedILi16ELi6EL9ap_q_mode4EL_70|       pointer|
|p_ZZN4nnet24compute_output_buffer_2dINS_5arrayI9ap_ufixedILi16ELi6EL9ap_q_mode4EL_69_i         |   in|   16|     ap_ovld|  p_ZZN4nnet24compute_output_buffer_2dINS_5arrayI9ap_ufixedILi16ELi6EL9ap_q_mode4EL_69|       pointer|
|p_ZZN4nnet24compute_output_buffer_2dINS_5arrayI9ap_ufixedILi16ELi6EL9ap_q_mode4EL_69_o         |  out|   16|     ap_ovld|  p_ZZN4nnet24compute_output_buffer_2dINS_5arrayI9ap_ufixedILi16ELi6EL9ap_q_mode4EL_69|       pointer|
|p_ZZN4nnet24compute_output_buffer_2dINS_5arrayI9ap_ufixedILi16ELi6EL9ap_q_mode4EL_69_o_ap_vld  |  out|    1|     ap_ovld|  p_ZZN4nnet24compute_output_buffer_2dINS_5arrayI9ap_ufixedILi16ELi6EL9ap_q_mode4EL_69|       pointer|
|p_ZZN4nnet24compute_output_buffer_2dINS_5arrayI9ap_ufixedILi16ELi6EL9ap_q_mode4EL_68_i         |   in|   16|     ap_ovld|  p_ZZN4nnet24compute_output_buffer_2dINS_5arrayI9ap_ufixedILi16ELi6EL9ap_q_mode4EL_68|       pointer|
|p_ZZN4nnet24compute_output_buffer_2dINS_5arrayI9ap_ufixedILi16ELi6EL9ap_q_mode4EL_68_o         |  out|   16|     ap_ovld|  p_ZZN4nnet24compute_output_buffer_2dINS_5arrayI9ap_ufixedILi16ELi6EL9ap_q_mode4EL_68|       pointer|
|p_ZZN4nnet24compute_output_buffer_2dINS_5arrayI9ap_ufixedILi16ELi6EL9ap_q_mode4EL_68_o_ap_vld  |  out|    1|     ap_ovld|  p_ZZN4nnet24compute_output_buffer_2dINS_5arrayI9ap_ufixedILi16ELi6EL9ap_q_mode4EL_68|       pointer|
|p_ZZN4nnet24compute_output_buffer_2dINS_5arrayI9ap_ufixedILi16ELi6EL9ap_q_mode4EL_67_i         |   in|   16|     ap_ovld|  p_ZZN4nnet24compute_output_buffer_2dINS_5arrayI9ap_ufixedILi16ELi6EL9ap_q_mode4EL_67|       pointer|
|p_ZZN4nnet24compute_output_buffer_2dINS_5arrayI9ap_ufixedILi16ELi6EL9ap_q_mode4EL_67_o         |  out|   16|     ap_ovld|  p_ZZN4nnet24compute_output_buffer_2dINS_5arrayI9ap_ufixedILi16ELi6EL9ap_q_mode4EL_67|       pointer|
|p_ZZN4nnet24compute_output_buffer_2dINS_5arrayI9ap_ufixedILi16ELi6EL9ap_q_mode4EL_67_o_ap_vld  |  out|    1|     ap_ovld|  p_ZZN4nnet24compute_output_buffer_2dINS_5arrayI9ap_ufixedILi16ELi6EL9ap_q_mode4EL_67|       pointer|
|p_ZZN4nnet24compute_output_buffer_2dINS_5arrayI9ap_ufixedILi16ELi6EL9ap_q_mode4EL_66_i         |   in|   16|     ap_ovld|  p_ZZN4nnet24compute_output_buffer_2dINS_5arrayI9ap_ufixedILi16ELi6EL9ap_q_mode4EL_66|       pointer|
|p_ZZN4nnet24compute_output_buffer_2dINS_5arrayI9ap_ufixedILi16ELi6EL9ap_q_mode4EL_66_o         |  out|   16|     ap_ovld|  p_ZZN4nnet24compute_output_buffer_2dINS_5arrayI9ap_ufixedILi16ELi6EL9ap_q_mode4EL_66|       pointer|
|p_ZZN4nnet24compute_output_buffer_2dINS_5arrayI9ap_ufixedILi16ELi6EL9ap_q_mode4EL_66_o_ap_vld  |  out|    1|     ap_ovld|  p_ZZN4nnet24compute_output_buffer_2dINS_5arrayI9ap_ufixedILi16ELi6EL9ap_q_mode4EL_66|       pointer|
|p_ZZN4nnet24compute_output_buffer_2dINS_5arrayI9ap_ufixedILi16ELi6EL9ap_q_mode4EL_65_i         |   in|   16|     ap_ovld|  p_ZZN4nnet24compute_output_buffer_2dINS_5arrayI9ap_ufixedILi16ELi6EL9ap_q_mode4EL_65|       pointer|
|p_ZZN4nnet24compute_output_buffer_2dINS_5arrayI9ap_ufixedILi16ELi6EL9ap_q_mode4EL_65_o         |  out|   16|     ap_ovld|  p_ZZN4nnet24compute_output_buffer_2dINS_5arrayI9ap_ufixedILi16ELi6EL9ap_q_mode4EL_65|       pointer|
|p_ZZN4nnet24compute_output_buffer_2dINS_5arrayI9ap_ufixedILi16ELi6EL9ap_q_mode4EL_65_o_ap_vld  |  out|    1|     ap_ovld|  p_ZZN4nnet24compute_output_buffer_2dINS_5arrayI9ap_ufixedILi16ELi6EL9ap_q_mode4EL_65|       pointer|
|p_ZZN4nnet24compute_output_buffer_2dINS_5arrayI9ap_ufixedILi16ELi6EL9ap_q_mode4EL_64_i         |   in|   16|     ap_ovld|  p_ZZN4nnet24compute_output_buffer_2dINS_5arrayI9ap_ufixedILi16ELi6EL9ap_q_mode4EL_64|       pointer|
|p_ZZN4nnet24compute_output_buffer_2dINS_5arrayI9ap_ufixedILi16ELi6EL9ap_q_mode4EL_64_o         |  out|   16|     ap_ovld|  p_ZZN4nnet24compute_output_buffer_2dINS_5arrayI9ap_ufixedILi16ELi6EL9ap_q_mode4EL_64|       pointer|
|p_ZZN4nnet24compute_output_buffer_2dINS_5arrayI9ap_ufixedILi16ELi6EL9ap_q_mode4EL_64_o_ap_vld  |  out|    1|     ap_ovld|  p_ZZN4nnet24compute_output_buffer_2dINS_5arrayI9ap_ufixedILi16ELi6EL9ap_q_mode4EL_64|       pointer|
|p_ZZN4nnet24compute_output_buffer_2dINS_5arrayI9ap_ufixedILi16ELi6EL9ap_q_mode4EL_39_i         |   in|   16|     ap_ovld|  p_ZZN4nnet24compute_output_buffer_2dINS_5arrayI9ap_ufixedILi16ELi6EL9ap_q_mode4EL_39|       pointer|
|p_ZZN4nnet24compute_output_buffer_2dINS_5arrayI9ap_ufixedILi16ELi6EL9ap_q_mode4EL_39_o         |  out|   16|     ap_ovld|  p_ZZN4nnet24compute_output_buffer_2dINS_5arrayI9ap_ufixedILi16ELi6EL9ap_q_mode4EL_39|       pointer|
|p_ZZN4nnet24compute_output_buffer_2dINS_5arrayI9ap_ufixedILi16ELi6EL9ap_q_mode4EL_39_o_ap_vld  |  out|    1|     ap_ovld|  p_ZZN4nnet24compute_output_buffer_2dINS_5arrayI9ap_ufixedILi16ELi6EL9ap_q_mode4EL_39|       pointer|
|p_ZZN4nnet24compute_output_buffer_2dINS_5arrayI9ap_ufixedILi16ELi6EL9ap_q_mode4EL_38_i         |   in|   16|     ap_ovld|  p_ZZN4nnet24compute_output_buffer_2dINS_5arrayI9ap_ufixedILi16ELi6EL9ap_q_mode4EL_38|       pointer|
|p_ZZN4nnet24compute_output_buffer_2dINS_5arrayI9ap_ufixedILi16ELi6EL9ap_q_mode4EL_38_o         |  out|   16|     ap_ovld|  p_ZZN4nnet24compute_output_buffer_2dINS_5arrayI9ap_ufixedILi16ELi6EL9ap_q_mode4EL_38|       pointer|
|p_ZZN4nnet24compute_output_buffer_2dINS_5arrayI9ap_ufixedILi16ELi6EL9ap_q_mode4EL_38_o_ap_vld  |  out|    1|     ap_ovld|  p_ZZN4nnet24compute_output_buffer_2dINS_5arrayI9ap_ufixedILi16ELi6EL9ap_q_mode4EL_38|       pointer|
|p_ZZN4nnet24compute_output_buffer_2dINS_5arrayI9ap_ufixedILi16ELi6EL9ap_q_mode4EL_37_i         |   in|   16|     ap_ovld|  p_ZZN4nnet24compute_output_buffer_2dINS_5arrayI9ap_ufixedILi16ELi6EL9ap_q_mode4EL_37|       pointer|
|p_ZZN4nnet24compute_output_buffer_2dINS_5arrayI9ap_ufixedILi16ELi6EL9ap_q_mode4EL_37_o         |  out|   16|     ap_ovld|  p_ZZN4nnet24compute_output_buffer_2dINS_5arrayI9ap_ufixedILi16ELi6EL9ap_q_mode4EL_37|       pointer|
|p_ZZN4nnet24compute_output_buffer_2dINS_5arrayI9ap_ufixedILi16ELi6EL9ap_q_mode4EL_37_o_ap_vld  |  out|    1|     ap_ovld|  p_ZZN4nnet24compute_output_buffer_2dINS_5arrayI9ap_ufixedILi16ELi6EL9ap_q_mode4EL_37|       pointer|
|p_ZZN4nnet24compute_output_buffer_2dINS_5arrayI9ap_ufixedILi16ELi6EL9ap_q_mode4EL_36_i         |   in|   16|     ap_ovld|  p_ZZN4nnet24compute_output_buffer_2dINS_5arrayI9ap_ufixedILi16ELi6EL9ap_q_mode4EL_36|       pointer|
|p_ZZN4nnet24compute_output_buffer_2dINS_5arrayI9ap_ufixedILi16ELi6EL9ap_q_mode4EL_36_o         |  out|   16|     ap_ovld|  p_ZZN4nnet24compute_output_buffer_2dINS_5arrayI9ap_ufixedILi16ELi6EL9ap_q_mode4EL_36|       pointer|
|p_ZZN4nnet24compute_output_buffer_2dINS_5arrayI9ap_ufixedILi16ELi6EL9ap_q_mode4EL_36_o_ap_vld  |  out|    1|     ap_ovld|  p_ZZN4nnet24compute_output_buffer_2dINS_5arrayI9ap_ufixedILi16ELi6EL9ap_q_mode4EL_36|       pointer|
|p_ZZN4nnet24compute_output_buffer_2dINS_5arrayI9ap_ufixedILi16ELi6EL9ap_q_mode4EL_35_i         |   in|   16|     ap_ovld|  p_ZZN4nnet24compute_output_buffer_2dINS_5arrayI9ap_ufixedILi16ELi6EL9ap_q_mode4EL_35|       pointer|
|p_ZZN4nnet24compute_output_buffer_2dINS_5arrayI9ap_ufixedILi16ELi6EL9ap_q_mode4EL_35_o         |  out|   16|     ap_ovld|  p_ZZN4nnet24compute_output_buffer_2dINS_5arrayI9ap_ufixedILi16ELi6EL9ap_q_mode4EL_35|       pointer|
|p_ZZN4nnet24compute_output_buffer_2dINS_5arrayI9ap_ufixedILi16ELi6EL9ap_q_mode4EL_35_o_ap_vld  |  out|    1|     ap_ovld|  p_ZZN4nnet24compute_output_buffer_2dINS_5arrayI9ap_ufixedILi16ELi6EL9ap_q_mode4EL_35|       pointer|
|p_ZZN4nnet24compute_output_buffer_2dINS_5arrayI9ap_ufixedILi16ELi6EL9ap_q_mode4EL_34_i         |   in|   16|     ap_ovld|  p_ZZN4nnet24compute_output_buffer_2dINS_5arrayI9ap_ufixedILi16ELi6EL9ap_q_mode4EL_34|       pointer|
|p_ZZN4nnet24compute_output_buffer_2dINS_5arrayI9ap_ufixedILi16ELi6EL9ap_q_mode4EL_34_o         |  out|   16|     ap_ovld|  p_ZZN4nnet24compute_output_buffer_2dINS_5arrayI9ap_ufixedILi16ELi6EL9ap_q_mode4EL_34|       pointer|
|p_ZZN4nnet24compute_output_buffer_2dINS_5arrayI9ap_ufixedILi16ELi6EL9ap_q_mode4EL_34_o_ap_vld  |  out|    1|     ap_ovld|  p_ZZN4nnet24compute_output_buffer_2dINS_5arrayI9ap_ufixedILi16ELi6EL9ap_q_mode4EL_34|       pointer|
|p_ZZN4nnet24compute_output_buffer_2dINS_5arrayI9ap_ufixedILi16ELi6EL9ap_q_mode4EL_33_i         |   in|   16|     ap_ovld|  p_ZZN4nnet24compute_output_buffer_2dINS_5arrayI9ap_ufixedILi16ELi6EL9ap_q_mode4EL_33|       pointer|
|p_ZZN4nnet24compute_output_buffer_2dINS_5arrayI9ap_ufixedILi16ELi6EL9ap_q_mode4EL_33_o         |  out|   16|     ap_ovld|  p_ZZN4nnet24compute_output_buffer_2dINS_5arrayI9ap_ufixedILi16ELi6EL9ap_q_mode4EL_33|       pointer|
|p_ZZN4nnet24compute_output_buffer_2dINS_5arrayI9ap_ufixedILi16ELi6EL9ap_q_mode4EL_33_o_ap_vld  |  out|    1|     ap_ovld|  p_ZZN4nnet24compute_output_buffer_2dINS_5arrayI9ap_ufixedILi16ELi6EL9ap_q_mode4EL_33|       pointer|
|p_ZZN4nnet24compute_output_buffer_2dINS_5arrayI9ap_ufixedILi16ELi6EL9ap_q_mode4EL_32_i         |   in|   16|     ap_ovld|  p_ZZN4nnet24compute_output_buffer_2dINS_5arrayI9ap_ufixedILi16ELi6EL9ap_q_mode4EL_32|       pointer|
|p_ZZN4nnet24compute_output_buffer_2dINS_5arrayI9ap_ufixedILi16ELi6EL9ap_q_mode4EL_32_o         |  out|   16|     ap_ovld|  p_ZZN4nnet24compute_output_buffer_2dINS_5arrayI9ap_ufixedILi16ELi6EL9ap_q_mode4EL_32|       pointer|
|p_ZZN4nnet24compute_output_buffer_2dINS_5arrayI9ap_ufixedILi16ELi6EL9ap_q_mode4EL_32_o_ap_vld  |  out|    1|     ap_ovld|  p_ZZN4nnet24compute_output_buffer_2dINS_5arrayI9ap_ufixedILi16ELi6EL9ap_q_mode4EL_32|       pointer|
|p_ZZN4nnet24compute_output_buffer_2dINS_5arrayI9ap_ufixedILi16ELi6EL9ap_q_mode4EL_31_i         |   in|   16|     ap_ovld|  p_ZZN4nnet24compute_output_buffer_2dINS_5arrayI9ap_ufixedILi16ELi6EL9ap_q_mode4EL_31|       pointer|
|p_ZZN4nnet24compute_output_buffer_2dINS_5arrayI9ap_ufixedILi16ELi6EL9ap_q_mode4EL_31_o         |  out|   16|     ap_ovld|  p_ZZN4nnet24compute_output_buffer_2dINS_5arrayI9ap_ufixedILi16ELi6EL9ap_q_mode4EL_31|       pointer|
|p_ZZN4nnet24compute_output_buffer_2dINS_5arrayI9ap_ufixedILi16ELi6EL9ap_q_mode4EL_31_o_ap_vld  |  out|    1|     ap_ovld|  p_ZZN4nnet24compute_output_buffer_2dINS_5arrayI9ap_ufixedILi16ELi6EL9ap_q_mode4EL_31|       pointer|
|p_ZZN4nnet24compute_output_buffer_2dINS_5arrayI9ap_ufixedILi16ELi6EL9ap_q_mode4EL_30_i         |   in|   16|     ap_ovld|  p_ZZN4nnet24compute_output_buffer_2dINS_5arrayI9ap_ufixedILi16ELi6EL9ap_q_mode4EL_30|       pointer|
|p_ZZN4nnet24compute_output_buffer_2dINS_5arrayI9ap_ufixedILi16ELi6EL9ap_q_mode4EL_30_o         |  out|   16|     ap_ovld|  p_ZZN4nnet24compute_output_buffer_2dINS_5arrayI9ap_ufixedILi16ELi6EL9ap_q_mode4EL_30|       pointer|
|p_ZZN4nnet24compute_output_buffer_2dINS_5arrayI9ap_ufixedILi16ELi6EL9ap_q_mode4EL_30_o_ap_vld  |  out|    1|     ap_ovld|  p_ZZN4nnet24compute_output_buffer_2dINS_5arrayI9ap_ufixedILi16ELi6EL9ap_q_mode4EL_30|       pointer|
|p_ZZN4nnet24compute_output_buffer_2dINS_5arrayI9ap_ufixedILi16ELi6EL9ap_q_mode4EL_29_i         |   in|   16|     ap_ovld|  p_ZZN4nnet24compute_output_buffer_2dINS_5arrayI9ap_ufixedILi16ELi6EL9ap_q_mode4EL_29|       pointer|
|p_ZZN4nnet24compute_output_buffer_2dINS_5arrayI9ap_ufixedILi16ELi6EL9ap_q_mode4EL_29_o         |  out|   16|     ap_ovld|  p_ZZN4nnet24compute_output_buffer_2dINS_5arrayI9ap_ufixedILi16ELi6EL9ap_q_mode4EL_29|       pointer|
|p_ZZN4nnet24compute_output_buffer_2dINS_5arrayI9ap_ufixedILi16ELi6EL9ap_q_mode4EL_29_o_ap_vld  |  out|    1|     ap_ovld|  p_ZZN4nnet24compute_output_buffer_2dINS_5arrayI9ap_ufixedILi16ELi6EL9ap_q_mode4EL_29|       pointer|
|p_ZZN4nnet24compute_output_buffer_2dINS_5arrayI9ap_ufixedILi16ELi6EL9ap_q_mode4EL_28_i         |   in|   16|     ap_ovld|  p_ZZN4nnet24compute_output_buffer_2dINS_5arrayI9ap_ufixedILi16ELi6EL9ap_q_mode4EL_28|       pointer|
|p_ZZN4nnet24compute_output_buffer_2dINS_5arrayI9ap_ufixedILi16ELi6EL9ap_q_mode4EL_28_o         |  out|   16|     ap_ovld|  p_ZZN4nnet24compute_output_buffer_2dINS_5arrayI9ap_ufixedILi16ELi6EL9ap_q_mode4EL_28|       pointer|
|p_ZZN4nnet24compute_output_buffer_2dINS_5arrayI9ap_ufixedILi16ELi6EL9ap_q_mode4EL_28_o_ap_vld  |  out|    1|     ap_ovld|  p_ZZN4nnet24compute_output_buffer_2dINS_5arrayI9ap_ufixedILi16ELi6EL9ap_q_mode4EL_28|       pointer|
|p_ZZN4nnet24compute_output_buffer_2dINS_5arrayI9ap_ufixedILi16ELi6EL9ap_q_mode4EL_3_i          |   in|   16|     ap_ovld|   p_ZZN4nnet24compute_output_buffer_2dINS_5arrayI9ap_ufixedILi16ELi6EL9ap_q_mode4EL_3|       pointer|
|p_ZZN4nnet24compute_output_buffer_2dINS_5arrayI9ap_ufixedILi16ELi6EL9ap_q_mode4EL_3_o          |  out|   16|     ap_ovld|   p_ZZN4nnet24compute_output_buffer_2dINS_5arrayI9ap_ufixedILi16ELi6EL9ap_q_mode4EL_3|       pointer|
|p_ZZN4nnet24compute_output_buffer_2dINS_5arrayI9ap_ufixedILi16ELi6EL9ap_q_mode4EL_3_o_ap_vld   |  out|    1|     ap_ovld|   p_ZZN4nnet24compute_output_buffer_2dINS_5arrayI9ap_ufixedILi16ELi6EL9ap_q_mode4EL_3|       pointer|
|p_ZZN4nnet24compute_output_buffer_2dINS_5arrayI9ap_ufixedILi16ELi6EL9ap_q_mode4EL_2_i          |   in|   16|     ap_ovld|   p_ZZN4nnet24compute_output_buffer_2dINS_5arrayI9ap_ufixedILi16ELi6EL9ap_q_mode4EL_2|       pointer|
|p_ZZN4nnet24compute_output_buffer_2dINS_5arrayI9ap_ufixedILi16ELi6EL9ap_q_mode4EL_2_o          |  out|   16|     ap_ovld|   p_ZZN4nnet24compute_output_buffer_2dINS_5arrayI9ap_ufixedILi16ELi6EL9ap_q_mode4EL_2|       pointer|
|p_ZZN4nnet24compute_output_buffer_2dINS_5arrayI9ap_ufixedILi16ELi6EL9ap_q_mode4EL_2_o_ap_vld   |  out|    1|     ap_ovld|   p_ZZN4nnet24compute_output_buffer_2dINS_5arrayI9ap_ufixedILi16ELi6EL9ap_q_mode4EL_2|       pointer|
|p_ZZN4nnet24compute_output_buffer_2dINS_5arrayI9ap_ufixedILi16ELi6EL9ap_q_mode4EL_1_i          |   in|   16|     ap_ovld|   p_ZZN4nnet24compute_output_buffer_2dINS_5arrayI9ap_ufixedILi16ELi6EL9ap_q_mode4EL_1|       pointer|
|p_ZZN4nnet24compute_output_buffer_2dINS_5arrayI9ap_ufixedILi16ELi6EL9ap_q_mode4EL_1_o          |  out|   16|     ap_ovld|   p_ZZN4nnet24compute_output_buffer_2dINS_5arrayI9ap_ufixedILi16ELi6EL9ap_q_mode4EL_1|       pointer|
|p_ZZN4nnet24compute_output_buffer_2dINS_5arrayI9ap_ufixedILi16ELi6EL9ap_q_mode4EL_1_o_ap_vld   |  out|    1|     ap_ovld|   p_ZZN4nnet24compute_output_buffer_2dINS_5arrayI9ap_ufixedILi16ELi6EL9ap_q_mode4EL_1|       pointer|
|p_ZZN4nnet24compute_output_buffer_2dINS_5arrayI9ap_ufixedILi16ELi6EL9ap_q_mode4EL_i            |   in|   16|     ap_ovld|     p_ZZN4nnet24compute_output_buffer_2dINS_5arrayI9ap_ufixedILi16ELi6EL9ap_q_mode4EL|       pointer|
|p_ZZN4nnet24compute_output_buffer_2dINS_5arrayI9ap_ufixedILi16ELi6EL9ap_q_mode4EL_o            |  out|   16|     ap_ovld|     p_ZZN4nnet24compute_output_buffer_2dINS_5arrayI9ap_ufixedILi16ELi6EL9ap_q_mode4EL|       pointer|
|p_ZZN4nnet24compute_output_buffer_2dINS_5arrayI9ap_ufixedILi16ELi6EL9ap_q_mode4EL_o_ap_vld     |  out|    1|     ap_ovld|     p_ZZN4nnet24compute_output_buffer_2dINS_5arrayI9ap_ufixedILi16ELi6EL9ap_q_mode4EL|       pointer|
|p_ZZN4nnet24compute_output_buffer_2dINS_5arrayI9ap_ufixedILi16ELi6EL9ap_q_mode4EL_96_i         |   in|   16|     ap_ovld|  p_ZZN4nnet24compute_output_buffer_2dINS_5arrayI9ap_ufixedILi16ELi6EL9ap_q_mode4EL_96|       pointer|
|p_ZZN4nnet24compute_output_buffer_2dINS_5arrayI9ap_ufixedILi16ELi6EL9ap_q_mode4EL_96_o         |  out|   16|     ap_ovld|  p_ZZN4nnet24compute_output_buffer_2dINS_5arrayI9ap_ufixedILi16ELi6EL9ap_q_mode4EL_96|       pointer|
|p_ZZN4nnet24compute_output_buffer_2dINS_5arrayI9ap_ufixedILi16ELi6EL9ap_q_mode4EL_96_o_ap_vld  |  out|    1|     ap_ovld|  p_ZZN4nnet24compute_output_buffer_2dINS_5arrayI9ap_ufixedILi16ELi6EL9ap_q_mode4EL_96|       pointer|
|p_ZZN4nnet24compute_output_buffer_2dINS_5arrayI9ap_ufixedILi16ELi6EL9ap_q_mode4EL_95_i         |   in|   16|     ap_ovld|  p_ZZN4nnet24compute_output_buffer_2dINS_5arrayI9ap_ufixedILi16ELi6EL9ap_q_mode4EL_95|       pointer|
|p_ZZN4nnet24compute_output_buffer_2dINS_5arrayI9ap_ufixedILi16ELi6EL9ap_q_mode4EL_95_o         |  out|   16|     ap_ovld|  p_ZZN4nnet24compute_output_buffer_2dINS_5arrayI9ap_ufixedILi16ELi6EL9ap_q_mode4EL_95|       pointer|
|p_ZZN4nnet24compute_output_buffer_2dINS_5arrayI9ap_ufixedILi16ELi6EL9ap_q_mode4EL_95_o_ap_vld  |  out|    1|     ap_ovld|  p_ZZN4nnet24compute_output_buffer_2dINS_5arrayI9ap_ufixedILi16ELi6EL9ap_q_mode4EL_95|       pointer|
|p_ZZN4nnet24compute_output_buffer_2dINS_5arrayI9ap_ufixedILi16ELi6EL9ap_q_mode4EL_94_i         |   in|   16|     ap_ovld|  p_ZZN4nnet24compute_output_buffer_2dINS_5arrayI9ap_ufixedILi16ELi6EL9ap_q_mode4EL_94|       pointer|
|p_ZZN4nnet24compute_output_buffer_2dINS_5arrayI9ap_ufixedILi16ELi6EL9ap_q_mode4EL_94_o         |  out|   16|     ap_ovld|  p_ZZN4nnet24compute_output_buffer_2dINS_5arrayI9ap_ufixedILi16ELi6EL9ap_q_mode4EL_94|       pointer|
|p_ZZN4nnet24compute_output_buffer_2dINS_5arrayI9ap_ufixedILi16ELi6EL9ap_q_mode4EL_94_o_ap_vld  |  out|    1|     ap_ovld|  p_ZZN4nnet24compute_output_buffer_2dINS_5arrayI9ap_ufixedILi16ELi6EL9ap_q_mode4EL_94|       pointer|
|p_ZZN4nnet24compute_output_buffer_2dINS_5arrayI9ap_ufixedILi16ELi6EL9ap_q_mode4EL_93_i         |   in|   16|     ap_ovld|  p_ZZN4nnet24compute_output_buffer_2dINS_5arrayI9ap_ufixedILi16ELi6EL9ap_q_mode4EL_93|       pointer|
|p_ZZN4nnet24compute_output_buffer_2dINS_5arrayI9ap_ufixedILi16ELi6EL9ap_q_mode4EL_93_o         |  out|   16|     ap_ovld|  p_ZZN4nnet24compute_output_buffer_2dINS_5arrayI9ap_ufixedILi16ELi6EL9ap_q_mode4EL_93|       pointer|
|p_ZZN4nnet24compute_output_buffer_2dINS_5arrayI9ap_ufixedILi16ELi6EL9ap_q_mode4EL_93_o_ap_vld  |  out|    1|     ap_ovld|  p_ZZN4nnet24compute_output_buffer_2dINS_5arrayI9ap_ufixedILi16ELi6EL9ap_q_mode4EL_93|       pointer|
|p_ZZN4nnet24compute_output_buffer_2dINS_5arrayI9ap_ufixedILi16ELi6EL9ap_q_mode4EL_92_i         |   in|   16|     ap_ovld|  p_ZZN4nnet24compute_output_buffer_2dINS_5arrayI9ap_ufixedILi16ELi6EL9ap_q_mode4EL_92|       pointer|
|p_ZZN4nnet24compute_output_buffer_2dINS_5arrayI9ap_ufixedILi16ELi6EL9ap_q_mode4EL_92_o         |  out|   16|     ap_ovld|  p_ZZN4nnet24compute_output_buffer_2dINS_5arrayI9ap_ufixedILi16ELi6EL9ap_q_mode4EL_92|       pointer|
|p_ZZN4nnet24compute_output_buffer_2dINS_5arrayI9ap_ufixedILi16ELi6EL9ap_q_mode4EL_92_o_ap_vld  |  out|    1|     ap_ovld|  p_ZZN4nnet24compute_output_buffer_2dINS_5arrayI9ap_ufixedILi16ELi6EL9ap_q_mode4EL_92|       pointer|
|p_ZZN4nnet24compute_output_buffer_2dINS_5arrayI9ap_ufixedILi16ELi6EL9ap_q_mode4EL_91_i         |   in|   16|     ap_ovld|  p_ZZN4nnet24compute_output_buffer_2dINS_5arrayI9ap_ufixedILi16ELi6EL9ap_q_mode4EL_91|       pointer|
|p_ZZN4nnet24compute_output_buffer_2dINS_5arrayI9ap_ufixedILi16ELi6EL9ap_q_mode4EL_91_o         |  out|   16|     ap_ovld|  p_ZZN4nnet24compute_output_buffer_2dINS_5arrayI9ap_ufixedILi16ELi6EL9ap_q_mode4EL_91|       pointer|
|p_ZZN4nnet24compute_output_buffer_2dINS_5arrayI9ap_ufixedILi16ELi6EL9ap_q_mode4EL_91_o_ap_vld  |  out|    1|     ap_ovld|  p_ZZN4nnet24compute_output_buffer_2dINS_5arrayI9ap_ufixedILi16ELi6EL9ap_q_mode4EL_91|       pointer|
|p_ZZN4nnet24compute_output_buffer_2dINS_5arrayI9ap_ufixedILi16ELi6EL9ap_q_mode4EL_90_i         |   in|   16|     ap_ovld|  p_ZZN4nnet24compute_output_buffer_2dINS_5arrayI9ap_ufixedILi16ELi6EL9ap_q_mode4EL_90|       pointer|
|p_ZZN4nnet24compute_output_buffer_2dINS_5arrayI9ap_ufixedILi16ELi6EL9ap_q_mode4EL_90_o         |  out|   16|     ap_ovld|  p_ZZN4nnet24compute_output_buffer_2dINS_5arrayI9ap_ufixedILi16ELi6EL9ap_q_mode4EL_90|       pointer|
|p_ZZN4nnet24compute_output_buffer_2dINS_5arrayI9ap_ufixedILi16ELi6EL9ap_q_mode4EL_90_o_ap_vld  |  out|    1|     ap_ovld|  p_ZZN4nnet24compute_output_buffer_2dINS_5arrayI9ap_ufixedILi16ELi6EL9ap_q_mode4EL_90|       pointer|
|p_ZZN4nnet24compute_output_buffer_2dINS_5arrayI9ap_ufixedILi16ELi6EL9ap_q_mode4EL_89_i         |   in|   16|     ap_ovld|  p_ZZN4nnet24compute_output_buffer_2dINS_5arrayI9ap_ufixedILi16ELi6EL9ap_q_mode4EL_89|       pointer|
|p_ZZN4nnet24compute_output_buffer_2dINS_5arrayI9ap_ufixedILi16ELi6EL9ap_q_mode4EL_89_o         |  out|   16|     ap_ovld|  p_ZZN4nnet24compute_output_buffer_2dINS_5arrayI9ap_ufixedILi16ELi6EL9ap_q_mode4EL_89|       pointer|
|p_ZZN4nnet24compute_output_buffer_2dINS_5arrayI9ap_ufixedILi16ELi6EL9ap_q_mode4EL_89_o_ap_vld  |  out|    1|     ap_ovld|  p_ZZN4nnet24compute_output_buffer_2dINS_5arrayI9ap_ufixedILi16ELi6EL9ap_q_mode4EL_89|       pointer|
+-----------------------------------------------------------------------------------------------+-----+-----+------------+--------------------------------------------------------------------------------------+--------------+

