

================================================================
== Vitis HLS Report for 'shift_line_buffer_array_ap_ufixed_16_6_4_0_0_24u_config11_s'
================================================================
* Date:           Mon Aug  3 11:07:16 2026

* Version:        2023.2 (Build 4023990 on Oct 11 2023)
* Project:        myproject_prj
* Solution:       solution1 (Vivado IP Flow Target)
* Product family: virtexu
* Target device:  xcvu080-ffvb2104-2-e


================================================================
== Performance Estimates
================================================================
+ Timing: 
    * Summary: 
    +--------+---------+----------+------------+
    |  Clock |  Target | Estimated| Uncertainty|
    +--------+---------+----------+------------+
    |ap_clk  |  5.00 ns|  0.849 ns|     1.35 ns|
    +--------+---------+----------+------------+

+ Latency: 
    * Summary: 
    +---------+---------+----------+----------+-----+-----+---------+
    |  Latency (cycles) |  Latency (absolute) |  Interval | Pipeline|
    |   min   |   max   |    min   |    max   | min | max |   Type  |
    +---------+---------+----------+----------+-----+-----+---------+
    |        0|        0|      0 ns|      0 ns|    1|    1|      yes|
    +---------+---------+----------+----------+-----+-----+---------+

    + Detail: 
        * Instance: 
        N/A

        * Loop: 
        N/A



================================================================
== Utilization Estimates
================================================================
* Summary: 
+-----------------+---------+-----+--------+--------+-----+
|       Name      | BRAM_18K| DSP |   FF   |   LUT  | URAM|
+-----------------+---------+-----+--------+--------+-----+
|DSP              |        -|    -|       -|       -|    -|
|Expression       |        -|    -|       -|       -|    -|
|FIFO             |        -|    -|       -|       -|    -|
|Instance         |        -|    -|       -|       -|    -|
|Memory           |        -|    -|    1536|     768|    -|
|Multiplexer      |        -|    -|       -|     432|    -|
|Register         |        -|    -|       1|       -|    -|
+-----------------+---------+-----+--------+--------+-----+
|Total            |        0|    0|    1537|    1200|    0|
+-----------------+---------+-----+--------+--------+-----+
|Available        |     2842|  672|  891424|  445712|    0|
+-----------------+---------+-----+--------+--------+-----+
|Utilization (%)  |        0|    0|      ~0|      ~0|    0|
+-----------------+---------+-----+--------+--------+-----+

+ Detail: 
    * Instance: 
    N/A

    * DSP: 
    N/A

    * Memory: 
    +----------------------------------------------------------------------------------------+----------------------------------------------------------------------------------+---------+----+----+-----+------+-----+------+-------------+
    |                                         Memory                                         |                                      Module                                      | BRAM_18K| FF | LUT| URAM| Words| Bits| Banks| W*Bits*Banks|
    +----------------------------------------------------------------------------------------+----------------------------------------------------------------------------------+---------+----+----+-----+------+-----+------+-------------+
    |void_pooling2d_cl_stream_stream_array_ap_ufixed_24u_0_line_buffer_9_U                   |shift_line_buffer_array_ap_ufixed_16_6_4_0_0_24u_config11_s_void_pooling2d_clNgs  |        0|  64|  32|    0|    18|   16|     1|          288|
    |void_pooling2d_cl_stream_stream_array_ap_ufixed_24u_0_line_buffer_8_U                   |shift_line_buffer_array_ap_ufixed_16_6_4_0_0_24u_config11_s_void_pooling2d_clNgs  |        0|  64|  32|    0|    18|   16|     1|          288|
    |void_pooling2d_cl_stream_stream_array_ap_ufixed_24u_0_line_buffer_7_U                   |shift_line_buffer_array_ap_ufixed_16_6_4_0_0_24u_config11_s_void_pooling2d_clNgs  |        0|  64|  32|    0|    18|   16|     1|          288|
    |void_pooling2d_cl_stream_stream_array_ap_ufixed_24u_0_line_buffer_6_U                   |shift_line_buffer_array_ap_ufixed_16_6_4_0_0_24u_config11_s_void_pooling2d_clNgs  |        0|  64|  32|    0|    18|   16|     1|          288|
    |void_pooling2d_cl_stream_stream_array_ap_ufixed_24u_0_line_buffer_5_U                   |shift_line_buffer_array_ap_ufixed_16_6_4_0_0_24u_config11_s_void_pooling2d_clNgs  |        0|  64|  32|    0|    18|   16|     1|          288|
    |void_pooling2d_cl_stream_stream_array_ap_ufixed_24u_0_line_buffer_4_U                   |shift_line_buffer_array_ap_ufixed_16_6_4_0_0_24u_config11_s_void_pooling2d_clNgs  |        0|  64|  32|    0|    18|   16|     1|          288|
    |void_pooling2d_cl_stream_stream_array_ap_ufixed_24u_0_line_buffer_3_U                   |shift_line_buffer_array_ap_ufixed_16_6_4_0_0_24u_config11_s_void_pooling2d_clNgs  |        0|  64|  32|    0|    18|   16|     1|          288|
    |void_pooling2d_cl_stream_stream_array_ap_ufixed_24u_0_line_buffer_2_U                   |shift_line_buffer_array_ap_ufixed_16_6_4_0_0_24u_config11_s_void_pooling2d_clNgs  |        0|  64|  32|    0|    18|   16|     1|          288|
    |void_pooling2d_cl_stream_stream_array_ap_ufixed_24u_0_line_buffer_1_U                   |shift_line_buffer_array_ap_ufixed_16_6_4_0_0_24u_config11_s_void_pooling2d_clNgs  |        0|  64|  32|    0|    18|   16|     1|          288|
    |void_pooling2d_cl_stream_stream_array_ap_ufixed_24u_0_line_buffer_U                     |shift_line_buffer_array_ap_ufixed_16_6_4_0_0_24u_config11_s_void_pooling2d_clNgs  |        0|  64|  32|    0|    18|   16|     1|          288|
    |p_ZZN4nnet12pooling2d_clINS_5arrayI9ap_ufixedILi16ELi6EL9ap_q_mode4EL9ap_o_mode0E_13_U  |shift_line_buffer_array_ap_ufixed_16_6_4_0_0_24u_config11_s_void_pooling2d_clNgs  |        0|  64|  32|    0|    18|   16|     1|          288|
    |p_ZZN4nnet12pooling2d_clINS_5arrayI9ap_ufixedILi16ELi6EL9ap_q_mode4EL9ap_o_mode0E_12_U  |shift_line_buffer_array_ap_ufixed_16_6_4_0_0_24u_config11_s_void_pooling2d_clNgs  |        0|  64|  32|    0|    18|   16|     1|          288|
    |p_ZZN4nnet12pooling2d_clINS_5arrayI9ap_ufixedILi16ELi6EL9ap_q_mode4EL9ap_o_mode0E_11_U  |shift_line_buffer_array_ap_ufixed_16_6_4_0_0_24u_config11_s_void_pooling2d_clNgs  |        0|  64|  32|    0|    18|   16|     1|          288|
    |p_ZZN4nnet12pooling2d_clINS_5arrayI9ap_ufixedILi16ELi6EL9ap_q_mode4EL9ap_o_mode0E_10_U  |shift_line_buffer_array_ap_ufixed_16_6_4_0_0_24u_config11_s_void_pooling2d_clNgs  |        0|  64|  32|    0|    18|   16|     1|          288|
    |p_ZZN4nnet12pooling2d_clINS_5arrayI9ap_ufixedILi16ELi6EL9ap_q_mode4EL9ap_o_mode0E_9_U   |shift_line_buffer_array_ap_ufixed_16_6_4_0_0_24u_config11_s_void_pooling2d_clNgs  |        0|  64|  32|    0|    18|   16|     1|          288|
    |p_ZZN4nnet12pooling2d_clINS_5arrayI9ap_ufixedILi16ELi6EL9ap_q_mode4EL9ap_o_mode0E_8_U   |shift_line_buffer_array_ap_ufixed_16_6_4_0_0_24u_config11_s_void_pooling2d_clNgs  |        0|  64|  32|    0|    18|   16|     1|          288|
    |p_ZZN4nnet12pooling2d_clINS_5arrayI9ap_ufixedILi16ELi6EL9ap_q_mode4EL9ap_o_mode0E_7_U   |shift_line_buffer_array_ap_ufixed_16_6_4_0_0_24u_config11_s_void_pooling2d_clNgs  |        0|  64|  32|    0|    18|   16|     1|          288|
    |p_ZZN4nnet12pooling2d_clINS_5arrayI9ap_ufixedILi16ELi6EL9ap_q_mode4EL9ap_o_mode0E_6_U   |shift_line_buffer_array_ap_ufixed_16_6_4_0_0_24u_config11_s_void_pooling2d_clNgs  |        0|  64|  32|    0|    18|   16|     1|          288|
    |p_ZZN4nnet12pooling2d_clINS_5arrayI9ap_ufixedILi16ELi6EL9ap_q_mode4EL9ap_o_mode0E_5_U   |shift_line_buffer_array_ap_ufixed_16_6_4_0_0_24u_config11_s_void_pooling2d_clNgs  |        0|  64|  32|    0|    18|   16|     1|          288|
    |p_ZZN4nnet12pooling2d_clINS_5arrayI9ap_ufixedILi16ELi6EL9ap_q_mode4EL9ap_o_mode0E_4_U   |shift_line_buffer_array_ap_ufixed_16_6_4_0_0_24u_config11_s_void_pooling2d_clNgs  |        0|  64|  32|    0|    18|   16|     1|          288|
    |p_ZZN4nnet12pooling2d_clINS_5arrayI9ap_ufixedILi16ELi6EL9ap_q_mode4EL9ap_o_mode0E_3_U   |shift_line_buffer_array_ap_ufixed_16_6_4_0_0_24u_config11_s_void_pooling2d_clNgs  |        0|  64|  32|    0|    18|   16|     1|          288|
    |p_ZZN4nnet12pooling2d_clINS_5arrayI9ap_ufixedILi16ELi6EL9ap_q_mode4EL9ap_o_mode0E_2_U   |shift_line_buffer_array_ap_ufixed_16_6_4_0_0_24u_config11_s_void_pooling2d_clNgs  |        0|  64|  32|    0|    18|   16|     1|          288|
    |p_ZZN4nnet12pooling2d_clINS_5arrayI9ap_ufixedILi16ELi6EL9ap_q_mode4EL9ap_o_mode0E_1_U   |shift_line_buffer_array_ap_ufixed_16_6_4_0_0_24u_config11_s_void_pooling2d_clNgs  |        0|  64|  32|    0|    18|   16|     1|          288|
    |p_ZZN4nnet12pooling2d_clINS_5arrayI9ap_ufixedILi16ELi6EL9ap_q_mode4EL9ap_o_mode0E_U     |shift_line_buffer_array_ap_ufixed_16_6_4_0_0_24u_config11_s_void_pooling2d_clNgs  |        0|  64|  32|    0|    18|   16|     1|          288|
    +----------------------------------------------------------------------------------------+----------------------------------------------------------------------------------+---------+----+----+-----+------+-----+------+-------------+
    |Total                                                                                   |                                                                                  |        0|1536| 768|    0|   432|  384|    24|         6912|
    +----------------------------------------------------------------------------------------+----------------------------------------------------------------------------------+---------+----+----+-----+------+-----+------+-------------+

    * FIFO: 
    N/A

    * Expression: 
    N/A

    * Multiplexer: 
    +----------------------------------------------------------------------------------------+----+-----------+-----+-----------+
    |                                          Name                                          | LUT| Input Size| Bits| Total Bits|
    +----------------------------------------------------------------------------------------+----+-----------+-----+-----------+
    |p_ZZN4nnet22compute_pool_buffer_2dINS_5arrayI9ap_ufixedILi16ELi6EL9ap_q_mode4EL9a_10_o  |   9|          2|   16|         32|
    |p_ZZN4nnet22compute_pool_buffer_2dINS_5arrayI9ap_ufixedILi16ELi6EL9ap_q_mode4EL9a_11_o  |   9|          2|   16|         32|
    |p_ZZN4nnet22compute_pool_buffer_2dINS_5arrayI9ap_ufixedILi16ELi6EL9ap_q_mode4EL9a_12_o  |   9|          2|   16|         32|
    |p_ZZN4nnet22compute_pool_buffer_2dINS_5arrayI9ap_ufixedILi16ELi6EL9ap_q_mode4EL9a_13_o  |   9|          2|   16|         32|
    |p_ZZN4nnet22compute_pool_buffer_2dINS_5arrayI9ap_ufixedILi16ELi6EL9ap_q_mode4EL9a_14_o  |   9|          2|   16|         32|
    |p_ZZN4nnet22compute_pool_buffer_2dINS_5arrayI9ap_ufixedILi16ELi6EL9ap_q_mode4EL9a_15_o  |   9|          2|   16|         32|
    |p_ZZN4nnet22compute_pool_buffer_2dINS_5arrayI9ap_ufixedILi16ELi6EL9ap_q_mode4EL9a_16_o  |   9|          2|   16|         32|
    |p_ZZN4nnet22compute_pool_buffer_2dINS_5arrayI9ap_ufixedILi16ELi6EL9ap_q_mode4EL9a_17_o  |   9|          2|   16|         32|
    |p_ZZN4nnet22compute_pool_buffer_2dINS_5arrayI9ap_ufixedILi16ELi6EL9ap_q_mode4EL9a_18_o  |   9|          2|   16|         32|
    |p_ZZN4nnet22compute_pool_buffer_2dINS_5arrayI9ap_ufixedILi16ELi6EL9ap_q_mode4EL9a_19_o  |   9|          2|   16|         32|
    |p_ZZN4nnet22compute_pool_buffer_2dINS_5arrayI9ap_ufixedILi16ELi6EL9ap_q_mode4EL9a_1_o   |   9|          2|   16|         32|
    |p_ZZN4nnet22compute_pool_buffer_2dINS_5arrayI9ap_ufixedILi16ELi6EL9ap_q_mode4EL9a_20_o  |   9|          2|   16|         32|
    |p_ZZN4nnet22compute_pool_buffer_2dINS_5arrayI9ap_ufixedILi16ELi6EL9ap_q_mode4EL9a_21_o  |   9|          2|   16|         32|
    |p_ZZN4nnet22compute_pool_buffer_2dINS_5arrayI9ap_ufixedILi16ELi6EL9ap_q_mode4EL9a_22_o  |   9|          2|   16|         32|
    |p_ZZN4nnet22compute_pool_buffer_2dINS_5arrayI9ap_ufixedILi16ELi6EL9ap_q_mode4EL9a_23_o  |   9|          2|   16|         32|
    |p_ZZN4nnet22compute_pool_buffer_2dINS_5arrayI9ap_ufixedILi16ELi6EL9ap_q_mode4EL9a_2_o   |   9|          2|   16|         32|
    |p_ZZN4nnet22compute_pool_buffer_2dINS_5arrayI9ap_ufixedILi16ELi6EL9ap_q_mode4EL9a_3_o   |   9|          2|   16|         32|
    |p_ZZN4nnet22compute_pool_buffer_2dINS_5arrayI9ap_ufixedILi16ELi6EL9ap_q_mode4EL9a_48_o  |   9|          2|   16|         32|
    |p_ZZN4nnet22compute_pool_buffer_2dINS_5arrayI9ap_ufixedILi16ELi6EL9ap_q_mode4EL9a_49_o  |   9|          2|   16|         32|
    |p_ZZN4nnet22compute_pool_buffer_2dINS_5arrayI9ap_ufixedILi16ELi6EL9ap_q_mode4EL9a_4_o   |   9|          2|   16|         32|
    |p_ZZN4nnet22compute_pool_buffer_2dINS_5arrayI9ap_ufixedILi16ELi6EL9ap_q_mode4EL9a_50_o  |   9|          2|   16|         32|
    |p_ZZN4nnet22compute_pool_buffer_2dINS_5arrayI9ap_ufixedILi16ELi6EL9ap_q_mode4EL9a_51_o  |   9|          2|   16|         32|
    |p_ZZN4nnet22compute_pool_buffer_2dINS_5arrayI9ap_ufixedILi16ELi6EL9ap_q_mode4EL9a_52_o  |   9|          2|   16|         32|
    |p_ZZN4nnet22compute_pool_buffer_2dINS_5arrayI9ap_ufixedILi16ELi6EL9ap_q_mode4EL9a_53_o  |   9|          2|   16|         32|
    |p_ZZN4nnet22compute_pool_buffer_2dINS_5arrayI9ap_ufixedILi16ELi6EL9ap_q_mode4EL9a_54_o  |   9|          2|   16|         32|
    |p_ZZN4nnet22compute_pool_buffer_2dINS_5arrayI9ap_ufixedILi16ELi6EL9ap_q_mode4EL9a_55_o  |   9|          2|   16|         32|
    |p_ZZN4nnet22compute_pool_buffer_2dINS_5arrayI9ap_ufixedILi16ELi6EL9ap_q_mode4EL9a_56_o  |   9|          2|   16|         32|
    |p_ZZN4nnet22compute_pool_buffer_2dINS_5arrayI9ap_ufixedILi16ELi6EL9ap_q_mode4EL9a_57_o  |   9|          2|   16|         32|
    |p_ZZN4nnet22compute_pool_buffer_2dINS_5arrayI9ap_ufixedILi16ELi6EL9ap_q_mode4EL9a_58_o  |   9|          2|   16|         32|
    |p_ZZN4nnet22compute_pool_buffer_2dINS_5arrayI9ap_ufixedILi16ELi6EL9ap_q_mode4EL9a_59_o  |   9|          2|   16|         32|
    |p_ZZN4nnet22compute_pool_buffer_2dINS_5arrayI9ap_ufixedILi16ELi6EL9ap_q_mode4EL9a_5_o   |   9|          2|   16|         32|
    |p_ZZN4nnet22compute_pool_buffer_2dINS_5arrayI9ap_ufixedILi16ELi6EL9ap_q_mode4EL9a_60_o  |   9|          2|   16|         32|
    |p_ZZN4nnet22compute_pool_buffer_2dINS_5arrayI9ap_ufixedILi16ELi6EL9ap_q_mode4EL9a_61_o  |   9|          2|   16|         32|
    |p_ZZN4nnet22compute_pool_buffer_2dINS_5arrayI9ap_ufixedILi16ELi6EL9ap_q_mode4EL9a_62_o  |   9|          2|   16|         32|
    |p_ZZN4nnet22compute_pool_buffer_2dINS_5arrayI9ap_ufixedILi16ELi6EL9ap_q_mode4EL9a_63_o  |   9|          2|   16|         32|
    |p_ZZN4nnet22compute_pool_buffer_2dINS_5arrayI9ap_ufixedILi16ELi6EL9ap_q_mode4EL9a_64_o  |   9|          2|   16|         32|
    |p_ZZN4nnet22compute_pool_buffer_2dINS_5arrayI9ap_ufixedILi16ELi6EL9ap_q_mode4EL9a_65_o  |   9|          2|   16|         32|
    |p_ZZN4nnet22compute_pool_buffer_2dINS_5arrayI9ap_ufixedILi16ELi6EL9ap_q_mode4EL9a_66_o  |   9|          2|   16|         32|
    |p_ZZN4nnet22compute_pool_buffer_2dINS_5arrayI9ap_ufixedILi16ELi6EL9ap_q_mode4EL9a_67_o  |   9|          2|   16|         32|
    |p_ZZN4nnet22compute_pool_buffer_2dINS_5arrayI9ap_ufixedILi16ELi6EL9ap_q_mode4EL9a_68_o  |   9|          2|   16|         32|
    |p_ZZN4nnet22compute_pool_buffer_2dINS_5arrayI9ap_ufixedILi16ELi6EL9ap_q_mode4EL9a_69_o  |   9|          2|   16|         32|
    |p_ZZN4nnet22compute_pool_buffer_2dINS_5arrayI9ap_ufixedILi16ELi6EL9ap_q_mode4EL9a_6_o   |   9|          2|   16|         32|
    |p_ZZN4nnet22compute_pool_buffer_2dINS_5arrayI9ap_ufixedILi16ELi6EL9ap_q_mode4EL9a_70_o  |   9|          2|   16|         32|
    |p_ZZN4nnet22compute_pool_buffer_2dINS_5arrayI9ap_ufixedILi16ELi6EL9ap_q_mode4EL9a_71_o  |   9|          2|   16|         32|
    |p_ZZN4nnet22compute_pool_buffer_2dINS_5arrayI9ap_ufixedILi16ELi6EL9ap_q_mode4EL9a_7_o   |   9|          2|   16|         32|
    |p_ZZN4nnet22compute_pool_buffer_2dINS_5arrayI9ap_ufixedILi16ELi6EL9ap_q_mode4EL9a_8_o   |   9|          2|   16|         32|
    |p_ZZN4nnet22compute_pool_buffer_2dINS_5arrayI9ap_ufixedILi16ELi6EL9ap_q_mode4EL9a_9_o   |   9|          2|   16|         32|
    |p_ZZN4nnet22compute_pool_buffer_2dINS_5arrayI9ap_ufixedILi16ELi6EL9ap_q_mode4EL9a_o     |   9|          2|   16|         32|
    +----------------------------------------------------------------------------------------+----+-----------+-----+-----------+
    |Total                                                                                   | 432|         96|  768|       1536|
    +----------------------------------------------------------------------------------------+----+-----------+-----+-----------+

    * Register: 
    +-----------+---+----+-----+-----------+
    |    Name   | FF| LUT| Bits| Const Bits|
    +-----------+---+----+-----+-----------+
    |ap_CS_fsm  |  1|   0|    1|          0|
    +-----------+---+----+-----+-----------+
    |Total      |  1|   0|    1|          0|
    +-----------+---+----+-----+-----------+



================================================================
== Interface
================================================================
* Summary: 
+-----------------------------------------------------------------------------------------------+-----+-----+------------+--------------------------------------------------------------------------------------+--------------+
|                                           RTL Ports                                           | Dir | Bits|  Protocol  |                                     Source Object                                    |    C Type    |
+-----------------------------------------------------------------------------------------------+-----+-----+------------+--------------------------------------------------------------------------------------+--------------+
|ap_clk                                                                                         |   in|    1|  ap_ctrl_hs|                    shift_line_buffer<array<ap_ufixed<16, 6, 4, 0, 0>, 24u>, config11>|  return value|
|ap_rst                                                                                         |   in|    1|  ap_ctrl_hs|                    shift_line_buffer<array<ap_ufixed<16, 6, 4, 0, 0>, 24u>, config11>|  return value|
|ap_start                                                                                       |   in|    1|  ap_ctrl_hs|                    shift_line_buffer<array<ap_ufixed<16, 6, 4, 0, 0>, 24u>, config11>|  return value|
|ap_done                                                                                        |  out|    1|  ap_ctrl_hs|                    shift_line_buffer<array<ap_ufixed<16, 6, 4, 0, 0>, 24u>, config11>|  return value|
|ap_idle                                                                                        |  out|    1|  ap_ctrl_hs|                    shift_line_buffer<array<ap_ufixed<16, 6, 4, 0, 0>, 24u>, config11>|  return value|
|ap_ready                                                                                       |  out|    1|  ap_ctrl_hs|                    shift_line_buffer<array<ap_ufixed<16, 6, 4, 0, 0>, 24u>, config11>|  return value|
|ap_ce                                                                                          |   in|    1|  ap_ctrl_hs|                    shift_line_buffer<array<ap_ufixed<16, 6, 4, 0, 0>, 24u>, config11>|  return value|
|p_read                                                                                         |   in|   16|     ap_none|                                                                                p_read|        scalar|
|p_read1                                                                                        |   in|   16|     ap_none|                                                                               p_read1|        scalar|
|p_read2                                                                                        |   in|   16|     ap_none|                                                                               p_read2|        scalar|
|p_read3                                                                                        |   in|   16|     ap_none|                                                                               p_read3|        scalar|
|p_read4                                                                                        |   in|   16|     ap_none|                                                                               p_read4|        scalar|
|p_read5                                                                                        |   in|   16|     ap_none|                                                                               p_read5|        scalar|
|p_read6                                                                                        |   in|   16|     ap_none|                                                                               p_read6|        scalar|
|p_read7                                                                                        |   in|   16|     ap_none|                                                                               p_read7|        scalar|
|p_read8                                                                                        |   in|   16|     ap_none|                                                                               p_read8|        scalar|
|p_read9                                                                                        |   in|   16|     ap_none|                                                                               p_read9|        scalar|
|p_read10                                                                                       |   in|   16|     ap_none|                                                                              p_read10|        scalar|
|p_read11                                                                                       |   in|   16|     ap_none|                                                                              p_read11|        scalar|
|p_read12                                                                                       |   in|   16|     ap_none|                                                                              p_read12|        scalar|
|p_read13                                                                                       |   in|   16|     ap_none|                                                                              p_read13|        scalar|
|p_read14                                                                                       |   in|   16|     ap_none|                                                                              p_read14|        scalar|
|p_read15                                                                                       |   in|   16|     ap_none|                                                                              p_read15|        scalar|
|p_read16                                                                                       |   in|   16|     ap_none|                                                                              p_read16|        scalar|
|p_read17                                                                                       |   in|   16|     ap_none|                                                                              p_read17|        scalar|
|p_read18                                                                                       |   in|   16|     ap_none|                                                                              p_read18|        scalar|
|p_read19                                                                                       |   in|   16|     ap_none|                                                                              p_read19|        scalar|
|p_read20                                                                                       |   in|   16|     ap_none|                                                                              p_read20|        scalar|
|p_read21                                                                                       |   in|   16|     ap_none|                                                                              p_read21|        scalar|
|p_read22                                                                                       |   in|   16|     ap_none|                                                                              p_read22|        scalar|
|p_read23                                                                                       |   in|   16|     ap_none|                                                                              p_read23|        scalar|
|p_ZZN4nnet22compute_pool_buffer_2dINS_5arrayI9ap_ufixedILi16ELi6EL9ap_q_mode4EL9a_71_i         |   in|   16|     ap_ovld|  p_ZZN4nnet22compute_pool_buffer_2dINS_5arrayI9ap_ufixedILi16ELi6EL9ap_q_mode4EL9a_71|       pointer|
|p_ZZN4nnet22compute_pool_buffer_2dINS_5arrayI9ap_ufixedILi16ELi6EL9ap_q_mode4EL9a_71_o         |  out|   16|     ap_ovld|  p_ZZN4nnet22compute_pool_buffer_2dINS_5arrayI9ap_ufixedILi16ELi6EL9ap_q_mode4EL9a_71|       pointer|
|p_ZZN4nnet22compute_pool_buffer_2dINS_5arrayI9ap_ufixedILi16ELi6EL9ap_q_mode4EL9a_71_o_ap_vld  |  out|    1|     ap_ovld|  p_ZZN4nnet22compute_pool_buffer_2dINS_5arrayI9ap_ufixedILi16ELi6EL9ap_q_mode4EL9a_71|       pointer|
|void_compute_pool_buffer_2d_array_const_ap_shift_reg_n_filt_stream_kernel_9                    |  out|   16|      ap_vld|           void_compute_pool_buffer_2d_array_const_ap_shift_reg_n_filt_stream_kernel_9|       pointer|
|void_compute_pool_buffer_2d_array_const_ap_shift_reg_n_filt_stream_kernel_9_ap_vld             |  out|    1|      ap_vld|           void_compute_pool_buffer_2d_array_const_ap_shift_reg_n_filt_stream_kernel_9|       pointer|
|p_ZZN4nnet22compute_pool_buffer_2dINS_5arrayI9ap_ufixedILi16ELi6EL9ap_q_mode4EL9a_70_i         |   in|   16|     ap_ovld|  p_ZZN4nnet22compute_pool_buffer_2dINS_5arrayI9ap_ufixedILi16ELi6EL9ap_q_mode4EL9a_70|       pointer|
|p_ZZN4nnet22compute_pool_buffer_2dINS_5arrayI9ap_ufixedILi16ELi6EL9ap_q_mode4EL9a_70_o         |  out|   16|     ap_ovld|  p_ZZN4nnet22compute_pool_buffer_2dINS_5arrayI9ap_ufixedILi16ELi6EL9ap_q_mode4EL9a_70|       pointer|
|p_ZZN4nnet22compute_pool_buffer_2dINS_5arrayI9ap_ufixedILi16ELi6EL9ap_q_mode4EL9a_70_o_ap_vld  |  out|    1|     ap_ovld|  p_ZZN4nnet22compute_pool_buffer_2dINS_5arrayI9ap_ufixedILi16ELi6EL9ap_q_mode4EL9a_70|       pointer|
|void_compute_pool_buffer_2d_array_const_ap_shift_reg_n_filt_stream_kernel_8                    |  out|   16|      ap_vld|           void_compute_pool_buffer_2d_array_const_ap_shift_reg_n_filt_stream_kernel_8|       pointer|
|void_compute_pool_buffer_2d_array_const_ap_shift_reg_n_filt_stream_kernel_8_ap_vld             |  out|    1|      ap_vld|           void_compute_pool_buffer_2d_array_const_ap_shift_reg_n_filt_stream_kernel_8|       pointer|
|p_ZZN4nnet22compute_pool_buffer_2dINS_5arrayI9ap_ufixedILi16ELi6EL9ap_q_mode4EL9a_69_i         |   in|   16|     ap_ovld|  p_ZZN4nnet22compute_pool_buffer_2dINS_5arrayI9ap_ufixedILi16ELi6EL9ap_q_mode4EL9a_69|       pointer|
|p_ZZN4nnet22compute_pool_buffer_2dINS_5arrayI9ap_ufixedILi16ELi6EL9ap_q_mode4EL9a_69_o         |  out|   16|     ap_ovld|  p_ZZN4nnet22compute_pool_buffer_2dINS_5arrayI9ap_ufixedILi16ELi6EL9ap_q_mode4EL9a_69|       pointer|
|p_ZZN4nnet22compute_pool_buffer_2dINS_5arrayI9ap_ufixedILi16ELi6EL9ap_q_mode4EL9a_69_o_ap_vld  |  out|    1|     ap_ovld|  p_ZZN4nnet22compute_pool_buffer_2dINS_5arrayI9ap_ufixedILi16ELi6EL9ap_q_mode4EL9a_69|       pointer|
|void_compute_pool_buffer_2d_array_const_ap_shift_reg_n_filt_stream_kernel_7                    |  out|   16|      ap_vld|           void_compute_pool_buffer_2d_array_const_ap_shift_reg_n_filt_stream_kernel_7|       pointer|
|void_compute_pool_buffer_2d_array_const_ap_shift_reg_n_filt_stream_kernel_7_ap_vld             |  out|    1|      ap_vld|           void_compute_pool_buffer_2d_array_const_ap_shift_reg_n_filt_stream_kernel_7|       pointer|
|p_ZZN4nnet22compute_pool_buffer_2dINS_5arrayI9ap_ufixedILi16ELi6EL9ap_q_mode4EL9a_68_i         |   in|   16|     ap_ovld|  p_ZZN4nnet22compute_pool_buffer_2dINS_5arrayI9ap_ufixedILi16ELi6EL9ap_q_mode4EL9a_68|       pointer|
|p_ZZN4nnet22compute_pool_buffer_2dINS_5arrayI9ap_ufixedILi16ELi6EL9ap_q_mode4EL9a_68_o         |  out|   16|     ap_ovld|  p_ZZN4nnet22compute_pool_buffer_2dINS_5arrayI9ap_ufixedILi16ELi6EL9ap_q_mode4EL9a_68|       pointer|
|p_ZZN4nnet22compute_pool_buffer_2dINS_5arrayI9ap_ufixedILi16ELi6EL9ap_q_mode4EL9a_68_o_ap_vld  |  out|    1|     ap_ovld|  p_ZZN4nnet22compute_pool_buffer_2dINS_5arrayI9ap_ufixedILi16ELi6EL9ap_q_mode4EL9a_68|       pointer|
|void_compute_pool_buffer_2d_array_const_ap_shift_reg_n_filt_stream_kernel_6                    |  out|   16|      ap_vld|           void_compute_pool_buffer_2d_array_const_ap_shift_reg_n_filt_stream_kernel_6|       pointer|
|void_compute_pool_buffer_2d_array_const_ap_shift_reg_n_filt_stream_kernel_6_ap_vld             |  out|    1|      ap_vld|           void_compute_pool_buffer_2d_array_const_ap_shift_reg_n_filt_stream_kernel_6|       pointer|
|p_ZZN4nnet22compute_pool_buffer_2dINS_5arrayI9ap_ufixedILi16ELi6EL9ap_q_mode4EL9a_67_i         |   in|   16|     ap_ovld|  p_ZZN4nnet22compute_pool_buffer_2dINS_5arrayI9ap_ufixedILi16ELi6EL9ap_q_mode4EL9a_67|       pointer|
|p_ZZN4nnet22compute_pool_buffer_2dINS_5arrayI9ap_ufixedILi16ELi6EL9ap_q_mode4EL9a_67_o         |  out|   16|     ap_ovld|  p_ZZN4nnet22compute_pool_buffer_2dINS_5arrayI9ap_ufixedILi16ELi6EL9ap_q_mode4EL9a_67|       pointer|
|p_ZZN4nnet22compute_pool_buffer_2dINS_5arrayI9ap_ufixedILi16ELi6EL9ap_q_mode4EL9a_67_o_ap_vld  |  out|    1|     ap_ovld|  p_ZZN4nnet22compute_pool_buffer_2dINS_5arrayI9ap_ufixedILi16ELi6EL9ap_q_mode4EL9a_67|       pointer|
|void_compute_pool_buffer_2d_array_const_ap_shift_reg_n_filt_stream_kernel_5                    |  out|   16|      ap_vld|           void_compute_pool_buffer_2d_array_const_ap_shift_reg_n_filt_stream_kernel_5|       pointer|
|void_compute_pool_buffer_2d_array_const_ap_shift_reg_n_filt_stream_kernel_5_ap_vld             |  out|    1|      ap_vld|           void_compute_pool_buffer_2d_array_const_ap_shift_reg_n_filt_stream_kernel_5|       pointer|
|p_ZZN4nnet22compute_pool_buffer_2dINS_5arrayI9ap_ufixedILi16ELi6EL9ap_q_mode4EL9a_66_i         |   in|   16|     ap_ovld|  p_ZZN4nnet22compute_pool_buffer_2dINS_5arrayI9ap_ufixedILi16ELi6EL9ap_q_mode4EL9a_66|       pointer|
|p_ZZN4nnet22compute_pool_buffer_2dINS_5arrayI9ap_ufixedILi16ELi6EL9ap_q_mode4EL9a_66_o         |  out|   16|     ap_ovld|  p_ZZN4nnet22compute_pool_buffer_2dINS_5arrayI9ap_ufixedILi16ELi6EL9ap_q_mode4EL9a_66|       pointer|
|p_ZZN4nnet22compute_pool_buffer_2dINS_5arrayI9ap_ufixedILi16ELi6EL9ap_q_mode4EL9a_66_o_ap_vld  |  out|    1|     ap_ovld|  p_ZZN4nnet22compute_pool_buffer_2dINS_5arrayI9ap_ufixedILi16ELi6EL9ap_q_mode4EL9a_66|       pointer|
|void_compute_pool_buffer_2d_array_const_ap_shift_reg_n_filt_stream_kernel_4                    |  out|   16|      ap_vld|           void_compute_pool_buffer_2d_array_const_ap_shift_reg_n_filt_stream_kernel_4|       pointer|
|void_compute_pool_buffer_2d_array_const_ap_shift_reg_n_filt_stream_kernel_4_ap_vld             |  out|    1|      ap_vld|           void_compute_pool_buffer_2d_array_const_ap_shift_reg_n_filt_stream_kernel_4|       pointer|
|p_ZZN4nnet22compute_pool_buffer_2dINS_5arrayI9ap_ufixedILi16ELi6EL9ap_q_mode4EL9a_65_i         |   in|   16|     ap_ovld|  p_ZZN4nnet22compute_pool_buffer_2dINS_5arrayI9ap_ufixedILi16ELi6EL9ap_q_mode4EL9a_65|       pointer|
|p_ZZN4nnet22compute_pool_buffer_2dINS_5arrayI9ap_ufixedILi16ELi6EL9ap_q_mode4EL9a_65_o         |  out|   16|     ap_ovld|  p_ZZN4nnet22compute_pool_buffer_2dINS_5arrayI9ap_ufixedILi16ELi6EL9ap_q_mode4EL9a_65|       pointer|
|p_ZZN4nnet22compute_pool_buffer_2dINS_5arrayI9ap_ufixedILi16ELi6EL9ap_q_mode4EL9a_65_o_ap_vld  |  out|    1|     ap_ovld|  p_ZZN4nnet22compute_pool_buffer_2dINS_5arrayI9ap_ufixedILi16ELi6EL9ap_q_mode4EL9a_65|       pointer|
|void_compute_pool_buffer_2d_array_const_ap_shift_reg_n_filt_stream_kernel_3                    |  out|   16|      ap_vld|           void_compute_pool_buffer_2d_array_const_ap_shift_reg_n_filt_stream_kernel_3|       pointer|
|void_compute_pool_buffer_2d_array_const_ap_shift_reg_n_filt_stream_kernel_3_ap_vld             |  out|    1|      ap_vld|           void_compute_pool_buffer_2d_array_const_ap_shift_reg_n_filt_stream_kernel_3|       pointer|
|p_ZZN4nnet22compute_pool_buffer_2dINS_5arrayI9ap_ufixedILi16ELi6EL9ap_q_mode4EL9a_64_i         |   in|   16|     ap_ovld|  p_ZZN4nnet22compute_pool_buffer_2dINS_5arrayI9ap_ufixedILi16ELi6EL9ap_q_mode4EL9a_64|       pointer|
|p_ZZN4nnet22compute_pool_buffer_2dINS_5arrayI9ap_ufixedILi16ELi6EL9ap_q_mode4EL9a_64_o         |  out|   16|     ap_ovld|  p_ZZN4nnet22compute_pool_buffer_2dINS_5arrayI9ap_ufixedILi16ELi6EL9ap_q_mode4EL9a_64|       pointer|
|p_ZZN4nnet22compute_pool_buffer_2dINS_5arrayI9ap_ufixedILi16ELi6EL9ap_q_mode4EL9a_64_o_ap_vld  |  out|    1|     ap_ovld|  p_ZZN4nnet22compute_pool_buffer_2dINS_5arrayI9ap_ufixedILi16ELi6EL9ap_q_mode4EL9a_64|       pointer|
|void_compute_pool_buffer_2d_array_const_ap_shift_reg_n_filt_stream_kernel_2                    |  out|   16|      ap_vld|           void_compute_pool_buffer_2d_array_const_ap_shift_reg_n_filt_stream_kernel_2|       pointer|
|void_compute_pool_buffer_2d_array_const_ap_shift_reg_n_filt_stream_kernel_2_ap_vld             |  out|    1|      ap_vld|           void_compute_pool_buffer_2d_array_const_ap_shift_reg_n_filt_stream_kernel_2|       pointer|
|p_ZZN4nnet22compute_pool_buffer_2dINS_5arrayI9ap_ufixedILi16ELi6EL9ap_q_mode4EL9a_63_i         |   in|   16|     ap_ovld|  p_ZZN4nnet22compute_pool_buffer_2dINS_5arrayI9ap_ufixedILi16ELi6EL9ap_q_mode4EL9a_63|       pointer|
|p_ZZN4nnet22compute_pool_buffer_2dINS_5arrayI9ap_ufixedILi16ELi6EL9ap_q_mode4EL9a_63_o         |  out|   16|     ap_ovld|  p_ZZN4nnet22compute_pool_buffer_2dINS_5arrayI9ap_ufixedILi16ELi6EL9ap_q_mode4EL9a_63|       pointer|
|p_ZZN4nnet22compute_pool_buffer_2dINS_5arrayI9ap_ufixedILi16ELi6EL9ap_q_mode4EL9a_63_o_ap_vld  |  out|    1|     ap_ovld|  p_ZZN4nnet22compute_pool_buffer_2dINS_5arrayI9ap_ufixedILi16ELi6EL9ap_q_mode4EL9a_63|       pointer|
|void_compute_pool_buffer_2d_array_const_ap_shift_reg_n_filt_stream_kernel_1                    |  out|   16|      ap_vld|           void_compute_pool_buffer_2d_array_const_ap_shift_reg_n_filt_stream_kernel_1|       pointer|
|void_compute_pool_buffer_2d_array_const_ap_shift_reg_n_filt_stream_kernel_1_ap_vld             |  out|    1|      ap_vld|           void_compute_pool_buffer_2d_array_const_ap_shift_reg_n_filt_stream_kernel_1|       pointer|
|p_ZZN4nnet22compute_pool_buffer_2dINS_5arrayI9ap_ufixedILi16ELi6EL9ap_q_mode4EL9a_62_i         |   in|   16|     ap_ovld|  p_ZZN4nnet22compute_pool_buffer_2dINS_5arrayI9ap_ufixedILi16ELi6EL9ap_q_mode4EL9a_62|       pointer|
|p_ZZN4nnet22compute_pool_buffer_2dINS_5arrayI9ap_ufixedILi16ELi6EL9ap_q_mode4EL9a_62_o         |  out|   16|     ap_ovld|  p_ZZN4nnet22compute_pool_buffer_2dINS_5arrayI9ap_ufixedILi16ELi6EL9ap_q_mode4EL9a_62|       pointer|
|p_ZZN4nnet22compute_pool_buffer_2dINS_5arrayI9ap_ufixedILi16ELi6EL9ap_q_mode4EL9a_62_o_ap_vld  |  out|    1|     ap_ovld|  p_ZZN4nnet22compute_pool_buffer_2dINS_5arrayI9ap_ufixedILi16ELi6EL9ap_q_mode4EL9a_62|       pointer|
|void_compute_pool_buffer_2d_array_const_ap_shift_reg_n_filt_stream_kernel                      |  out|   16|      ap_vld|             void_compute_pool_buffer_2d_array_const_ap_shift_reg_n_filt_stream_kernel|       pointer|
|void_compute_pool_buffer_2d_array_const_ap_shift_reg_n_filt_stream_kernel_ap_vld               |  out|    1|      ap_vld|             void_compute_pool_buffer_2d_array_const_ap_shift_reg_n_filt_stream_kernel|       pointer|
|p_ZZN4nnet22compute_pool_buffer_2dINS_5arrayI9ap_ufixedILi16ELi6EL9ap_q_mode4EL9a_61_i         |   in|   16|     ap_ovld|  p_ZZN4nnet22compute_pool_buffer_2dINS_5arrayI9ap_ufixedILi16ELi6EL9ap_q_mode4EL9a_61|       pointer|
|p_ZZN4nnet22compute_pool_buffer_2dINS_5arrayI9ap_ufixedILi16ELi6EL9ap_q_mode4EL9a_61_o         |  out|   16|     ap_ovld|  p_ZZN4nnet22compute_pool_buffer_2dINS_5arrayI9ap_ufixedILi16ELi6EL9ap_q_mode4EL9a_61|       pointer|
|p_ZZN4nnet22compute_pool_buffer_2dINS_5arrayI9ap_ufixedILi16ELi6EL9ap_q_mode4EL9a_61_o_ap_vld  |  out|    1|     ap_ovld|  p_ZZN4nnet22compute_pool_buffer_2dINS_5arrayI9ap_ufixedILi16ELi6EL9ap_q_mode4EL9a_61|       pointer|
|p_ZZN4nnet22compute_pool_buffer_2dINS_5arrayI9ap_ufixedILi16ELi6EL9ap_q_mode4EL9a_85           |  out|   16|      ap_vld|  p_ZZN4nnet22compute_pool_buffer_2dINS_5arrayI9ap_ufixedILi16ELi6EL9ap_q_mode4EL9a_85|       pointer|
|p_ZZN4nnet22compute_pool_buffer_2dINS_5arrayI9ap_ufixedILi16ELi6EL9ap_q_mode4EL9a_85_ap_vld    |  out|    1|      ap_vld|  p_ZZN4nnet22compute_pool_buffer_2dINS_5arrayI9ap_ufixedILi16ELi6EL9ap_q_mode4EL9a_85|       pointer|
|p_ZZN4nnet22compute_pool_buffer_2dINS_5arrayI9ap_ufixedILi16ELi6EL9ap_q_mode4EL9a_60_i         |   in|   16|     ap_ovld|  p_ZZN4nnet22compute_pool_buffer_2dINS_5arrayI9ap_ufixedILi16ELi6EL9ap_q_mode4EL9a_60|       pointer|
|p_ZZN4nnet22compute_pool_buffer_2dINS_5arrayI9ap_ufixedILi16ELi6EL9ap_q_mode4EL9a_60_o         |  out|   16|     ap_ovld|  p_ZZN4nnet22compute_pool_buffer_2dINS_5arrayI9ap_ufixedILi16ELi6EL9ap_q_mode4EL9a_60|       pointer|
|p_ZZN4nnet22compute_pool_buffer_2dINS_5arrayI9ap_ufixedILi16ELi6EL9ap_q_mode4EL9a_60_o_ap_vld  |  out|    1|     ap_ovld|  p_ZZN4nnet22compute_pool_buffer_2dINS_5arrayI9ap_ufixedILi16ELi6EL9ap_q_mode4EL9a_60|       pointer|
|p_ZZN4nnet22compute_pool_buffer_2dINS_5arrayI9ap_ufixedILi16ELi6EL9ap_q_mode4EL9a_84           |  out|   16|      ap_vld|  p_ZZN4nnet22compute_pool_buffer_2dINS_5arrayI9ap_ufixedILi16ELi6EL9ap_q_mode4EL9a_84|       pointer|
|p_ZZN4nnet22compute_pool_buffer_2dINS_5arrayI9ap_ufixedILi16ELi6EL9ap_q_mode4EL9a_84_ap_vld    |  out|    1|      ap_vld|  p_ZZN4nnet22compute_pool_buffer_2dINS_5arrayI9ap_ufixedILi16ELi6EL9ap_q_mode4EL9a_84|       pointer|
|p_ZZN4nnet22compute_pool_buffer_2dINS_5arrayI9ap_ufixedILi16ELi6EL9ap_q_mode4EL9a_59_i         |   in|   16|     ap_ovld|  p_ZZN4nnet22compute_pool_buffer_2dINS_5arrayI9ap_ufixedILi16ELi6EL9ap_q_mode4EL9a_59|       pointer|
|p_ZZN4nnet22compute_pool_buffer_2dINS_5arrayI9ap_ufixedILi16ELi6EL9ap_q_mode4EL9a_59_o         |  out|   16|     ap_ovld|  p_ZZN4nnet22compute_pool_buffer_2dINS_5arrayI9ap_ufixedILi16ELi6EL9ap_q_mode4EL9a_59|       pointer|
|p_ZZN4nnet22compute_pool_buffer_2dINS_5arrayI9ap_ufixedILi16ELi6EL9ap_q_mode4EL9a_59_o_ap_vld  |  out|    1|     ap_ovld|  p_ZZN4nnet22compute_pool_buffer_2dINS_5arrayI9ap_ufixedILi16ELi6EL9ap_q_mode4EL9a_59|       pointer|
|p_ZZN4nnet22compute_pool_buffer_2dINS_5arrayI9ap_ufixedILi16ELi6EL9ap_q_mode4EL9a_83           |  out|   16|      ap_vld|  p_ZZN4nnet22compute_pool_buffer_2dINS_5arrayI9ap_ufixedILi16ELi6EL9ap_q_mode4EL9a_83|       pointer|
|p_ZZN4nnet22compute_pool_buffer_2dINS_5arrayI9ap_ufixedILi16ELi6EL9ap_q_mode4EL9a_83_ap_vld    |  out|    1|      ap_vld|  p_ZZN4nnet22compute_pool_buffer_2dINS_5arrayI9ap_ufixedILi16ELi6EL9ap_q_mode4EL9a_83|       pointer|
|p_ZZN4nnet22compute_pool_buffer_2dINS_5arrayI9ap_ufixedILi16ELi6EL9ap_q_mode4EL9a_58_i         |   in|   16|     ap_ovld|  p_ZZN4nnet22compute_pool_buffer_2dINS_5arrayI9ap_ufixedILi16ELi6EL9ap_q_mode4EL9a_58|       pointer|
|p_ZZN4nnet22compute_pool_buffer_2dINS_5arrayI9ap_ufixedILi16ELi6EL9ap_q_mode4EL9a_58_o         |  out|   16|     ap_ovld|  p_ZZN4nnet22compute_pool_buffer_2dINS_5arrayI9ap_ufixedILi16ELi6EL9ap_q_mode4EL9a_58|       pointer|
|p_ZZN4nnet22compute_pool_buffer_2dINS_5arrayI9ap_ufixedILi16ELi6EL9ap_q_mode4EL9a_58_o_ap_vld  |  out|    1|     ap_ovld|  p_ZZN4nnet22compute_pool_buffer_2dINS_5arrayI9ap_ufixedILi16ELi6EL9ap_q_mode4EL9a_58|       pointer|
|p_ZZN4nnet22compute_pool_buffer_2dINS_5arrayI9ap_ufixedILi16ELi6EL9ap_q_mode4EL9a_82           |  out|   16|      ap_vld|  p_ZZN4nnet22compute_pool_buffer_2dINS_5arrayI9ap_ufixedILi16ELi6EL9ap_q_mode4EL9a_82|       pointer|
|p_ZZN4nnet22compute_pool_buffer_2dINS_5arrayI9ap_ufixedILi16ELi6EL9ap_q_mode4EL9a_82_ap_vld    |  out|    1|      ap_vld|  p_ZZN4nnet22compute_pool_buffer_2dINS_5arrayI9ap_ufixedILi16ELi6EL9ap_q_mode4EL9a_82|       pointer|
|p_ZZN4nnet22compute_pool_buffer_2dINS_5arrayI9ap_ufixedILi16ELi6EL9ap_q_mode4EL9a_57_i         |   in|   16|     ap_ovld|  p_ZZN4nnet22compute_pool_buffer_2dINS_5arrayI9ap_ufixedILi16ELi6EL9ap_q_mode4EL9a_57|       pointer|
|p_ZZN4nnet22compute_pool_buffer_2dINS_5arrayI9ap_ufixedILi16ELi6EL9ap_q_mode4EL9a_57_o         |  out|   16|     ap_ovld|  p_ZZN4nnet22compute_pool_buffer_2dINS_5arrayI9ap_ufixedILi16ELi6EL9ap_q_mode4EL9a_57|       pointer|
|p_ZZN4nnet22compute_pool_buffer_2dINS_5arrayI9ap_ufixedILi16ELi6EL9ap_q_mode4EL9a_57_o_ap_vld  |  out|    1|     ap_ovld|  p_ZZN4nnet22compute_pool_buffer_2dINS_5arrayI9ap_ufixedILi16ELi6EL9ap_q_mode4EL9a_57|       pointer|
|p_ZZN4nnet22compute_pool_buffer_2dINS_5arrayI9ap_ufixedILi16ELi6EL9ap_q_mode4EL9a_81           |  out|   16|      ap_vld|  p_ZZN4nnet22compute_pool_buffer_2dINS_5arrayI9ap_ufixedILi16ELi6EL9ap_q_mode4EL9a_81|       pointer|
|p_ZZN4nnet22compute_pool_buffer_2dINS_5arrayI9ap_ufixedILi16ELi6EL9ap_q_mode4EL9a_81_ap_vld    |  out|    1|      ap_vld|  p_ZZN4nnet22compute_pool_buffer_2dINS_5arrayI9ap_ufixedILi16ELi6EL9ap_q_mode4EL9a_81|       pointer|
|p_ZZN4nnet22compute_pool_buffer_2dINS_5arrayI9ap_ufixedILi16ELi6EL9ap_q_mode4EL9a_56_i         |   in|   16|     ap_ovld|  p_ZZN4nnet22compute_pool_buffer_2dINS_5arrayI9ap_ufixedILi16ELi6EL9ap_q_mode4EL9a_56|       pointer|
|p_ZZN4nnet22compute_pool_buffer_2dINS_5arrayI9ap_ufixedILi16ELi6EL9ap_q_mode4EL9a_56_o         |  out|   16|     ap_ovld|  p_ZZN4nnet22compute_pool_buffer_2dINS_5arrayI9ap_ufixedILi16ELi6EL9ap_q_mode4EL9a_56|       pointer|
|p_ZZN4nnet22compute_pool_buffer_2dINS_5arrayI9ap_ufixedILi16ELi6EL9ap_q_mode4EL9a_56_o_ap_vld  |  out|    1|     ap_ovld|  p_ZZN4nnet22compute_pool_buffer_2dINS_5arrayI9ap_ufixedILi16ELi6EL9ap_q_mode4EL9a_56|       pointer|
|p_ZZN4nnet22compute_pool_buffer_2dINS_5arrayI9ap_ufixedILi16ELi6EL9ap_q_mode4EL9a_80           |  out|   16|      ap_vld|  p_ZZN4nnet22compute_pool_buffer_2dINS_5arrayI9ap_ufixedILi16ELi6EL9ap_q_mode4EL9a_80|       pointer|
|p_ZZN4nnet22compute_pool_buffer_2dINS_5arrayI9ap_ufixedILi16ELi6EL9ap_q_mode4EL9a_80_ap_vld    |  out|    1|      ap_vld|  p_ZZN4nnet22compute_pool_buffer_2dINS_5arrayI9ap_ufixedILi16ELi6EL9ap_q_mode4EL9a_80|       pointer|
|p_ZZN4nnet22compute_pool_buffer_2dINS_5arrayI9ap_ufixedILi16ELi6EL9ap_q_mode4EL9a_55_i         |   in|   16|     ap_ovld|  p_ZZN4nnet22compute_pool_buffer_2dINS_5arrayI9ap_ufixedILi16ELi6EL9ap_q_mode4EL9a_55|       pointer|
|p_ZZN4nnet22compute_pool_buffer_2dINS_5arrayI9ap_ufixedILi16ELi6EL9ap_q_mode4EL9a_55_o         |  out|   16|     ap_ovld|  p_ZZN4nnet22compute_pool_buffer_2dINS_5arrayI9ap_ufixedILi16ELi6EL9ap_q_mode4EL9a_55|       pointer|
|p_ZZN4nnet22compute_pool_buffer_2dINS_5arrayI9ap_ufixedILi16ELi6EL9ap_q_mode4EL9a_55_o_ap_vld  |  out|    1|     ap_ovld|  p_ZZN4nnet22compute_pool_buffer_2dINS_5arrayI9ap_ufixedILi16ELi6EL9ap_q_mode4EL9a_55|       pointer|
|p_ZZN4nnet22compute_pool_buffer_2dINS_5arrayI9ap_ufixedILi16ELi6EL9ap_q_mode4EL9a_79           |  out|   16|      ap_vld|  p_ZZN4nnet22compute_pool_buffer_2dINS_5arrayI9ap_ufixedILi16ELi6EL9ap_q_mode4EL9a_79|       pointer|
|p_ZZN4nnet22compute_pool_buffer_2dINS_5arrayI9ap_ufixedILi16ELi6EL9ap_q_mode4EL9a_79_ap_vld    |  out|    1|      ap_vld|  p_ZZN4nnet22compute_pool_buffer_2dINS_5arrayI9ap_ufixedILi16ELi6EL9ap_q_mode4EL9a_79|       pointer|
|p_ZZN4nnet22compute_pool_buffer_2dINS_5arrayI9ap_ufixedILi16ELi6EL9ap_q_mode4EL9a_54_i         |   in|   16|     ap_ovld|  p_ZZN4nnet22compute_pool_buffer_2dINS_5arrayI9ap_ufixedILi16ELi6EL9ap_q_mode4EL9a_54|       pointer|
|p_ZZN4nnet22compute_pool_buffer_2dINS_5arrayI9ap_ufixedILi16ELi6EL9ap_q_mode4EL9a_54_o         |  out|   16|     ap_ovld|  p_ZZN4nnet22compute_pool_buffer_2dINS_5arrayI9ap_ufixedILi16ELi6EL9ap_q_mode4EL9a_54|       pointer|
|p_ZZN4nnet22compute_pool_buffer_2dINS_5arrayI9ap_ufixedILi16ELi6EL9ap_q_mode4EL9a_54_o_ap_vld  |  out|    1|     ap_ovld|  p_ZZN4nnet22compute_pool_buffer_2dINS_5arrayI9ap_ufixedILi16ELi6EL9ap_q_mode4EL9a_54|       pointer|
|p_ZZN4nnet22compute_pool_buffer_2dINS_5arrayI9ap_ufixedILi16ELi6EL9ap_q_mode4EL9a_78           |  out|   16|      ap_vld|  p_ZZN4nnet22compute_pool_buffer_2dINS_5arrayI9ap_ufixedILi16ELi6EL9ap_q_mode4EL9a_78|       pointer|
|p_ZZN4nnet22compute_pool_buffer_2dINS_5arrayI9ap_ufixedILi16ELi6EL9ap_q_mode4EL9a_78_ap_vld    |  out|    1|      ap_vld|  p_ZZN4nnet22compute_pool_buffer_2dINS_5arrayI9ap_ufixedILi16ELi6EL9ap_q_mode4EL9a_78|       pointer|
|p_ZZN4nnet22compute_pool_buffer_2dINS_5arrayI9ap_ufixedILi16ELi6EL9ap_q_mode4EL9a_53_i         |   in|   16|     ap_ovld|  p_ZZN4nnet22compute_pool_buffer_2dINS_5arrayI9ap_ufixedILi16ELi6EL9ap_q_mode4EL9a_53|       pointer|
|p_ZZN4nnet22compute_pool_buffer_2dINS_5arrayI9ap_ufixedILi16ELi6EL9ap_q_mode4EL9a_53_o         |  out|   16|     ap_ovld|  p_ZZN4nnet22compute_pool_buffer_2dINS_5arrayI9ap_ufixedILi16ELi6EL9ap_q_mode4EL9a_53|       pointer|
|p_ZZN4nnet22compute_pool_buffer_2dINS_5arrayI9ap_ufixedILi16ELi6EL9ap_q_mode4EL9a_53_o_ap_vld  |  out|    1|     ap_ovld|  p_ZZN4nnet22compute_pool_buffer_2dINS_5arrayI9ap_ufixedILi16ELi6EL9ap_q_mode4EL9a_53|       pointer|
|p_ZZN4nnet22compute_pool_buffer_2dINS_5arrayI9ap_ufixedILi16ELi6EL9ap_q_mode4EL9a_77           |  out|   16|      ap_vld|  p_ZZN4nnet22compute_pool_buffer_2dINS_5arrayI9ap_ufixedILi16ELi6EL9ap_q_mode4EL9a_77|       pointer|
|p_ZZN4nnet22compute_pool_buffer_2dINS_5arrayI9ap_ufixedILi16ELi6EL9ap_q_mode4EL9a_77_ap_vld    |  out|    1|      ap_vld|  p_ZZN4nnet22compute_pool_buffer_2dINS_5arrayI9ap_ufixedILi16ELi6EL9ap_q_mode4EL9a_77|       pointer|
|p_ZZN4nnet22compute_pool_buffer_2dINS_5arrayI9ap_ufixedILi16ELi6EL9ap_q_mode4EL9a_52_i         |   in|   16|     ap_ovld|  p_ZZN4nnet22compute_pool_buffer_2dINS_5arrayI9ap_ufixedILi16ELi6EL9ap_q_mode4EL9a_52|       pointer|
|p_ZZN4nnet22compute_pool_buffer_2dINS_5arrayI9ap_ufixedILi16ELi6EL9ap_q_mode4EL9a_52_o         |  out|   16|     ap_ovld|  p_ZZN4nnet22compute_pool_buffer_2dINS_5arrayI9ap_ufixedILi16ELi6EL9ap_q_mode4EL9a_52|       pointer|
|p_ZZN4nnet22compute_pool_buffer_2dINS_5arrayI9ap_ufixedILi16ELi6EL9ap_q_mode4EL9a_52_o_ap_vld  |  out|    1|     ap_ovld|  p_ZZN4nnet22compute_pool_buffer_2dINS_5arrayI9ap_ufixedILi16ELi6EL9ap_q_mode4EL9a_52|       pointer|
|p_ZZN4nnet22compute_pool_buffer_2dINS_5arrayI9ap_ufixedILi16ELi6EL9ap_q_mode4EL9a_76           |  out|   16|      ap_vld|  p_ZZN4nnet22compute_pool_buffer_2dINS_5arrayI9ap_ufixedILi16ELi6EL9ap_q_mode4EL9a_76|       pointer|
|p_ZZN4nnet22compute_pool_buffer_2dINS_5arrayI9ap_ufixedILi16ELi6EL9ap_q_mode4EL9a_76_ap_vld    |  out|    1|      ap_vld|  p_ZZN4nnet22compute_pool_buffer_2dINS_5arrayI9ap_ufixedILi16ELi6EL9ap_q_mode4EL9a_76|       pointer|
|p_ZZN4nnet22compute_pool_buffer_2dINS_5arrayI9ap_ufixedILi16ELi6EL9ap_q_mode4EL9a_51_i         |   in|   16|     ap_ovld|  p_ZZN4nnet22compute_pool_buffer_2dINS_5arrayI9ap_ufixedILi16ELi6EL9ap_q_mode4EL9a_51|       pointer|
|p_ZZN4nnet22compute_pool_buffer_2dINS_5arrayI9ap_ufixedILi16ELi6EL9ap_q_mode4EL9a_51_o         |  out|   16|     ap_ovld|  p_ZZN4nnet22compute_pool_buffer_2dINS_5arrayI9ap_ufixedILi16ELi6EL9ap_q_mode4EL9a_51|       pointer|
|p_ZZN4nnet22compute_pool_buffer_2dINS_5arrayI9ap_ufixedILi16ELi6EL9ap_q_mode4EL9a_51_o_ap_vld  |  out|    1|     ap_ovld|  p_ZZN4nnet22compute_pool_buffer_2dINS_5arrayI9ap_ufixedILi16ELi6EL9ap_q_mode4EL9a_51|       pointer|
|p_ZZN4nnet22compute_pool_buffer_2dINS_5arrayI9ap_ufixedILi16ELi6EL9ap_q_mode4EL9a_75           |  out|   16|      ap_vld|  p_ZZN4nnet22compute_pool_buffer_2dINS_5arrayI9ap_ufixedILi16ELi6EL9ap_q_mode4EL9a_75|       pointer|
|p_ZZN4nnet22compute_pool_buffer_2dINS_5arrayI9ap_ufixedILi16ELi6EL9ap_q_mode4EL9a_75_ap_vld    |  out|    1|      ap_vld|  p_ZZN4nnet22compute_pool_buffer_2dINS_5arrayI9ap_ufixedILi16ELi6EL9ap_q_mode4EL9a_75|       pointer|
|p_ZZN4nnet22compute_pool_buffer_2dINS_5arrayI9ap_ufixedILi16ELi6EL9ap_q_mode4EL9a_50_i         |   in|   16|     ap_ovld|  p_ZZN4nnet22compute_pool_buffer_2dINS_5arrayI9ap_ufixedILi16ELi6EL9ap_q_mode4EL9a_50|       pointer|
|p_ZZN4nnet22compute_pool_buffer_2dINS_5arrayI9ap_ufixedILi16ELi6EL9ap_q_mode4EL9a_50_o         |  out|   16|     ap_ovld|  p_ZZN4nnet22compute_pool_buffer_2dINS_5arrayI9ap_ufixedILi16ELi6EL9ap_q_mode4EL9a_50|       pointer|
|p_ZZN4nnet22compute_pool_buffer_2dINS_5arrayI9ap_ufixedILi16ELi6EL9ap_q_mode4EL9a_50_o_ap_vld  |  out|    1|     ap_ovld|  p_ZZN4nnet22compute_pool_buffer_2dINS_5arrayI9ap_ufixedILi16ELi6EL9ap_q_mode4EL9a_50|       pointer|
|p_ZZN4nnet22compute_pool_buffer_2dINS_5arrayI9ap_ufixedILi16ELi6EL9ap_q_mode4EL9a_74           |  out|   16|      ap_vld|  p_ZZN4nnet22compute_pool_buffer_2dINS_5arrayI9ap_ufixedILi16ELi6EL9ap_q_mode4EL9a_74|       pointer|
|p_ZZN4nnet22compute_pool_buffer_2dINS_5arrayI9ap_ufixedILi16ELi6EL9ap_q_mode4EL9a_74_ap_vld    |  out|    1|      ap_vld|  p_ZZN4nnet22compute_pool_buffer_2dINS_5arrayI9ap_ufixedILi16ELi6EL9ap_q_mode4EL9a_74|       pointer|
|p_ZZN4nnet22compute_pool_buffer_2dINS_5arrayI9ap_ufixedILi16ELi6EL9ap_q_mode4EL9a_49_i         |   in|   16|     ap_ovld|  p_ZZN4nnet22compute_pool_buffer_2dINS_5arrayI9ap_ufixedILi16ELi6EL9ap_q_mode4EL9a_49|       pointer|
|p_ZZN4nnet22compute_pool_buffer_2dINS_5arrayI9ap_ufixedILi16ELi6EL9ap_q_mode4EL9a_49_o         |  out|   16|     ap_ovld|  p_ZZN4nnet22compute_pool_buffer_2dINS_5arrayI9ap_ufixedILi16ELi6EL9ap_q_mode4EL9a_49|       pointer|
|p_ZZN4nnet22compute_pool_buffer_2dINS_5arrayI9ap_ufixedILi16ELi6EL9ap_q_mode4EL9a_49_o_ap_vld  |  out|    1|     ap_ovld|  p_ZZN4nnet22compute_pool_buffer_2dINS_5arrayI9ap_ufixedILi16ELi6EL9ap_q_mode4EL9a_49|       pointer|
|p_ZZN4nnet22compute_pool_buffer_2dINS_5arrayI9ap_ufixedILi16ELi6EL9ap_q_mode4EL9a_73           |  out|   16|      ap_vld|  p_ZZN4nnet22compute_pool_buffer_2dINS_5arrayI9ap_ufixedILi16ELi6EL9ap_q_mode4EL9a_73|       pointer|
|p_ZZN4nnet22compute_pool_buffer_2dINS_5arrayI9ap_ufixedILi16ELi6EL9ap_q_mode4EL9a_73_ap_vld    |  out|    1|      ap_vld|  p_ZZN4nnet22compute_pool_buffer_2dINS_5arrayI9ap_ufixedILi16ELi6EL9ap_q_mode4EL9a_73|       pointer|
|p_ZZN4nnet22compute_pool_buffer_2dINS_5arrayI9ap_ufixedILi16ELi6EL9ap_q_mode4EL9a_48_i         |   in|   16|     ap_ovld|  p_ZZN4nnet22compute_pool_buffer_2dINS_5arrayI9ap_ufixedILi16ELi6EL9ap_q_mode4EL9a_48|       pointer|
|p_ZZN4nnet22compute_pool_buffer_2dINS_5arrayI9ap_ufixedILi16ELi6EL9ap_q_mode4EL9a_48_o         |  out|   16|     ap_ovld|  p_ZZN4nnet22compute_pool_buffer_2dINS_5arrayI9ap_ufixedILi16ELi6EL9ap_q_mode4EL9a_48|       pointer|
|p_ZZN4nnet22compute_pool_buffer_2dINS_5arrayI9ap_ufixedILi16ELi6EL9ap_q_mode4EL9a_48_o_ap_vld  |  out|    1|     ap_ovld|  p_ZZN4nnet22compute_pool_buffer_2dINS_5arrayI9ap_ufixedILi16ELi6EL9ap_q_mode4EL9a_48|       pointer|
|p_ZZN4nnet22compute_pool_buffer_2dINS_5arrayI9ap_ufixedILi16ELi6EL9ap_q_mode4EL9a_72           |  out|   16|      ap_vld|  p_ZZN4nnet22compute_pool_buffer_2dINS_5arrayI9ap_ufixedILi16ELi6EL9ap_q_mode4EL9a_72|       pointer|
|p_ZZN4nnet22compute_pool_buffer_2dINS_5arrayI9ap_ufixedILi16ELi6EL9ap_q_mode4EL9a_72_ap_vld    |  out|    1|      ap_vld|  p_ZZN4nnet22compute_pool_buffer_2dINS_5arrayI9ap_ufixedILi16ELi6EL9ap_q_mode4EL9a_72|       pointer|
|p_ZZN4nnet22compute_pool_buffer_2dINS_5arrayI9ap_ufixedILi16ELi6EL9ap_q_mode4EL9a_23_i         |   in|   16|     ap_ovld|  p_ZZN4nnet22compute_pool_buffer_2dINS_5arrayI9ap_ufixedILi16ELi6EL9ap_q_mode4EL9a_23|       pointer|
|p_ZZN4nnet22compute_pool_buffer_2dINS_5arrayI9ap_ufixedILi16ELi6EL9ap_q_mode4EL9a_23_o         |  out|   16|     ap_ovld|  p_ZZN4nnet22compute_pool_buffer_2dINS_5arrayI9ap_ufixedILi16ELi6EL9ap_q_mode4EL9a_23|       pointer|
|p_ZZN4nnet22compute_pool_buffer_2dINS_5arrayI9ap_ufixedILi16ELi6EL9ap_q_mode4EL9a_23_o_ap_vld  |  out|    1|     ap_ovld|  p_ZZN4nnet22compute_pool_buffer_2dINS_5arrayI9ap_ufixedILi16ELi6EL9ap_q_mode4EL9a_23|       pointer|
|p_ZZN4nnet22compute_pool_buffer_2dINS_5arrayI9ap_ufixedILi16ELi6EL9ap_q_mode4EL9a_47           |  out|   16|      ap_vld|  p_ZZN4nnet22compute_pool_buffer_2dINS_5arrayI9ap_ufixedILi16ELi6EL9ap_q_mode4EL9a_47|       pointer|
|p_ZZN4nnet22compute_pool_buffer_2dINS_5arrayI9ap_ufixedILi16ELi6EL9ap_q_mode4EL9a_47_ap_vld    |  out|    1|      ap_vld|  p_ZZN4nnet22compute_pool_buffer_2dINS_5arrayI9ap_ufixedILi16ELi6EL9ap_q_mode4EL9a_47|       pointer|
|p_ZZN4nnet22compute_pool_buffer_2dINS_5arrayI9ap_ufixedILi16ELi6EL9ap_q_mode4EL9a_22_i         |   in|   16|     ap_ovld|  p_ZZN4nnet22compute_pool_buffer_2dINS_5arrayI9ap_ufixedILi16ELi6EL9ap_q_mode4EL9a_22|       pointer|
|p_ZZN4nnet22compute_pool_buffer_2dINS_5arrayI9ap_ufixedILi16ELi6EL9ap_q_mode4EL9a_22_o         |  out|   16|     ap_ovld|  p_ZZN4nnet22compute_pool_buffer_2dINS_5arrayI9ap_ufixedILi16ELi6EL9ap_q_mode4EL9a_22|       pointer|
|p_ZZN4nnet22compute_pool_buffer_2dINS_5arrayI9ap_ufixedILi16ELi6EL9ap_q_mode4EL9a_22_o_ap_vld  |  out|    1|     ap_ovld|  p_ZZN4nnet22compute_pool_buffer_2dINS_5arrayI9ap_ufixedILi16ELi6EL9ap_q_mode4EL9a_22|       pointer|
|p_ZZN4nnet22compute_pool_buffer_2dINS_5arrayI9ap_ufixedILi16ELi6EL9ap_q_mode4EL9a_46           |  out|   16|      ap_vld|  p_ZZN4nnet22compute_pool_buffer_2dINS_5arrayI9ap_ufixedILi16ELi6EL9ap_q_mode4EL9a_46|       pointer|
|p_ZZN4nnet22compute_pool_buffer_2dINS_5arrayI9ap_ufixedILi16ELi6EL9ap_q_mode4EL9a_46_ap_vld    |  out|    1|      ap_vld|  p_ZZN4nnet22compute_pool_buffer_2dINS_5arrayI9ap_ufixedILi16ELi6EL9ap_q_mode4EL9a_46|       pointer|
|p_ZZN4nnet22compute_pool_buffer_2dINS_5arrayI9ap_ufixedILi16ELi6EL9ap_q_mode4EL9a_21_i         |   in|   16|     ap_ovld|  p_ZZN4nnet22compute_pool_buffer_2dINS_5arrayI9ap_ufixedILi16ELi6EL9ap_q_mode4EL9a_21|       pointer|
|p_ZZN4nnet22compute_pool_buffer_2dINS_5arrayI9ap_ufixedILi16ELi6EL9ap_q_mode4EL9a_21_o         |  out|   16|     ap_ovld|  p_ZZN4nnet22compute_pool_buffer_2dINS_5arrayI9ap_ufixedILi16ELi6EL9ap_q_mode4EL9a_21|       pointer|
|p_ZZN4nnet22compute_pool_buffer_2dINS_5arrayI9ap_ufixedILi16ELi6EL9ap_q_mode4EL9a_21_o_ap_vld  |  out|    1|     ap_ovld|  p_ZZN4nnet22compute_pool_buffer_2dINS_5arrayI9ap_ufixedILi16ELi6EL9ap_q_mode4EL9a_21|       pointer|
|p_ZZN4nnet22compute_pool_buffer_2dINS_5arrayI9ap_ufixedILi16ELi6EL9ap_q_mode4EL9a_45           |  out|   16|      ap_vld|  p_ZZN4nnet22compute_pool_buffer_2dINS_5arrayI9ap_ufixedILi16ELi6EL9ap_q_mode4EL9a_45|       pointer|
|p_ZZN4nnet22compute_pool_buffer_2dINS_5arrayI9ap_ufixedILi16ELi6EL9ap_q_mode4EL9a_45_ap_vld    |  out|    1|      ap_vld|  p_ZZN4nnet22compute_pool_buffer_2dINS_5arrayI9ap_ufixedILi16ELi6EL9ap_q_mode4EL9a_45|       pointer|
|p_ZZN4nnet22compute_pool_buffer_2dINS_5arrayI9ap_ufixedILi16ELi6EL9ap_q_mode4EL9a_20_i         |   in|   16|     ap_ovld|  p_ZZN4nnet22compute_pool_buffer_2dINS_5arrayI9ap_ufixedILi16ELi6EL9ap_q_mode4EL9a_20|       pointer|
|p_ZZN4nnet22compute_pool_buffer_2dINS_5arrayI9ap_ufixedILi16ELi6EL9ap_q_mode4EL9a_20_o         |  out|   16|     ap_ovld|  p_ZZN4nnet22compute_pool_buffer_2dINS_5arrayI9ap_ufixedILi16ELi6EL9ap_q_mode4EL9a_20|       pointer|
|p_ZZN4nnet22compute_pool_buffer_2dINS_5arrayI9ap_ufixedILi16ELi6EL9ap_q_mode4EL9a_20_o_ap_vld  |  out|    1|     ap_ovld|  p_ZZN4nnet22compute_pool_buffer_2dINS_5arrayI9ap_ufixedILi16ELi6EL9ap_q_mode4EL9a_20|       pointer|
|p_ZZN4nnet22compute_pool_buffer_2dINS_5arrayI9ap_ufixedILi16ELi6EL9ap_q_mode4EL9a_44           |  out|   16|      ap_vld|  p_ZZN4nnet22compute_pool_buffer_2dINS_5arrayI9ap_ufixedILi16ELi6EL9ap_q_mode4EL9a_44|       pointer|
|p_ZZN4nnet22compute_pool_buffer_2dINS_5arrayI9ap_ufixedILi16ELi6EL9ap_q_mode4EL9a_44_ap_vld    |  out|    1|      ap_vld|  p_ZZN4nnet22compute_pool_buffer_2dINS_5arrayI9ap_ufixedILi16ELi6EL9ap_q_mode4EL9a_44|       pointer|
|p_ZZN4nnet22compute_pool_buffer_2dINS_5arrayI9ap_ufixedILi16ELi6EL9ap_q_mode4EL9a_19_i         |   in|   16|     ap_ovld|  p_ZZN4nnet22compute_pool_buffer_2dINS_5arrayI9ap_ufixedILi16ELi6EL9ap_q_mode4EL9a_19|       pointer|
|p_ZZN4nnet22compute_pool_buffer_2dINS_5arrayI9ap_ufixedILi16ELi6EL9ap_q_mode4EL9a_19_o         |  out|   16|     ap_ovld|  p_ZZN4nnet22compute_pool_buffer_2dINS_5arrayI9ap_ufixedILi16ELi6EL9ap_q_mode4EL9a_19|       pointer|
|p_ZZN4nnet22compute_pool_buffer_2dINS_5arrayI9ap_ufixedILi16ELi6EL9ap_q_mode4EL9a_19_o_ap_vld  |  out|    1|     ap_ovld|  p_ZZN4nnet22compute_pool_buffer_2dINS_5arrayI9ap_ufixedILi16ELi6EL9ap_q_mode4EL9a_19|       pointer|
|p_ZZN4nnet22compute_pool_buffer_2dINS_5arrayI9ap_ufixedILi16ELi6EL9ap_q_mode4EL9a_43           |  out|   16|      ap_vld|  p_ZZN4nnet22compute_pool_buffer_2dINS_5arrayI9ap_ufixedILi16ELi6EL9ap_q_mode4EL9a_43|       pointer|
|p_ZZN4nnet22compute_pool_buffer_2dINS_5arrayI9ap_ufixedILi16ELi6EL9ap_q_mode4EL9a_43_ap_vld    |  out|    1|      ap_vld|  p_ZZN4nnet22compute_pool_buffer_2dINS_5arrayI9ap_ufixedILi16ELi6EL9ap_q_mode4EL9a_43|       pointer|
|p_ZZN4nnet22compute_pool_buffer_2dINS_5arrayI9ap_ufixedILi16ELi6EL9ap_q_mode4EL9a_18_i         |   in|   16|     ap_ovld|  p_ZZN4nnet22compute_pool_buffer_2dINS_5arrayI9ap_ufixedILi16ELi6EL9ap_q_mode4EL9a_18|       pointer|
|p_ZZN4nnet22compute_pool_buffer_2dINS_5arrayI9ap_ufixedILi16ELi6EL9ap_q_mode4EL9a_18_o         |  out|   16|     ap_ovld|  p_ZZN4nnet22compute_pool_buffer_2dINS_5arrayI9ap_ufixedILi16ELi6EL9ap_q_mode4EL9a_18|       pointer|
|p_ZZN4nnet22compute_pool_buffer_2dINS_5arrayI9ap_ufixedILi16ELi6EL9ap_q_mode4EL9a_18_o_ap_vld  |  out|    1|     ap_ovld|  p_ZZN4nnet22compute_pool_buffer_2dINS_5arrayI9ap_ufixedILi16ELi6EL9ap_q_mode4EL9a_18|       pointer|
|p_ZZN4nnet22compute_pool_buffer_2dINS_5arrayI9ap_ufixedILi16ELi6EL9ap_q_mode4EL9a_42           |  out|   16|      ap_vld|  p_ZZN4nnet22compute_pool_buffer_2dINS_5arrayI9ap_ufixedILi16ELi6EL9ap_q_mode4EL9a_42|       pointer|
|p_ZZN4nnet22compute_pool_buffer_2dINS_5arrayI9ap_ufixedILi16ELi6EL9ap_q_mode4EL9a_42_ap_vld    |  out|    1|      ap_vld|  p_ZZN4nnet22compute_pool_buffer_2dINS_5arrayI9ap_ufixedILi16ELi6EL9ap_q_mode4EL9a_42|       pointer|
|p_ZZN4nnet22compute_pool_buffer_2dINS_5arrayI9ap_ufixedILi16ELi6EL9ap_q_mode4EL9a_17_i         |   in|   16|     ap_ovld|  p_ZZN4nnet22compute_pool_buffer_2dINS_5arrayI9ap_ufixedILi16ELi6EL9ap_q_mode4EL9a_17|       pointer|
|p_ZZN4nnet22compute_pool_buffer_2dINS_5arrayI9ap_ufixedILi16ELi6EL9ap_q_mode4EL9a_17_o         |  out|   16|     ap_ovld|  p_ZZN4nnet22compute_pool_buffer_2dINS_5arrayI9ap_ufixedILi16ELi6EL9ap_q_mode4EL9a_17|       pointer|
|p_ZZN4nnet22compute_pool_buffer_2dINS_5arrayI9ap_ufixedILi16ELi6EL9ap_q_mode4EL9a_17_o_ap_vld  |  out|    1|     ap_ovld|  p_ZZN4nnet22compute_pool_buffer_2dINS_5arrayI9ap_ufixedILi16ELi6EL9ap_q_mode4EL9a_17|       pointer|
|p_ZZN4nnet22compute_pool_buffer_2dINS_5arrayI9ap_ufixedILi16ELi6EL9ap_q_mode4EL9a_41           |  out|   16|      ap_vld|  p_ZZN4nnet22compute_pool_buffer_2dINS_5arrayI9ap_ufixedILi16ELi6EL9ap_q_mode4EL9a_41|       pointer|
|p_ZZN4nnet22compute_pool_buffer_2dINS_5arrayI9ap_ufixedILi16ELi6EL9ap_q_mode4EL9a_41_ap_vld    |  out|    1|      ap_vld|  p_ZZN4nnet22compute_pool_buffer_2dINS_5arrayI9ap_ufixedILi16ELi6EL9ap_q_mode4EL9a_41|       pointer|
|p_ZZN4nnet22compute_pool_buffer_2dINS_5arrayI9ap_ufixedILi16ELi6EL9ap_q_mode4EL9a_16_i         |   in|   16|     ap_ovld|  p_ZZN4nnet22compute_pool_buffer_2dINS_5arrayI9ap_ufixedILi16ELi6EL9ap_q_mode4EL9a_16|       pointer|
|p_ZZN4nnet22compute_pool_buffer_2dINS_5arrayI9ap_ufixedILi16ELi6EL9ap_q_mode4EL9a_16_o         |  out|   16|     ap_ovld|  p_ZZN4nnet22compute_pool_buffer_2dINS_5arrayI9ap_ufixedILi16ELi6EL9ap_q_mode4EL9a_16|       pointer|
|p_ZZN4nnet22compute_pool_buffer_2dINS_5arrayI9ap_ufixedILi16ELi6EL9ap_q_mode4EL9a_16_o_ap_vld  |  out|    1|     ap_ovld|  p_ZZN4nnet22compute_pool_buffer_2dINS_5arrayI9ap_ufixedILi16ELi6EL9ap_q_mode4EL9a_16|       pointer|
|p_ZZN4nnet22compute_pool_buffer_2dINS_5arrayI9ap_ufixedILi16ELi6EL9ap_q_mode4EL9a_40           |  out|   16|      ap_vld|  p_ZZN4nnet22compute_pool_buffer_2dINS_5arrayI9ap_ufixedILi16ELi6EL9ap_q_mode4EL9a_40|       pointer|
|p_ZZN4nnet22compute_pool_buffer_2dINS_5arrayI9ap_ufixedILi16ELi6EL9ap_q_mode4EL9a_40_ap_vld    |  out|    1|      ap_vld|  p_ZZN4nnet22compute_pool_buffer_2dINS_5arrayI9ap_ufixedILi16ELi6EL9ap_q_mode4EL9a_40|       pointer|
|p_ZZN4nnet22compute_pool_buffer_2dINS_5arrayI9ap_ufixedILi16ELi6EL9ap_q_mode4EL9a_15_i         |   in|   16|     ap_ovld|  p_ZZN4nnet22compute_pool_buffer_2dINS_5arrayI9ap_ufixedILi16ELi6EL9ap_q_mode4EL9a_15|       pointer|
|p_ZZN4nnet22compute_pool_buffer_2dINS_5arrayI9ap_ufixedILi16ELi6EL9ap_q_mode4EL9a_15_o         |  out|   16|     ap_ovld|  p_ZZN4nnet22compute_pool_buffer_2dINS_5arrayI9ap_ufixedILi16ELi6EL9ap_q_mode4EL9a_15|       pointer|
|p_ZZN4nnet22compute_pool_buffer_2dINS_5arrayI9ap_ufixedILi16ELi6EL9ap_q_mode4EL9a_15_o_ap_vld  |  out|    1|     ap_ovld|  p_ZZN4nnet22compute_pool_buffer_2dINS_5arrayI9ap_ufixedILi16ELi6EL9ap_q_mode4EL9a_15|       pointer|
|p_ZZN4nnet22compute_pool_buffer_2dINS_5arrayI9ap_ufixedILi16ELi6EL9ap_q_mode4EL9a_39           |  out|   16|      ap_vld|  p_ZZN4nnet22compute_pool_buffer_2dINS_5arrayI9ap_ufixedILi16ELi6EL9ap_q_mode4EL9a_39|       pointer|
|p_ZZN4nnet22compute_pool_buffer_2dINS_5arrayI9ap_ufixedILi16ELi6EL9ap_q_mode4EL9a_39_ap_vld    |  out|    1|      ap_vld|  p_ZZN4nnet22compute_pool_buffer_2dINS_5arrayI9ap_ufixedILi16ELi6EL9ap_q_mode4EL9a_39|       pointer|
|p_ZZN4nnet22compute_pool_buffer_2dINS_5arrayI9ap_ufixedILi16ELi6EL9ap_q_mode4EL9a_14_i         |   in|   16|     ap_ovld|  p_ZZN4nnet22compute_pool_buffer_2dINS_5arrayI9ap_ufixedILi16ELi6EL9ap_q_mode4EL9a_14|       pointer|
|p_ZZN4nnet22compute_pool_buffer_2dINS_5arrayI9ap_ufixedILi16ELi6EL9ap_q_mode4EL9a_14_o         |  out|   16|     ap_ovld|  p_ZZN4nnet22compute_pool_buffer_2dINS_5arrayI9ap_ufixedILi16ELi6EL9ap_q_mode4EL9a_14|       pointer|
|p_ZZN4nnet22compute_pool_buffer_2dINS_5arrayI9ap_ufixedILi16ELi6EL9ap_q_mode4EL9a_14_o_ap_vld  |  out|    1|     ap_ovld|  p_ZZN4nnet22compute_pool_buffer_2dINS_5arrayI9ap_ufixedILi16ELi6EL9ap_q_mode4EL9a_14|       pointer|
|p_ZZN4nnet22compute_pool_buffer_2dINS_5arrayI9ap_ufixedILi16ELi6EL9ap_q_mode4EL9a_38           |  out|   16|      ap_vld|  p_ZZN4nnet22compute_pool_buffer_2dINS_5arrayI9ap_ufixedILi16ELi6EL9ap_q_mode4EL9a_38|       pointer|
|p_ZZN4nnet22compute_pool_buffer_2dINS_5arrayI9ap_ufixedILi16ELi6EL9ap_q_mode4EL9a_38_ap_vld    |  out|    1|      ap_vld|  p_ZZN4nnet22compute_pool_buffer_2dINS_5arrayI9ap_ufixedILi16ELi6EL9ap_q_mode4EL9a_38|       pointer|
|p_ZZN4nnet22compute_pool_buffer_2dINS_5arrayI9ap_ufixedILi16ELi6EL9ap_q_mode4EL9a_13_i         |   in|   16|     ap_ovld|  p_ZZN4nnet22compute_pool_buffer_2dINS_5arrayI9ap_ufixedILi16ELi6EL9ap_q_mode4EL9a_13|       pointer|
|p_ZZN4nnet22compute_pool_buffer_2dINS_5arrayI9ap_ufixedILi16ELi6EL9ap_q_mode4EL9a_13_o         |  out|   16|     ap_ovld|  p_ZZN4nnet22compute_pool_buffer_2dINS_5arrayI9ap_ufixedILi16ELi6EL9ap_q_mode4EL9a_13|       pointer|
|p_ZZN4nnet22compute_pool_buffer_2dINS_5arrayI9ap_ufixedILi16ELi6EL9ap_q_mode4EL9a_13_o_ap_vld  |  out|    1|     ap_ovld|  p_ZZN4nnet22compute_pool_buffer_2dINS_5arrayI9ap_ufixedILi16ELi6EL9ap_q_mode4EL9a_13|       pointer|
|p_ZZN4nnet22compute_pool_buffer_2dINS_5arrayI9ap_ufixedILi16ELi6EL9ap_q_mode4EL9a_37           |  out|   16|      ap_vld|  p_ZZN4nnet22compute_pool_buffer_2dINS_5arrayI9ap_ufixedILi16ELi6EL9ap_q_mode4EL9a_37|       pointer|
|p_ZZN4nnet22compute_pool_buffer_2dINS_5arrayI9ap_ufixedILi16ELi6EL9ap_q_mode4EL9a_37_ap_vld    |  out|    1|      ap_vld|  p_ZZN4nnet22compute_pool_buffer_2dINS_5arrayI9ap_ufixedILi16ELi6EL9ap_q_mode4EL9a_37|       pointer|
|p_ZZN4nnet22compute_pool_buffer_2dINS_5arrayI9ap_ufixedILi16ELi6EL9ap_q_mode4EL9a_12_i         |   in|   16|     ap_ovld|  p_ZZN4nnet22compute_pool_buffer_2dINS_5arrayI9ap_ufixedILi16ELi6EL9ap_q_mode4EL9a_12|       pointer|
|p_ZZN4nnet22compute_pool_buffer_2dINS_5arrayI9ap_ufixedILi16ELi6EL9ap_q_mode4EL9a_12_o         |  out|   16|     ap_ovld|  p_ZZN4nnet22compute_pool_buffer_2dINS_5arrayI9ap_ufixedILi16ELi6EL9ap_q_mode4EL9a_12|       pointer|
|p_ZZN4nnet22compute_pool_buffer_2dINS_5arrayI9ap_ufixedILi16ELi6EL9ap_q_mode4EL9a_12_o_ap_vld  |  out|    1|     ap_ovld|  p_ZZN4nnet22compute_pool_buffer_2dINS_5arrayI9ap_ufixedILi16ELi6EL9ap_q_mode4EL9a_12|       pointer|
|p_ZZN4nnet22compute_pool_buffer_2dINS_5arrayI9ap_ufixedILi16ELi6EL9ap_q_mode4EL9a_36           |  out|   16|      ap_vld|  p_ZZN4nnet22compute_pool_buffer_2dINS_5arrayI9ap_ufixedILi16ELi6EL9ap_q_mode4EL9a_36|       pointer|
|p_ZZN4nnet22compute_pool_buffer_2dINS_5arrayI9ap_ufixedILi16ELi6EL9ap_q_mode4EL9a_36_ap_vld    |  out|    1|      ap_vld|  p_ZZN4nnet22compute_pool_buffer_2dINS_5arrayI9ap_ufixedILi16ELi6EL9ap_q_mode4EL9a_36|       pointer|
|p_ZZN4nnet22compute_pool_buffer_2dINS_5arrayI9ap_ufixedILi16ELi6EL9ap_q_mode4EL9a_11_i         |   in|   16|     ap_ovld|  p_ZZN4nnet22compute_pool_buffer_2dINS_5arrayI9ap_ufixedILi16ELi6EL9ap_q_mode4EL9a_11|       pointer|
|p_ZZN4nnet22compute_pool_buffer_2dINS_5arrayI9ap_ufixedILi16ELi6EL9ap_q_mode4EL9a_11_o         |  out|   16|     ap_ovld|  p_ZZN4nnet22compute_pool_buffer_2dINS_5arrayI9ap_ufixedILi16ELi6EL9ap_q_mode4EL9a_11|       pointer|
|p_ZZN4nnet22compute_pool_buffer_2dINS_5arrayI9ap_ufixedILi16ELi6EL9ap_q_mode4EL9a_11_o_ap_vld  |  out|    1|     ap_ovld|  p_ZZN4nnet22compute_pool_buffer_2dINS_5arrayI9ap_ufixedILi16ELi6EL9ap_q_mode4EL9a_11|       pointer|
|p_ZZN4nnet22compute_pool_buffer_2dINS_5arrayI9ap_ufixedILi16ELi6EL9ap_q_mode4EL9a_35           |  out|   16|      ap_vld|  p_ZZN4nnet22compute_pool_buffer_2dINS_5arrayI9ap_ufixedILi16ELi6EL9ap_q_mode4EL9a_35|       pointer|
|p_ZZN4nnet22compute_pool_buffer_2dINS_5arrayI9ap_ufixedILi16ELi6EL9ap_q_mode4EL9a_35_ap_vld    |  out|    1|      ap_vld|  p_ZZN4nnet22compute_pool_buffer_2dINS_5arrayI9ap_ufixedILi16ELi6EL9ap_q_mode4EL9a_35|       pointer|
|p_ZZN4nnet22compute_pool_buffer_2dINS_5arrayI9ap_ufixedILi16ELi6EL9ap_q_mode4EL9a_10_i         |   in|   16|     ap_ovld|  p_ZZN4nnet22compute_pool_buffer_2dINS_5arrayI9ap_ufixedILi16ELi6EL9ap_q_mode4EL9a_10|       pointer|
|p_ZZN4nnet22compute_pool_buffer_2dINS_5arrayI9ap_ufixedILi16ELi6EL9ap_q_mode4EL9a_10_o         |  out|   16|     ap_ovld|  p_ZZN4nnet22compute_pool_buffer_2dINS_5arrayI9ap_ufixedILi16ELi6EL9ap_q_mode4EL9a_10|       pointer|
|p_ZZN4nnet22compute_pool_buffer_2dINS_5arrayI9ap_ufixedILi16ELi6EL9ap_q_mode4EL9a_10_o_ap_vld  |  out|    1|     ap_ovld|  p_ZZN4nnet22compute_pool_buffer_2dINS_5arrayI9ap_ufixedILi16ELi6EL9ap_q_mode4EL9a_10|       pointer|
|p_ZZN4nnet22compute_pool_buffer_2dINS_5arrayI9ap_ufixedILi16ELi6EL9ap_q_mode4EL9a_34           |  out|   16|      ap_vld|  p_ZZN4nnet22compute_pool_buffer_2dINS_5arrayI9ap_ufixedILi16ELi6EL9ap_q_mode4EL9a_34|       pointer|
|p_ZZN4nnet22compute_pool_buffer_2dINS_5arrayI9ap_ufixedILi16ELi6EL9ap_q_mode4EL9a_34_ap_vld    |  out|    1|      ap_vld|  p_ZZN4nnet22compute_pool_buffer_2dINS_5arrayI9ap_ufixedILi16ELi6EL9ap_q_mode4EL9a_34|       pointer|
|p_ZZN4nnet22compute_pool_buffer_2dINS_5arrayI9ap_ufixedILi16ELi6EL9ap_q_mode4EL9a_9_i          |   in|   16|     ap_ovld|   p_ZZN4nnet22compute_pool_buffer_2dINS_5arrayI9ap_ufixedILi16ELi6EL9ap_q_mode4EL9a_9|       pointer|
|p_ZZN4nnet22compute_pool_buffer_2dINS_5arrayI9ap_ufixedILi16ELi6EL9ap_q_mode4EL9a_9_o          |  out|   16|     ap_ovld|   p_ZZN4nnet22compute_pool_buffer_2dINS_5arrayI9ap_ufixedILi16ELi6EL9ap_q_mode4EL9a_9|       pointer|
|p_ZZN4nnet22compute_pool_buffer_2dINS_5arrayI9ap_ufixedILi16ELi6EL9ap_q_mode4EL9a_9_o_ap_vld   |  out|    1|     ap_ovld|   p_ZZN4nnet22compute_pool_buffer_2dINS_5arrayI9ap_ufixedILi16ELi6EL9ap_q_mode4EL9a_9|       pointer|
|p_ZZN4nnet22compute_pool_buffer_2dINS_5arrayI9ap_ufixedILi16ELi6EL9ap_q_mode4EL9a_33           |  out|   16|      ap_vld|  p_ZZN4nnet22compute_pool_buffer_2dINS_5arrayI9ap_ufixedILi16ELi6EL9ap_q_mode4EL9a_33|       pointer|
|p_ZZN4nnet22compute_pool_buffer_2dINS_5arrayI9ap_ufixedILi16ELi6EL9ap_q_mode4EL9a_33_ap_vld    |  out|    1|      ap_vld|  p_ZZN4nnet22compute_pool_buffer_2dINS_5arrayI9ap_ufixedILi16ELi6EL9ap_q_mode4EL9a_33|       pointer|
|p_ZZN4nnet22compute_pool_buffer_2dINS_5arrayI9ap_ufixedILi16ELi6EL9ap_q_mode4EL9a_8_i          |   in|   16|     ap_ovld|   p_ZZN4nnet22compute_pool_buffer_2dINS_5arrayI9ap_ufixedILi16ELi6EL9ap_q_mode4EL9a_8|       pointer|
|p_ZZN4nnet22compute_pool_buffer_2dINS_5arrayI9ap_ufixedILi16ELi6EL9ap_q_mode4EL9a_8_o          |  out|   16|     ap_ovld|   p_ZZN4nnet22compute_pool_buffer_2dINS_5arrayI9ap_ufixedILi16ELi6EL9ap_q_mode4EL9a_8|       pointer|
|p_ZZN4nnet22compute_pool_buffer_2dINS_5arrayI9ap_ufixedILi16ELi6EL9ap_q_mode4EL9a_8_o_ap_vld   |  out|    1|     ap_ovld|   p_ZZN4nnet22compute_pool_buffer_2dINS_5arrayI9ap_ufixedILi16ELi6EL9ap_q_mode4EL9a_8|       pointer|
|p_ZZN4nnet22compute_pool_buffer_2dINS_5arrayI9ap_ufixedILi16ELi6EL9ap_q_mode4EL9a_32           |  out|   16|      ap_vld|  p_ZZN4nnet22compute_pool_buffer_2dINS_5arrayI9ap_ufixedILi16ELi6EL9ap_q_mode4EL9a_32|       pointer|
|p_ZZN4nnet22compute_pool_buffer_2dINS_5arrayI9ap_ufixedILi16ELi6EL9ap_q_mode4EL9a_32_ap_vld    |  out|    1|      ap_vld|  p_ZZN4nnet22compute_pool_buffer_2dINS_5arrayI9ap_ufixedILi16ELi6EL9ap_q_mode4EL9a_32|       pointer|
|p_ZZN4nnet22compute_pool_buffer_2dINS_5arrayI9ap_ufixedILi16ELi6EL9ap_q_mode4EL9a_7_i          |   in|   16|     ap_ovld|   p_ZZN4nnet22compute_pool_buffer_2dINS_5arrayI9ap_ufixedILi16ELi6EL9ap_q_mode4EL9a_7|       pointer|
|p_ZZN4nnet22compute_pool_buffer_2dINS_5arrayI9ap_ufixedILi16ELi6EL9ap_q_mode4EL9a_7_o          |  out|   16|     ap_ovld|   p_ZZN4nnet22compute_pool_buffer_2dINS_5arrayI9ap_ufixedILi16ELi6EL9ap_q_mode4EL9a_7|       pointer|
|p_ZZN4nnet22compute_pool_buffer_2dINS_5arrayI9ap_ufixedILi16ELi6EL9ap_q_mode4EL9a_7_o_ap_vld   |  out|    1|     ap_ovld|   p_ZZN4nnet22compute_pool_buffer_2dINS_5arrayI9ap_ufixedILi16ELi6EL9ap_q_mode4EL9a_7|       pointer|
|p_ZZN4nnet22compute_pool_buffer_2dINS_5arrayI9ap_ufixedILi16ELi6EL9ap_q_mode4EL9a_31           |  out|   16|      ap_vld|  p_ZZN4nnet22compute_pool_buffer_2dINS_5arrayI9ap_ufixedILi16ELi6EL9ap_q_mode4EL9a_31|       pointer|
|p_ZZN4nnet22compute_pool_buffer_2dINS_5arrayI9ap_ufixedILi16ELi6EL9ap_q_mode4EL9a_31_ap_vld    |  out|    1|      ap_vld|  p_ZZN4nnet22compute_pool_buffer_2dINS_5arrayI9ap_ufixedILi16ELi6EL9ap_q_mode4EL9a_31|       pointer|
|p_ZZN4nnet22compute_pool_buffer_2dINS_5arrayI9ap_ufixedILi16ELi6EL9ap_q_mode4EL9a_6_i          |   in|   16|     ap_ovld|   p_ZZN4nnet22compute_pool_buffer_2dINS_5arrayI9ap_ufixedILi16ELi6EL9ap_q_mode4EL9a_6|       pointer|
|p_ZZN4nnet22compute_pool_buffer_2dINS_5arrayI9ap_ufixedILi16ELi6EL9ap_q_mode4EL9a_6_o          |  out|   16|     ap_ovld|   p_ZZN4nnet22compute_pool_buffer_2dINS_5arrayI9ap_ufixedILi16ELi6EL9ap_q_mode4EL9a_6|       pointer|
|p_ZZN4nnet22compute_pool_buffer_2dINS_5arrayI9ap_ufixedILi16ELi6EL9ap_q_mode4EL9a_6_o_ap_vld   |  out|    1|     ap_ovld|   p_ZZN4nnet22compute_pool_buffer_2dINS_5arrayI9ap_ufixedILi16ELi6EL9ap_q_mode4EL9a_6|       pointer|
|p_ZZN4nnet22compute_pool_buffer_2dINS_5arrayI9ap_ufixedILi16ELi6EL9ap_q_mode4EL9a_30           |  out|   16|      ap_vld|  p_ZZN4nnet22compute_pool_buffer_2dINS_5arrayI9ap_ufixedILi16ELi6EL9ap_q_mode4EL9a_30|       pointer|
|p_ZZN4nnet22compute_pool_buffer_2dINS_5arrayI9ap_ufixedILi16ELi6EL9ap_q_mode4EL9a_30_ap_vld    |  out|    1|      ap_vld|  p_ZZN4nnet22compute_pool_buffer_2dINS_5arrayI9ap_ufixedILi16ELi6EL9ap_q_mode4EL9a_30|       pointer|
|p_ZZN4nnet22compute_pool_buffer_2dINS_5arrayI9ap_ufixedILi16ELi6EL9ap_q_mode4EL9a_5_i          |   in|   16|     ap_ovld|   p_ZZN4nnet22compute_pool_buffer_2dINS_5arrayI9ap_ufixedILi16ELi6EL9ap_q_mode4EL9a_5|       pointer|
|p_ZZN4nnet22compute_pool_buffer_2dINS_5arrayI9ap_ufixedILi16ELi6EL9ap_q_mode4EL9a_5_o          |  out|   16|     ap_ovld|   p_ZZN4nnet22compute_pool_buffer_2dINS_5arrayI9ap_ufixedILi16ELi6EL9ap_q_mode4EL9a_5|       pointer|
|p_ZZN4nnet22compute_pool_buffer_2dINS_5arrayI9ap_ufixedILi16ELi6EL9ap_q_mode4EL9a_5_o_ap_vld   |  out|    1|     ap_ovld|   p_ZZN4nnet22compute_pool_buffer_2dINS_5arrayI9ap_ufixedILi16ELi6EL9ap_q_mode4EL9a_5|       pointer|
|p_ZZN4nnet22compute_pool_buffer_2dINS_5arrayI9ap_ufixedILi16ELi6EL9ap_q_mode4EL9a_29           |  out|   16|      ap_vld|  p_ZZN4nnet22compute_pool_buffer_2dINS_5arrayI9ap_ufixedILi16ELi6EL9ap_q_mode4EL9a_29|       pointer|
|p_ZZN4nnet22compute_pool_buffer_2dINS_5arrayI9ap_ufixedILi16ELi6EL9ap_q_mode4EL9a_29_ap_vld    |  out|    1|      ap_vld|  p_ZZN4nnet22compute_pool_buffer_2dINS_5arrayI9ap_ufixedILi16ELi6EL9ap_q_mode4EL9a_29|       pointer|
|p_ZZN4nnet22compute_pool_buffer_2dINS_5arrayI9ap_ufixedILi16ELi6EL9ap_q_mode4EL9a_4_i          |   in|   16|     ap_ovld|   p_ZZN4nnet22compute_pool_buffer_2dINS_5arrayI9ap_ufixedILi16ELi6EL9ap_q_mode4EL9a_4|       pointer|
|p_ZZN4nnet22compute_pool_buffer_2dINS_5arrayI9ap_ufixedILi16ELi6EL9ap_q_mode4EL9a_4_o          |  out|   16|     ap_ovld|   p_ZZN4nnet22compute_pool_buffer_2dINS_5arrayI9ap_ufixedILi16ELi6EL9ap_q_mode4EL9a_4|       pointer|
|p_ZZN4nnet22compute_pool_buffer_2dINS_5arrayI9ap_ufixedILi16ELi6EL9ap_q_mode4EL9a_4_o_ap_vld   |  out|    1|     ap_ovld|   p_ZZN4nnet22compute_pool_buffer_2dINS_5arrayI9ap_ufixedILi16ELi6EL9ap_q_mode4EL9a_4|       pointer|
|p_ZZN4nnet22compute_pool_buffer_2dINS_5arrayI9ap_ufixedILi16ELi6EL9ap_q_mode4EL9a_28           |  out|   16|      ap_vld|  p_ZZN4nnet22compute_pool_buffer_2dINS_5arrayI9ap_ufixedILi16ELi6EL9ap_q_mode4EL9a_28|       pointer|
|p_ZZN4nnet22compute_pool_buffer_2dINS_5arrayI9ap_ufixedILi16ELi6EL9ap_q_mode4EL9a_28_ap_vld    |  out|    1|      ap_vld|  p_ZZN4nnet22compute_pool_buffer_2dINS_5arrayI9ap_ufixedILi16ELi6EL9ap_q_mode4EL9a_28|       pointer|
|p_ZZN4nnet22compute_pool_buffer_2dINS_5arrayI9ap_ufixedILi16ELi6EL9ap_q_mode4EL9a_3_i          |   in|   16|     ap_ovld|   p_ZZN4nnet22compute_pool_buffer_2dINS_5arrayI9ap_ufixedILi16ELi6EL9ap_q_mode4EL9a_3|       pointer|
|p_ZZN4nnet22compute_pool_buffer_2dINS_5arrayI9ap_ufixedILi16ELi6EL9ap_q_mode4EL9a_3_o          |  out|   16|     ap_ovld|   p_ZZN4nnet22compute_pool_buffer_2dINS_5arrayI9ap_ufixedILi16ELi6EL9ap_q_mode4EL9a_3|       pointer|
|p_ZZN4nnet22compute_pool_buffer_2dINS_5arrayI9ap_ufixedILi16ELi6EL9ap_q_mode4EL9a_3_o_ap_vld   |  out|    1|     ap_ovld|   p_ZZN4nnet22compute_pool_buffer_2dINS_5arrayI9ap_ufixedILi16ELi6EL9ap_q_mode4EL9a_3|       pointer|
|p_ZZN4nnet22compute_pool_buffer_2dINS_5arrayI9ap_ufixedILi16ELi6EL9ap_q_mode4EL9a_27           |  out|   16|      ap_vld|  p_ZZN4nnet22compute_pool_buffer_2dINS_5arrayI9ap_ufixedILi16ELi6EL9ap_q_mode4EL9a_27|       pointer|
|p_ZZN4nnet22compute_pool_buffer_2dINS_5arrayI9ap_ufixedILi16ELi6EL9ap_q_mode4EL9a_27_ap_vld    |  out|    1|      ap_vld|  p_ZZN4nnet22compute_pool_buffer_2dINS_5arrayI9ap_ufixedILi16ELi6EL9ap_q_mode4EL9a_27|       pointer|
|p_ZZN4nnet22compute_pool_buffer_2dINS_5arrayI9ap_ufixedILi16ELi6EL9ap_q_mode4EL9a_2_i          |   in|   16|     ap_ovld|   p_ZZN4nnet22compute_pool_buffer_2dINS_5arrayI9ap_ufixedILi16ELi6EL9ap_q_mode4EL9a_2|       pointer|
|p_ZZN4nnet22compute_pool_buffer_2dINS_5arrayI9ap_ufixedILi16ELi6EL9ap_q_mode4EL9a_2_o          |  out|   16|     ap_ovld|   p_ZZN4nnet22compute_pool_buffer_2dINS_5arrayI9ap_ufixedILi16ELi6EL9ap_q_mode4EL9a_2|       pointer|
|p_ZZN4nnet22compute_pool_buffer_2dINS_5arrayI9ap_ufixedILi16ELi6EL9ap_q_mode4EL9a_2_o_ap_vld   |  out|    1|     ap_ovld|   p_ZZN4nnet22compute_pool_buffer_2dINS_5arrayI9ap_ufixedILi16ELi6EL9ap_q_mode4EL9a_2|       pointer|
|p_ZZN4nnet22compute_pool_buffer_2dINS_5arrayI9ap_ufixedILi16ELi6EL9ap_q_mode4EL9a_26           |  out|   16|      ap_vld|  p_ZZN4nnet22compute_pool_buffer_2dINS_5arrayI9ap_ufixedILi16ELi6EL9ap_q_mode4EL9a_26|       pointer|
|p_ZZN4nnet22compute_pool_buffer_2dINS_5arrayI9ap_ufixedILi16ELi6EL9ap_q_mode4EL9a_26_ap_vld    |  out|    1|      ap_vld|  p_ZZN4nnet22compute_pool_buffer_2dINS_5arrayI9ap_ufixedILi16ELi6EL9ap_q_mode4EL9a_26|       pointer|
|p_ZZN4nnet22compute_pool_buffer_2dINS_5arrayI9ap_ufixedILi16ELi6EL9ap_q_mode4EL9a_1_i          |   in|   16|     ap_ovld|   p_ZZN4nnet22compute_pool_buffer_2dINS_5arrayI9ap_ufixedILi16ELi6EL9ap_q_mode4EL9a_1|       pointer|
|p_ZZN4nnet22compute_pool_buffer_2dINS_5arrayI9ap_ufixedILi16ELi6EL9ap_q_mode4EL9a_1_o          |  out|   16|     ap_ovld|   p_ZZN4nnet22compute_pool_buffer_2dINS_5arrayI9ap_ufixedILi16ELi6EL9ap_q_mode4EL9a_1|       pointer|
|p_ZZN4nnet22compute_pool_buffer_2dINS_5arrayI9ap_ufixedILi16ELi6EL9ap_q_mode4EL9a_1_o_ap_vld   |  out|    1|     ap_ovld|   p_ZZN4nnet22compute_pool_buffer_2dINS_5arrayI9ap_ufixedILi16ELi6EL9ap_q_mode4EL9a_1|       pointer|
|p_ZZN4nnet22compute_pool_buffer_2dINS_5arrayI9ap_ufixedILi16ELi6EL9ap_q_mode4EL9a_25           |  out|   16|      ap_vld|  p_ZZN4nnet22compute_pool_buffer_2dINS_5arrayI9ap_ufixedILi16ELi6EL9ap_q_mode4EL9a_25|       pointer|
|p_ZZN4nnet22compute_pool_buffer_2dINS_5arrayI9ap_ufixedILi16ELi6EL9ap_q_mode4EL9a_25_ap_vld    |  out|    1|      ap_vld|  p_ZZN4nnet22compute_pool_buffer_2dINS_5arrayI9ap_ufixedILi16ELi6EL9ap_q_mode4EL9a_25|       pointer|
|p_ZZN4nnet22compute_pool_buffer_2dINS_5arrayI9ap_ufixedILi16ELi6EL9ap_q_mode4EL9a_i            |   in|   16|     ap_ovld|     p_ZZN4nnet22compute_pool_buffer_2dINS_5arrayI9ap_ufixedILi16ELi6EL9ap_q_mode4EL9a|       pointer|
|p_ZZN4nnet22compute_pool_buffer_2dINS_5arrayI9ap_ufixedILi16ELi6EL9ap_q_mode4EL9a_o            |  out|   16|     ap_ovld|     p_ZZN4nnet22compute_pool_buffer_2dINS_5arrayI9ap_ufixedILi16ELi6EL9ap_q_mode4EL9a|       pointer|
|p_ZZN4nnet22compute_pool_buffer_2dINS_5arrayI9ap_ufixedILi16ELi6EL9ap_q_mode4EL9a_o_ap_vld     |  out|    1|     ap_ovld|     p_ZZN4nnet22compute_pool_buffer_2dINS_5arrayI9ap_ufixedILi16ELi6EL9ap_q_mode4EL9a|       pointer|
|p_ZZN4nnet22compute_pool_buffer_2dINS_5arrayI9ap_ufixedILi16ELi6EL9ap_q_mode4EL9a_24           |  out|   16|      ap_vld|  p_ZZN4nnet22compute_pool_buffer_2dINS_5arrayI9ap_ufixedILi16ELi6EL9ap_q_mode4EL9a_24|       pointer|
|p_ZZN4nnet22compute_pool_buffer_2dINS_5arrayI9ap_ufixedILi16ELi6EL9ap_q_mode4EL9a_24_ap_vld    |  out|    1|      ap_vld|  p_ZZN4nnet22compute_pool_buffer_2dINS_5arrayI9ap_ufixedILi16ELi6EL9ap_q_mode4EL9a_24|       pointer|
+-----------------------------------------------------------------------------------------------+-----+-----+------------+--------------------------------------------------------------------------------------+--------------+

