

================================================================
== Vitis HLS Report for 'sigmoid_array_array_ap_fixed_16_6_5_3_0_1u_sigmoid_config18_s'
================================================================
* Date:           Mon Aug  3 11:07:22 2026

* Version:        2023.2 (Build 4023990 on Oct 11 2023)
* Project:        myproject_prj
* Solution:       solution1 (Vivado IP Flow Target)
* Product family: virtexu
* Target device:  xcvu080-ffvb2104-2-e


================================================================
== Performance Estimates
================================================================
+ Timing: 
    * Summary: 
    +--------+---------+----------+------------+
    |  Clock |  Target | Estimated| Uncertainty|
    +--------+---------+----------+------------+
    |ap_clk  |  5.00 ns|  3.286 ns|     1.35 ns|
    +--------+---------+----------+------------+

+ Latency: 
    * Summary: 
    +---------+---------+-----------+-----------+-----+-----+---------+
    |  Latency (cycles) |   Latency (absolute)  |  Interval | Pipeline|
    |   min   |   max   |    min    |    max    | min | max |   Type  |
    +---------+---------+-----------+-----------+-----+-----+---------+
    |        4|        4|  20.000 ns|  20.000 ns|    4|    4|       no|
    +---------+---------+-----------+-----------+-----+-----+---------+

    + Detail: 
        * Instance: 
        N/A

        * Loop: 
        N/A



================================================================
== Utilization Estimates
================================================================
* Summary: 
+-----------------+---------+-----+--------+--------+-----+
|       Name      | BRAM_18K| DSP |   FF   |   LUT  | URAM|
+-----------------+---------+-----+--------+--------+-----+
|DSP              |        -|    -|       -|       -|    -|
|Expression       |        -|    -|       0|     236|    -|
|FIFO             |        -|    -|       -|       -|    -|
|Instance         |        -|    -|       -|       -|    -|
|Memory           |        1|    -|       0|       0|    -|
|Multiplexer      |        -|    -|       -|      58|    -|
|Register         |        -|    -|      68|       -|    -|
+-----------------+---------+-----+--------+--------+-----+
|Total            |        1|    0|      68|     294|    0|
+-----------------+---------+-----+--------+--------+-----+
|Available        |     2842|  672|  891424|  445712|    0|
+-----------------+---------+-----+--------+--------+-----+
|Utilization (%)  |       ~0|    0|      ~0|      ~0|    0|
+-----------------+---------+-----+--------+--------+-----+

+ Detail: 
    * Instance: 
    N/A

    * DSP: 
    N/A

    * Memory: 
    +-----------------+----------------------------------------------------------------------------------+---------+---+----+-----+------+-----+------+-------------+
    |      Memory     |                                      Module                                      | BRAM_18K| FF| LUT| URAM| Words| Bits| Banks| W*Bits*Banks|
    +-----------------+----------------------------------------------------------------------------------+---------+---+----+-----+------+-----+------+-------------+
    |sigmoid_table_U  |sigmoid_array_array_ap_fixed_16_6_5_3_0_1u_sigmoid_config18_s_sigmoid_table_Rbck  |        1|  0|   0|    0|  1024|   10|     1|        10240|
    +-----------------+----------------------------------------------------------------------------------+---------+---+----+-----+------+-----+------+-------------+
    |Total            |                                                                                  |        1|  0|   0|    0|  1024|   10|     1|        10240|
    +-----------------+----------------------------------------------------------------------------------+---------+---+----+-----+------+-----+------+-------------+

    * FIFO: 
    N/A

    * Expression: 
    +-----------------------+----------+----+---+----+------------+------------+
    |     Variable Name     | Operation| DSP| FF| LUT| Bitwidth P0| Bitwidth P1|
    +-----------------------+----------+----+---+----+------------+------------+
    |add_ln90_fu_136_p2     |         +|   0|  0|  32|          25|           1|
    |index_fu_153_p2        |         +|   0|  0|  32|          25|          10|
    |icmp_ln90_1_fu_130_p2  |      icmp|   0|  0|  26|          19|           1|
    |icmp_ln90_fu_112_p2    |      icmp|   0|  0|  54|          47|           5|
    |icmp_ln94_fu_181_p2    |      icmp|   0|  0|  22|          15|           1|
    |ap_block_state1        |        or|   0|  0|   2|           1|           1|
    |ap_block_state5        |        or|   0|  0|   2|           1|           1|
    |or_ln92_fu_201_p2      |        or|   0|  0|   2|           1|           1|
    |data_round_fu_147_p3   |    select|   0|  0|  25|           1|          25|
    |index_1_fu_207_p3      |    select|   0|  0|  10|           1|          10|
    |select_ln90_fu_142_p3  |    select|   0|  0|  25|           1|          25|
    |select_ln92_fu_193_p3  |    select|   0|  0|   2|           1|           2|
    |xor_ln92_fu_187_p2     |       xor|   0|  0|   2|           1|           2|
    +-----------------------+----------+----+---+----+------------+------------+
    |Total                  |          |   0|  0| 236|         139|          85|
    +-----------------------+----------+----+---+----+------------+------------+

    * Multiplexer: 
    +-------------------------+----+-----------+-----+-----------+
    |           Name          | LUT| Input Size| Bits| Total Bits|
    +-------------------------+----+-----------+-----+-----------+
    |ap_NS_fsm                |  31|          6|    1|          6|
    |ap_done                  |   9|          2|    1|          2|
    |layer17_out_blk_n        |   9|          2|    1|          2|
    |layer18_out_TDATA_blk_n  |   9|          2|    1|          2|
    +-------------------------+----+-----------+-----+-----------+
    |Total                    |  58|         12|    4|         12|
    +-------------------------+----+-----------+-----+-----------+

    * Register: 
    +---------------------+----+----+-----+-----------+
    |         Name        | FF | LUT| Bits| Const Bits|
    +---------------------+----+----+-----+-----------+
    |add_ln90_reg_240     |  25|   0|   25|          0|
    |ap_CS_fsm            |   5|   0|    5|          0|
    |ap_done_reg          |   1|   0|    1|          0|
    |icmp_ln90_1_reg_235  |   1|   0|    1|          0|
    |icmp_ln90_reg_230    |   1|   0|    1|          0|
    |index_1_reg_245      |  10|   0|   10|          0|
    |sext_ln90_reg_224    |  25|   0|   25|          0|
    +---------------------+----+----+-----+-----------+
    |Total                |  68|   0|   68|          0|
    +---------------------+----+----+-----+-----------+



================================================================
== Interface
================================================================
* Summary: 
+----------------------------+-----+-----+------------+----------------------------------------------------------------+--------------+
|          RTL Ports         | Dir | Bits|  Protocol  |                          Source Object                         |    C Type    |
+----------------------------+-----+-----+------------+----------------------------------------------------------------+--------------+
|ap_clk                      |   in|    1|  ap_ctrl_hs|  sigmoid<array,array<ap_fixed<16,6,5,3,0>,1u>,sigmoid_config18>|  return value|
|ap_rst                      |   in|    1|  ap_ctrl_hs|  sigmoid<array,array<ap_fixed<16,6,5,3,0>,1u>,sigmoid_config18>|  return value|
|ap_start                    |   in|    1|  ap_ctrl_hs|  sigmoid<array,array<ap_fixed<16,6,5,3,0>,1u>,sigmoid_config18>|  return value|
|ap_done                     |  out|    1|  ap_ctrl_hs|  sigmoid<array,array<ap_fixed<16,6,5,3,0>,1u>,sigmoid_config18>|  return value|
|ap_continue                 |   in|    1|  ap_ctrl_hs|  sigmoid<array,array<ap_fixed<16,6,5,3,0>,1u>,sigmoid_config18>|  return value|
|ap_idle                     |  out|    1|  ap_ctrl_hs|  sigmoid<array,array<ap_fixed<16,6,5,3,0>,1u>,sigmoid_config18>|  return value|
|ap_ready                    |  out|    1|  ap_ctrl_hs|  sigmoid<array,array<ap_fixed<16,6,5,3,0>,1u>,sigmoid_config18>|  return value|
|layer17_out_dout            |   in|   37|     ap_fifo|                                                     layer17_out|       pointer|
|layer17_out_num_data_valid  |   in|    2|     ap_fifo|                                                     layer17_out|       pointer|
|layer17_out_fifo_cap        |   in|    2|     ap_fifo|                                                     layer17_out|       pointer|
|layer17_out_empty_n         |   in|    1|     ap_fifo|                                                     layer17_out|       pointer|
|layer17_out_read            |  out|    1|     ap_fifo|                                                     layer17_out|       pointer|
|layer18_out_TDATA           |  out|   16|        axis|                                                     layer18_out|       pointer|
|layer18_out_TVALID          |  out|    1|        axis|                                                     layer18_out|       pointer|
|layer18_out_TREADY          |   in|    1|        axis|                                                     layer18_out|       pointer|
+----------------------------+-----+-----+------------+----------------------------------------------------------------+--------------+

