

================================================================
== Vitis HLS Report for 'zeropad2d_cl_array_array_ap_ufixed_16_6_4_0_0_12u_config20_s'
================================================================
* Date:           Mon Aug  3 11:07:12 2026

* Version:        2023.2 (Build 4023990 on Oct 11 2023)
* Project:        myproject_prj
* Solution:       solution1 (Vivado IP Flow Target)
* Product family: virtexu
* Target device:  xcvu080-ffvb2104-2-e


================================================================
== Performance Estimates
================================================================
+ Timing: 
    * Summary: 
    +--------+---------+----------+------------+
    |  Clock |  Target | Estimated| Uncertainty|
    +--------+---------+----------+------------+
    |ap_clk  |  5.00 ns|  2.038 ns|     1.35 ns|
    +--------+---------+----------+------------+

+ Latency: 
    * Summary: 
    +---------+---------+----------+----------+-----+-----+---------+
    |  Latency (cycles) |  Latency (absolute) |  Interval | Pipeline|
    |   min   |   max   |    min   |    max   | min | max |   Type  |
    +---------+---------+----------+----------+-----+-----+---------+
    |      293|      293|  1.465 us|  1.465 us|  293|  293|       no|
    +---------+---------+----------+----------+-----+-----+---------+

    + Detail: 
        * Instance: 
        +---------------------------------------------------------------------------------------+-----------------------------------------------------------------------------+---------+---------+----------+----------+-----+-----+---------+
        |                                                                                       |                                                                             |  Latency (cycles) |  Latency (absolute) |  Interval | Pipeline|
        |                                        Instance                                       |                                    Module                                   |   min   |   max   |    min   |    max   | min | max |   Type  |
        +---------------------------------------------------------------------------------------+-----------------------------------------------------------------------------+---------+---------+----------+----------+-----+-----+---------+
        |grp_zeropad2d_cl_array_array_ap_ufixed_12u_config20_Pipeline_PadTopWidth_fu_22         |zeropad2d_cl_array_array_ap_ufixed_12u_config20_Pipeline_PadTopWidth         |       22|       22|  0.110 us|  0.110 us|   22|   22|       no|
        |grp_zeropad2d_cl_array_array_ap_ufixed_16_6_4_0_0_12u_config20_Pipeline_PadMain_fu_28  |zeropad2d_cl_array_array_ap_ufixed_16_6_4_0_0_12u_config20_Pipeline_PadMain  |      242|      242|  1.210 us|  1.210 us|  242|  242|       no|
        |grp_zeropad2d_cl_array_array_ap_ufixed_12u_config20_Pipeline_PadBottomWidth_fu_36      |zeropad2d_cl_array_array_ap_ufixed_12u_config20_Pipeline_PadBottomWidth      |       22|       22|  0.110 us|  0.110 us|   22|   22|       no|
        +---------------------------------------------------------------------------------------+-----------------------------------------------------------------------------+---------+---------+----------+----------+-----+-----+---------+

        * Loop: 
        N/A



================================================================
== Utilization Estimates
================================================================
* Summary: 
+-----------------+---------+-----+--------+--------+-----+
|       Name      | BRAM_18K| DSP |   FF   |   LUT  | URAM|
+-----------------+---------+-----+--------+--------+-----+
|DSP              |        -|    -|       -|       -|    -|
|Expression       |        -|    -|       0|       2|    -|
|FIFO             |        -|    -|       -|       -|    -|
|Instance         |        -|    -|     240|     390|    -|
|Memory           |        -|    -|       -|       -|    -|
|Multiplexer      |        -|    -|       -|     110|    -|
|Register         |        -|    -|      13|       -|    -|
+-----------------+---------+-----+--------+--------+-----+
|Total            |        0|    0|     253|     502|    0|
+-----------------+---------+-----+--------+--------+-----+
|Available        |     2842|  672|  891424|  445712|    0|
+-----------------+---------+-----+--------+--------+-----+
|Utilization (%)  |        0|    0|      ~0|      ~0|    0|
+-----------------+---------+-----+--------+--------+-----+

+ Detail: 
    * Instance: 
    +---------------------------------------------------------------------------------------+-----------------------------------------------------------------------------+---------+----+-----+-----+-----+
    |                                        Instance                                       |                                    Module                                   | BRAM_18K| DSP|  FF | LUT | URAM|
    +---------------------------------------------------------------------------------------+-----------------------------------------------------------------------------+---------+----+-----+-----+-----+
    |grp_zeropad2d_cl_array_array_ap_ufixed_12u_config20_Pipeline_PadBottomWidth_fu_36      |zeropad2d_cl_array_array_ap_ufixed_12u_config20_Pipeline_PadBottomWidth      |        0|   0|    8|   73|    0|
    |grp_zeropad2d_cl_array_array_ap_ufixed_12u_config20_Pipeline_PadTopWidth_fu_22         |zeropad2d_cl_array_array_ap_ufixed_12u_config20_Pipeline_PadTopWidth         |        0|   0|    8|   73|    0|
    |grp_zeropad2d_cl_array_array_ap_ufixed_16_6_4_0_0_12u_config20_Pipeline_PadMain_fu_28  |zeropad2d_cl_array_array_ap_ufixed_16_6_4_0_0_12u_config20_Pipeline_PadMain  |        0|   0|  224|  244|    0|
    +---------------------------------------------------------------------------------------+-----------------------------------------------------------------------------+---------+----+-----+-----+-----+
    |Total                                                                                  |                                                                             |        0|   0|  240|  390|    0|
    +---------------------------------------------------------------------------------------+-----------------------------------------------------------------------------+---------+----+-----+-----+-----+

    * DSP: 
    N/A

    * Memory: 
    N/A

    * FIFO: 
    N/A

    * Expression: 
    +-----------------+----------+----+---+----+------------+------------+
    |  Variable Name  | Operation| DSP| FF| LUT| Bitwidth P0| Bitwidth P1|
    +-----------------+----------+----+---+----+------------+------------+
    |ap_block_state1  |        or|   0|  0|   2|           1|           1|
    +-----------------+----------+----+---+----+------------+------------+
    |Total            |          |   0|  0|   2|           1|           1|
    +-----------------+----------+----+---+----+------------+------------+

    * Multiplexer: 
    +-------------------+----+-----------+-----+-----------+
    |        Name       | LUT| Input Size| Bits| Total Bits|
    +-------------------+----+-----------+-----+-----------+
    |ap_NS_fsm          |  49|          9|    1|          9|
    |ap_done            |   9|          2|    1|          2|
    |layer20_out_din    |  14|          3|  192|        576|
    |layer20_out_write  |  20|          4|    1|          4|
    |layer6_out_read    |   9|          2|    1|          2|
    |real_start         |   9|          2|    1|          2|
    +-------------------+----+-----------+-----+-----------+
    |Total              | 110|         22|  197|        595|
    +-------------------+----+-----------+-----+-----------+

    * Register: 
    +----------------------------------------------------------------------------------------------------+---+----+-----+-----------+
    |                                                Name                                                | FF| LUT| Bits| Const Bits|
    +----------------------------------------------------------------------------------------------------+---+----+-----+-----------+
    |ap_CS_fsm                                                                                           |  8|   0|    8|          0|
    |ap_done_reg                                                                                         |  1|   0|    1|          0|
    |grp_zeropad2d_cl_array_array_ap_ufixed_12u_config20_Pipeline_PadBottomWidth_fu_36_ap_start_reg      |  1|   0|    1|          0|
    |grp_zeropad2d_cl_array_array_ap_ufixed_12u_config20_Pipeline_PadTopWidth_fu_22_ap_start_reg         |  1|   0|    1|          0|
    |grp_zeropad2d_cl_array_array_ap_ufixed_16_6_4_0_0_12u_config20_Pipeline_PadMain_fu_28_ap_start_reg  |  1|   0|    1|          0|
    |start_once_reg                                                                                      |  1|   0|    1|          0|
    +----------------------------------------------------------------------------------------------------+---+----+-----+-----------+
    |Total                                                                                               | 13|   0|   13|          0|
    +----------------------------------------------------------------------------------------------------+---+----+-----+-----------+



================================================================
== Interface
================================================================
* Summary: 
+----------------------------+-----+-----+------------+---------------------------------------------------------------+--------------+
|          RTL Ports         | Dir | Bits|  Protocol  |                         Source Object                         |    C Type    |
+----------------------------+-----+-----+------------+---------------------------------------------------------------+--------------+
|ap_clk                      |   in|    1|  ap_ctrl_hs|  zeropad2d_cl<array,array<ap_ufixed<16,6,4,0,0>,12u>,config20>|  return value|
|ap_rst                      |   in|    1|  ap_ctrl_hs|  zeropad2d_cl<array,array<ap_ufixed<16,6,4,0,0>,12u>,config20>|  return value|
|ap_start                    |   in|    1|  ap_ctrl_hs|  zeropad2d_cl<array,array<ap_ufixed<16,6,4,0,0>,12u>,config20>|  return value|
|start_full_n                |   in|    1|  ap_ctrl_hs|  zeropad2d_cl<array,array<ap_ufixed<16,6,4,0,0>,12u>,config20>|  return value|
|ap_done                     |  out|    1|  ap_ctrl_hs|  zeropad2d_cl<array,array<ap_ufixed<16,6,4,0,0>,12u>,config20>|  return value|
|ap_continue                 |   in|    1|  ap_ctrl_hs|  zeropad2d_cl<array,array<ap_ufixed<16,6,4,0,0>,12u>,config20>|  return value|
|ap_idle                     |  out|    1|  ap_ctrl_hs|  zeropad2d_cl<array,array<ap_ufixed<16,6,4,0,0>,12u>,config20>|  return value|
|ap_ready                    |  out|    1|  ap_ctrl_hs|  zeropad2d_cl<array,array<ap_ufixed<16,6,4,0,0>,12u>,config20>|  return value|
|start_out                   |  out|    1|  ap_ctrl_hs|  zeropad2d_cl<array,array<ap_ufixed<16,6,4,0,0>,12u>,config20>|  return value|
|start_write                 |  out|    1|  ap_ctrl_hs|  zeropad2d_cl<array,array<ap_ufixed<16,6,4,0,0>,12u>,config20>|  return value|
|layer6_out_dout             |   in|  192|     ap_fifo|                                                     layer6_out|       pointer|
|layer6_out_num_data_valid   |   in|    9|     ap_fifo|                                                     layer6_out|       pointer|
|layer6_out_fifo_cap         |   in|    9|     ap_fifo|                                                     layer6_out|       pointer|
|layer6_out_empty_n          |   in|    1|     ap_fifo|                                                     layer6_out|       pointer|
|layer6_out_read             |  out|    1|     ap_fifo|                                                     layer6_out|       pointer|
|layer20_out_din             |  out|  192|     ap_fifo|                                                    layer20_out|       pointer|
|layer20_out_num_data_valid  |   in|   10|     ap_fifo|                                                    layer20_out|       pointer|
|layer20_out_fifo_cap        |   in|   10|     ap_fifo|                                                    layer20_out|       pointer|
|layer20_out_full_n          |   in|    1|     ap_fifo|                                                    layer20_out|       pointer|
|layer20_out_write           |  out|    1|     ap_fifo|                                                    layer20_out|       pointer|
+----------------------------+-----+-----+------------+---------------------------------------------------------------+--------------+

