

================================================================
== Vitis HLS Report for 'zeropad2d_cl_array_array_ap_uint_1_1u_config19_Pipeline_PadMain'
================================================================
* Date:           Mon Aug  3 11:07:11 2026

* Version:        2023.2 (Build 4023990 on Oct 11 2023)
* Project:        myproject_prj
* Solution:       solution1 (Vivado IP Flow Target)
* Product family: virtexu
* Target device:  xcvu080-ffvb2104-2-e


================================================================
== Performance Estimates
================================================================
+ Timing: 
    * Summary: 
    +--------+---------+----------+------------+
    |  Clock |  Target | Estimated| Uncertainty|
    +--------+---------+----------+------------+
    |ap_clk  |  5.00 ns|  2.825 ns|     1.35 ns|
    +--------+---------+----------+------------+

+ Latency: 
    * Summary: 
    +---------+---------+----------+----------+-----+-----+---------+
    |  Latency (cycles) |  Latency (absolute) |  Interval | Pipeline|
    |   min   |   max   |    min   |    max   | min | max |   Type  |
    +---------+---------+----------+----------+-----+-----+---------+
    |      914|      914|  4.570 us|  4.570 us|  914|  914|       no|
    +---------+---------+----------+----------+-----+-----+---------+

    + Detail: 
        * Instance: 
        N/A

        * Loop: 
        +-----------+---------+---------+----------+-----------+-----------+------+----------+
        |           |  Latency (cycles) | Iteration|  Initiation Interval  | Trip |          |
        | Loop Name |   min   |   max   |  Latency |  achieved |   target  | Count| Pipelined|
        +-----------+---------+---------+----------+-----------+-----------+------+----------+
        |- PadMain  |      912|      912|        39|         38|          1|    24|       yes|
        +-----------+---------+---------+----------+-----------+-----------+------+----------+



================================================================
== Utilization Estimates
================================================================
* Summary: 
+-----------------+---------+-----+--------+--------+-----+
|       Name      | BRAM_18K| DSP |   FF   |   LUT  | URAM|
+-----------------+---------+-----+--------+--------+-----+
|DSP              |        -|    -|       -|       -|    -|
|Expression       |        -|    -|       0|     106|    -|
|FIFO             |        -|    -|       -|       -|    -|
|Instance         |        -|    -|       -|       -|    -|
|Memory           |        -|    -|       -|       -|    -|
|Multiplexer      |        -|    -|       -|     411|    -|
|Register         |        -|    -|      52|       -|    -|
+-----------------+---------+-----+--------+--------+-----+
|Total            |        0|    0|      52|     517|    0|
+-----------------+---------+-----+--------+--------+-----+
|Available        |     2842|  672|  891424|  445712|    0|
+-----------------+---------+-----+--------+--------+-----+
|Utilization (%)  |        0|    0|      ~0|      ~0|    0|
+-----------------+---------+-----+--------+--------+-----+

+ Detail: 
    * Instance: 
    N/A

    * DSP: 
    N/A

    * Memory: 
    N/A

    * FIFO: 
    N/A

    * Expression: 
    +-----------------------------------+----------+----+---+----+------------+------------+
    |           Variable Name           | Operation| DSP| FF| LUT| Bitwidth P0| Bitwidth P1|
    +-----------------------------------+----------+----+---+----+------------+------------+
    |i_2_fu_74_p2                       |         +|   0|  0|  12|           5|           1|
    |ap_block_pp0_stage0_01001          |       and|   0|  0|   2|           1|           1|
    |ap_block_pp0_stage10_01001         |       and|   0|  0|   2|           1|           1|
    |ap_block_pp0_stage11_01001         |       and|   0|  0|   2|           1|           1|
    |ap_block_pp0_stage12_01001         |       and|   0|  0|   2|           1|           1|
    |ap_block_pp0_stage13_01001         |       and|   0|  0|   2|           1|           1|
    |ap_block_pp0_stage14_01001         |       and|   0|  0|   2|           1|           1|
    |ap_block_pp0_stage15_01001         |       and|   0|  0|   2|           1|           1|
    |ap_block_pp0_stage16_01001         |       and|   0|  0|   2|           1|           1|
    |ap_block_pp0_stage17_01001         |       and|   0|  0|   2|           1|           1|
    |ap_block_pp0_stage18_01001         |       and|   0|  0|   2|           1|           1|
    |ap_block_pp0_stage19_01001         |       and|   0|  0|   2|           1|           1|
    |ap_block_pp0_stage1_01001          |       and|   0|  0|   2|           1|           1|
    |ap_block_pp0_stage20_01001         |       and|   0|  0|   2|           1|           1|
    |ap_block_pp0_stage21_01001         |       and|   0|  0|   2|           1|           1|
    |ap_block_pp0_stage22_01001         |       and|   0|  0|   2|           1|           1|
    |ap_block_pp0_stage23_01001         |       and|   0|  0|   2|           1|           1|
    |ap_block_pp0_stage24_01001         |       and|   0|  0|   2|           1|           1|
    |ap_block_pp0_stage25_01001         |       and|   0|  0|   2|           1|           1|
    |ap_block_pp0_stage26_01001         |       and|   0|  0|   2|           1|           1|
    |ap_block_pp0_stage27_01001         |       and|   0|  0|   2|           1|           1|
    |ap_block_pp0_stage28_01001         |       and|   0|  0|   2|           1|           1|
    |ap_block_pp0_stage29_01001         |       and|   0|  0|   2|           1|           1|
    |ap_block_pp0_stage2_01001          |       and|   0|  0|   2|           1|           1|
    |ap_block_pp0_stage30_01001         |       and|   0|  0|   2|           1|           1|
    |ap_block_pp0_stage31_01001         |       and|   0|  0|   2|           1|           1|
    |ap_block_pp0_stage32_01001         |       and|   0|  0|   2|           1|           1|
    |ap_block_pp0_stage33_01001         |       and|   0|  0|   2|           1|           1|
    |ap_block_pp0_stage34_01001         |       and|   0|  0|   2|           1|           1|
    |ap_block_pp0_stage35_01001         |       and|   0|  0|   2|           1|           1|
    |ap_block_pp0_stage36_01001         |       and|   0|  0|   2|           1|           1|
    |ap_block_pp0_stage37_01001         |       and|   0|  0|   2|           1|           1|
    |ap_block_pp0_stage3_01001          |       and|   0|  0|   2|           1|           1|
    |ap_block_pp0_stage4_01001          |       and|   0|  0|   2|           1|           1|
    |ap_block_pp0_stage5_01001          |       and|   0|  0|   2|           1|           1|
    |ap_block_pp0_stage6_01001          |       and|   0|  0|   2|           1|           1|
    |ap_block_pp0_stage7_01001          |       and|   0|  0|   2|           1|           1|
    |ap_block_pp0_stage8_01001          |       and|   0|  0|   2|           1|           1|
    |ap_block_pp0_stage9_01001          |       and|   0|  0|   2|           1|           1|
    |ap_block_state2_pp0_stage1_iter0   |       and|   0|  0|   2|           1|           1|
    |icmp_ln59_fu_68_p2                 |      icmp|   0|  0|  12|           5|           5|
    |ap_block_state10_pp0_stage9_iter0  |        or|   0|  0|   2|           1|           1|
    |ap_enable_pp0                      |       xor|   0|  0|   2|           1|           2|
    +-----------------------------------+----------+----+---+----+------------+------------+
    |Total                              |          |   0|  0| 106|          51|          48|
    +-----------------------------------+----------+----+---+----+------------+------------+

    * Multiplexer: 
    +-----------------------------+-----+-----------+-----+-----------+
    |             Name            | LUT | Input Size| Bits| Total Bits|
    +-----------------------------+-----+-----------+-----+-----------+
    |ap_NS_fsm                    |  172|         39|    1|         39|
    |ap_done_int                  |    9|          2|    1|          2|
    |ap_enable_reg_pp0_iter0      |    9|          2|    1|          2|
    |ap_enable_reg_pp0_iter0_reg  |    9|          2|    1|          2|
    |ap_enable_reg_pp0_iter1      |    9|          2|    1|          2|
    |ap_sig_allocacmp_i_1         |    9|          2|    5|         10|
    |i_fu_42                      |    9|          2|    5|         10|
    |input_layer_TDATA_blk_n      |    9|          2|    1|          2|
    |layer19_out_blk_n            |    9|          2|    1|          2|
    |layer19_out_din              |  167|         38|    1|         38|
    +-----------------------------+-----+-----------+-----+-----------+
    |Total                        |  411|         93|   18|        109|
    +-----------------------------+-----+-----------+-----+-----------+

    * Register: 
    +-----------------------------+----+----+-----+-----------+
    |             Name            | FF | LUT| Bits| Const Bits|
    +-----------------------------+----+----+-----+-----------+
    |ap_CS_fsm                    |  38|   0|   38|          0|
    |ap_done_reg                  |   1|   0|    1|          0|
    |ap_enable_reg_pp0_iter0_reg  |   1|   0|    1|          0|
    |ap_enable_reg_pp0_iter1      |   1|   0|    1|          0|
    |i_2_reg_275                  |   5|   0|    5|          0|
    |i_fu_42                      |   5|   0|    5|          0|
    |icmp_ln59_reg_271            |   1|   0|    1|          0|
    +-----------------------------+----+----+-----+-----------+
    |Total                        |  52|   0|   52|          0|
    +-----------------------------+----+----+-----+-----------+



================================================================
== Interface
================================================================
* Summary: 
+----------------------------+-----+-----+------------+--------------------------------------------------------------------+--------------+
|          RTL Ports         | Dir | Bits|  Protocol  |                            Source Object                           |    C Type    |
+----------------------------+-----+-----+------------+--------------------------------------------------------------------+--------------+
|ap_clk                      |   in|    1|  ap_ctrl_hs|  zeropad2d_cl<array,array<ap_uint<1>,1u>,config19>_Pipeline_PadMain|  return value|
|ap_rst                      |   in|    1|  ap_ctrl_hs|  zeropad2d_cl<array,array<ap_uint<1>,1u>,config19>_Pipeline_PadMain|  return value|
|ap_start                    |   in|    1|  ap_ctrl_hs|  zeropad2d_cl<array,array<ap_uint<1>,1u>,config19>_Pipeline_PadMain|  return value|
|ap_done                     |  out|    1|  ap_ctrl_hs|  zeropad2d_cl<array,array<ap_uint<1>,1u>,config19>_Pipeline_PadMain|  return value|
|ap_idle                     |  out|    1|  ap_ctrl_hs|  zeropad2d_cl<array,array<ap_uint<1>,1u>,config19>_Pipeline_PadMain|  return value|
|ap_ready                    |  out|    1|  ap_ctrl_hs|  zeropad2d_cl<array,array<ap_uint<1>,1u>,config19>_Pipeline_PadMain|  return value|
|layer19_out_din             |  out|    1|     ap_fifo|                                                         layer19_out|       pointer|
|layer19_out_num_data_valid  |   in|   11|     ap_fifo|                                                         layer19_out|       pointer|
|layer19_out_fifo_cap        |   in|   11|     ap_fifo|                                                         layer19_out|       pointer|
|layer19_out_full_n          |   in|    1|     ap_fifo|                                                         layer19_out|       pointer|
|layer19_out_write           |  out|    1|     ap_fifo|                                                         layer19_out|       pointer|
|input_layer_TVALID          |   in|    1|        axis|                                                         input_layer|       pointer|
|input_layer_TDATA           |   in|    8|        axis|                                                         input_layer|       pointer|
|input_layer_TREADY          |  out|    1|        axis|                                                         input_layer|       pointer|
+----------------------------+-----+-----+------------+--------------------------------------------------------------------+--------------+

